******************************************************************************
                  TI ARM Linker PC v18.1.1                     
******************************************************************************
>> Linked Sat May 12 11:46:55 2018

OUTPUT FILE NAME:   <adc14_single_channel_temperature_sensor_MSP_EXP432P401R_nortos_ccs.out>
ENTRY POINT SYMBOL: "_c_int00_noargs"  address: 00000591


MEMORY CONFIGURATION

         name            origin    length      used     unused   attr    fill
----------------------  --------  ---------  --------  --------  ----  --------
  MAIN                  00000000   00040000  000008c0  0003f740  R  X
  INFO                  00200000   00004000  00000000  00004000  R  X
  SRAM_CODE             01000000   00010000  00000214  0000fdec  RW X
  SRAM_DATA             20000000   00010000  00000214  0000fdec  RW  


SEGMENT ALLOCATION MAP

run origin  load origin   length   init length attrs members
----------  ----------- ---------- ----------- ----- -------
00000000    00000000    000008c4   000008c4    r-x
  00000000    00000000    000000e4   000000e4    r-- .intvecs
  000000e4    000000e4    00000740   00000740    r-x .text
  00000824    00000824    00000088   00000088    r-- .const
  000008b0    000008b0    00000014   00000014    r-- .cinit
20000000    20000000    00000014   00000000    rw-
  20000000    20000000    00000014   00000000    rw- .bss
2000fe00    2000fe00    00000200   00000000    rw-
  2000fe00    2000fe00    00000200   00000000    rw- .stack


SECTION ALLOCATION MAP

 output                                  attributes/
section   page    origin      length       input sections
--------  ----  ----------  ----------   ----------------
.intvecs   0    00000000    000000e4     
                  00000000    000000e4     startup_msp432p401r_ccs.obj (.intvecs:retain)

.text      0    000000e4    00000740     
                  000000e4    00000154     msp432p4xx_driverlib.lib : adc14_MSP432P4XX.obj (.text:_getIndexForMemRegister)
                  00000238    000000b8     adc14_single_channel_temperature_sensor.obj (.text:main)
                  000002f0    00000098     adc14_single_channel_temperature_sensor.obj (.text:ADC14_IRQHandler)
                  00000388    00000078     system_msp432p401r.obj (.text:SystemInit)
                  00000400    0000006c     msp432p4xx_driverlib.lib : adc14_MSP432P4XX.obj (.text:ADC14_configureConversionMemory)
                  0000046c    00000064                              : interrupt_MSP432P4XX.obj (.text:Interrupt_enableInterrupt)
                  000004d0    00000044                              : adc14_MSP432P4XX.obj (.text:ADC14_configureSingleSampleMode)
                  00000514    00000044     rtsv7M4_T_le_v4SPD16_eabi.lib : autoinit.c.obj (.text:__TI_auto_init_nobinit_nopinit:__TI_auto_init_nobinit_nopinit)
                  00000558    00000038     msp432p4xx_driverlib.lib : adc14_MSP432P4XX.obj (.text:ADC14_initModule)
                  00000590    00000038     rtsv7M4_T_le_v4SPD16_eabi.lib : boot_cortex_m.c.obj (.text:_c_int00_noargs:_c_int00_noargs)
                  000005c8    0000002c     msp432p4xx_driverlib.lib : adc14_MSP432P4XX.obj (.text:ADC14_enableConversion)
                  000005f4    0000002c                              : adc14_MSP432P4XX.obj (.text:ADC14_setSampleHoldTime)
                  00000620    00000028                              : adc14_MSP432P4XX.obj (.text:ADC14_enableSampleTimer)
                  00000648    00000028                              : adc14_MSP432P4XX.obj (.text:ADC14_getEnabledInterruptStatus)
                  00000670    00000028                              : pcm_MSP432P4XX.obj (.text:PCM_gotoLPM0)
                  00000698    00000020                              : adc14_MSP432P4XX.obj (.text:ADC14_enableInterrupt)
                  000006b8    00000020                              : adc14_MSP432P4XX.obj (.text:ADC14_toggleConversionTrigger)
                  000006d8    0000001c                              : adc14_MSP432P4XX.obj (.text:ADC14_clearInterruptFlag)
                  000006f4    0000001c                              : adc14_MSP432P4XX.obj (.text:ADC14_getInterruptStatus)
                  00000710    00000018                              : adc14_MSP432P4XX.obj (.text:ADC14_getResult)
                  00000728    00000018                              : wdt_a_MSP432P4XX.obj (.text:WDT_A_holdTimer)
                  00000740    00000014                              : adc14_MSP432P4XX.obj (.text:ADCIsConversionRunning)
                  00000754    00000014                              : fpu_MSP432P4XX.obj (.text:FPU_enableModule)
                  00000768    00000014                              : interrupt_MSP432P4XX.obj (.text:Interrupt_enableSleepOnIsrExit)
                  0000077c    00000014                              : ref_a_MSP432P4XX.obj (.text:REF_A_setReferenceVoltage)
                  00000790    00000012     rtsv7M4_T_le_v4SPD16_eabi.lib : copy_zero_init.c.obj (.text:decompress:ZI:__TI_zero_init_nomemset:__TI_zero_init_nomemset)
                  000007a2    00000002     startup_msp432p401r_ccs.obj (.text:Default_Handler)
                  000007a4    00000010     msp432p4xx_driverlib.lib : adc14_MSP432P4XX.obj (.text:ADC14_enableModule)
                  000007b4    00000010                              : fpu_MSP432P4XX.obj (.text:FPU_enableLazyStacking)
                  000007c4    00000010                              : interrupt_MSP432P4XX.obj (.text:Interrupt_enableMaster)
                  000007d4    00000010                              : ref_a_MSP432P4XX.obj (.text:REF_A_enableReferenceVoltage)
                  000007e4    00000010                              : ref_a_MSP432P4XX.obj (.text:REF_A_enableTempSensor)
                  000007f4    0000000c                              : cpu_MSP432P4XX.obj (.text:CPU_cpsie)
                  00000800    0000000c     startup_msp432p401r_ccs.obj (.text:Reset_Handler)
                  0000080c    0000000c     msp432p4xx_driverlib.lib : sysctl_MSP432P4XX.obj (.text:SysCtl_getTempCalibrationConstant)
                  00000818    00000004                              : cpu_MSP432P4XX.obj (.text:CPU_wfi)
                  0000081c    00000004     rtsv7M4_T_le_v4SPD16_eabi.lib : pre_init.c.obj (.text:_system_pre_init)
                  00000820    00000004                                   : exit.c.obj (.text:abort:abort)

.const     0    00000824    00000088     
                  00000824    00000080     msp432p4xx_driverlib.lib : adc14_MSP432P4XX.obj (.const:_ctlRegs)
                  000008a4    00000008                              : interrupt_MSP432P4XX.obj (.const:g_pulEnRegs)

.cinit     0    000008b0    00000014     
                  000008b0    00000008     (.cinit..bss.load) [load image, compression = zero_init]
                  000008b8    00000004     (__TI_handler_table)
                  000008bc    00000008     (__TI_cinit_table)

.init_array 
*          0    00000000    00000000     UNINITIALIZED

.binit     0    00000000    00000000     

.bss       0    20000000    00000014     UNINITIALIZED
                  20000000    00000004     (.common:cal30)
                  20000004    00000004     (.common:cal85)
                  20000008    00000004     (.common:calDifference)
                  2000000c    00000004     (.common:tempC)
                  20000010    00000004     (.common:tempF)

.stack     0    2000fe00    00000200     UNINITIALIZED
                  2000fe00    00000004     rtsv7M4_T_le_v4SPD16_eabi.lib : boot_cortex_m.c.obj (.stack)
                  2000fe04    000001fc     --HOLE--

MODULE SUMMARY

       Module                                        code   ro data   rw data
       ------                                        ----   -------   -------
    .\
       adc14_single_channel_temperature_sensor.obj   336    0         40     
       system_msp432p401r.obj                        120    0         0      
    +--+---------------------------------------------+------+---------+---------+
       Total:                                        456    0         40     
                                                                             
    .\ccs\
       startup_msp432p401r_ccs.obj                   14     228       0      
    +--+---------------------------------------------+------+---------+---------+
       Total:                                        14     228       0      
                                                                             
    C:/ti/simplelink_msp432p4_sdk_2_10_00_14/source/ti/devices/msp432p4xx/driverlib/ccs/msp432p4xx_driverlib.lib
       adc14_MSP432P4XX.obj                          920    128       0      
       interrupt_MSP432P4XX.obj                      136    8         0      
       ref_a_MSP432P4XX.obj                          52     0         0      
       pcm_MSP432P4XX.obj                            40     0         0      
       fpu_MSP432P4XX.obj                            36     0         0      
       wdt_a_MSP432P4XX.obj                          24     0         0      
       cpu_MSP432P4XX.obj                            16     0         0      
       sysctl_MSP432P4XX.obj                         12     0         0      
    +--+---------------------------------------------+------+---------+---------+
       Total:                                        1236   136       0      
                                                                             
    C:\ti\ccsv8\tools\compiler\ti-cgt-arm_18.1.1.LTS\lib\rtsv7M4_T_le_v4SPD16_eabi.lib
       autoinit.c.obj                                68     0         0      
       boot_cortex_m.c.obj                           56     0         0      
       copy_zero_init.c.obj                          18     0         0      
       exit.c.obj                                    4      0         0      
       pre_init.c.obj                                4      0         0      
    +--+---------------------------------------------+------+---------+---------+
       Total:                                        150    0         0      
                                                                             
       Stack:                                        0      0         1024   
       Linker Generated:                             0      20        0      
    +--+---------------------------------------------+------+---------+---------+
       Grand Total:                                  1856   384       1064   


LINKER GENERATED COPY TABLES

__TI_cinit_table @ 000008bc records: 1, size/record: 8, table size: 8
	.bss: load addr=000008b0, load size=00000008 bytes, run addr=20000000, run size=00000014 bytes, compression=zero_init


LINKER GENERATED HANDLER TABLE

__TI_handler_table @ 000008b8 records: 1, size/record: 4, table size: 4
	index: 0, handler: __TI_zero_init


GLOBAL SYMBOLS: SORTED ALPHABETICALLY BY Name 

address   name                             
-------   ----                             
000002f1  ADC14_IRQHandler                 
000002f1  ADC14_IRQHandler                 
000006d9  ADC14_clearInterruptFlag         
00000401  ADC14_configureConversionMemory  
000004d1  ADC14_configureSingleSampleMode  
000005c9  ADC14_enableConversion           
00000699  ADC14_enableInterrupt            
000007a5  ADC14_enableModule               
00000621  ADC14_enableSampleTimer          
00000649  ADC14_getEnabledInterruptStatus  
000006f5  ADC14_getInterruptStatus         
00000711  ADC14_getResult                  
00000559  ADC14_initModule                 
000005f5  ADC14_setSampleHoldTime          
000006b9  ADC14_toggleConversionTrigger    
000007a3  AES256_IRQHandler                
000007a3  BusFault_Handler                 
00000821  C$$EXIT                          
000007a3  COMP_E0_IRQHandler               
000007a3  COMP_E1_IRQHandler               
000007f5  CPU_cpsie                        
00000819  CPU_wfi                          
000007a3  CS_IRQHandler                    
000007a3  DMA_ERR_IRQHandler               
000007a3  DMA_INT0_IRQHandler              
000007a3  DMA_INT1_IRQHandler              
000007a3  DMA_INT2_IRQHandler              
000007a3  DMA_INT3_IRQHandler              
000007a3  DebugMon_Handler                 
000007a3  Default_Handler                  
000007a3  EUSCIA0_IRQHandler               
000007a3  EUSCIA1_IRQHandler               
000007a3  EUSCIA2_IRQHandler               
000007a3  EUSCIA3_IRQHandler               
000007a3  EUSCIB0_IRQHandler               
000007a3  EUSCIB1_IRQHandler               
000007a3  EUSCIB2_IRQHandler               
000007a3  EUSCIB3_IRQHandler               
000007a3  FLCTL_IRQHandler                 
000007a3  FPU_IRQHandler                   
000007b5  FPU_enableLazyStacking           
00000755  FPU_enableModule                 
000007a3  HardFault_Handler                
0000046d  Interrupt_enableInterrupt        
000007c5  Interrupt_enableMaster           
00000769  Interrupt_enableSleepOnIsrExit   
000007a3  MemManage_Handler                
000007a3  NMI_Handler                      
000007a3  PCM_IRQHandler                   
00000671  PCM_gotoLPM0                     
000007a3  PORT1_IRQHandler                 
000007a3  PORT2_IRQHandler                 
000007a3  PORT3_IRQHandler                 
000007a3  PORT4_IRQHandler                 
000007a3  PORT5_IRQHandler                 
000007a3  PORT6_IRQHandler                 
000007a3  PSS_IRQHandler                   
000007a3  PendSV_Handler                   
000007d5  REF_A_enableReferenceVoltage     
000007e5  REF_A_enableTempSensor           
0000077d  REF_A_setReferenceVoltage        
000007a3  RTC_C_IRQHandler                 
00000801  Reset_Handler                    
000007a3  SVC_Handler                      
0000080d  SysCtl_getTempCalibrationConstant
000007a3  SysTick_Handler                  
00000389  SystemInit                       
000007a3  T32_INT1_IRQHandler              
000007a3  T32_INT2_IRQHandler              
000007a3  T32_INTC_IRQHandler              
000007a3  TA0_0_IRQHandler                 
000007a3  TA0_N_IRQHandler                 
000007a3  TA1_0_IRQHandler                 
000007a3  TA1_N_IRQHandler                 
000007a3  TA2_0_IRQHandler                 
000007a3  TA2_N_IRQHandler                 
000007a3  TA3_0_IRQHandler                 
000007a3  TA3_N_IRQHandler                 
000007a3  UsageFault_Handler               
4000480c  WDTCTL_SYM                       
000007a3  WDT_A_IRQHandler                 
00000729  WDT_A_holdTimer                  
20010000  __STACK_END                      
00000200  __STACK_SIZE                     
000008bc  __TI_CINIT_Base                  
000008c4  __TI_CINIT_Limit                 
000008b8  __TI_Handler_Table_Base          
000008bc  __TI_Handler_Table_Limit         
00000515  __TI_auto_init_nobinit_nopinit   
ffffffff  __TI_pprof_out_hndl              
ffffffff  __TI_prof_data_size              
ffffffff  __TI_prof_data_start             
00000000  __TI_static_base__               
00000791  __TI_zero_init_nomemset          
ffffffff  __binit__                        
ffffffff  __c_args__                       
UNDEFED   __mpu_init                       
2000fe00  __stack                          
00000591  _c_int00_noargs                  
UNDEFED   _system_post_cinit               
0000081d  _system_pre_init                 
00000821  abort                            
ffffffff  binit                            
20000000  cal30                            
20000004  cal85                            
20000008  calDifference                    
00000000  interruptVectors                 
00000239  main                             
2000000c  tempC                            
20000010  tempF                            


GLOBAL SYMBOLS: SORTED BY Symbol Address 

address   name                             
-------   ----                             
00000000  __TI_static_base__               
00000000  interruptVectors                 
00000200  __STACK_SIZE                     
00000239  main                             
000002f1  ADC14_IRQHandler                 
000002f1  ADC14_IRQHandler                 
00000389  SystemInit                       
00000401  ADC14_configureConversionMemory  
0000046d  Interrupt_enableInterrupt        
000004d1  ADC14_configureSingleSampleMode  
00000515  __TI_auto_init_nobinit_nopinit   
00000559  ADC14_initModule                 
00000591  _c_int00_noargs                  
000005c9  ADC14_enableConversion           
000005f5  ADC14_setSampleHoldTime          
00000621  ADC14_enableSampleTimer          
00000649  ADC14_getEnabledInterruptStatus  
00000671  PCM_gotoLPM0                     
00000699  ADC14_enableInterrupt            
000006b9  ADC14_toggleConversionTrigger    
000006d9  ADC14_clearInterruptFlag         
000006f5  ADC14_getInterruptStatus         
00000711  ADC14_getResult                  
00000729  WDT_A_holdTimer                  
00000755  FPU_enableModule                 
00000769  Interrupt_enableSleepOnIsrExit   
0000077d  REF_A_setReferenceVoltage        
00000791  __TI_zero_init_nomemset          
000007a3  AES256_IRQHandler                
000007a3  BusFault_Handler                 
000007a3  COMP_E0_IRQHandler               
000007a3  COMP_E1_IRQHandler               
000007a3  CS_IRQHandler                    
000007a3  DMA_ERR_IRQHandler               
000007a3  DMA_INT0_IRQHandler              
000007a3  DMA_INT1_IRQHandler              
000007a3  DMA_INT2_IRQHandler              
000007a3  DMA_INT3_IRQHandler              
000007a3  DebugMon_Handler                 
000007a3  Default_Handler                  
000007a3  EUSCIA0_IRQHandler               
000007a3  EUSCIA1_IRQHandler               
000007a3  EUSCIA2_IRQHandler               
000007a3  EUSCIA3_IRQHandler               
000007a3  EUSCIB0_IRQHandler               
000007a3  EUSCIB1_IRQHandler               
000007a3  EUSCIB2_IRQHandler               
000007a3  EUSCIB3_IRQHandler               
000007a3  FLCTL_IRQHandler                 
000007a3  FPU_IRQHandler                   
000007a3  HardFault_Handler                
000007a3  MemManage_Handler                
000007a3  NMI_Handler                      
000007a3  PCM_IRQHandler                   
000007a3  PORT1_IRQHandler                 
000007a3  PORT2_IRQHandler                 
000007a3  PORT3_IRQHandler                 
000007a3  PORT4_IRQHandler                 
000007a3  PORT5_IRQHandler                 
000007a3  PORT6_IRQHandler                 
000007a3  PSS_IRQHandler                   
000007a3  PendSV_Handler                   
000007a3  RTC_C_IRQHandler                 
000007a3  SVC_Handler                      
000007a3  SysTick_Handler                  
000007a3  T32_INT1_IRQHandler              
000007a3  T32_INT2_IRQHandler              
000007a3  T32_INTC_IRQHandler              
000007a3  TA0_0_IRQHandler                 
000007a3  TA0_N_IRQHandler                 
000007a3  TA1_0_IRQHandler                 
000007a3  TA1_N_IRQHandler                 
000007a3  TA2_0_IRQHandler                 
000007a3  TA2_N_IRQHandler                 
000007a3  TA3_0_IRQHandler                 
000007a3  TA3_N_IRQHandler                 
000007a3  UsageFault_Handler               
000007a3  WDT_A_IRQHandler                 
000007a5  ADC14_enableModule               
000007b5  FPU_enableLazyStacking           
000007c5  Interrupt_enableMaster           
000007d5  REF_A_enableReferenceVoltage     
000007e5  REF_A_enableTempSensor           
000007f5  CPU_cpsie                        
00000801  Reset_Handler                    
0000080d  SysCtl_getTempCalibrationConstant
00000819  CPU_wfi                          
0000081d  _system_pre_init                 
00000821  C$$EXIT                          
00000821  abort                            
000008b8  __TI_Handler_Table_Base          
000008bc  __TI_CINIT_Base                  
000008bc  __TI_Handler_Table_Limit         
000008c4  __TI_CINIT_Limit                 
20000000  cal30                            
20000004  cal85                            
20000008  calDifference                    
2000000c  tempC                            
20000010  tempF                            
2000fe00  __stack                          
20010000  __STACK_END                      
4000480c  WDTCTL_SYM                       
ffffffff  __TI_pprof_out_hndl              
ffffffff  __TI_prof_data_size              
ffffffff  __TI_prof_data_start             
ffffffff  __binit__                        
ffffffff  __c_args__                       
ffffffff  binit                            
UNDEFED   __mpu_init                       
UNDEFED   _system_post_cinit               

[110 symbols]
