******************************************************************************
                  TI ARM Linker PC v18.1.2                     
******************************************************************************
>> Linked Sun Aug 19 16:49:36 2018

OUTPUT FILE NAME:   <adc_FFT_Multi_Trigger_NMEA_rtc.out>
ENTRY POINT SYMBOL: "_c_int00_noargs"  address: 00006061


MEMORY CONFIGURATION

         name            origin    length      used     unused   attr    fill
----------------------  --------  ---------  --------  --------  ----  --------
  MAIN                  00000000   00040000  00006cba  00039346  R  X
  INFO                  00200000   00004000  00000000  00004000  R  X
  SRAM_CODE             01000000   00010000  00007128  00008ed8  RW X
  SRAM_DATA             20000000   00010000  00007128  00008ed8  RW  


SEGMENT ALLOCATION MAP

run origin  load origin   length   init length attrs members
----------  ----------- ---------- ----------- ----- -------
00000000    00000000    00006cc8   00006cc8    r-x
  00000000    00000000    000000e4   000000e4    r-- .intvecs
  000000e8    000000e8    00006612   00006612    r-x .text
  00006700    00006700    0000052c   0000052c    r-- .const
  00006c30    00006c30    00000098   00000098    r-- .cinit
20000000    20000000    00006928   00000000    rw-
  20000000    20000000    00006568   00000000    rw- .sysmem
  20006568    20006568    000001f4   00000000    rw- .data
  2000675c    2000675c    000001cc   00000000    rw- .bss
2000f800    2000f800    00000800   00000000    rw-
  2000f800    2000f800    00000800   00000000    rw- .stack


SECTION ALLOCATION MAP

 output                                  attributes/
section   page    origin      length       input sections
--------  ----  ----------  ----------   ----------------
.intvecs   0    00000000    000000e4     
                  00000000    000000e4     startup_msp432p401r_ccs.obj (.intvecs:retain)

.text      0    000000e8    00006612     
                  000000e8    00000a5e     rtsv7M4_T_le_v4SPD16_eabi.lib : _printfi.c.obj (.text:__TI_printfi)
                  00000b46    00000002     startup_msp432p401r_ccs.obj (.text:Default_Handler)
                  00000b48    00000738     rtsv7M4_T_le_v4SPD16_eabi.lib : k_rem_pio2.c.obj (.text:__kernel_rem_pio2)
                  00001280    000005dc                                   : s_cos.c.obj (.text:cos)
                  0000185c    000005c4                                   : s_sin.c.obj (.text:sin)
                  00001e20    0000045a     kiss_fft.obj (.text:kf_bfly5)
                  0000227a    00000002     rtsv7M4_T_le_v4SPD16_eabi.lib : _lock.c.obj (.text:_nop)
                  0000227c    000003cc     adc_FFT_Multi_Trigger_NMEA_rtc.obj (.text:main)
                  00002648    000002ec     adc_FFT_Multi_Trigger_NMEA_rtc.obj (.text:sendNMEA)
                  00002934    0000027e     kiss_fft.obj (.text:kf_bfly4)
                  00002bb2    00000002     rtsv7M4_T_le_v4SPD16_eabi.lib : div0.asm.obj (.text)
                  00002bb4    00000270                                   : _printfi.c.obj (.text:_pconv_a)
                  00002e24    000001d4     kiss_fft.obj (.text:kf_bfly3)
                  00002ff8    000001d0     rtsv7M4_T_le_v4SPD16_eabi.lib : _printfi.c.obj (.text:_pconv_g)
                  000031c8    000001b6                                   : fd_add_t2.asm.obj (.text)
                  0000337e    00000002     --HOLE-- [fill = 0]
                  00003380    000001a8     kiss_fftr.obj (.text:kiss_fftr)
                  00003528    0000017c     kiss_fftr.obj (.text:kiss_fftr_alloc)
                  000036a4    00000174     rtsv7M4_T_le_v4SPD16_eabi.lib : k_sin.c.obj (.text:__kernel_sin)
                  00003818    0000016c                                   : k_cos.c.obj (.text:__kernel_cos)
                  00003984    00000160     msp432p4xx_driverlib.lib : adc14.o (.text:_getIndexForMemRegister)
                  00003ae4    00000158     rtsv7M4_T_le_v4SPD16_eabi.lib : e_sqrt.c.obj (.text:sqrt)
                  00003c3c    0000013c                                   : _printfi.c.obj (.text:_pconv_e)
                  00003d78    00000136                                   : fd_div_t2.asm.obj (.text)
                  00003eae    00000002     --HOLE-- [fill = 0]
                  00003eb0    00000120                                   : _printfi.c.obj (.text:fcvt)
                  00003fd0    00000118     kiss_fft.obj (.text:kf_bfly_generic)
                  000040e8    00000114     rtsv7M4_T_le_v4SPD16_eabi.lib : fputs.c.obj (.text:fputs)
                  000041fc    00000110                                   : s_scalbn.c.obj (.text:scalbn)
                  0000430c    0000010c     kiss_fft.obj (.text:kiss_fft_alloc)
                  00004418    000000fc     rtsv7M4_T_le_v4SPD16_eabi.lib : fd_mul_t2.asm.obj (.text)
                  00004514    000000f8                                   : s_floor.c.obj (.text:floor)
                  0000460c    000000e0     msp432p4xx_driverlib.lib : cs.o (.text:CS_startLFXTWithTimeout)
                  000046ec    000000dc     rtsv7M4_T_le_v4SPD16_eabi.lib : setvbuf.c.obj (.text:setvbuf)
                  000047c8    000000d8     QmathLib_CCS_MSP432.lib : _QNsqrt.obj (.text:_Qmag)
                  000048a0    000000d8     rtsv7M4_T_le_v4SPD16_eabi.lib : memory.c.obj (.text:free)
                  00004978    000000ce     kiss_fft.obj (.text:kf_work)
                  00004a46    000000c0     kiss_fft.obj (.text:kf_bfly2)
                  00004b06    00000002     --HOLE-- [fill = 0]
                  00004b08    000000b1     rtsv7M4_T_le_v4SPD16_eabi.lib : _printfi.c.obj (.text:_ltostr)
                  00004bb9    00000003     --HOLE-- [fill = 0]
                  00004bbc    000000a4     msp432p4xx_driverlib.lib : adc14.o (.text:ADC14_configureConversionMemory)
                  00004c60    0000009c     rtsv7M4_T_le_v4SPD16_eabi.lib : memcpy_t2.asm.obj (.text)
                  00004cfc    00000096                                   : ull_div_t2.asm.obj (.text)
                  00004d92    00000002     --HOLE-- [fill = 0]
                  00004d94    0000008c                                   : fputc.c.obj (.text:fputc)
                  00004e20    00000086                                   : fd_cmp_t2.asm.obj (.text:__aeabi_cdcmple)
                  00004ea6    00000086                                   : fd_cmp_t2.asm.obj (.text:__aeabi_cdrcmple)
                  00004f2c    00000080     msp432p4xx_driverlib.lib : interrupt.o (.text:Interrupt_disableInterrupt)
                  00004fac    00000080                              : interrupt.o (.text:Interrupt_enableInterrupt)
                  0000502c    0000007e     adc_FFT_Multi_Trigger_NMEA_rtc.obj (.text:STD)
                  000050aa    00000002     --HOLE-- [fill = 0]
                  000050ac    0000007c     msp432p4xx_driverlib.lib : rtc_c.o (.text:RTC_C_getCalendarTime)
                  00005128    0000007a     rtsv7M4_T_le_v4SPD16_eabi.lib : memset_t2.asm.obj (.text)
                  000051a2    00000002     --HOLE-- [fill = 0]
                  000051a4    00000078                                   : memory.c.obj (.text:malloc)
                  0000521c    00000076     adc_FFT_Multi_Trigger_NMEA_rtc.obj (.text:configure_analog)
                  00005292    00000002     --HOLE-- [fill = 0]
                  00005294    00000074     rtsv7M4_T_le_v4SPD16_eabi.lib : fclose.c.obj (.text:__TI_closefile)
                  00005308    0000006e                                   : _printfi.c.obj (.text:_mcpy)
                  00005376    0000006e     kiss_fft.obj (.text:kf_factor)
                  000053e4    0000006e     rtsv7M4_T_le_v4SPD16_eabi.lib : fd_tos_t2.asm.obj (.text)
                  00005452    00000002     --HOLE-- [fill = 0]
                  00005454    00000068                                   : hostlseek.c.obj (.text:HOSTlseek)
                  000054bc    00000068                                   : hostrename.c.obj (.text:HOSTrename)
                  00005524    00000068                                   : copy_decompress_lzss.c.obj (.text:decompress:lzss:__TI_decompress_lzss)
                  0000558c    00000066     adc_FFT_Multi_Trigger_NMEA_rtc.obj (.text:RMS)
                  000055f2    00000002     --HOLE-- [fill = 0]
                  000055f4    00000064     msp432p4xx_driverlib.lib : rtc_c.o (.text:RTC_C_enableInterrupt)
                  00005658    00000064     system_msp432p401r.obj (.text:SystemInit)
                  000056bc    00000064     rtsv7M4_T_le_v4SPD16_eabi.lib : fprintf.c.obj (.text:fprintf)
                  00005720    00000064                                   : s_frexp.c.obj (.text:frexp)
                  00005784    00000064                                   : fseek.c.obj (.text:fseek)
                  000057e8    00000062                                   : _io_perm.c.obj (.text:__TI_wrt_ok)
                  0000584a    00000002     --HOLE-- [fill = 0]
                  0000584c    00000060                                   : hostopen.c.obj (.text:HOSTopen)
                  000058ac    0000005c     adc_FFT_Multi_Trigger_NMEA_rtc.obj (.text:average_preprocess)
                  00005908    0000005c     rtsv7M4_T_le_v4SPD16_eabi.lib : close.c.obj (.text:close)
                  00005964    00000058     adc_FFT_Multi_Trigger_NMEA_rtc.obj (.text:ADC14_IRQHandler)
                  000059bc    00000058     msp432p4xx_driverlib.lib : adc14.o (.text:ADC14_configureSingleSampleMode)
                  00005a14    00000058     rtsv7M4_T_le_v4SPD16_eabi.lib : hostread.c.obj (.text:HOSTread)
                  00005a6c    00000058                                   : hostwrite.c.obj (.text:HOSTwrite)
                  00005ac4    00000056                                   : _printfi.c.obj (.text:_pconv_f)
                  00005b1a    00000056     kiss_fft.obj (.text:kiss_fft_stride)
                  00005b70    00000054     msp432p4xx_driverlib.lib : adc14.o (.text:ADC14_initModule)
                  00005bc4    00000054     rtsv7M4_T_le_v4SPD16_eabi.lib : ltoa.c.obj (.text:ltoa)
                  00005c18    00000052                                   : _printfi.c.obj (.text:_ecpy)
                  00005c6a    0000004c                                   : fflush.c.obj (.text:__TI_doflush)
                  00005cb6    00000002     --HOLE-- [fill = 0]
                  00005cb8    0000004c                                   : atoi.c.obj (.text:atoi)
                  00005d04    00000048     msp432p4xx_driverlib.lib : adc14.o (.text:ADC14_setSampleHoldTrigger)
                  00005d4c    00000048     rtsv7M4_T_le_v4SPD16_eabi.lib : exit.c.obj (.text:exit)
                  00005d94    00000048                                   : fd_toi_t2.asm.obj (.text)
                  00005ddc    00000044                                   : hostclose.c.obj (.text:HOSTclose)
                  00005e20    00000044                                   : hostunlink.c.obj (.text:HOSTunlink)
                  00005e64    00000044                                   : autoinit.c.obj (.text:__TI_auto_init_nobinit_nopinit:__TI_auto_init_nobinit_nopinit)
                  00005ea8    00000044     adc_FFT_Multi_Trigger_NMEA_rtc.obj (.text:calc_mean)
                  00005eec    00000044     rtsv7M4_T_le_v4SPD16_eabi.lib : getdevice.c.obj (.text:getdevice)
                  00005f30    00000040     msp432p4xx_driverlib.lib : gpio.o (.text:GPIO_setAsOutputPin)
                  00005f70    0000003e     rtsv7M4_T_le_v4SPD16_eabi.lib : _printfi.c.obj (.text:_fcpy)
                  00005fae    00000002     --HOLE-- [fill = 0]
                  00005fb0    0000003c     msp432p4xx_driverlib.lib : rtc_c.o (.text:RTC_C_setCalendarEvent)
                  00005fec    0000003c     rtsv7M4_T_le_v4SPD16_eabi.lib : memory.c.obj (.text:minsert)
                  00006028    00000038                                   : trgmsg.c.obj (.text:__TI_writemsg)
                  00006060    00000038                                   : boot_cortex_m.c.obj (.text:_c_int00_noargs:_c_int00_noargs)
                  00006098    00000038                                   : memory.c.obj (.text:minit)
                  000060d0    00000038                                   : fs_tod_t2.asm.obj (.text)
                  00006108    00000036                                   : strncpy.c.obj (.text:strncpy)
                  0000613e    00000002     --HOLE-- [fill = 0]
                  00006140    00000034     msp432p4xx_driverlib.lib : cs.o (.text:CS_setDCOCenteredFrequency)
                  00006174    00000034                              : uart.o (.text:UART_transmitData)
                  000061a8    00000034     rtsv7M4_T_le_v4SPD16_eabi.lib : fopen.c.obj (.text:__TI_cleanup)
                  000061dc    00000034                                   : trgmsg.c.obj (.text:__TI_readmsg)
                  00006210    00000030     msp432p4xx_driverlib.lib : adc14.o (.text:ADC14_disableInterrupt)
                  00006240    00000030                              : adc14.o (.text:ADC14_enableInterrupt)
                  00006270    00000030                              : adc14.o (.text:ADC14_setSampleHoldTime)
                  000062a0    00000030                              : cs.o (.text:CS_setReferenceOscillatorFrequency)
                  000062d0    00000030     adc_FFT_Multi_Trigger_NMEA_rtc.obj (.text:PORT1_IRQHandler)
                  00006300    00000030     rtsv7M4_T_le_v4SPD16_eabi.lib : getdevice.c.obj (.text:finddevice)
                  00006330    0000002e                                   : i_tofd_t2.asm.obj (.text)
                  0000635e    00000002     --HOLE-- [fill = 0]
                  00006360    0000002c     adc_FFT_Multi_Trigger_NMEA_rtc.obj (.text:RTC_C_IRQHandler)
                  0000638c    0000002c     rtsv7M4_T_le_v4SPD16_eabi.lib : unlink.c.obj (.text:unlink)
                  000063b8    00000028     msp432p4xx_driverlib.lib : adc14.o (.text:ADC14_enableConversion)
                  000063e0    00000028     adc_FFT_Multi_Trigger_NMEA_rtc.obj (.text:EUSCIA0_IRQHandler)
                  00006408    00000028     msp432p4xx_driverlib.lib : gpio.o (.text:GPIO_setOutputHighOnPin)
                  00006430    00000028                              : gpio.o (.text:GPIO_setOutputLowOnPin)
                  00006458    00000028                              : pcm.o (.text:PCM_gotoLPM0)
                  00006480    00000028     rtsv7M4_T_le_v4SPD16_eabi.lib : lseek.c.obj (.text:lseek)
                  000064a8    00000028                                   : memory.c.obj (.text:mremove)
                  000064d0    00000028                                   : write.c.obj (.text:write)
                  000064f8    00000026     adc_FFT_Multi_Trigger_NMEA_rtc.obj (.text:max_index)
                  0000651e    00000002     --HOLE-- [fill = 0]
                  00006520    00000020     msp432p4xx_driverlib.lib : adc14.o (.text:ADC14_setResolution)
                  00006540    00000020     rtsv7M4_T_le_v4SPD16_eabi.lib : memchr.c.obj (.text:memchr)
                  00006560    0000001c     msp432p4xx_driverlib.lib : adc14.o (.text:ADC14_disableModule)
                  0000657c    0000001c     adc_FFT_Multi_Trigger_NMEA_rtc.obj (.text:max)
                  00006598    0000001c     rtsv7M4_T_le_v4SPD16_eabi.lib : memccpy.c.obj (.text:memccpy)
                  000065b4    00000018     msp432p4xx_driverlib.lib : sysctl_a.o (.text:SysCtl_A_disableNMISource)
                  000065cc    00000018                              : sysctl_a.o (.text:SysCtl_A_enableNMISource)
                  000065e4    00000018     rtsv7M4_T_le_v4SPD16_eabi.lib : strcmp.c.obj (.text:strcmp)
                  000065fc    00000016                                   : strchr.c.obj (.text:strchr)
                  00006612    00000014                                   : s_copysign.c.obj (.text:copysign)
                  00006626    00000014                                   : strcpy.c.obj (.text:strcpy)
                  0000663a    00000014                                   : strlen.c.obj (.text:strlen)
                  0000664e    00000012                                   : copy_zero_init.c.obj (.text:decompress:ZI:__TI_zero_init_nomemset:__TI_zero_init_nomemset)
                  00006660    00000012                                   : wcslen.c.obj (.text:wcslen)
                  00006672    00000002     --HOLE-- [fill = 0]
                  00006674    00000010     msp432p4xx_driverlib.lib : adc14.o (.text:ADC14_disableConversion)
                  00006684    00000010                              : adc14.o (.text:ADCIsConversionRunning)
                  00006694    00000010                              : sysctl_a.o (.text:SysCtl_A_getNMISourceStatus)
                  000066a4    0000000e                              : cs.o (.text:CS_startLFXT)
                  000066b2    0000000e     rtsv7M4_T_le_v4SPD16_eabi.lib : copy_decompress_none.c.obj (.text:decompress:none:__TI_decompress_none)
                  000066c0    0000000c     msp432p4xx_driverlib.lib : adc14.o (.text:ADC14_enableModule)
                  000066cc    0000000c     startup_msp432p401r_ccs.obj (.text:Reset_Handler)
                  000066d8    00000008     rtsv7M4_T_le_v4SPD16_eabi.lib : errno.c.obj (.text:__aeabi_errno_addr)
                  000066e0    00000006     kiss_fft.obj (.text:kiss_fft)
                  000066e6    00000004     msp432p4xx_driverlib.lib : cpu.o (.text:CPU_wfi)
                  000066ea    00000004     rtsv7M4_T_le_v4SPD16_eabi.lib : fprintf.c.obj (.text:_outc)
                  000066ee    00000004                                   : fprintf.c.obj (.text:_outs)
                  000066f2    00000004                                   : pre_init.c.obj (.text:_system_pre_init)
                  000066f6    00000004                                   : exit.c.obj (.text:abort:abort)

.const     0    00006700    0000052c     
                  00006700    00000180     QmathLib_CCS_MSP432.lib : _QNtables.obj (.const:_Q16sqrt_coeffs)
                  00006880    00000158     rtsv7M4_T_le_v4SPD16_eabi.lib : k_rem_pio2.c.obj (.const:$O1$$)
                  000069d8    00000101                                   : ctype.c.obj (.const:.string:_ctypes_)
                  00006ad9    00000003     --HOLE-- [fill = 0]
                  00006adc    00000080     msp432p4xx_driverlib.lib : adc14.o (.const:_ctlRegs)
                  00006b5c    00000030                              : gpio.o (.const:GPIO_PORT_TO_BASE)
                  00006b8c    00000024     adc_FFT_Multi_Trigger_NMEA_rtc.obj (.const:uartConfig)
                  00006bb0    0000001c     adc_FFT_Multi_Trigger_NMEA_rtc.obj (.const:calendarTime)
                  00006bcc    00000018     adc_FFT_Multi_Trigger_NMEA_rtc.obj (.const:upModeConfig_M)
                  00006be4    00000018     adc_FFT_Multi_Trigger_NMEA_rtc.obj (.const:upModeConfig_V)
                  00006bfc    00000010     adc_FFT_Multi_Trigger_NMEA_rtc.obj (.const:compareConfig_M)
                  00006c0c    00000010     adc_FFT_Multi_Trigger_NMEA_rtc.obj (.const:compareConfig_V)
                  00006c1c    00000008     msp432p4xx_driverlib.lib : interrupt.o (.const:g_pulDisRegs)
                  00006c24    00000008                              : interrupt.o (.const:g_pulEnRegs)

.cinit     0    00006c30    00000098     
                  00006c30    00000073     (.cinit..data.load) [load image, compression = lzss]
                  00006ca3    00000001     --HOLE-- [fill = 0]
                  00006ca4    0000000c     (__TI_handler_table)
                  00006cb0    00000008     (.cinit..bss.load) [load image, compression = zero_init]
                  00006cb8    00000010     (__TI_cinit_table)

.init_array 
*          0    00000000    00000000     UNINITIALIZED

.binit     0    00000000    00000000     

.sysmem    0    20000000    00006568     UNINITIALIZED
                  20000000    00000008     rtsv7M4_T_le_v4SPD16_eabi.lib : memory.c.obj (.sysmem)
                  20000008    00006560     --HOLE--

.data      0    20006568    000001f4     UNINITIALIZED
                  20006568    000000f0     rtsv7M4_T_le_v4SPD16_eabi.lib : defs.c.obj (.data:_ftable)
                  20006658    00000078                                   : write.c.obj (.data:_device)
                  200066d0    00000050                                   : write.c.obj (.data:_stream)
                  20006720    00000010                                   : defs.c.obj (.data)
                  20006730    0000000c                                   : exit.c.obj (.data:$O1$$)
                  2000673c    0000000c                                   : memory.c.obj (.data:$O1$$)
                  20006748    00000008                                   : _lock.c.obj (.data:$O1$$)
                  20006750    00000007     adc_FFT_Multi_Trigger_NMEA_rtc.obj (.data)
                  20006757    00000001     --HOLE--
                  20006758    00000004     rtsv7M4_T_le_v4SPD16_eabi.lib : errno.c.obj (.data)

.bss       0    2000675c    000001cc     UNINITIALIZED
                  2000675c    00000120     rtsv7M4_T_le_v4SPD16_eabi.lib : trgmsg.c.obj (.bss:_CIOBUF_)
                  2000687c    000000a0     (.common:__TI_tmpnams)
                  2000691c    00000008     (.common:parmbuf)
                  20006924    00000004     (.common:information_bytes)

.stack     0    2000f800    00000800     UNINITIALIZED
                  2000f800    00000004     rtsv7M4_T_le_v4SPD16_eabi.lib : boot_cortex_m.c.obj (.stack)
                  2000f804    000007fc     --HOLE--

MODULE SUMMARY

       Module                               code    ro data   rw data
       ------                               ----    -------   -------
    .\
       adc_FFT_Multi_Trigger_NMEA_rtc.obj   2512    144       22     
       system_msp432p401r.obj               100     0         0      
    +--+------------------------------------+-------+---------+---------+
       Total:                               2612    144       22     
                                                                     
    .\ccs\
       startup_msp432p401r_ccs.obj          14      228       0      
    +--+------------------------------------+-------+---------+---------+
       Total:                               14      228       0      
                                                                     
    .\kissFFT\
       kiss_fft.obj                         3368    0         0      
       kiss_fftr.obj                        804     0         0      
    +--+------------------------------------+-------+---------+---------+
       Total:                               4172    0         0      
                                                                     
    C:/ti/simplelink_msp432p4_sdk_2_20_00_12/source/ti/devices/msp432p4xx/driverlib/ccs/msp432p4xx_driverlib.lib
       adc14.o                              1048    128       0      
       cs.o                                 338     0         0      
       rtc_c.o                              284     0         0      
       interrupt.o                          256     16        0      
       gpio.o                               144     48        0      
       sysctl_a.o                           64      0         0      
       uart.o                               52      0         0      
       pcm.o                                40      0         0      
       cpu.o                                4       0         0      
    +--+------------------------------------+-------+---------+---------+
       Total:                               2230    192       0      
                                                                     
    C:/ti/simplelink_msp432p4_sdk_2_20_00_12/source/ti/iqmathlib/ccs/QmathLib_CCS_MSP432.lib
       _QNtables.obj                        0       384       0      
       _QNsqrt.obj                          216     0         0      
    +--+------------------------------------+-------+---------+---------+
       Total:                               216     384       0      
                                                                     
    C:\ti\ccsv8\tools\compiler\ti-cgt-arm_18.1.2.LTS\lib\rtsv7M4_T_le_v4SPD16_eabi.lib
       _printfi.c.obj                       4863    0         0      
       k_rem_pio2.c.obj                     1848    344       0      
       s_cos.c.obj                          1500    0         0      
       s_sin.c.obj                          1476    0         0      
       defs.c.obj                           0       0         832    
       trgmsg.c.obj                         108     0         576    
       memory.c.obj                         492     0         24     
       write.c.obj                          40      0         400    
       fd_add_t2.asm.obj                    438     0         0      
       k_sin.c.obj                          372     0         0      
       k_cos.c.obj                          364     0         0      
       e_sqrt.c.obj                         344     0         0      
       fd_div_t2.asm.obj                    310     0         0      
       fputs.c.obj                          276     0         0      
       s_scalbn.c.obj                       272     0         0      
       fd_cmp_t2.asm.obj                    268     0         0      
       ctype.c.obj                          0       257       0      
       fd_mul_t2.asm.obj                    252     0         0      
       s_floor.c.obj                        248     0         0      
       setvbuf.c.obj                        220     0         0      
       memcpy_t2.asm.obj                    156     0         0      
       ull_div_t2.asm.obj                   150     0         0      
       fputc.c.obj                          140     0         0      
       memset_t2.asm.obj                    122     0         0      
       fclose.c.obj                         116     0         0      
       getdevice.c.obj                      116     0         0      
       hostopen.c.obj                       96      0         16     
       fd_tos_t2.asm.obj                    110     0         0      
       fprintf.c.obj                        108     0         0      
       copy_decompress_lzss.c.obj           104     0         0      
       hostlseek.c.obj                      104     0         0      
       hostrename.c.obj                     104     0         0      
       exit.c.obj                           76      0         24     
       fseek.c.obj                          100     0         0      
       s_frexp.c.obj                        100     0         0      
       _io_perm.c.obj                       98      0         0      
       close.c.obj                          92      0         0      
       hostread.c.obj                       88      0         0      
       hostwrite.c.obj                      88      0         0      
       ltoa.c.obj                           84      0         0      
       atoi.c.obj                           76      0         0      
       fflush.c.obj                         76      0         0      
       fd_toi_t2.asm.obj                    72      0         0      
       autoinit.c.obj                       68      0         0      
       hostclose.c.obj                      68      0         0      
       hostunlink.c.obj                     68      0         0      
       boot_cortex_m.c.obj                  56      0         0      
       fs_tod_t2.asm.obj                    56      0         0      
       strncpy.c.obj                        54      0         0      
       fopen.c.obj                          52      0         0      
       i_tofd_t2.asm.obj                    46      0         0      
       unlink.c.obj                         44      0         0      
       lseek.c.obj                          40      0         0      
       memchr.c.obj                         32      0         0      
       memccpy.c.obj                        28      0         0      
       strcmp.c.obj                         24      0         0      
       strchr.c.obj                         22      0         0      
       s_copysign.c.obj                     20      0         0      
       strcpy.c.obj                         20      0         0      
       strlen.c.obj                         20      0         0      
       _lock.c.obj                          2       0         16     
       copy_zero_init.c.obj                 18      0         0      
       wcslen.c.obj                         18      0         0      
       errno.c.obj                          8       0         8      
       copy_decompress_none.c.obj           14      0         0      
       pre_init.c.obj                       4       0         0      
       div0.asm.obj                         2       0         0      
    +--+------------------------------------+-------+---------+---------+
       Total:                               16851   601       1896   
                                                                     
       Heap:                                0       0         51920  
       Stack:                               0       0         4096   
       Linker Generated:                    0       151       0      
    +--+------------------------------------+-------+---------+---------+
       Grand Total:                         26095   1700      57934  


LINKER GENERATED COPY TABLES

__TI_cinit_table @ 00006cb8 records: 2, size/record: 8, table size: 16
	.data: load addr=00006c30, load size=00000073 bytes, run addr=20006568, run size=000001f4 bytes, compression=lzss
	.bss: load addr=00006cb0, load size=00000008 bytes, run addr=2000675c, run size=000001cc bytes, compression=zero_init


LINKER GENERATED HANDLER TABLE

__TI_handler_table @ 00006ca4 records: 3, size/record: 4, table size: 12
	index: 0, handler: __TI_decompress_lzss
	index: 1, handler: __TI_decompress_none
	index: 2, handler: __TI_zero_init


GLOBAL SYMBOLS: SORTED ALPHABETICALLY BY Name 

address   name                              
-------   ----                              
00005965  ADC14_IRQHandler                  
00005965  ADC14_IRQHandler                  
00004bbd  ADC14_configureConversionMemory   
000059bd  ADC14_configureSingleSampleMode   
00006675  ADC14_disableConversion           
00006211  ADC14_disableInterrupt            
00006561  ADC14_disableModule               
000063b9  ADC14_enableConversion            
00006241  ADC14_enableInterrupt             
000066c1  ADC14_enableModule                
00005b71  ADC14_initModule                  
00006521  ADC14_setResolution               
00006271  ADC14_setSampleHoldTime           
00005d05  ADC14_setSampleHoldTrigger        
00000b47  AES256_IRQHandler                 
00000b47  BusFault_Handler                  
000066f7  C$$EXIT                           
00006057  C$$IO$$                           
00000b47  COMP_E0_IRQHandler                
00000b47  COMP_E1_IRQHandler                
000066e7  CPU_wfi                           
00000b47  CS_IRQHandler                     
00006141  CS_setDCOCenteredFrequency        
000062a1  CS_setReferenceOscillatorFrequency
000066a5  CS_startLFXT                      
0000460d  CS_startLFXTWithTimeout           
00000b47  DMA_ERR_IRQHandler                
00000b47  DMA_INT0_IRQHandler               
00000b47  DMA_INT1_IRQHandler               
00000b47  DMA_INT2_IRQHandler               
00000b47  DMA_INT3_IRQHandler               
00000b47  DebugMon_Handler                  
00000b47  Default_Handler                   
000063e1  EUSCIA0_IRQHandler                
000063e1  EUSCIA0_IRQHandler                
00000b47  EUSCIA1_IRQHandler                
00000b47  EUSCIA2_IRQHandler                
00000b47  EUSCIA3_IRQHandler                
00000b47  EUSCIB0_IRQHandler                
00000b47  EUSCIB1_IRQHandler                
00000b47  EUSCIB2_IRQHandler                
00000b47  EUSCIB3_IRQHandler                
00000b47  FLCTL_IRQHandler                  
00000b47  FPU_IRQHandler                    
00005f31  GPIO_setAsOutputPin               
00006409  GPIO_setOutputHighOnPin           
00006431  GPIO_setOutputLowOnPin            
00005ddd  HOSTclose                         
00005455  HOSTlseek                         
0000584d  HOSTopen                          
00005a15  HOSTread                          
000054bd  HOSTrename                        
00005e21  HOSTunlink                        
00005a6d  HOSTwrite                         
00000b47  HardFault_Handler                 
00004f2d  Interrupt_disableInterrupt        
00004fad  Interrupt_enableInterrupt         
00000b47  MemManage_Handler                 
00000b47  NMI_Handler                       
00000b47  PCM_IRQHandler                    
00006459  PCM_gotoLPM0                      
000062d1  PORT1_IRQHandler                  
000062d1  PORT1_IRQHandler                  
00000b47  PORT2_IRQHandler                  
00000b47  PORT3_IRQHandler                  
00000b47  PORT4_IRQHandler                  
00000b47  PORT5_IRQHandler                  
00000b47  PORT6_IRQHandler                  
00000b47  PSS_IRQHandler                    
00000b47  PendSV_Handler                    
0000558d  RMS                               
00006361  RTC_C_IRQHandler                  
00006361  RTC_C_IRQHandler                  
000055f5  RTC_C_enableInterrupt             
000050ad  RTC_C_getCalendarTime             
00005fb1  RTC_C_setCalendarEvent            
20006756  RTC_trigger                       
000066cd  Reset_Handler                     
0000502d  STD                               
00000b47  SVC_Handler                       
000065b5  SysCtl_A_disableNMISource         
000065cd  SysCtl_A_enableNMISource          
00006695  SysCtl_A_getNMISourceStatus       
00000b47  SysTick_Handler                   
00005659  SystemInit                        
00000b47  T32_INT1_IRQHandler               
00000b47  T32_INT2_IRQHandler               
00000b47  T32_INTC_IRQHandler               
00000b47  TA0_0_IRQHandler                  
00000b47  TA0_N_IRQHandler                  
00000b47  TA1_0_IRQHandler                  
00000b47  TA1_N_IRQHandler                  
00000b47  TA2_0_IRQHandler                  
00000b47  TA2_N_IRQHandler                  
00000b47  TA3_0_IRQHandler                  
00000b47  TA3_N_IRQHandler                  
00006175  UART_transmitData                 
00000b47  UsageFault_Handler                
4000480c  WDTCTL_SYM                        
00000b47  WDT_A_IRQHandler                  
00006700  _Q16sqrt_coeffs                   
000047c9  _Qmag                             
2000675c  __CIOBUF_                         
20010000  __STACK_END                       
00000800  __STACK_SIZE                      
00006568  __SYSMEM_SIZE                     
00006cb8  __TI_CINIT_Base                   
00006cc8  __TI_CINIT_Limit                  
00006ca4  __TI_Handler_Table_Base           
00006cb0  __TI_Handler_Table_Limit          
00005e65  __TI_auto_init_nobinit_nopinit    
000061a9  __TI_cleanup                      
20006730  __TI_cleanup_ptr                  
00005295  __TI_closefile                    
00005525  __TI_decompress_lzss              
000066b3  __TI_decompress_none              
00005c6b  __TI_doflush                      
20006734  __TI_dtors_ptr                    
20006738  __TI_enable_exit_profile_output   
20006720  __TI_ft_end                       
ffffffff  __TI_pprof_out_hndl               
000000e9  __TI_printfi                      
ffffffff  __TI_prof_data_size               
ffffffff  __TI_prof_data_start              
000061dd  __TI_readmsg                      
00000000  __TI_static_base__                
2000687c  __TI_tmpnams                      
00006029  __TI_writemsg                     
000057e9  __TI_wrt_ok                       
0000664f  __TI_zero_init_nomemset           
00004e21  __aeabi_cdcmpeq                   
00004e21  __aeabi_cdcmple                   
00004ea7  __aeabi_cdrcmple                  
000053e5  __aeabi_d2f                       
00005d95  __aeabi_d2iz                      
000031d3  __aeabi_dadd                      
00003d79  __aeabi_ddiv                      
00004419  __aeabi_dmul                      
000031c9  __aeabi_dsub                      
000066d9  __aeabi_errno_addr                
000060d1  __aeabi_f2d                       
00006331  __aeabi_i2d                       
00002bb3  __aeabi_idiv0                     
00002bb3  __aeabi_ldiv0                     
00005129  __aeabi_memclr                    
00005129  __aeabi_memclr4                   
00005129  __aeabi_memclr8                   
00004c61  __aeabi_memcpy                    
00004c61  __aeabi_memcpy4                   
00004c61  __aeabi_memcpy8                   
0000512b  __aeabi_memset                    
0000512b  __aeabi_memset4                   
0000512b  __aeabi_memset8                   
2000672c  __aeabi_stderr                    
20006724  __aeabi_stdin                     
20006728  __aeabi_stdout                    
00004cfd  __aeabi_uldivmod                  
ffffffff  __binit__                         
ffffffff  __c_args__                        
00003819  __kernel_cos                      
00000b49  __kernel_rem_pio2                 
000036a5  __kernel_sin                      
UNDEFED   __mpu_init                        
2000f800  __stack                           
00006061  _c_int00_noargs                   
000069d8  _ctypes_                          
20006658  _device                           
20006568  _ftable                           
20006748  _lock                             
0000227b  _nop                              
200066d0  _stream                           
20000000  _sys_memory                       
UNDEFED   _system_post_cinit                
000066f3  _system_pre_init                  
2000674c  _unlock                           
000066f7  abort                             
00005cb9  atoi                              
000058ad  average_preprocess                
ffffffff  binit                             
00005ea9  calc_mean                         
00006bb0  calendarTime                      
00005909  close                             
00006bfc  compareConfig_M                   
00006c0c  compareConfig_V                   
0000521d  configure_analog                  
00006613  copysign                          
00006613  copysignl                         
00001281  cos                               
00001281  cosl                              
20006753  enableReads                       
20006758  errno                             
00005d4d  exit                              
00006301  finddevice                        
00004515  floor                             
00004515  floorl                            
000056bd  fprintf                           
00004d95  fputc                             
000040e9  fputs                             
000048a1  free                              
00005721  frexp                             
00005721  frexpl                            
00005785  fseek                             
00005eed  getdevice                         
20006924  information_bytes                 
00000000  interruptVectors                  
000066e1  kiss_fft                          
0000430d  kiss_fft_alloc                    
00005b1b  kiss_fft_stride                   
00003381  kiss_fftr                         
00003529  kiss_fftr_alloc                   
000041fd  ldexp                             
000041fd  ldexpl                            
00006481  lseek                             
00005bc5  ltoa                              
0000227d  main                              
000051a5  malloc                            
0000657d  max                               
000064f9  max_index                         
00006599  memccpy                           
00006541  memchr                            
00004c61  memcpy                            
00005131  memset                            
00006099  minit                             
2000691c  parmbuf                           
00004d95  putc                              
0000638d  remove                            
20006750  resPos                            
20006754  runTime                           
000041fd  scalbn                            
000041fd  scalbnl                           
00002649  sendNMEA                          
000046ed  setvbuf                           
0000185d  sin                               
0000185d  sinl                              
00003ae5  sqrt                              
00003ae5  sqrtl                             
20006752  stateCounter                      
000065fd  strchr                            
000065e5  strcmp                            
00006627  strcpy                            
0000663b  strlen                            
00006109  strncpy                           
00006b8c  uartConfig                        
0000638d  unlink                            
00006bcc  upModeConfig_M                    
00006be4  upModeConfig_V                    
00006661  wcslen                            
000064d1  write                             


GLOBAL SYMBOLS: SORTED BY Symbol Address 

address   name                              
-------   ----                              
00000000  __TI_static_base__                
00000000  interruptVectors                  
000000e9  __TI_printfi                      
00000800  __STACK_SIZE                      
00000b47  AES256_IRQHandler                 
00000b47  BusFault_Handler                  
00000b47  COMP_E0_IRQHandler                
00000b47  COMP_E1_IRQHandler                
00000b47  CS_IRQHandler                     
00000b47  DMA_ERR_IRQHandler                
00000b47  DMA_INT0_IRQHandler               
00000b47  DMA_INT1_IRQHandler               
00000b47  DMA_INT2_IRQHandler               
00000b47  DMA_INT3_IRQHandler               
00000b47  DebugMon_Handler                  
00000b47  Default_Handler                   
00000b47  EUSCIA1_IRQHandler                
00000b47  EUSCIA2_IRQHandler                
00000b47  EUSCIA3_IRQHandler                
00000b47  EUSCIB0_IRQHandler                
00000b47  EUSCIB1_IRQHandler                
00000b47  EUSCIB2_IRQHandler                
00000b47  EUSCIB3_IRQHandler                
00000b47  FLCTL_IRQHandler                  
00000b47  FPU_IRQHandler                    
00000b47  HardFault_Handler                 
00000b47  MemManage_Handler                 
00000b47  NMI_Handler                       
00000b47  PCM_IRQHandler                    
00000b47  PORT2_IRQHandler                  
00000b47  PORT3_IRQHandler                  
00000b47  PORT4_IRQHandler                  
00000b47  PORT5_IRQHandler                  
00000b47  PORT6_IRQHandler                  
00000b47  PSS_IRQHandler                    
00000b47  PendSV_Handler                    
00000b47  SVC_Handler                       
00000b47  SysTick_Handler                   
00000b47  T32_INT1_IRQHandler               
00000b47  T32_INT2_IRQHandler               
00000b47  T32_INTC_IRQHandler               
00000b47  TA0_0_IRQHandler                  
00000b47  TA0_N_IRQHandler                  
00000b47  TA1_0_IRQHandler                  
00000b47  TA1_N_IRQHandler                  
00000b47  TA2_0_IRQHandler                  
00000b47  TA2_N_IRQHandler                  
00000b47  TA3_0_IRQHandler                  
00000b47  TA3_N_IRQHandler                  
00000b47  UsageFault_Handler                
00000b47  WDT_A_IRQHandler                  
00000b49  __kernel_rem_pio2                 
00001281  cos                               
00001281  cosl                              
0000185d  sin                               
0000185d  sinl                              
0000227b  _nop                              
0000227d  main                              
00002649  sendNMEA                          
00002bb3  __aeabi_idiv0                     
00002bb3  __aeabi_ldiv0                     
000031c9  __aeabi_dsub                      
000031d3  __aeabi_dadd                      
00003381  kiss_fftr                         
00003529  kiss_fftr_alloc                   
000036a5  __kernel_sin                      
00003819  __kernel_cos                      
00003ae5  sqrt                              
00003ae5  sqrtl                             
00003d79  __aeabi_ddiv                      
000040e9  fputs                             
000041fd  ldexp                             
000041fd  ldexpl                            
000041fd  scalbn                            
000041fd  scalbnl                           
0000430d  kiss_fft_alloc                    
00004419  __aeabi_dmul                      
00004515  floor                             
00004515  floorl                            
0000460d  CS_startLFXTWithTimeout           
000046ed  setvbuf                           
000047c9  _Qmag                             
000048a1  free                              
00004bbd  ADC14_configureConversionMemory   
00004c61  __aeabi_memcpy                    
00004c61  __aeabi_memcpy4                   
00004c61  __aeabi_memcpy8                   
00004c61  memcpy                            
00004cfd  __aeabi_uldivmod                  
00004d95  fputc                             
00004d95  putc                              
00004e21  __aeabi_cdcmpeq                   
00004e21  __aeabi_cdcmple                   
00004ea7  __aeabi_cdrcmple                  
00004f2d  Interrupt_disableInterrupt        
00004fad  Interrupt_enableInterrupt         
0000502d  STD                               
000050ad  RTC_C_getCalendarTime             
00005129  __aeabi_memclr                    
00005129  __aeabi_memclr4                   
00005129  __aeabi_memclr8                   
0000512b  __aeabi_memset                    
0000512b  __aeabi_memset4                   
0000512b  __aeabi_memset8                   
00005131  memset                            
000051a5  malloc                            
0000521d  configure_analog                  
00005295  __TI_closefile                    
000053e5  __aeabi_d2f                       
00005455  HOSTlseek                         
000054bd  HOSTrename                        
00005525  __TI_decompress_lzss              
0000558d  RMS                               
000055f5  RTC_C_enableInterrupt             
00005659  SystemInit                        
000056bd  fprintf                           
00005721  frexp                             
00005721  frexpl                            
00005785  fseek                             
000057e9  __TI_wrt_ok                       
0000584d  HOSTopen                          
000058ad  average_preprocess                
00005909  close                             
00005965  ADC14_IRQHandler                  
00005965  ADC14_IRQHandler                  
000059bd  ADC14_configureSingleSampleMode   
00005a15  HOSTread                          
00005a6d  HOSTwrite                         
00005b1b  kiss_fft_stride                   
00005b71  ADC14_initModule                  
00005bc5  ltoa                              
00005c6b  __TI_doflush                      
00005cb9  atoi                              
00005d05  ADC14_setSampleHoldTrigger        
00005d4d  exit                              
00005d95  __aeabi_d2iz                      
00005ddd  HOSTclose                         
00005e21  HOSTunlink                        
00005e65  __TI_auto_init_nobinit_nopinit    
00005ea9  calc_mean                         
00005eed  getdevice                         
00005f31  GPIO_setAsOutputPin               
00005fb1  RTC_C_setCalendarEvent            
00006029  __TI_writemsg                     
00006057  C$$IO$$                           
00006061  _c_int00_noargs                   
00006099  minit                             
000060d1  __aeabi_f2d                       
00006109  strncpy                           
00006141  CS_setDCOCenteredFrequency        
00006175  UART_transmitData                 
000061a9  __TI_cleanup                      
000061dd  __TI_readmsg                      
00006211  ADC14_disableInterrupt            
00006241  ADC14_enableInterrupt             
00006271  ADC14_setSampleHoldTime           
000062a1  CS_setReferenceOscillatorFrequency
000062d1  PORT1_IRQHandler                  
000062d1  PORT1_IRQHandler                  
00006301  finddevice                        
00006331  __aeabi_i2d                       
00006361  RTC_C_IRQHandler                  
00006361  RTC_C_IRQHandler                  
0000638d  remove                            
0000638d  unlink                            
000063b9  ADC14_enableConversion            
000063e1  EUSCIA0_IRQHandler                
000063e1  EUSCIA0_IRQHandler                
00006409  GPIO_setOutputHighOnPin           
00006431  GPIO_setOutputLowOnPin            
00006459  PCM_gotoLPM0                      
00006481  lseek                             
000064d1  write                             
000064f9  max_index                         
00006521  ADC14_setResolution               
00006541  memchr                            
00006561  ADC14_disableModule               
00006568  __SYSMEM_SIZE                     
0000657d  max                               
00006599  memccpy                           
000065b5  SysCtl_A_disableNMISource         
000065cd  SysCtl_A_enableNMISource          
000065e5  strcmp                            
000065fd  strchr                            
00006613  copysign                          
00006613  copysignl                         
00006627  strcpy                            
0000663b  strlen                            
0000664f  __TI_zero_init_nomemset           
00006661  wcslen                            
00006675  ADC14_disableConversion           
00006695  SysCtl_A_getNMISourceStatus       
000066a5  CS_startLFXT                      
000066b3  __TI_decompress_none              
000066c1  ADC14_enableModule                
000066cd  Reset_Handler                     
000066d9  __aeabi_errno_addr                
000066e1  kiss_fft                          
000066e7  CPU_wfi                           
000066f3  _system_pre_init                  
000066f7  C$$EXIT                           
000066f7  abort                             
00006700  _Q16sqrt_coeffs                   
000069d8  _ctypes_                          
00006b8c  uartConfig                        
00006bb0  calendarTime                      
00006bcc  upModeConfig_M                    
00006be4  upModeConfig_V                    
00006bfc  compareConfig_M                   
00006c0c  compareConfig_V                   
00006ca4  __TI_Handler_Table_Base           
00006cb0  __TI_Handler_Table_Limit          
00006cb8  __TI_CINIT_Base                   
00006cc8  __TI_CINIT_Limit                  
20000000  _sys_memory                       
20006568  _ftable                           
20006658  _device                           
200066d0  _stream                           
20006720  __TI_ft_end                       
20006724  __aeabi_stdin                     
20006728  __aeabi_stdout                    
2000672c  __aeabi_stderr                    
20006730  __TI_cleanup_ptr                  
20006734  __TI_dtors_ptr                    
20006738  __TI_enable_exit_profile_output   
20006748  _lock                             
2000674c  _unlock                           
20006750  resPos                            
20006752  stateCounter                      
20006753  enableReads                       
20006754  runTime                           
20006756  RTC_trigger                       
20006758  errno                             
2000675c  __CIOBUF_                         
2000687c  __TI_tmpnams                      
2000691c  parmbuf                           
20006924  information_bytes                 
2000f800  __stack                           
20010000  __STACK_END                       
4000480c  WDTCTL_SYM                        
ffffffff  __TI_pprof_out_hndl               
ffffffff  __TI_prof_data_size               
ffffffff  __TI_prof_data_start              
ffffffff  __binit__                         
ffffffff  __c_args__                        
ffffffff  binit                             
UNDEFED   __mpu_init                        
UNDEFED   _system_post_cinit                

[248 symbols]
