******************************************************************************
                  TI ARM Linker PC v18.1.2                     
******************************************************************************
>> Linked Wed Aug 22 19:33:37 2018

OUTPUT FILE NAME:   <adc_FFT_Multi_Trigger_NMEA_rtc.out>
ENTRY POINT SYMBOL: "_c_int00_noargs"  address: 000061a1


MEMORY CONFIGURATION

         name            origin    length      used     unused   attr    fill
----------------------  --------  ---------  --------  --------  ----  --------
  MAIN                  00000000   00040000  00006dea  00039216  R  X
  INFO                  00200000   00004000  00000000  00004000  R  X
  SRAM_CODE             01000000   00010000  00007128  00008ed8  RW X
  SRAM_DATA             20000000   00010000  00007128  00008ed8  RW  


SEGMENT ALLOCATION MAP

run origin  load origin   length   init length attrs members
----------  ----------- ---------- ----------- ----- -------
00000000    00000000    00006df8   00006df8    r-x
  00000000    00000000    000000e4   000000e4    r-- .intvecs
  000000e8    000000e8    00006742   00006742    r-x .text
  00006830    00006830    0000052c   0000052c    r-- .const
  00006d60    00006d60    00000098   00000098    r-- .cinit
20000000    20000000    00006928   00000000    rw-
  20000000    20000000    00006568   00000000    rw- .sysmem
  20006568    20006568    000001f4   00000000    rw- .data
  2000675c    2000675c    000001cc   00000000    rw- .bss
2000f800    2000f800    00000800   00000000    rw-
  2000f800    2000f800    00000800   00000000    rw- .stack


SECTION ALLOCATION MAP

 output                                  attributes/
section   page    origin      length       input sections
--------  ----  ----------  ----------   ----------------
.intvecs   0    00000000    000000e4     
                  00000000    000000e4     startup_msp432p401r_ccs.obj (.intvecs:retain)

.text      0    000000e8    00006742     
                  000000e8    00000a5e     rtsv7M4_T_le_v4SPD16_eabi.lib : _printfi.c.obj (.text:__TI_printfi)
                  00000b46    00000002     startup_msp432p401r_ccs.obj (.text:Default_Handler)
                  00000b48    00000738     rtsv7M4_T_le_v4SPD16_eabi.lib : k_rem_pio2.c.obj (.text:__kernel_rem_pio2)
                  00001280    000005dc                                   : s_cos.c.obj (.text:cos)
                  0000185c    000005c4                                   : s_sin.c.obj (.text:sin)
                  00001e20    000004e0     adc_FFT_Multi_Trigger_NMEA_rtc.obj (.text:main)
                  00002300    0000045a     kiss_fft.obj (.text:kf_bfly5)
                  0000275a    00000002     rtsv7M4_T_le_v4SPD16_eabi.lib : _lock.c.obj (.text:_nop)
                  0000275c    000002e0     adc_FFT_Multi_Trigger_NMEA_rtc.obj (.text:sendNMEA)
                  00002a3c    0000027e     kiss_fft.obj (.text:kf_bfly4)
                  00002cba    00000002     rtsv7M4_T_le_v4SPD16_eabi.lib : div0.asm.obj (.text)
                  00002cbc    00000270                                   : _printfi.c.obj (.text:_pconv_a)
                  00002f2c    000001d4     kiss_fft.obj (.text:kf_bfly3)
                  00003100    000001d0     rtsv7M4_T_le_v4SPD16_eabi.lib : _printfi.c.obj (.text:_pconv_g)
                  000032d0    000001b6                                   : fd_add_t2.asm.obj (.text)
                  00003486    00000002     --HOLE-- [fill = 0]
                  00003488    000001a8     kiss_fftr.obj (.text:kiss_fftr)
                  00003630    0000017c     kiss_fftr.obj (.text:kiss_fftr_alloc)
                  000037ac    00000174     rtsv7M4_T_le_v4SPD16_eabi.lib : k_sin.c.obj (.text:__kernel_sin)
                  00003920    0000016c                                   : k_cos.c.obj (.text:__kernel_cos)
                  00003a8c    00000160     msp432p4xx_driverlib.lib : adc14.o (.text:_getIndexForMemRegister)
                  00003bec    00000158     rtsv7M4_T_le_v4SPD16_eabi.lib : e_sqrt.c.obj (.text:sqrt)
                  00003d44    0000013c                                   : _printfi.c.obj (.text:_pconv_e)
                  00003e80    00000136                                   : fd_div_t2.asm.obj (.text)
                  00003fb6    00000002     --HOLE-- [fill = 0]
                  00003fb8    00000120                                   : _printfi.c.obj (.text:fcvt)
                  000040d8    00000118     kiss_fft.obj (.text:kf_bfly_generic)
                  000041f0    00000114     rtsv7M4_T_le_v4SPD16_eabi.lib : fputs.c.obj (.text:fputs)
                  00004304    00000110                                   : s_scalbn.c.obj (.text:scalbn)
                  00004414    0000010c     kiss_fft.obj (.text:kiss_fft_alloc)
                  00004520    000000fc     rtsv7M4_T_le_v4SPD16_eabi.lib : fd_mul_t2.asm.obj (.text)
                  0000461c    000000f8                                   : s_floor.c.obj (.text:floor)
                  00004714    000000e0     msp432p4xx_driverlib.lib : cs.o (.text:CS_startLFXTWithTimeout)
                  000047f4    000000dc     rtsv7M4_T_le_v4SPD16_eabi.lib : setvbuf.c.obj (.text:setvbuf)
                  000048d0    000000d8     QmathLib_CCS_MSP432.lib : _QNsqrt.obj (.text:_Qmag)
                  000049a8    000000d8     rtsv7M4_T_le_v4SPD16_eabi.lib : memory.c.obj (.text:free)
                  00004a80    000000ce     kiss_fft.obj (.text:kf_work)
                  00004b4e    000000c0     kiss_fft.obj (.text:kf_bfly2)
                  00004c0e    00000002     --HOLE-- [fill = 0]
                  00004c10    000000b1     rtsv7M4_T_le_v4SPD16_eabi.lib : _printfi.c.obj (.text:_ltostr)
                  00004cc1    00000003     --HOLE-- [fill = 0]
                  00004cc4    000000a4     msp432p4xx_driverlib.lib : adc14.o (.text:ADC14_configureConversionMemory)
                  00004d68    0000009c     rtsv7M4_T_le_v4SPD16_eabi.lib : memcpy_t2.asm.obj (.text)
                  00004e04    00000096                                   : ull_div_t2.asm.obj (.text)
                  00004e9a    00000002     --HOLE-- [fill = 0]
                  00004e9c    0000008c                                   : fputc.c.obj (.text:fputc)
                  00004f28    00000086                                   : fd_cmp_t2.asm.obj (.text:__aeabi_cdcmple)
                  00004fae    00000086                                   : fd_cmp_t2.asm.obj (.text:__aeabi_cdrcmple)
                  00005034    00000080     msp432p4xx_driverlib.lib : interrupt.o (.text:Interrupt_disableInterrupt)
                  000050b4    00000080                              : interrupt.o (.text:Interrupt_enableInterrupt)
                  00005134    0000007e     adc_FFT_Multi_Trigger_NMEA_rtc.obj (.text:STD)
                  000051b2    00000002     --HOLE-- [fill = 0]
                  000051b4    0000007c     msp432p4xx_driverlib.lib : rtc_c.o (.text:RTC_C_getCalendarTime)
                  00005230    0000007a     rtsv7M4_T_le_v4SPD16_eabi.lib : memset_t2.asm.obj (.text)
                  000052aa    00000002     --HOLE-- [fill = 0]
                  000052ac    00000078                                   : memory.c.obj (.text:malloc)
                  00005324    00000076     adc_FFT_Multi_Trigger_NMEA_rtc.obj (.text:configure_analog)
                  0000539a    00000002     --HOLE-- [fill = 0]
                  0000539c    00000074     rtsv7M4_T_le_v4SPD16_eabi.lib : fclose.c.obj (.text:__TI_closefile)
                  00005410    0000006e                                   : _printfi.c.obj (.text:_mcpy)
                  0000547e    0000006e     kiss_fft.obj (.text:kf_factor)
                  000054ec    0000006e     rtsv7M4_T_le_v4SPD16_eabi.lib : fd_tos_t2.asm.obj (.text)
                  0000555a    00000002     --HOLE-- [fill = 0]
                  0000555c    00000068                                   : hostlseek.c.obj (.text:HOSTlseek)
                  000055c4    00000068                                   : hostrename.c.obj (.text:HOSTrename)
                  0000562c    00000068                                   : copy_decompress_lzss.c.obj (.text:decompress:lzss:__TI_decompress_lzss)
                  00005694    00000066     adc_FFT_Multi_Trigger_NMEA_rtc.obj (.text:RMS)
                  000056fa    00000002     --HOLE-- [fill = 0]
                  000056fc    00000064     msp432p4xx_driverlib.lib : rtc_c.o (.text:RTC_C_enableInterrupt)
                  00005760    00000064     system_msp432p401r.obj (.text:SystemInit)
                  000057c4    00000064     rtsv7M4_T_le_v4SPD16_eabi.lib : fprintf.c.obj (.text:fprintf)
                  00005828    00000064                                   : s_frexp.c.obj (.text:frexp)
                  0000588c    00000064                                   : fseek.c.obj (.text:fseek)
                  000058f0    00000062                                   : _io_perm.c.obj (.text:__TI_wrt_ok)
                  00005952    00000002     --HOLE-- [fill = 0]
                  00005954    00000060                                   : hostopen.c.obj (.text:HOSTopen)
                  000059b4    0000005c     adc_FFT_Multi_Trigger_NMEA_rtc.obj (.text:average_preprocess)
                  00005a10    0000005c     rtsv7M4_T_le_v4SPD16_eabi.lib : close.c.obj (.text:close)
                  00005a6c    00000058     adc_FFT_Multi_Trigger_NMEA_rtc.obj (.text:ADC14_IRQHandler)
                  00005ac4    00000058     msp432p4xx_driverlib.lib : adc14.o (.text:ADC14_configureSingleSampleMode)
                  00005b1c    00000058     rtsv7M4_T_le_v4SPD16_eabi.lib : hostread.c.obj (.text:HOSTread)
                  00005b74    00000058                                   : hostwrite.c.obj (.text:HOSTwrite)
                  00005bcc    00000056                                   : _printfi.c.obj (.text:_pconv_f)
                  00005c22    00000056     kiss_fft.obj (.text:kiss_fft_stride)
                  00005c78    00000054     msp432p4xx_driverlib.lib : adc14.o (.text:ADC14_initModule)
                  00005ccc    00000054     rtsv7M4_T_le_v4SPD16_eabi.lib : ltoa.c.obj (.text:ltoa)
                  00005d20    00000052                                   : _printfi.c.obj (.text:_ecpy)
                  00005d72    0000004c                                   : fflush.c.obj (.text:__TI_doflush)
                  00005dbe    00000002     --HOLE-- [fill = 0]
                  00005dc0    0000004c                                   : atoi.c.obj (.text:atoi)
                  00005e0c    00000048     msp432p4xx_driverlib.lib : adc14.o (.text:ADC14_setSampleHoldTrigger)
                  00005e54    00000048     rtsv7M4_T_le_v4SPD16_eabi.lib : exit.c.obj (.text:exit)
                  00005e9c    00000048                                   : fd_toi_t2.asm.obj (.text)
                  00005ee4    00000044                                   : hostclose.c.obj (.text:HOSTclose)
                  00005f28    00000044                                   : hostunlink.c.obj (.text:HOSTunlink)
                  00005f6c    00000044                                   : autoinit.c.obj (.text:__TI_auto_init_nobinit_nopinit:__TI_auto_init_nobinit_nopinit)
                  00005fb0    00000044     adc_FFT_Multi_Trigger_NMEA_rtc.obj (.text:calc_mean)
                  00005ff4    00000044     rtsv7M4_T_le_v4SPD16_eabi.lib : getdevice.c.obj (.text:getdevice)
                  00006038    00000040     msp432p4xx_driverlib.lib : gpio.o (.text:GPIO_setAsOutputPin)
                  00006078    0000003e     rtsv7M4_T_le_v4SPD16_eabi.lib : _printfi.c.obj (.text:_fcpy)
                  000060b6    00000002     --HOLE-- [fill = 0]
                  000060b8    0000003c     msp432p4xx_driverlib.lib : rtc_c.o (.text:RTC_C_setCalendarEvent)
                  000060f4    0000003c     rtsv7M4_T_le_v4SPD16_eabi.lib : memory.c.obj (.text:minsert)
                  00006130    00000038     adc_FFT_Multi_Trigger_NMEA_rtc.obj (.text:PORT1_IRQHandler)
                  00006168    00000038     rtsv7M4_T_le_v4SPD16_eabi.lib : trgmsg.c.obj (.text:__TI_writemsg)
                  000061a0    00000038                                   : boot_cortex_m.c.obj (.text:_c_int00_noargs:_c_int00_noargs)
                  000061d8    00000038                                   : memory.c.obj (.text:minit)
                  00006210    00000038                                   : fs_tod_t2.asm.obj (.text)
                  00006248    00000036                                   : strncpy.c.obj (.text:strncpy)
                  0000627e    00000002     --HOLE-- [fill = 0]
                  00006280    00000034     msp432p4xx_driverlib.lib : cs.o (.text:CS_setDCOCenteredFrequency)
                  000062b4    00000034                              : uart.o (.text:UART_transmitData)
                  000062e8    00000034     rtsv7M4_T_le_v4SPD16_eabi.lib : fopen.c.obj (.text:__TI_cleanup)
                  0000631c    00000034                                   : trgmsg.c.obj (.text:__TI_readmsg)
                  00006350    00000030     msp432p4xx_driverlib.lib : adc14.o (.text:ADC14_disableInterrupt)
                  00006380    00000030                              : adc14.o (.text:ADC14_enableInterrupt)
                  000063b0    00000030                              : adc14.o (.text:ADC14_setSampleHoldTime)
                  000063e0    00000030                              : cs.o (.text:CS_setReferenceOscillatorFrequency)
                  00006410    00000030     rtsv7M4_T_le_v4SPD16_eabi.lib : getdevice.c.obj (.text:finddevice)
                  00006440    0000002e                                   : i_tofd_t2.asm.obj (.text)
                  0000646e    00000002     --HOLE-- [fill = 0]
                  00006470    0000002c     adc_FFT_Multi_Trigger_NMEA_rtc.obj (.text:RTC_C_IRQHandler)
                  0000649c    0000002c     rtsv7M4_T_le_v4SPD16_eabi.lib : unlink.c.obj (.text:unlink)
                  000064c8    00000028     msp432p4xx_driverlib.lib : adc14.o (.text:ADC14_enableConversion)
                  000064f0    00000028     adc_FFT_Multi_Trigger_NMEA_rtc.obj (.text:EUSCIA0_IRQHandler)
                  00006518    00000028     msp432p4xx_driverlib.lib : gpio.o (.text:GPIO_setOutputHighOnPin)
                  00006540    00000028                              : gpio.o (.text:GPIO_setOutputLowOnPin)
                  00006568    00000028                              : pcm.o (.text:PCM_gotoLPM0)
                  00006590    00000028     rtsv7M4_T_le_v4SPD16_eabi.lib : lseek.c.obj (.text:lseek)
                  000065b8    00000028                                   : memory.c.obj (.text:mremove)
                  000065e0    00000028                                   : write.c.obj (.text:write)
                  00006608    00000026     adc_FFT_Multi_Trigger_NMEA_rtc.obj (.text:max_index)
                  0000662e    00000002     --HOLE-- [fill = 0]
                  00006630    00000020     msp432p4xx_driverlib.lib : adc14.o (.text:ADC14_setResolution)
                  00006650    00000020     rtsv7M4_T_le_v4SPD16_eabi.lib : memchr.c.obj (.text:memchr)
                  00006670    00000020                                   : u_tofd_t2.asm.obj (.text)
                  00006690    0000001c     msp432p4xx_driverlib.lib : adc14.o (.text:ADC14_disableModule)
                  000066ac    0000001c     adc_FFT_Multi_Trigger_NMEA_rtc.obj (.text:max)
                  000066c8    0000001c     rtsv7M4_T_le_v4SPD16_eabi.lib : memccpy.c.obj (.text:memccpy)
                  000066e4    00000018     msp432p4xx_driverlib.lib : sysctl_a.o (.text:SysCtl_A_disableNMISource)
                  000066fc    00000018                              : sysctl_a.o (.text:SysCtl_A_enableNMISource)
                  00006714    00000018     rtsv7M4_T_le_v4SPD16_eabi.lib : strcmp.c.obj (.text:strcmp)
                  0000672c    00000016                                   : strchr.c.obj (.text:strchr)
                  00006742    00000014                                   : s_copysign.c.obj (.text:copysign)
                  00006756    00000014                                   : strcpy.c.obj (.text:strcpy)
                  0000676a    00000014                                   : strlen.c.obj (.text:strlen)
                  0000677e    00000012                                   : copy_zero_init.c.obj (.text:decompress:ZI:__TI_zero_init_nomemset:__TI_zero_init_nomemset)
                  00006790    00000012                                   : wcslen.c.obj (.text:wcslen)
                  000067a2    00000002     --HOLE-- [fill = 0]
                  000067a4    00000010     msp432p4xx_driverlib.lib : adc14.o (.text:ADC14_disableConversion)
                  000067b4    00000010                              : adc14.o (.text:ADCIsConversionRunning)
                  000067c4    00000010                              : sysctl_a.o (.text:SysCtl_A_getNMISourceStatus)
                  000067d4    0000000e                              : cs.o (.text:CS_startLFXT)
                  000067e2    0000000e     rtsv7M4_T_le_v4SPD16_eabi.lib : copy_decompress_none.c.obj (.text:decompress:none:__TI_decompress_none)
                  000067f0    0000000c     msp432p4xx_driverlib.lib : adc14.o (.text:ADC14_enableModule)
                  000067fc    0000000c     startup_msp432p401r_ccs.obj (.text:Reset_Handler)
                  00006808    00000008     rtsv7M4_T_le_v4SPD16_eabi.lib : errno.c.obj (.text:__aeabi_errno_addr)
                  00006810    00000006     kiss_fft.obj (.text:kiss_fft)
                  00006816    00000004     msp432p4xx_driverlib.lib : cpu.o (.text:CPU_wfi)
                  0000681a    00000004     rtsv7M4_T_le_v4SPD16_eabi.lib : fprintf.c.obj (.text:_outc)
                  0000681e    00000004                                   : fprintf.c.obj (.text:_outs)
                  00006822    00000004                                   : pre_init.c.obj (.text:_system_pre_init)
                  00006826    00000004                                   : exit.c.obj (.text:abort:abort)

.const     0    00006830    0000052c     
                  00006830    00000180     QmathLib_CCS_MSP432.lib : _QNtables.obj (.const:_Q16sqrt_coeffs)
                  000069b0    00000158     rtsv7M4_T_le_v4SPD16_eabi.lib : k_rem_pio2.c.obj (.const:$O1$$)
                  00006b08    00000101                                   : ctype.c.obj (.const:.string:_ctypes_)
                  00006c09    00000003     --HOLE-- [fill = 0]
                  00006c0c    00000080     msp432p4xx_driverlib.lib : adc14.o (.const:_ctlRegs)
                  00006c8c    00000030                              : gpio.o (.const:GPIO_PORT_TO_BASE)
                  00006cbc    00000024     adc_FFT_Multi_Trigger_NMEA_rtc.obj (.const:uartConfig)
                  00006ce0    0000001c     adc_FFT_Multi_Trigger_NMEA_rtc.obj (.const:calendarTime)
                  00006cfc    00000018     adc_FFT_Multi_Trigger_NMEA_rtc.obj (.const:upModeConfig_M)
                  00006d14    00000018     adc_FFT_Multi_Trigger_NMEA_rtc.obj (.const:upModeConfig_V)
                  00006d2c    00000010     adc_FFT_Multi_Trigger_NMEA_rtc.obj (.const:compareConfig_M)
                  00006d3c    00000010     adc_FFT_Multi_Trigger_NMEA_rtc.obj (.const:compareConfig_V)
                  00006d4c    00000008     msp432p4xx_driverlib.lib : interrupt.o (.const:g_pulDisRegs)
                  00006d54    00000008                              : interrupt.o (.const:g_pulEnRegs)

.cinit     0    00006d60    00000098     
                  00006d60    00000073     (.cinit..data.load) [load image, compression = lzss]
                  00006dd3    00000001     --HOLE-- [fill = 0]
                  00006dd4    0000000c     (__TI_handler_table)
                  00006de0    00000008     (.cinit..bss.load) [load image, compression = zero_init]
                  00006de8    00000010     (__TI_cinit_table)

.init_array 
*          0    00000000    00000000     UNINITIALIZED

.binit     0    00000000    00000000     

.sysmem    0    20000000    00006568     UNINITIALIZED
                  20000000    00000008     rtsv7M4_T_le_v4SPD16_eabi.lib : memory.c.obj (.sysmem)
                  20000008    00006560     --HOLE--

.data      0    20006568    000001f4     UNINITIALIZED
                  20006568    000000f0     rtsv7M4_T_le_v4SPD16_eabi.lib : defs.c.obj (.data:_ftable)
                  20006658    00000078                                   : write.c.obj (.data:_device)
                  200066d0    00000050                                   : write.c.obj (.data:_stream)
                  20006720    00000010                                   : defs.c.obj (.data)
                  20006730    0000000c                                   : exit.c.obj (.data:$O1$$)
                  2000673c    0000000c                                   : memory.c.obj (.data:$O1$$)
                  20006748    00000008                                   : _lock.c.obj (.data:$O1$$)
                  20006750    00000008     adc_FFT_Multi_Trigger_NMEA_rtc.obj (.data)
                  20006758    00000004     rtsv7M4_T_le_v4SPD16_eabi.lib : errno.c.obj (.data)

.bss       0    2000675c    000001cc     UNINITIALIZED
                  2000675c    00000120     rtsv7M4_T_le_v4SPD16_eabi.lib : trgmsg.c.obj (.bss:_CIOBUF_)
                  2000687c    000000a0     (.common:__TI_tmpnams)
                  2000691c    00000008     (.common:parmbuf)
                  20006924    00000004     (.common:information_bytes)

.stack     0    2000f800    00000800     UNINITIALIZED
                  2000f800    00000004     rtsv7M4_T_le_v4SPD16_eabi.lib : boot_cortex_m.c.obj (.stack)
                  2000f804    000007fc     --HOLE--

MODULE SUMMARY

       Module                               code    ro data   rw data
       ------                               ----    -------   -------
    .\
       adc_FFT_Multi_Trigger_NMEA_rtc.obj   2784    144       24     
       system_msp432p401r.obj               100     0         0      
    +--+------------------------------------+-------+---------+---------+
       Total:                               2884    144       24     
                                                                     
    .\ccs\
       startup_msp432p401r_ccs.obj          14      228       0      
    +--+------------------------------------+-------+---------+---------+
       Total:                               14      228       0      
                                                                     
    .\kissFFT\
       kiss_fft.obj                         3368    0         0      
       kiss_fftr.obj                        804     0         0      
    +--+------------------------------------+-------+---------+---------+
       Total:                               4172    0         0      
                                                                     
    C:/ti/simplelink_msp432p4_sdk_2_20_00_12/source/ti/devices/msp432p4xx/driverlib/ccs/msp432p4xx_driverlib.lib
       adc14.o                              1048    128       0      
       cs.o                                 338     0         0      
       rtc_c.o                              284     0         0      
       interrupt.o                          256     16        0      
       gpio.o                               144     48        0      
       sysctl_a.o                           64      0         0      
       uart.o                               52      0         0      
       pcm.o                                40      0         0      
       cpu.o                                4       0         0      
    +--+------------------------------------+-------+---------+---------+
       Total:                               2230    192       0      
                                                                     
    C:/ti/simplelink_msp432p4_sdk_2_20_00_12/source/ti/iqmathlib/ccs/QmathLib_CCS_MSP432.lib
       _QNtables.obj                        0       384       0      
       _QNsqrt.obj                          216     0         0      
    +--+------------------------------------+-------+---------+---------+
       Total:                               216     384       0      
                                                                     
    C:\ti\ccsv8\tools\compiler\ti-cgt-arm_18.1.2.LTS\lib\rtsv7M4_T_le_v4SPD16_eabi.lib
       _printfi.c.obj                       4863    0         0      
       k_rem_pio2.c.obj                     1848    344       0      
       s_cos.c.obj                          1500    0         0      
       s_sin.c.obj                          1476    0         0      
       defs.c.obj                           0       0         832    
       trgmsg.c.obj                         108     0         576    
       memory.c.obj                         492     0         24     
       write.c.obj                          40      0         400    
       fd_add_t2.asm.obj                    438     0         0      
       k_sin.c.obj                          372     0         0      
       k_cos.c.obj                          364     0         0      
       e_sqrt.c.obj                         344     0         0      
       fd_div_t2.asm.obj                    310     0         0      
       fputs.c.obj                          276     0         0      
       s_scalbn.c.obj                       272     0         0      
       fd_cmp_t2.asm.obj                    268     0         0      
       ctype.c.obj                          0       257       0      
       fd_mul_t2.asm.obj                    252     0         0      
       s_floor.c.obj                        248     0         0      
       setvbuf.c.obj                        220     0         0      
       memcpy_t2.asm.obj                    156     0         0      
       ull_div_t2.asm.obj                   150     0         0      
       fputc.c.obj                          140     0         0      
       memset_t2.asm.obj                    122     0         0      
       fclose.c.obj                         116     0         0      
       getdevice.c.obj                      116     0         0      
       hostopen.c.obj                       96      0         16     
       fd_tos_t2.asm.obj                    110     0         0      
       fprintf.c.obj                        108     0         0      
       copy_decompress_lzss.c.obj           104     0         0      
       hostlseek.c.obj                      104     0         0      
       hostrename.c.obj                     104     0         0      
       exit.c.obj                           76      0         24     
       fseek.c.obj                          100     0         0      
       s_frexp.c.obj                        100     0         0      
       _io_perm.c.obj                       98      0         0      
       close.c.obj                          92      0         0      
       hostread.c.obj                       88      0         0      
       hostwrite.c.obj                      88      0         0      
       ltoa.c.obj                           84      0         0      
       atoi.c.obj                           76      0         0      
       fflush.c.obj                         76      0         0      
       fd_toi_t2.asm.obj                    72      0         0      
       autoinit.c.obj                       68      0         0      
       hostclose.c.obj                      68      0         0      
       hostunlink.c.obj                     68      0         0      
       boot_cortex_m.c.obj                  56      0         0      
       fs_tod_t2.asm.obj                    56      0         0      
       strncpy.c.obj                        54      0         0      
       fopen.c.obj                          52      0         0      
       i_tofd_t2.asm.obj                    46      0         0      
       unlink.c.obj                         44      0         0      
       lseek.c.obj                          40      0         0      
       memchr.c.obj                         32      0         0      
       u_tofd_t2.asm.obj                    32      0         0      
       memccpy.c.obj                        28      0         0      
       strcmp.c.obj                         24      0         0      
       strchr.c.obj                         22      0         0      
       s_copysign.c.obj                     20      0         0      
       strcpy.c.obj                         20      0         0      
       strlen.c.obj                         20      0         0      
       _lock.c.obj                          2       0         16     
       copy_zero_init.c.obj                 18      0         0      
       wcslen.c.obj                         18      0         0      
       errno.c.obj                          8       0         8      
       copy_decompress_none.c.obj           14      0         0      
       pre_init.c.obj                       4       0         0      
       div0.asm.obj                         2       0         0      
    +--+------------------------------------+-------+---------+---------+
       Total:                               16883   601       1896   
                                                                     
       Heap:                                0       0         51920  
       Stack:                               0       0         4096   
       Linker Generated:                    0       151       0      
    +--+------------------------------------+-------+---------+---------+
       Grand Total:                         26399   1700      57936  


LINKER GENERATED COPY TABLES

__TI_cinit_table @ 00006de8 records: 2, size/record: 8, table size: 16
	.data: load addr=00006d60, load size=00000073 bytes, run addr=20006568, run size=000001f4 bytes, compression=lzss
	.bss: load addr=00006de0, load size=00000008 bytes, run addr=2000675c, run size=000001cc bytes, compression=zero_init


LINKER GENERATED HANDLER TABLE

__TI_handler_table @ 00006dd4 records: 3, size/record: 4, table size: 12
	index: 0, handler: __TI_decompress_lzss
	index: 1, handler: __TI_decompress_none
	index: 2, handler: __TI_zero_init


GLOBAL SYMBOLS: SORTED ALPHABETICALLY BY Name 

address   name                              
-------   ----                              
00005a6d  ADC14_IRQHandler                  
00005a6d  ADC14_IRQHandler                  
00004cc5  ADC14_configureConversionMemory   
00005ac5  ADC14_configureSingleSampleMode   
000067a5  ADC14_disableConversion           
00006351  ADC14_disableInterrupt            
00006691  ADC14_disableModule               
000064c9  ADC14_enableConversion            
00006381  ADC14_enableInterrupt             
000067f1  ADC14_enableModule                
00005c79  ADC14_initModule                  
00006631  ADC14_setResolution               
000063b1  ADC14_setSampleHoldTime           
00005e0d  ADC14_setSampleHoldTrigger        
00000b47  AES256_IRQHandler                 
00000b47  BusFault_Handler                  
00006827  C$$EXIT                           
00006197  C$$IO$$                           
00000b47  COMP_E0_IRQHandler                
00000b47  COMP_E1_IRQHandler                
00006817  CPU_wfi                           
00000b47  CS_IRQHandler                     
00006281  CS_setDCOCenteredFrequency        
000063e1  CS_setReferenceOscillatorFrequency
000067d5  CS_startLFXT                      
00004715  CS_startLFXTWithTimeout           
00000b47  DMA_ERR_IRQHandler                
00000b47  DMA_INT0_IRQHandler               
00000b47  DMA_INT1_IRQHandler               
00000b47  DMA_INT2_IRQHandler               
00000b47  DMA_INT3_IRQHandler               
00000b47  DebugMon_Handler                  
00000b47  Default_Handler                   
000064f1  EUSCIA0_IRQHandler                
000064f1  EUSCIA0_IRQHandler                
00000b47  EUSCIA1_IRQHandler                
00000b47  EUSCIA2_IRQHandler                
00000b47  EUSCIA3_IRQHandler                
00000b47  EUSCIB0_IRQHandler                
00000b47  EUSCIB1_IRQHandler                
00000b47  EUSCIB2_IRQHandler                
00000b47  EUSCIB3_IRQHandler                
00000b47  FLCTL_IRQHandler                  
00000b47  FPU_IRQHandler                    
00006039  GPIO_setAsOutputPin               
00006519  GPIO_setOutputHighOnPin           
00006541  GPIO_setOutputLowOnPin            
00005ee5  HOSTclose                         
0000555d  HOSTlseek                         
00005955  HOSTopen                          
00005b1d  HOSTread                          
000055c5  HOSTrename                        
00005f29  HOSTunlink                        
00005b75  HOSTwrite                         
00000b47  HardFault_Handler                 
00005035  Interrupt_disableInterrupt        
000050b5  Interrupt_enableInterrupt         
00000b47  MemManage_Handler                 
00000b47  NMI_Handler                       
00000b47  PCM_IRQHandler                    
00006569  PCM_gotoLPM0                      
00006131  PORT1_IRQHandler                  
00006131  PORT1_IRQHandler                  
00000b47  PORT2_IRQHandler                  
00000b47  PORT3_IRQHandler                  
00000b47  PORT4_IRQHandler                  
00000b47  PORT5_IRQHandler                  
00000b47  PORT6_IRQHandler                  
00000b47  PSS_IRQHandler                    
00000b47  PendSV_Handler                    
00005695  RMS                               
00006471  RTC_C_IRQHandler                  
00006471  RTC_C_IRQHandler                  
000056fd  RTC_C_enableInterrupt             
000051b5  RTC_C_getCalendarTime             
000060b9  RTC_C_setCalendarEvent            
20006756  RTC_trigger                       
000067fd  Reset_Handler                     
00005135  STD                               
00000b47  SVC_Handler                       
000066e5  SysCtl_A_disableNMISource         
000066fd  SysCtl_A_enableNMISource          
000067c5  SysCtl_A_getNMISourceStatus       
00000b47  SysTick_Handler                   
00005761  SystemInit                        
00000b47  T32_INT1_IRQHandler               
00000b47  T32_INT2_IRQHandler               
00000b47  T32_INTC_IRQHandler               
00000b47  TA0_0_IRQHandler                  
00000b47  TA0_N_IRQHandler                  
00000b47  TA1_0_IRQHandler                  
00000b47  TA1_N_IRQHandler                  
00000b47  TA2_0_IRQHandler                  
00000b47  TA2_N_IRQHandler                  
00000b47  TA3_0_IRQHandler                  
00000b47  TA3_N_IRQHandler                  
000062b5  UART_transmitData                 
00000b47  UsageFault_Handler                
4000480c  WDTCTL_SYM                        
00000b47  WDT_A_IRQHandler                  
00006830  _Q16sqrt_coeffs                   
000048d1  _Qmag                             
2000675c  __CIOBUF_                         
20010000  __STACK_END                       
00000800  __STACK_SIZE                      
00006568  __SYSMEM_SIZE                     
00006de8  __TI_CINIT_Base                   
00006df8  __TI_CINIT_Limit                  
00006dd4  __TI_Handler_Table_Base           
00006de0  __TI_Handler_Table_Limit          
00005f6d  __TI_auto_init_nobinit_nopinit    
000062e9  __TI_cleanup                      
20006730  __TI_cleanup_ptr                  
0000539d  __TI_closefile                    
0000562d  __TI_decompress_lzss              
000067e3  __TI_decompress_none              
00005d73  __TI_doflush                      
20006734  __TI_dtors_ptr                    
20006738  __TI_enable_exit_profile_output   
20006720  __TI_ft_end                       
ffffffff  __TI_pprof_out_hndl               
000000e9  __TI_printfi                      
ffffffff  __TI_prof_data_size               
ffffffff  __TI_prof_data_start              
0000631d  __TI_readmsg                      
00000000  __TI_static_base__                
2000687c  __TI_tmpnams                      
00006169  __TI_writemsg                     
000058f1  __TI_wrt_ok                       
0000677f  __TI_zero_init_nomemset           
00004f29  __aeabi_cdcmpeq                   
00004f29  __aeabi_cdcmple                   
00004faf  __aeabi_cdrcmple                  
000054ed  __aeabi_d2f                       
00005e9d  __aeabi_d2iz                      
000032db  __aeabi_dadd                      
00003e81  __aeabi_ddiv                      
00004521  __aeabi_dmul                      
000032d1  __aeabi_dsub                      
00006809  __aeabi_errno_addr                
00006211  __aeabi_f2d                       
00006441  __aeabi_i2d                       
00002cbb  __aeabi_idiv0                     
00002cbb  __aeabi_ldiv0                     
00005231  __aeabi_memclr                    
00005231  __aeabi_memclr4                   
00005231  __aeabi_memclr8                   
00004d69  __aeabi_memcpy                    
00004d69  __aeabi_memcpy4                   
00004d69  __aeabi_memcpy8                   
00005233  __aeabi_memset                    
00005233  __aeabi_memset4                   
00005233  __aeabi_memset8                   
2000672c  __aeabi_stderr                    
20006724  __aeabi_stdin                     
20006728  __aeabi_stdout                    
00006671  __aeabi_ui2d                      
00004e05  __aeabi_uldivmod                  
ffffffff  __binit__                         
ffffffff  __c_args__                        
00003921  __kernel_cos                      
00000b49  __kernel_rem_pio2                 
000037ad  __kernel_sin                      
UNDEFED   __mpu_init                        
2000f800  __stack                           
000061a1  _c_int00_noargs                   
00006b08  _ctypes_                          
20006658  _device                           
20006568  _ftable                           
20006748  _lock                             
0000275b  _nop                              
200066d0  _stream                           
20000000  _sys_memory                       
UNDEFED   _system_post_cinit                
00006823  _system_pre_init                  
2000674c  _unlock                           
00006827  abort                             
00005dc1  atoi                              
000059b5  average_preprocess                
ffffffff  binit                             
00005fb1  calc_mean                         
00006ce0  calendarTime                      
00005a11  close                             
00006d2c  compareConfig_M                   
00006d3c  compareConfig_V                   
00005325  configure_analog                  
00006743  copysign                          
00006743  copysignl                         
00001281  cos                               
00001281  cosl                              
20006753  enableReads                       
20006758  errno                             
00005e55  exit                              
00006411  finddevice                        
0000461d  floor                             
0000461d  floorl                            
000057c5  fprintf                           
00004e9d  fputc                             
000041f1  fputs                             
000049a9  free                              
00005829  frexp                             
00005829  frexpl                            
0000588d  fseek                             
00005ff5  getdevice                         
20006924  information_bytes                 
00000000  interruptVectors                  
00006811  kiss_fft                          
00004415  kiss_fft_alloc                    
00005c23  kiss_fft_stride                   
00003489  kiss_fftr                         
00003631  kiss_fftr_alloc                   
00004305  ldexp                             
00004305  ldexpl                            
00006591  lseek                             
00005ccd  ltoa                              
00001e21  main                              
000052ad  malloc                            
000066ad  max                               
00006609  max_index                         
000066c9  memccpy                           
00006651  memchr                            
00004d69  memcpy                            
00005239  memset                            
000061d9  minit                             
2000691c  parmbuf                           
00004e9d  putc                              
0000649d  remove                            
20006750  resPos                            
20006754  runTime                           
00004305  scalbn                            
00004305  scalbnl                           
0000275d  sendNMEA                          
20006757  setHealthyState                   
000047f5  setvbuf                           
0000185d  sin                               
0000185d  sinl                              
00003bed  sqrt                              
00003bed  sqrtl                             
20006752  stateCounter                      
0000672d  strchr                            
00006715  strcmp                            
00006757  strcpy                            
0000676b  strlen                            
00006249  strncpy                           
00006cbc  uartConfig                        
0000649d  unlink                            
00006cfc  upModeConfig_M                    
00006d14  upModeConfig_V                    
00006791  wcslen                            
000065e1  write                             


GLOBAL SYMBOLS: SORTED BY Symbol Address 

address   name                              
-------   ----                              
00000000  __TI_static_base__                
00000000  interruptVectors                  
000000e9  __TI_printfi                      
00000800  __STACK_SIZE                      
00000b47  AES256_IRQHandler                 
00000b47  BusFault_Handler                  
00000b47  COMP_E0_IRQHandler                
00000b47  COMP_E1_IRQHandler                
00000b47  CS_IRQHandler                     
00000b47  DMA_ERR_IRQHandler                
00000b47  DMA_INT0_IRQHandler               
00000b47  DMA_INT1_IRQHandler               
00000b47  DMA_INT2_IRQHandler               
00000b47  DMA_INT3_IRQHandler               
00000b47  DebugMon_Handler                  
00000b47  Default_Handler                   
00000b47  EUSCIA1_IRQHandler                
00000b47  EUSCIA2_IRQHandler                
00000b47  EUSCIA3_IRQHandler                
00000b47  EUSCIB0_IRQHandler                
00000b47  EUSCIB1_IRQHandler                
00000b47  EUSCIB2_IRQHandler                
00000b47  EUSCIB3_IRQHandler                
00000b47  FLCTL_IRQHandler                  
00000b47  FPU_IRQHandler                    
00000b47  HardFault_Handler                 
00000b47  MemManage_Handler                 
00000b47  NMI_Handler                       
00000b47  PCM_IRQHandler                    
00000b47  PORT2_IRQHandler                  
00000b47  PORT3_IRQHandler                  
00000b47  PORT4_IRQHandler                  
00000b47  PORT5_IRQHandler                  
00000b47  PORT6_IRQHandler                  
00000b47  PSS_IRQHandler                    
00000b47  PendSV_Handler                    
00000b47  SVC_Handler                       
00000b47  SysTick_Handler                   
00000b47  T32_INT1_IRQHandler               
00000b47  T32_INT2_IRQHandler               
00000b47  T32_INTC_IRQHandler               
00000b47  TA0_0_IRQHandler                  
00000b47  TA0_N_IRQHandler                  
00000b47  TA1_0_IRQHandler                  
00000b47  TA1_N_IRQHandler                  
00000b47  TA2_0_IRQHandler                  
00000b47  TA2_N_IRQHandler                  
00000b47  TA3_0_IRQHandler                  
00000b47  TA3_N_IRQHandler                  
00000b47  UsageFault_Handler                
00000b47  WDT_A_IRQHandler                  
00000b49  __kernel_rem_pio2                 
00001281  cos                               
00001281  cosl                              
0000185d  sin                               
0000185d  sinl                              
00001e21  main                              
0000275b  _nop                              
0000275d  sendNMEA                          
00002cbb  __aeabi_idiv0                     
00002cbb  __aeabi_ldiv0                     
000032d1  __aeabi_dsub                      
000032db  __aeabi_dadd                      
00003489  kiss_fftr                         
00003631  kiss_fftr_alloc                   
000037ad  __kernel_sin                      
00003921  __kernel_cos                      
00003bed  sqrt                              
00003bed  sqrtl                             
00003e81  __aeabi_ddiv                      
000041f1  fputs                             
00004305  ldexp                             
00004305  ldexpl                            
00004305  scalbn                            
00004305  scalbnl                           
00004415  kiss_fft_alloc                    
00004521  __aeabi_dmul                      
0000461d  floor                             
0000461d  floorl                            
00004715  CS_startLFXTWithTimeout           
000047f5  setvbuf                           
000048d1  _Qmag                             
000049a9  free                              
00004cc5  ADC14_configureConversionMemory   
00004d69  __aeabi_memcpy                    
00004d69  __aeabi_memcpy4                   
00004d69  __aeabi_memcpy8                   
00004d69  memcpy                            
00004e05  __aeabi_uldivmod                  
00004e9d  fputc                             
00004e9d  putc                              
00004f29  __aeabi_cdcmpeq                   
00004f29  __aeabi_cdcmple                   
00004faf  __aeabi_cdrcmple                  
00005035  Interrupt_disableInterrupt        
000050b5  Interrupt_enableInterrupt         
00005135  STD                               
000051b5  RTC_C_getCalendarTime             
00005231  __aeabi_memclr                    
00005231  __aeabi_memclr4                   
00005231  __aeabi_memclr8                   
00005233  __aeabi_memset                    
00005233  __aeabi_memset4                   
00005233  __aeabi_memset8                   
00005239  memset                            
000052ad  malloc                            
00005325  configure_analog                  
0000539d  __TI_closefile                    
000054ed  __aeabi_d2f                       
0000555d  HOSTlseek                         
000055c5  HOSTrename                        
0000562d  __TI_decompress_lzss              
00005695  RMS                               
000056fd  RTC_C_enableInterrupt             
00005761  SystemInit                        
000057c5  fprintf                           
00005829  frexp                             
00005829  frexpl                            
0000588d  fseek                             
000058f1  __TI_wrt_ok                       
00005955  HOSTopen                          
000059b5  average_preprocess                
00005a11  close                             
00005a6d  ADC14_IRQHandler                  
00005a6d  ADC14_IRQHandler                  
00005ac5  ADC14_configureSingleSampleMode   
00005b1d  HOSTread                          
00005b75  HOSTwrite                         
00005c23  kiss_fft_stride                   
00005c79  ADC14_initModule                  
00005ccd  ltoa                              
00005d73  __TI_doflush                      
00005dc1  atoi                              
00005e0d  ADC14_setSampleHoldTrigger        
00005e55  exit                              
00005e9d  __aeabi_d2iz                      
00005ee5  HOSTclose                         
00005f29  HOSTunlink                        
00005f6d  __TI_auto_init_nobinit_nopinit    
00005fb1  calc_mean                         
00005ff5  getdevice                         
00006039  GPIO_setAsOutputPin               
000060b9  RTC_C_setCalendarEvent            
00006131  PORT1_IRQHandler                  
00006131  PORT1_IRQHandler                  
00006169  __TI_writemsg                     
00006197  C$$IO$$                           
000061a1  _c_int00_noargs                   
000061d9  minit                             
00006211  __aeabi_f2d                       
00006249  strncpy                           
00006281  CS_setDCOCenteredFrequency        
000062b5  UART_transmitData                 
000062e9  __TI_cleanup                      
0000631d  __TI_readmsg                      
00006351  ADC14_disableInterrupt            
00006381  ADC14_enableInterrupt             
000063b1  ADC14_setSampleHoldTime           
000063e1  CS_setReferenceOscillatorFrequency
00006411  finddevice                        
00006441  __aeabi_i2d                       
00006471  RTC_C_IRQHandler                  
00006471  RTC_C_IRQHandler                  
0000649d  remove                            
0000649d  unlink                            
000064c9  ADC14_enableConversion            
000064f1  EUSCIA0_IRQHandler                
000064f1  EUSCIA0_IRQHandler                
00006519  GPIO_setOutputHighOnPin           
00006541  GPIO_setOutputLowOnPin            
00006568  __SYSMEM_SIZE                     
00006569  PCM_gotoLPM0                      
00006591  lseek                             
000065e1  write                             
00006609  max_index                         
00006631  ADC14_setResolution               
00006651  memchr                            
00006671  __aeabi_ui2d                      
00006691  ADC14_disableModule               
000066ad  max                               
000066c9  memccpy                           
000066e5  SysCtl_A_disableNMISource         
000066fd  SysCtl_A_enableNMISource          
00006715  strcmp                            
0000672d  strchr                            
00006743  copysign                          
00006743  copysignl                         
00006757  strcpy                            
0000676b  strlen                            
0000677f  __TI_zero_init_nomemset           
00006791  wcslen                            
000067a5  ADC14_disableConversion           
000067c5  SysCtl_A_getNMISourceStatus       
000067d5  CS_startLFXT                      
000067e3  __TI_decompress_none              
000067f1  ADC14_enableModule                
000067fd  Reset_Handler                     
00006809  __aeabi_errno_addr                
00006811  kiss_fft                          
00006817  CPU_wfi                           
00006823  _system_pre_init                  
00006827  C$$EXIT                           
00006827  abort                             
00006830  _Q16sqrt_coeffs                   
00006b08  _ctypes_                          
00006cbc  uartConfig                        
00006ce0  calendarTime                      
00006cfc  upModeConfig_M                    
00006d14  upModeConfig_V                    
00006d2c  compareConfig_M                   
00006d3c  compareConfig_V                   
00006dd4  __TI_Handler_Table_Base           
00006de0  __TI_Handler_Table_Limit          
00006de8  __TI_CINIT_Base                   
00006df8  __TI_CINIT_Limit                  
20000000  _sys_memory                       
20006568  _ftable                           
20006658  _device                           
200066d0  _stream                           
20006720  __TI_ft_end                       
20006724  __aeabi_stdin                     
20006728  __aeabi_stdout                    
2000672c  __aeabi_stderr                    
20006730  __TI_cleanup_ptr                  
20006734  __TI_dtors_ptr                    
20006738  __TI_enable_exit_profile_output   
20006748  _lock                             
2000674c  _unlock                           
20006750  resPos                            
20006752  stateCounter                      
20006753  enableReads                       
20006754  runTime                           
20006756  RTC_trigger                       
20006757  setHealthyState                   
20006758  errno                             
2000675c  __CIOBUF_                         
2000687c  __TI_tmpnams                      
2000691c  parmbuf                           
20006924  information_bytes                 
2000f800  __stack                           
20010000  __STACK_END                       
4000480c  WDTCTL_SYM                        
ffffffff  __TI_pprof_out_hndl               
ffffffff  __TI_prof_data_size               
ffffffff  __TI_prof_data_start              
ffffffff  __binit__                         
ffffffff  __c_args__                        
ffffffff  binit                             
UNDEFED   __mpu_init                        
UNDEFED   _system_post_cinit                

[250 symbols]
