<?xml version="1.0" encoding="ISO-8859-1" ?>
<link_info>
   <banner>TI ARM Linker PC v18.1.2.LTS</banner>
   <copyright>Copyright (c) 1996-2017 Texas Instruments Incorporated</copyright>
   <link_time>0x5b8d1fe5</link_time>
   <link_errors>0x0</link_errors>
   <output_file>adc_FFT_Multi_Trigger_NMEA_rtc.out</output_file>
   <entry_point>
      <name>_c_int00_noargs</name>
      <address>0x636d</address>
   </entry_point>
   <input_file_list>
      <input_file id="fl-2">
         <path>.\</path>
         <kind>object</kind>
         <file>adc_FFT_Multi_Trigger_NMEA_rtc.obj</file>
         <name>adc_FFT_Multi_Trigger_NMEA_rtc.obj</name>
      </input_file>
      <input_file id="fl-3">
         <path>.\</path>
         <kind>object</kind>
         <file>system_msp432p401r.obj</file>
         <name>system_msp432p401r.obj</name>
      </input_file>
      <input_file id="fl-4">
         <path>.\ccs\</path>
         <kind>object</kind>
         <file>startup_msp432p401r_ccs.obj</file>
         <name>startup_msp432p401r_ccs.obj</name>
      </input_file>
      <input_file id="fl-5">
         <path>.\kissFFT\</path>
         <kind>object</kind>
         <file>kiss_fft.obj</file>
         <name>kiss_fft.obj</name>
      </input_file>
      <input_file id="fl-6">
         <path>.\kissFFT\</path>
         <kind>object</kind>
         <file>kiss_fftr.obj</file>
         <name>kiss_fftr.obj</name>
      </input_file>
      <input_file id="fl-11">
         <kind>object</kind>
         <file>&lt;internal&gt;</file>
         <name>&lt;internal&gt;</name>
      </input_file>
      <input_file id="fl-12">
         <path>C:\ti\simplelink_msp432p4_sdk_2_20_00_12\source\ti\devices\msp432p4xx\driverlib\ccs\</path>
         <kind>archive</kind>
         <file>msp432p4xx_driverlib.lib</file>
         <name>adc14.o</name>
      </input_file>
      <input_file id="fl-13">
         <path>C:\ti\simplelink_msp432p4_sdk_2_20_00_12\source\ti\devices\msp432p4xx\driverlib\ccs\</path>
         <kind>archive</kind>
         <file>msp432p4xx_driverlib.lib</file>
         <name>cs.o</name>
      </input_file>
      <input_file id="fl-14">
         <path>C:\ti\simplelink_msp432p4_sdk_2_20_00_12\source\ti\devices\msp432p4xx\driverlib\ccs\</path>
         <kind>archive</kind>
         <file>msp432p4xx_driverlib.lib</file>
         <name>gpio.o</name>
      </input_file>
      <input_file id="fl-15">
         <path>C:\ti\simplelink_msp432p4_sdk_2_20_00_12\source\ti\devices\msp432p4xx\driverlib\ccs\</path>
         <kind>archive</kind>
         <file>msp432p4xx_driverlib.lib</file>
         <name>interrupt.o</name>
      </input_file>
      <input_file id="fl-16">
         <path>C:\ti\simplelink_msp432p4_sdk_2_20_00_12\source\ti\devices\msp432p4xx\driverlib\ccs\</path>
         <kind>archive</kind>
         <file>msp432p4xx_driverlib.lib</file>
         <name>pcm.o</name>
      </input_file>
      <input_file id="fl-17">
         <path>C:\ti\simplelink_msp432p4_sdk_2_20_00_12\source\ti\devices\msp432p4xx\driverlib\ccs\</path>
         <kind>archive</kind>
         <file>msp432p4xx_driverlib.lib</file>
         <name>rtc_c.o</name>
      </input_file>
      <input_file id="fl-18">
         <path>C:\ti\simplelink_msp432p4_sdk_2_20_00_12\source\ti\devices\msp432p4xx\driverlib\ccs\</path>
         <kind>archive</kind>
         <file>msp432p4xx_driverlib.lib</file>
         <name>sysctl_a.o</name>
      </input_file>
      <input_file id="fl-19">
         <path>C:\ti\simplelink_msp432p4_sdk_2_20_00_12\source\ti\devices\msp432p4xx\driverlib\ccs\</path>
         <kind>archive</kind>
         <file>msp432p4xx_driverlib.lib</file>
         <name>uart.o</name>
      </input_file>
      <input_file id="fl-1a">
         <path>C:\ti\simplelink_msp432p4_sdk_2_20_00_12\source\ti\devices\msp432p4xx\driverlib\ccs\</path>
         <kind>archive</kind>
         <file>msp432p4xx_driverlib.lib</file>
         <name>wdt_a.o</name>
      </input_file>
      <input_file id="fl-1b">
         <path>C:\ti\simplelink_msp432p4_sdk_2_20_00_12\source\ti\devices\msp432p4xx\driverlib\ccs\</path>
         <kind>archive</kind>
         <file>msp432p4xx_driverlib.lib</file>
         <name>cpu.o</name>
      </input_file>
      <input_file id="fl-d1">
         <path>C:\ti\ccsv8\tools\compiler\ti-cgt-arm_18.1.2.LTS\lib\</path>
         <kind>archive</kind>
         <file>rtsv7M4_T_le_v4SPD16_eabi.lib</file>
         <name>e_sqrt.c.obj</name>
      </input_file>
      <input_file id="fl-d2">
         <path>C:\ti\ccsv8\tools\compiler\ti-cgt-arm_18.1.2.LTS\lib\</path>
         <kind>archive</kind>
         <file>rtsv7M4_T_le_v4SPD16_eabi.lib</file>
         <name>s_cos.c.obj</name>
      </input_file>
      <input_file id="fl-d3">
         <path>C:\ti\ccsv8\tools\compiler\ti-cgt-arm_18.1.2.LTS\lib\</path>
         <kind>archive</kind>
         <file>rtsv7M4_T_le_v4SPD16_eabi.lib</file>
         <name>s_floor.c.obj</name>
      </input_file>
      <input_file id="fl-d4">
         <path>C:\ti\ccsv8\tools\compiler\ti-cgt-arm_18.1.2.LTS\lib\</path>
         <kind>archive</kind>
         <file>rtsv7M4_T_le_v4SPD16_eabi.lib</file>
         <name>s_sin.c.obj</name>
      </input_file>
      <input_file id="fl-d5">
         <path>C:\ti\ccsv8\tools\compiler\ti-cgt-arm_18.1.2.LTS\lib\</path>
         <kind>archive</kind>
         <file>rtsv7M4_T_le_v4SPD16_eabi.lib</file>
         <name>fd_add_t2.asm.obj</name>
      </input_file>
      <input_file id="fl-d6">
         <path>C:\ti\ccsv8\tools\compiler\ti-cgt-arm_18.1.2.LTS\lib\</path>
         <kind>archive</kind>
         <file>rtsv7M4_T_le_v4SPD16_eabi.lib</file>
         <name>fd_cmp_t2.asm.obj</name>
      </input_file>
      <input_file id="fl-d7">
         <path>C:\ti\ccsv8\tools\compiler\ti-cgt-arm_18.1.2.LTS\lib\</path>
         <kind>archive</kind>
         <file>rtsv7M4_T_le_v4SPD16_eabi.lib</file>
         <name>fd_div_t2.asm.obj</name>
      </input_file>
      <input_file id="fl-d8">
         <path>C:\ti\ccsv8\tools\compiler\ti-cgt-arm_18.1.2.LTS\lib\</path>
         <kind>archive</kind>
         <file>rtsv7M4_T_le_v4SPD16_eabi.lib</file>
         <name>fd_mul_t2.asm.obj</name>
      </input_file>
      <input_file id="fl-d9">
         <path>C:\ti\ccsv8\tools\compiler\ti-cgt-arm_18.1.2.LTS\lib\</path>
         <kind>archive</kind>
         <file>rtsv7M4_T_le_v4SPD16_eabi.lib</file>
         <name>fd_toi_t2.asm.obj</name>
      </input_file>
      <input_file id="fl-da">
         <path>C:\ti\ccsv8\tools\compiler\ti-cgt-arm_18.1.2.LTS\lib\</path>
         <kind>archive</kind>
         <file>rtsv7M4_T_le_v4SPD16_eabi.lib</file>
         <name>fd_tos_t2.asm.obj</name>
      </input_file>
      <input_file id="fl-db">
         <path>C:\ti\ccsv8\tools\compiler\ti-cgt-arm_18.1.2.LTS\lib\</path>
         <kind>archive</kind>
         <file>rtsv7M4_T_le_v4SPD16_eabi.lib</file>
         <name>fs_tod_t2.asm.obj</name>
      </input_file>
      <input_file id="fl-dc">
         <path>C:\ti\ccsv8\tools\compiler\ti-cgt-arm_18.1.2.LTS\lib\</path>
         <kind>archive</kind>
         <file>rtsv7M4_T_le_v4SPD16_eabi.lib</file>
         <name>i_tofd_t2.asm.obj</name>
      </input_file>
      <input_file id="fl-dd">
         <path>C:\ti\ccsv8\tools\compiler\ti-cgt-arm_18.1.2.LTS\lib\</path>
         <kind>archive</kind>
         <file>rtsv7M4_T_le_v4SPD16_eabi.lib</file>
         <name>memcpy_t2.asm.obj</name>
      </input_file>
      <input_file id="fl-de">
         <path>C:\ti\ccsv8\tools\compiler\ti-cgt-arm_18.1.2.LTS\lib\</path>
         <kind>archive</kind>
         <file>rtsv7M4_T_le_v4SPD16_eabi.lib</file>
         <name>u_tofd_t2.asm.obj</name>
      </input_file>
      <input_file id="fl-df">
         <path>C:\ti\ccsv8\tools\compiler\ti-cgt-arm_18.1.2.LTS\lib\</path>
         <kind>archive</kind>
         <file>rtsv7M4_T_le_v4SPD16_eabi.lib</file>
         <name>copy_zero_init.c.obj</name>
      </input_file>
      <input_file id="fl-e0">
         <path>C:\ti\ccsv8\tools\compiler\ti-cgt-arm_18.1.2.LTS\lib\</path>
         <kind>archive</kind>
         <file>rtsv7M4_T_le_v4SPD16_eabi.lib</file>
         <name>copy_decompress_none.c.obj</name>
      </input_file>
      <input_file id="fl-e1">
         <path>C:\ti\ccsv8\tools\compiler\ti-cgt-arm_18.1.2.LTS\lib\</path>
         <kind>archive</kind>
         <file>rtsv7M4_T_le_v4SPD16_eabi.lib</file>
         <name>copy_decompress_lzss.c.obj</name>
      </input_file>
      <input_file id="fl-e2">
         <path>C:\ti\ccsv8\tools\compiler\ti-cgt-arm_18.1.2.LTS\lib\</path>
         <kind>archive</kind>
         <file>rtsv7M4_T_le_v4SPD16_eabi.lib</file>
         <name>boot_cortex_m.c.obj</name>
      </input_file>
      <input_file id="fl-e3">
         <path>C:\ti\ccsv8\tools\compiler\ti-cgt-arm_18.1.2.LTS\lib\</path>
         <kind>archive</kind>
         <file>rtsv7M4_T_le_v4SPD16_eabi.lib</file>
         <name>errno.c.obj</name>
      </input_file>
      <input_file id="fl-e4">
         <path>C:\ti\ccsv8\tools\compiler\ti-cgt-arm_18.1.2.LTS\lib\</path>
         <kind>archive</kind>
         <file>rtsv7M4_T_le_v4SPD16_eabi.lib</file>
         <name>exit.c.obj</name>
      </input_file>
      <input_file id="fl-e5">
         <path>C:\ti\ccsv8\tools\compiler\ti-cgt-arm_18.1.2.LTS\lib\</path>
         <kind>archive</kind>
         <file>rtsv7M4_T_le_v4SPD16_eabi.lib</file>
         <name>memory.c.obj</name>
      </input_file>
      <input_file id="fl-e6">
         <path>C:\ti\ccsv8\tools\compiler\ti-cgt-arm_18.1.2.LTS\lib\</path>
         <kind>archive</kind>
         <file>rtsv7M4_T_le_v4SPD16_eabi.lib</file>
         <name>_lock.c.obj</name>
      </input_file>
      <input_file id="fl-e7">
         <path>C:\ti\ccsv8\tools\compiler\ti-cgt-arm_18.1.2.LTS\lib\</path>
         <kind>archive</kind>
         <file>rtsv7M4_T_le_v4SPD16_eabi.lib</file>
         <name>args_main.c.obj</name>
      </input_file>
      <input_file id="fl-e8">
         <path>C:\ti\ccsv8\tools\compiler\ti-cgt-arm_18.1.2.LTS\lib\</path>
         <kind>archive</kind>
         <file>rtsv7M4_T_le_v4SPD16_eabi.lib</file>
         <name>defs.c.obj</name>
      </input_file>
      <input_file id="fl-e9">
         <path>C:\ti\ccsv8\tools\compiler\ti-cgt-arm_18.1.2.LTS\lib\</path>
         <kind>archive</kind>
         <file>rtsv7M4_T_le_v4SPD16_eabi.lib</file>
         <name>fprintf.c.obj</name>
      </input_file>
      <input_file id="fl-ea">
         <path>C:\ti\ccsv8\tools\compiler\ti-cgt-arm_18.1.2.LTS\lib\</path>
         <kind>archive</kind>
         <file>rtsv7M4_T_le_v4SPD16_eabi.lib</file>
         <name>fputc.c.obj</name>
      </input_file>
      <input_file id="fl-eb">
         <path>C:\ti\ccsv8\tools\compiler\ti-cgt-arm_18.1.2.LTS\lib\</path>
         <kind>archive</kind>
         <file>rtsv7M4_T_le_v4SPD16_eabi.lib</file>
         <name>fputs.c.obj</name>
      </input_file>
      <input_file id="fl-ec">
         <path>C:\ti\ccsv8\tools\compiler\ti-cgt-arm_18.1.2.LTS\lib\</path>
         <kind>archive</kind>
         <file>rtsv7M4_T_le_v4SPD16_eabi.lib</file>
         <name>memchr.c.obj</name>
      </input_file>
      <input_file id="fl-ed">
         <path>C:\ti\ccsv8\tools\compiler\ti-cgt-arm_18.1.2.LTS\lib\</path>
         <kind>archive</kind>
         <file>rtsv7M4_T_le_v4SPD16_eabi.lib</file>
         <name>strlen.c.obj</name>
      </input_file>
      <input_file id="fl-ee">
         <path>C:\ti\ccsv8\tools\compiler\ti-cgt-arm_18.1.2.LTS\lib\</path>
         <kind>archive</kind>
         <file>rtsv7M4_T_le_v4SPD16_eabi.lib</file>
         <name>write.c.obj</name>
      </input_file>
      <input_file id="fl-ef">
         <path>C:\ti\ccsv8\tools\compiler\ti-cgt-arm_18.1.2.LTS\lib\</path>
         <kind>archive</kind>
         <file>rtsv7M4_T_le_v4SPD16_eabi.lib</file>
         <name>k_rem_pio2.c.obj</name>
      </input_file>
      <input_file id="fl-f0">
         <path>C:\ti\ccsv8\tools\compiler\ti-cgt-arm_18.1.2.LTS\lib\</path>
         <kind>archive</kind>
         <file>rtsv7M4_T_le_v4SPD16_eabi.lib</file>
         <name>k_cos.c.obj</name>
      </input_file>
      <input_file id="fl-f1">
         <path>C:\ti\ccsv8\tools\compiler\ti-cgt-arm_18.1.2.LTS\lib\</path>
         <kind>archive</kind>
         <file>rtsv7M4_T_le_v4SPD16_eabi.lib</file>
         <name>k_sin.c.obj</name>
      </input_file>
      <input_file id="fl-f2">
         <path>C:\ti\ccsv8\tools\compiler\ti-cgt-arm_18.1.2.LTS\lib\</path>
         <kind>archive</kind>
         <file>rtsv7M4_T_le_v4SPD16_eabi.lib</file>
         <name>s_scalbn.c.obj</name>
      </input_file>
      <input_file id="fl-f3">
         <path>C:\ti\ccsv8\tools\compiler\ti-cgt-arm_18.1.2.LTS\lib\</path>
         <kind>archive</kind>
         <file>rtsv7M4_T_le_v4SPD16_eabi.lib</file>
         <name>s_copysign.c.obj</name>
      </input_file>
      <input_file id="fl-f4">
         <path>C:\ti\ccsv8\tools\compiler\ti-cgt-arm_18.1.2.LTS\lib\</path>
         <kind>archive</kind>
         <file>rtsv7M4_T_le_v4SPD16_eabi.lib</file>
         <name>memset_t2.asm.obj</name>
      </input_file>
      <input_file id="fl-f5">
         <path>C:\ti\ccsv8\tools\compiler\ti-cgt-arm_18.1.2.LTS\lib\</path>
         <kind>archive</kind>
         <file>rtsv7M4_T_le_v4SPD16_eabi.lib</file>
         <name>autoinit.c.obj</name>
      </input_file>
      <input_file id="fl-f6">
         <path>C:\ti\ccsv8\tools\compiler\ti-cgt-arm_18.1.2.LTS\lib\</path>
         <kind>archive</kind>
         <file>rtsv7M4_T_le_v4SPD16_eabi.lib</file>
         <name>pre_init.c.obj</name>
      </input_file>
      <input_file id="fl-f7">
         <path>C:\ti\ccsv8\tools\compiler\ti-cgt-arm_18.1.2.LTS\lib\</path>
         <kind>archive</kind>
         <file>rtsv7M4_T_le_v4SPD16_eabi.lib</file>
         <name>cpy_tbl.c.obj</name>
      </input_file>
      <input_file id="fl-f8">
         <path>C:\ti\ccsv8\tools\compiler\ti-cgt-arm_18.1.2.LTS\lib\</path>
         <kind>archive</kind>
         <file>rtsv7M4_T_le_v4SPD16_eabi.lib</file>
         <name>_io_perm.c.obj</name>
      </input_file>
      <input_file id="fl-f9">
         <path>C:\ti\ccsv8\tools\compiler\ti-cgt-arm_18.1.2.LTS\lib\</path>
         <kind>archive</kind>
         <file>rtsv7M4_T_le_v4SPD16_eabi.lib</file>
         <name>_printfi.c.obj</name>
      </input_file>
      <input_file id="fl-fa">
         <path>C:\ti\ccsv8\tools\compiler\ti-cgt-arm_18.1.2.LTS\lib\</path>
         <kind>archive</kind>
         <file>rtsv7M4_T_le_v4SPD16_eabi.lib</file>
         <name>atoi.c.obj</name>
      </input_file>
      <input_file id="fl-fb">
         <path>C:\ti\ccsv8\tools\compiler\ti-cgt-arm_18.1.2.LTS\lib\</path>
         <kind>archive</kind>
         <file>rtsv7M4_T_le_v4SPD16_eabi.lib</file>
         <name>ctype.c.obj</name>
      </input_file>
      <input_file id="fl-fc">
         <path>C:\ti\ccsv8\tools\compiler\ti-cgt-arm_18.1.2.LTS\lib\</path>
         <kind>archive</kind>
         <file>rtsv7M4_T_le_v4SPD16_eabi.lib</file>
         <name>fflush.c.obj</name>
      </input_file>
      <input_file id="fl-fd">
         <path>C:\ti\ccsv8\tools\compiler\ti-cgt-arm_18.1.2.LTS\lib\</path>
         <kind>archive</kind>
         <file>rtsv7M4_T_le_v4SPD16_eabi.lib</file>
         <name>fseek.c.obj</name>
      </input_file>
      <input_file id="fl-fe">
         <path>C:\ti\ccsv8\tools\compiler\ti-cgt-arm_18.1.2.LTS\lib\</path>
         <kind>archive</kind>
         <file>rtsv7M4_T_le_v4SPD16_eabi.lib</file>
         <name>lseek.c.obj</name>
      </input_file>
      <input_file id="fl-ff">
         <path>C:\ti\ccsv8\tools\compiler\ti-cgt-arm_18.1.2.LTS\lib\</path>
         <kind>archive</kind>
         <file>rtsv7M4_T_le_v4SPD16_eabi.lib</file>
         <name>ltoa.c.obj</name>
      </input_file>
      <input_file id="fl-100">
         <path>C:\ti\ccsv8\tools\compiler\ti-cgt-arm_18.1.2.LTS\lib\</path>
         <kind>archive</kind>
         <file>rtsv7M4_T_le_v4SPD16_eabi.lib</file>
         <name>memccpy.c.obj</name>
      </input_file>
      <input_file id="fl-101">
         <path>C:\ti\ccsv8\tools\compiler\ti-cgt-arm_18.1.2.LTS\lib\</path>
         <kind>archive</kind>
         <file>rtsv7M4_T_le_v4SPD16_eabi.lib</file>
         <name>setvbuf.c.obj</name>
      </input_file>
      <input_file id="fl-102">
         <path>C:\ti\ccsv8\tools\compiler\ti-cgt-arm_18.1.2.LTS\lib\</path>
         <kind>archive</kind>
         <file>rtsv7M4_T_le_v4SPD16_eabi.lib</file>
         <name>strchr.c.obj</name>
      </input_file>
      <input_file id="fl-103">
         <path>C:\ti\ccsv8\tools\compiler\ti-cgt-arm_18.1.2.LTS\lib\</path>
         <kind>archive</kind>
         <file>rtsv7M4_T_le_v4SPD16_eabi.lib</file>
         <name>hostclose.c.obj</name>
      </input_file>
      <input_file id="fl-104">
         <path>C:\ti\ccsv8\tools\compiler\ti-cgt-arm_18.1.2.LTS\lib\</path>
         <kind>archive</kind>
         <file>rtsv7M4_T_le_v4SPD16_eabi.lib</file>
         <name>hostlseek.c.obj</name>
      </input_file>
      <input_file id="fl-105">
         <path>C:\ti\ccsv8\tools\compiler\ti-cgt-arm_18.1.2.LTS\lib\</path>
         <kind>archive</kind>
         <file>rtsv7M4_T_le_v4SPD16_eabi.lib</file>
         <name>hostopen.c.obj</name>
      </input_file>
      <input_file id="fl-106">
         <path>C:\ti\ccsv8\tools\compiler\ti-cgt-arm_18.1.2.LTS\lib\</path>
         <kind>archive</kind>
         <file>rtsv7M4_T_le_v4SPD16_eabi.lib</file>
         <name>hostread.c.obj</name>
      </input_file>
      <input_file id="fl-107">
         <path>C:\ti\ccsv8\tools\compiler\ti-cgt-arm_18.1.2.LTS\lib\</path>
         <kind>archive</kind>
         <file>rtsv7M4_T_le_v4SPD16_eabi.lib</file>
         <name>hostrename.c.obj</name>
      </input_file>
      <input_file id="fl-108">
         <path>C:\ti\ccsv8\tools\compiler\ti-cgt-arm_18.1.2.LTS\lib\</path>
         <kind>archive</kind>
         <file>rtsv7M4_T_le_v4SPD16_eabi.lib</file>
         <name>hostunlink.c.obj</name>
      </input_file>
      <input_file id="fl-109">
         <path>C:\ti\ccsv8\tools\compiler\ti-cgt-arm_18.1.2.LTS\lib\</path>
         <kind>archive</kind>
         <file>rtsv7M4_T_le_v4SPD16_eabi.lib</file>
         <name>hostwrite.c.obj</name>
      </input_file>
      <input_file id="fl-10a">
         <path>C:\ti\ccsv8\tools\compiler\ti-cgt-arm_18.1.2.LTS\lib\</path>
         <kind>archive</kind>
         <file>rtsv7M4_T_le_v4SPD16_eabi.lib</file>
         <name>trgmsg.c.obj</name>
      </input_file>
      <input_file id="fl-10b">
         <path>C:\ti\ccsv8\tools\compiler\ti-cgt-arm_18.1.2.LTS\lib\</path>
         <kind>archive</kind>
         <file>rtsv7M4_T_le_v4SPD16_eabi.lib</file>
         <name>s_frexp.c.obj</name>
      </input_file>
      <input_file id="fl-10c">
         <path>C:\ti\ccsv8\tools\compiler\ti-cgt-arm_18.1.2.LTS\lib\</path>
         <kind>archive</kind>
         <file>rtsv7M4_T_le_v4SPD16_eabi.lib</file>
         <name>wcslen.c.obj</name>
      </input_file>
      <input_file id="fl-10d">
         <path>C:\ti\ccsv8\tools\compiler\ti-cgt-arm_18.1.2.LTS\lib\</path>
         <kind>archive</kind>
         <file>rtsv7M4_T_le_v4SPD16_eabi.lib</file>
         <name>ull_div_t2.asm.obj</name>
      </input_file>
      <input_file id="fl-10e">
         <path>C:\ti\ccsv8\tools\compiler\ti-cgt-arm_18.1.2.LTS\lib\</path>
         <kind>archive</kind>
         <file>rtsv7M4_T_le_v4SPD16_eabi.lib</file>
         <name>fopen.c.obj</name>
      </input_file>
      <input_file id="fl-10f">
         <path>C:\ti\ccsv8\tools\compiler\ti-cgt-arm_18.1.2.LTS\lib\</path>
         <kind>archive</kind>
         <file>rtsv7M4_T_le_v4SPD16_eabi.lib</file>
         <name>open.c.obj</name>
      </input_file>
      <input_file id="fl-110">
         <path>C:\ti\ccsv8\tools\compiler\ti-cgt-arm_18.1.2.LTS\lib\</path>
         <kind>archive</kind>
         <file>rtsv7M4_T_le_v4SPD16_eabi.lib</file>
         <name>strcpy.c.obj</name>
      </input_file>
      <input_file id="fl-111">
         <path>C:\ti\ccsv8\tools\compiler\ti-cgt-arm_18.1.2.LTS\lib\</path>
         <kind>archive</kind>
         <file>rtsv7M4_T_le_v4SPD16_eabi.lib</file>
         <name>div0.asm.obj</name>
      </input_file>
      <input_file id="fl-112">
         <path>C:\ti\ccsv8\tools\compiler\ti-cgt-arm_18.1.2.LTS\lib\</path>
         <kind>archive</kind>
         <file>rtsv7M4_T_le_v4SPD16_eabi.lib</file>
         <name>fclose.c.obj</name>
      </input_file>
      <input_file id="fl-113">
         <path>C:\ti\ccsv8\tools\compiler\ti-cgt-arm_18.1.2.LTS\lib\</path>
         <kind>archive</kind>
         <file>rtsv7M4_T_le_v4SPD16_eabi.lib</file>
         <name>getdevice.c.obj</name>
      </input_file>
      <input_file id="fl-114">
         <path>C:\ti\ccsv8\tools\compiler\ti-cgt-arm_18.1.2.LTS\lib\</path>
         <kind>archive</kind>
         <file>rtsv7M4_T_le_v4SPD16_eabi.lib</file>
         <name>remove.c.obj</name>
      </input_file>
      <input_file id="fl-115">
         <path>C:\ti\ccsv8\tools\compiler\ti-cgt-arm_18.1.2.LTS\lib\</path>
         <kind>archive</kind>
         <file>rtsv7M4_T_le_v4SPD16_eabi.lib</file>
         <name>strcmp.c.obj</name>
      </input_file>
      <input_file id="fl-116">
         <path>C:\ti\ccsv8\tools\compiler\ti-cgt-arm_18.1.2.LTS\lib\</path>
         <kind>archive</kind>
         <file>rtsv7M4_T_le_v4SPD16_eabi.lib</file>
         <name>strncpy.c.obj</name>
      </input_file>
      <input_file id="fl-117">
         <path>C:\ti\ccsv8\tools\compiler\ti-cgt-arm_18.1.2.LTS\lib\</path>
         <kind>archive</kind>
         <file>rtsv7M4_T_le_v4SPD16_eabi.lib</file>
         <name>unlink.c.obj</name>
      </input_file>
      <input_file id="fl-118">
         <path>C:\ti\ccsv8\tools\compiler\ti-cgt-arm_18.1.2.LTS\lib\</path>
         <kind>archive</kind>
         <file>rtsv7M4_T_le_v4SPD16_eabi.lib</file>
         <name>close.c.obj</name>
      </input_file>
      <input_file id="fl-119">
         <path>C:\ti\simplelink_msp432p4_sdk_2_20_00_12\source\ti\iqmathlib\ccs\</path>
         <kind>archive</kind>
         <file>QmathLib_CCS_MSP432.lib</file>
         <name>_QNsqrt.obj</name>
      </input_file>
      <input_file id="fl-11a">
         <path>C:\ti\simplelink_msp432p4_sdk_2_20_00_12\source\ti\iqmathlib\ccs\</path>
         <kind>archive</kind>
         <file>QmathLib_CCS_MSP432.lib</file>
         <name>_QNtables.obj</name>
      </input_file>
   </input_file_list>
   <object_component_list>
      <object_component id="oc-23">
         <name>.intvecs:retain</name>
         <load_address>0x0</load_address>
         <run_address>0x0</run_address>
         <size>0xe4</size>
         <input_file_ref idref="fl-4"/>
      </object_component>
      <object_component id="oc-37c">
         <name>.text:__TI_printfi</name>
         <load_address>0xe8</load_address>
         <run_address>0xe8</run_address>
         <size>0xa5e</size>
         <input_file_ref idref="fl-f9"/>
      </object_component>
      <object_component id="oc-6d">
         <name>.text:Default_Handler</name>
         <load_address>0xb46</load_address>
         <run_address>0xb46</run_address>
         <size>0x2</size>
         <input_file_ref idref="fl-4"/>
      </object_component>
      <object_component id="oc-3bc">
         <name>.text:__kernel_rem_pio2</name>
         <load_address>0xb48</load_address>
         <run_address>0xb48</run_address>
         <size>0x738</size>
         <input_file_ref idref="fl-ef"/>
      </object_component>
      <object_component id="oc-b5">
         <name>.text:main</name>
         <load_address>0x1280</load_address>
         <run_address>0x1280</run_address>
         <size>0x66c</size>
         <input_file_ref idref="fl-2"/>
      </object_component>
      <object_component id="oc-2b9">
         <name>.text:cos</name>
         <load_address>0x18ec</load_address>
         <run_address>0x18ec</run_address>
         <size>0x5dc</size>
         <input_file_ref idref="fl-d2"/>
      </object_component>
      <object_component id="oc-2ca">
         <name>.text:sin</name>
         <load_address>0x1ec8</load_address>
         <run_address>0x1ec8</run_address>
         <size>0x5c4</size>
         <input_file_ref idref="fl-d4"/>
      </object_component>
      <object_component id="oc-56f">
         <name>.text:kf_bfly5</name>
         <load_address>0x248c</load_address>
         <run_address>0x248c</run_address>
         <size>0x45a</size>
         <input_file_ref idref="fl-5"/>
      </object_component>
      <object_component id="oc-408">
         <name>.text:_nop</name>
         <load_address>0x28e6</load_address>
         <run_address>0x28e6</run_address>
         <size>0x2</size>
         <input_file_ref idref="fl-e6"/>
      </object_component>
      <object_component id="oc-189">
         <name>.text:sendNMEA</name>
         <load_address>0x28e8</load_address>
         <run_address>0x28e8</run_address>
         <size>0x2e0</size>
         <input_file_ref idref="fl-2"/>
      </object_component>
      <object_component id="oc-575">
         <name>.text:kf_bfly4</name>
         <load_address>0x2bc8</load_address>
         <run_address>0x2bc8</run_address>
         <size>0x27e</size>
         <input_file_ref idref="fl-5"/>
      </object_component>
      <object_component id="oc-590">
         <name>.text</name>
         <load_address>0x2e46</load_address>
         <run_address>0x2e46</run_address>
         <size>0x2</size>
         <input_file_ref idref="fl-111"/>
      </object_component>
      <object_component id="oc-45b">
         <name>.text:_pconv_a</name>
         <load_address>0x2e48</load_address>
         <run_address>0x2e48</run_address>
         <size>0x270</size>
         <input_file_ref idref="fl-f9"/>
      </object_component>
      <object_component id="oc-57b">
         <name>.text:kf_bfly3</name>
         <load_address>0x30b8</load_address>
         <run_address>0x30b8</run_address>
         <size>0x1d4</size>
         <input_file_ref idref="fl-5"/>
      </object_component>
      <object_component id="oc-449">
         <name>.text:_pconv_g</name>
         <load_address>0x328c</load_address>
         <run_address>0x328c</run_address>
         <size>0x1d0</size>
         <input_file_ref idref="fl-f9"/>
      </object_component>
      <object_component id="oc-2b4">
         <name>.text</name>
         <load_address>0x345c</load_address>
         <run_address>0x345c</run_address>
         <size>0x1b6</size>
         <input_file_ref idref="fl-d5"/>
      </object_component>
      <object_component id="oc-18f">
         <name>.text:kiss_fftr</name>
         <load_address>0x3614</load_address>
         <run_address>0x3614</run_address>
         <size>0x1a8</size>
         <input_file_ref idref="fl-6"/>
      </object_component>
      <object_component id="oc-131">
         <name>.text:kiss_fftr_alloc</name>
         <load_address>0x37bc</load_address>
         <run_address>0x37bc</run_address>
         <size>0x17c</size>
         <input_file_ref idref="fl-6"/>
      </object_component>
      <object_component id="oc-3c2">
         <name>.text:__kernel_sin</name>
         <load_address>0x3938</load_address>
         <run_address>0x3938</run_address>
         <size>0x174</size>
         <input_file_ref idref="fl-f1"/>
      </object_component>
      <object_component id="oc-3b6">
         <name>.text:__kernel_cos</name>
         <load_address>0x3aac</load_address>
         <run_address>0x3aac</run_address>
         <size>0x16c</size>
         <input_file_ref idref="fl-f0"/>
      </object_component>
      <object_component id="oc-35b">
         <name>.text:_getIndexForMemRegister</name>
         <load_address>0x3c18</load_address>
         <run_address>0x3c18</run_address>
         <size>0x160</size>
         <input_file_ref idref="fl-12"/>
      </object_component>
      <object_component id="oc-2e9">
         <name>.text:sqrt</name>
         <load_address>0x3d78</load_address>
         <run_address>0x3d78</run_address>
         <size>0x158</size>
         <input_file_ref idref="fl-d1"/>
      </object_component>
      <object_component id="oc-455">
         <name>.text:_pconv_e</name>
         <load_address>0x3ed0</load_address>
         <run_address>0x3ed0</run_address>
         <size>0x13c</size>
         <input_file_ref idref="fl-f9"/>
      </object_component>
      <object_component id="oc-2af">
         <name>.text</name>
         <load_address>0x400c</load_address>
         <run_address>0x400c</run_address>
         <size>0x136</size>
         <input_file_ref idref="fl-d7"/>
      </object_component>
      <object_component id="oc-4ff">
         <name>.text:fcvt</name>
         <load_address>0x4144</load_address>
         <run_address>0x4144</run_address>
         <size>0x120</size>
         <input_file_ref idref="fl-f9"/>
      </object_component>
      <object_component id="oc-569">
         <name>.text:kf_bfly_generic</name>
         <load_address>0x4264</load_address>
         <run_address>0x4264</run_address>
         <size>0x118</size>
         <input_file_ref idref="fl-5"/>
      </object_component>
      <object_component id="oc-479">
         <name>.text:fputs</name>
         <load_address>0x437c</load_address>
         <run_address>0x437c</run_address>
         <size>0x114</size>
         <input_file_ref idref="fl-eb"/>
      </object_component>
      <object_component id="oc-498">
         <name>.text:scalbn</name>
         <load_address>0x4490</load_address>
         <run_address>0x4490</run_address>
         <size>0x110</size>
         <input_file_ref idref="fl-f2"/>
      </object_component>
      <object_component id="oc-29e">
         <name>.text:kiss_fft_alloc</name>
         <load_address>0x45a0</load_address>
         <run_address>0x45a0</run_address>
         <size>0x10c</size>
         <input_file_ref idref="fl-5"/>
      </object_component>
      <object_component id="oc-171">
         <name>.text</name>
         <load_address>0x46ac</load_address>
         <run_address>0x46ac</run_address>
         <size>0xfc</size>
         <input_file_ref idref="fl-d8"/>
      </object_component>
      <object_component id="oc-2bf">
         <name>.text:floor</name>
         <load_address>0x47a8</load_address>
         <run_address>0x47a8</run_address>
         <size>0xf8</size>
         <input_file_ref idref="fl-d3"/>
      </object_component>
      <object_component id="oc-28f">
         <name>.text:CS_startLFXTWithTimeout</name>
         <load_address>0x48a0</load_address>
         <run_address>0x48a0</run_address>
         <size>0xe0</size>
         <input_file_ref idref="fl-13"/>
      </object_component>
      <object_component id="oc-5b4">
         <name>.text:setvbuf</name>
         <load_address>0x4980</load_address>
         <run_address>0x4980</run_address>
         <size>0xdc</size>
         <input_file_ref idref="fl-101"/>
      </object_component>
      <object_component id="oc-2de">
         <name>.text:CPU_wfi</name>
         <load_address>0x4a5c</load_address>
         <run_address>0x4a5c</run_address>
         <size>0x4</size>
         <input_file_ref idref="fl-1b"/>
      </object_component>
      <object_component id="oc-195">
         <name>.text:_Qmag</name>
         <load_address>0x4a60</load_address>
         <run_address>0x4a60</run_address>
         <size>0xd8</size>
         <input_file_ref idref="fl-119"/>
      </object_component>
      <object_component id="oc-4c7">
         <name>.text:free</name>
         <load_address>0x4b38</load_address>
         <run_address>0x4b38</run_address>
         <size>0xd8</size>
         <input_file_ref idref="fl-e5"/>
      </object_component>
      <object_component id="oc-4c1">
         <name>.text:kf_work</name>
         <load_address>0x4c10</load_address>
         <run_address>0x4c10</run_address>
         <size>0xce</size>
         <input_file_ref idref="fl-5"/>
      </object_component>
      <object_component id="oc-581">
         <name>.text:kf_bfly2</name>
         <load_address>0x4cde</load_address>
         <run_address>0x4cde</run_address>
         <size>0xc0</size>
         <input_file_ref idref="fl-5"/>
      </object_component>
      <object_component id="oc-443">
         <name>.text:_ltostr</name>
         <load_address>0x4da0</load_address>
         <run_address>0x4da0</run_address>
         <size>0xb1</size>
         <input_file_ref idref="fl-f9"/>
      </object_component>
      <object_component id="oc-27c">
         <name>.text:ADC14_configureConversionMemory</name>
         <load_address>0x4e54</load_address>
         <run_address>0x4e54</run_address>
         <size>0xa4</size>
         <input_file_ref idref="fl-12"/>
      </object_component>
      <object_component id="oc-37">
         <name>.text</name>
         <load_address>0x4ef8</load_address>
         <run_address>0x4ef8</run_address>
         <size>0x9c</size>
         <input_file_ref idref="fl-dd"/>
      </object_component>
      <object_component id="oc-4e6">
         <name>.text</name>
         <load_address>0x4f94</load_address>
         <run_address>0x4f94</run_address>
         <size>0x96</size>
         <input_file_ref idref="fl-10d"/>
      </object_component>
      <object_component id="oc-480">
         <name>.text:fputc</name>
         <load_address>0x502c</load_address>
         <run_address>0x502c</run_address>
         <size>0x8c</size>
         <input_file_ref idref="fl-ea"/>
      </object_component>
      <object_component id="oc-17b">
         <name>.text:__aeabi_cdcmple</name>
         <load_address>0x50b8</load_address>
         <run_address>0x50b8</run_address>
         <size>0x86</size>
         <input_file_ref idref="fl-d6"/>
      </object_component>
      <object_component id="oc-176">
         <name>.text:__aeabi_cdrcmple</name>
         <load_address>0x513e</load_address>
         <run_address>0x513e</run_address>
         <size>0x86</size>
         <input_file_ref idref="fl-d6"/>
      </object_component>
      <object_component id="oc-d8">
         <name>.text:Interrupt_disableInterrupt</name>
         <load_address>0x51c4</load_address>
         <run_address>0x51c4</run_address>
         <size>0x80</size>
         <input_file_ref idref="fl-15"/>
      </object_component>
      <object_component id="oc-1b0">
         <name>.text:Interrupt_enableInterrupt</name>
         <load_address>0x5244</load_address>
         <run_address>0x5244</run_address>
         <size>0x80</size>
         <input_file_ref idref="fl-15"/>
      </object_component>
      <object_component id="oc-161">
         <name>.text:STD</name>
         <load_address>0x52c4</load_address>
         <run_address>0x52c4</run_address>
         <size>0x7e</size>
         <input_file_ref idref="fl-2"/>
      </object_component>
      <object_component id="oc-149">
         <name>.text:RTC_C_getCalendarTime</name>
         <load_address>0x5344</load_address>
         <run_address>0x5344</run_address>
         <size>0x7c</size>
         <input_file_ref idref="fl-17"/>
      </object_component>
      <object_component id="oc-a9">
         <name>.text</name>
         <load_address>0x53c0</load_address>
         <run_address>0x53c0</run_address>
         <size>0x7a</size>
         <input_file_ref idref="fl-f4"/>
      </object_component>
      <object_component id="oc-2a4">
         <name>.text:malloc</name>
         <load_address>0x543c</load_address>
         <run_address>0x543c</run_address>
         <size>0x78</size>
         <input_file_ref idref="fl-e5"/>
      </object_component>
      <object_component id="oc-119">
         <name>.text:configure_analog</name>
         <load_address>0x54b4</load_address>
         <run_address>0x54b4</run_address>
         <size>0x76</size>
         <input_file_ref idref="fl-2"/>
      </object_component>
      <object_component id="oc-60a">
         <name>.text:__TI_closefile</name>
         <load_address>0x552c</load_address>
         <run_address>0x552c</run_address>
         <size>0x74</size>
         <input_file_ref idref="fl-112"/>
      </object_component>
      <object_component id="oc-4f8">
         <name>.text:_mcpy</name>
         <load_address>0x55a0</load_address>
         <run_address>0x55a0</run_address>
         <size>0x6e</size>
         <input_file_ref idref="fl-f9"/>
      </object_component>
      <object_component id="oc-395">
         <name>.text:kf_factor</name>
         <load_address>0x560e</load_address>
         <run_address>0x560e</run_address>
         <size>0x6e</size>
         <input_file_ref idref="fl-5"/>
      </object_component>
      <object_component id="oc-2ef">
         <name>.text</name>
         <load_address>0x567c</load_address>
         <run_address>0x567c</run_address>
         <size>0x6e</size>
         <input_file_ref idref="fl-da"/>
      </object_component>
      <object_component id="oc-62e">
         <name>.text:HOSTlseek</name>
         <load_address>0x56ec</load_address>
         <run_address>0x56ec</run_address>
         <size>0x68</size>
         <input_file_ref idref="fl-104"/>
      </object_component>
      <object_component id="oc-63a">
         <name>.text:HOSTrename</name>
         <load_address>0x5754</load_address>
         <run_address>0x5754</run_address>
         <size>0x68</size>
         <input_file_ref idref="fl-107"/>
      </object_component>
      <object_component id="oc-14">
         <name>.text:decompress:lzss:__TI_decompress_lzss</name>
         <load_address>0x57bc</load_address>
         <run_address>0x57bc</run_address>
         <size>0x68</size>
         <input_file_ref idref="fl-e1"/>
      </object_component>
      <object_component id="oc-15b">
         <name>.text:RMS</name>
         <load_address>0x5824</load_address>
         <run_address>0x5824</run_address>
         <size>0x66</size>
         <input_file_ref idref="fl-2"/>
      </object_component>
      <object_component id="oc-12b">
         <name>.text:RTC_C_enableInterrupt</name>
         <load_address>0x588c</load_address>
         <run_address>0x588c</run_address>
         <size>0x64</size>
         <input_file_ref idref="fl-17"/>
      </object_component>
      <object_component id="oc-c7">
         <name>.text:SystemInit</name>
         <load_address>0x58f0</load_address>
         <run_address>0x58f0</run_address>
         <size>0x64</size>
         <input_file_ref idref="fl-3"/>
      </object_component>
      <object_component id="oc-298">
         <name>.text:fprintf</name>
         <load_address>0x5954</load_address>
         <run_address>0x5954</run_address>
         <size>0x64</size>
         <input_file_ref idref="fl-e9"/>
      </object_component>
      <object_component id="oc-50d">
         <name>.text:frexp</name>
         <load_address>0x59b8</load_address>
         <run_address>0x59b8</run_address>
         <size>0x64</size>
         <input_file_ref idref="fl-10b"/>
      </object_component>
      <object_component id="oc-5ae">
         <name>.text:fseek</name>
         <load_address>0x5a1c</load_address>
         <run_address>0x5a1c</run_address>
         <size>0x64</size>
         <input_file_ref idref="fl-fd"/>
      </object_component>
      <object_component id="oc-534">
         <name>.text:__TI_wrt_ok</name>
         <load_address>0x5a80</load_address>
         <run_address>0x5a80</run_address>
         <size>0x62</size>
         <input_file_ref idref="fl-f8"/>
      </object_component>
      <object_component id="oc-616">
         <name>.text:HOSTopen</name>
         <load_address>0x5ae4</load_address>
         <run_address>0x5ae4</run_address>
         <size>0x60</size>
         <input_file_ref idref="fl-105"/>
      </object_component>
      <object_component id="oc-14f">
         <name>.text:average_preprocess</name>
         <load_address>0x5b44</load_address>
         <run_address>0x5b44</run_address>
         <size>0x5c</size>
         <input_file_ref idref="fl-2"/>
      </object_component>
      <object_component id="oc-644">
         <name>.text:close</name>
         <load_address>0x5ba0</load_address>
         <run_address>0x5ba0</run_address>
         <size>0x5c</size>
         <input_file_ref idref="fl-118"/>
      </object_component>
      <object_component id="oc-79">
         <name>.text:ADC14_IRQHandler</name>
         <load_address>0x5bfc</load_address>
         <run_address>0x5bfc</run_address>
         <size>0x58</size>
         <input_file_ref idref="fl-2"/>
      </object_component>
      <object_component id="oc-276">
         <name>.text:ADC14_configureSingleSampleMode</name>
         <load_address>0x5c54</load_address>
         <run_address>0x5c54</run_address>
         <size>0x58</size>
         <input_file_ref idref="fl-12"/>
      </object_component>
      <object_component id="oc-622">
         <name>.text:HOSTread</name>
         <load_address>0x5cac</load_address>
         <run_address>0x5cac</run_address>
         <size>0x58</size>
         <input_file_ref idref="fl-106"/>
      </object_component>
      <object_component id="oc-628">
         <name>.text:HOSTwrite</name>
         <load_address>0x5d04</load_address>
         <run_address>0x5d04</run_address>
         <size>0x58</size>
         <input_file_ref idref="fl-109"/>
      </object_component>
      <object_component id="oc-44f">
         <name>.text:_pconv_f</name>
         <load_address>0x5d5c</load_address>
         <run_address>0x5d5c</run_address>
         <size>0x56</size>
         <input_file_ref idref="fl-f9"/>
      </object_component>
      <object_component id="oc-3f8">
         <name>.text:kiss_fft_stride</name>
         <load_address>0x5db2</load_address>
         <run_address>0x5db2</run_address>
         <size>0x56</size>
         <input_file_ref idref="fl-5"/>
      </object_component>
      <object_component id="oc-264">
         <name>.text:ADC14_initModule</name>
         <load_address>0x5e08</load_address>
         <run_address>0x5e08</run_address>
         <size>0x54</size>
         <input_file_ref idref="fl-12"/>
      </object_component>
      <object_component id="oc-4ec">
         <name>.text:ltoa</name>
         <load_address>0x5e5c</load_address>
         <run_address>0x5e5c</run_address>
         <size>0x54</size>
         <input_file_ref idref="fl-ff"/>
      </object_component>
      <object_component id="oc-4f2">
         <name>.text:_ecpy</name>
         <load_address>0x5eb0</load_address>
         <run_address>0x5eb0</run_address>
         <size>0x52</size>
         <input_file_ref idref="fl-f9"/>
      </object_component>
      <object_component id="oc-540">
         <name>.text:__TI_doflush</name>
         <load_address>0x5f02</load_address>
         <run_address>0x5f02</run_address>
         <size>0x4c</size>
         <input_file_ref idref="fl-fc"/>
      </object_component>
      <object_component id="oc-43d">
         <name>.text:atoi</name>
         <load_address>0x5f50</load_address>
         <run_address>0x5f50</run_address>
         <size>0x4c</size>
         <input_file_ref idref="fl-fa"/>
      </object_component>
      <object_component id="oc-282">
         <name>.text:ADC14_setSampleHoldTrigger</name>
         <load_address>0x5f9c</load_address>
         <run_address>0x5f9c</run_address>
         <size>0x48</size>
         <input_file_ref idref="fl-12"/>
      </object_component>
      <object_component id="oc-1d7">
         <name>.text:exit</name>
         <load_address>0x5fe4</load_address>
         <run_address>0x5fe4</run_address>
         <size>0x48</size>
         <input_file_ref idref="fl-e4"/>
      </object_component>
      <object_component id="oc-2c5">
         <name>.text</name>
         <load_address>0x602c</load_address>
         <run_address>0x602c</run_address>
         <size>0x48</size>
         <input_file_ref idref="fl-d9"/>
      </object_component>
      <object_component id="oc-61c">
         <name>.text:HOSTclose</name>
         <load_address>0x6074</load_address>
         <run_address>0x6074</run_address>
         <size>0x44</size>
         <input_file_ref idref="fl-103"/>
      </object_component>
      <object_component id="oc-634">
         <name>.text:HOSTunlink</name>
         <load_address>0x60b8</load_address>
         <run_address>0x60b8</run_address>
         <size>0x44</size>
         <input_file_ref idref="fl-108"/>
      </object_component>
      <object_component id="oc-1dd">
         <name>.text:__TI_auto_init_nobinit_nopinit:__TI_auto_init_nobinit_nopinit</name>
         <load_address>0x60fc</load_address>
         <run_address>0x60fc</run_address>
         <size>0x44</size>
         <input_file_ref idref="fl-f5"/>
      </object_component>
      <object_component id="oc-2f5">
         <name>.text:calc_mean</name>
         <load_address>0x6140</load_address>
         <run_address>0x6140</run_address>
         <size>0x44</size>
         <input_file_ref idref="fl-2"/>
      </object_component>
      <object_component id="oc-679">
         <name>.text:getdevice</name>
         <load_address>0x6184</load_address>
         <run_address>0x6184</run_address>
         <size>0x44</size>
         <input_file_ref idref="fl-113"/>
      </object_component>
      <object_component id="oc-137">
         <name>.text:GPIO_setAsOutputPin</name>
         <load_address>0x61c8</load_address>
         <run_address>0x61c8</run_address>
         <size>0x40</size>
         <input_file_ref idref="fl-14"/>
      </object_component>
      <object_component id="oc-505">
         <name>.text:_fcpy</name>
         <load_address>0x6208</load_address>
         <run_address>0x6208</run_address>
         <size>0x3e</size>
         <input_file_ref idref="fl-f9"/>
      </object_component>
      <object_component id="oc-73">
         <name>.text:EUSCIA0_IRQHandler</name>
         <load_address>0x6248</load_address>
         <run_address>0x6248</run_address>
         <size>0x3c</size>
         <input_file_ref idref="fl-2"/>
      </object_component>
      <object_component id="oc-125">
         <name>.text:RTC_C_setCalendarEvent</name>
         <load_address>0x6284</load_address>
         <run_address>0x6284</run_address>
         <size>0x3c</size>
         <input_file_ref idref="fl-17"/>
      </object_component>
      <object_component id="oc-3a9">
         <name>.text:minsert</name>
         <load_address>0x62c0</load_address>
         <run_address>0x62c0</run_address>
         <size>0x3c</size>
         <input_file_ref idref="fl-e5"/>
      </object_component>
      <object_component id="oc-85">
         <name>.text:PORT1_IRQHandler</name>
         <load_address>0x62fc</load_address>
         <run_address>0x62fc</run_address>
         <size>0x38</size>
         <input_file_ref idref="fl-2"/>
      </object_component>
      <object_component id="oc-655">
         <name>.text:__TI_writemsg</name>
         <load_address>0x6334</load_address>
         <run_address>0x6334</run_address>
         <size>0x38</size>
         <input_file_ref idref="fl-10a"/>
      </object_component>
      <object_component id="oc-55">
         <name>.text:_c_int00_noargs:_c_int00_noargs</name>
         <load_address>0x636c</load_address>
         <run_address>0x636c</run_address>
         <size>0x38</size>
         <input_file_ref idref="fl-e2"/>
      </object_component>
      <object_component id="oc-39d">
         <name>.text:minit</name>
         <load_address>0x63a4</load_address>
         <run_address>0x63a4</run_address>
         <size>0x38</size>
         <input_file_ref idref="fl-e5"/>
      </object_component>
      <object_component id="oc-167">
         <name>.text</name>
         <load_address>0x63dc</load_address>
         <run_address>0x63dc</run_address>
         <size>0x38</size>
         <input_file_ref idref="fl-db"/>
      </object_component>
      <object_component id="oc-69b">
         <name>.text:strncpy</name>
         <load_address>0x6414</load_address>
         <run_address>0x6414</run_address>
         <size>0x36</size>
         <input_file_ref idref="fl-116"/>
      </object_component>
      <object_component id="oc-10d">
         <name>.text:CS_setDCOCenteredFrequency</name>
         <load_address>0x644c</load_address>
         <run_address>0x644c</run_address>
         <size>0x34</size>
         <input_file_ref idref="fl-13"/>
      </object_component>
      <object_component id="oc-307">
         <name>.text:UART_transmitData</name>
         <load_address>0x6480</load_address>
         <run_address>0x6480</run_address>
         <size>0x34</size>
         <input_file_ref idref="fl-19"/>
      </object_component>
      <object_component id="oc-5e2">
         <name>.text:__TI_cleanup</name>
         <load_address>0x64b4</load_address>
         <run_address>0x64b4</run_address>
         <size>0x34</size>
         <input_file_ref idref="fl-10e"/>
      </object_component>
      <object_component id="oc-65b">
         <name>.text:__TI_readmsg</name>
         <load_address>0x64e8</load_address>
         <run_address>0x64e8</run_address>
         <size>0x34</size>
         <input_file_ref idref="fl-10a"/>
      </object_component>
      <object_component id="oc-de">
         <name>.text:ADC14_disableInterrupt</name>
         <load_address>0x651c</load_address>
         <run_address>0x651c</run_address>
         <size>0x30</size>
         <input_file_ref idref="fl-12"/>
      </object_component>
      <object_component id="oc-1aa">
         <name>.text:ADC14_enableInterrupt</name>
         <load_address>0x654c</load_address>
         <run_address>0x654c</run_address>
         <size>0x30</size>
         <input_file_ref idref="fl-12"/>
      </object_component>
      <object_component id="oc-26a">
         <name>.text:ADC14_setSampleHoldTime</name>
         <load_address>0x657c</load_address>
         <run_address>0x657c</run_address>
         <size>0x30</size>
         <input_file_ref idref="fl-12"/>
      </object_component>
      <object_component id="oc-113">
         <name>.text:CS_setReferenceOscillatorFrequency</name>
         <load_address>0x65ac</load_address>
         <run_address>0x65ac</run_address>
         <size>0x30</size>
         <input_file_ref idref="fl-13"/>
      </object_component>
      <object_component id="oc-6a1">
         <name>.text:finddevice</name>
         <load_address>0x65dc</load_address>
         <run_address>0x65dc</run_address>
         <size>0x30</size>
         <input_file_ref idref="fl-113"/>
      </object_component>
      <object_component id="oc-19b">
         <name>.text:max_index</name>
         <load_address>0x660c</load_address>
         <run_address>0x660c</run_address>
         <size>0x30</size>
         <input_file_ref idref="fl-2"/>
      </object_component>
      <object_component id="oc-155">
         <name>.text:max</name>
         <load_address>0x663c</load_address>
         <run_address>0x663c</run_address>
         <size>0x2e</size>
         <input_file_ref idref="fl-2"/>
      </object_component>
      <object_component id="oc-2aa">
         <name>.text</name>
         <load_address>0x666a</load_address>
         <run_address>0x666a</run_address>
         <size>0x2e</size>
         <input_file_ref idref="fl-dc"/>
      </object_component>
      <object_component id="oc-7f">
         <name>.text:RTC_C_IRQHandler</name>
         <load_address>0x6698</load_address>
         <run_address>0x6698</run_address>
         <size>0x2c</size>
         <input_file_ref idref="fl-2"/>
      </object_component>
      <object_component id="oc-64a">
         <name>.text:unlink</name>
         <load_address>0x66c4</load_address>
         <run_address>0x66c4</run_address>
         <size>0x2c</size>
         <input_file_ref idref="fl-117"/>
      </object_component>
      <object_component id="oc-288">
         <name>.text:ADC14_enableConversion</name>
         <load_address>0x66f0</load_address>
         <run_address>0x66f0</run_address>
         <size>0x28</size>
         <input_file_ref idref="fl-12"/>
      </object_component>
      <object_component id="oc-143">
         <name>.text:GPIO_setOutputHighOnPin</name>
         <load_address>0x6718</load_address>
         <run_address>0x6718</run_address>
         <size>0x28</size>
         <input_file_ref idref="fl-14"/>
      </object_component>
      <object_component id="oc-1a4">
         <name>.text:GPIO_setOutputLowOnPin</name>
         <load_address>0x6740</load_address>
         <run_address>0x6740</run_address>
         <size>0x28</size>
         <input_file_ref idref="fl-14"/>
      </object_component>
      <object_component id="oc-13d">
         <name>.text:PCM_gotoLPM0</name>
         <load_address>0x6768</load_address>
         <run_address>0x6768</run_address>
         <size>0x28</size>
         <input_file_ref idref="fl-16"/>
      </object_component>
      <object_component id="oc-5da">
         <name>.text:lseek</name>
         <load_address>0x6790</load_address>
         <run_address>0x6790</run_address>
         <size>0x28</size>
         <input_file_ref idref="fl-fe"/>
      </object_component>
      <object_component id="oc-3a3">
         <name>.text:mremove</name>
         <load_address>0x67b8</load_address>
         <run_address>0x67b8</run_address>
         <size>0x28</size>
         <input_file_ref idref="fl-e5"/>
      </object_component>
      <object_component id="oc-546">
         <name>.text:write</name>
         <load_address>0x67e0</load_address>
         <run_address>0x67e0</run_address>
         <size>0x28</size>
         <input_file_ref idref="fl-ee"/>
      </object_component>
      <object_component id="oc-270">
         <name>.text:ADC14_setResolution</name>
         <load_address>0x6808</load_address>
         <run_address>0x6808</run_address>
         <size>0x20</size>
         <input_file_ref idref="fl-12"/>
      </object_component>
      <object_component id="oc-53a">
         <name>.text:memchr</name>
         <load_address>0x6828</load_address>
         <run_address>0x6828</run_address>
         <size>0x20</size>
         <input_file_ref idref="fl-ec"/>
      </object_component>
      <object_component id="oc-16c">
         <name>.text</name>
         <load_address>0x6848</load_address>
         <run_address>0x6848</run_address>
         <size>0x20</size>
         <input_file_ref idref="fl-de"/>
      </object_component>
      <object_component id="oc-258">
         <name>.text:ADC14_disableModule</name>
         <load_address>0x6868</load_address>
         <run_address>0x6868</run_address>
         <size>0x1c</size>
         <input_file_ref idref="fl-12"/>
      </object_component>
      <object_component id="oc-461">
         <name>.text:memccpy</name>
         <load_address>0x6884</load_address>
         <run_address>0x6884</run_address>
         <size>0x1c</size>
         <input_file_ref idref="fl-100"/>
      </object_component>
      <object_component id="oc-36f">
         <name>.text:SysCtl_A_disableNMISource</name>
         <load_address>0x68a0</load_address>
         <run_address>0x68a0</run_address>
         <size>0x18</size>
         <input_file_ref idref="fl-18"/>
      </object_component>
      <object_component id="oc-375">
         <name>.text:SysCtl_A_enableNMISource</name>
         <load_address>0x68b8</load_address>
         <run_address>0x68b8</run_address>
         <size>0x18</size>
         <input_file_ref idref="fl-18"/>
      </object_component>
      <object_component id="oc-6b8">
         <name>.text:strcmp</name>
         <load_address>0x68d0</load_address>
         <run_address>0x68d0</run_address>
         <size>0x18</size>
         <input_file_ref idref="fl-115"/>
      </object_component>
      <object_component id="oc-513">
         <name>.text:strchr</name>
         <load_address>0x68e8</load_address>
         <run_address>0x68e8</run_address>
         <size>0x16</size>
         <input_file_ref idref="fl-102"/>
      </object_component>
      <object_component id="oc-552">
         <name>.text:copysign</name>
         <load_address>0x68fe</load_address>
         <run_address>0x68fe</run_address>
         <size>0x14</size>
         <input_file_ref idref="fl-f3"/>
      </object_component>
      <object_component id="oc-66f">
         <name>.text:strcpy</name>
         <load_address>0x6912</load_address>
         <run_address>0x6912</run_address>
         <size>0x14</size>
         <input_file_ref idref="fl-110"/>
      </object_component>
      <object_component id="oc-437">
         <name>.text:strlen</name>
         <load_address>0x6926</load_address>
         <run_address>0x6926</run_address>
         <size>0x14</size>
         <input_file_ref idref="fl-ed"/>
      </object_component>
      <object_component id="oc-43">
         <name>.text:decompress:ZI:__TI_zero_init_nomemset:__TI_zero_init_nomemset</name>
         <load_address>0x693a</load_address>
         <run_address>0x693a</run_address>
         <size>0x12</size>
         <input_file_ref idref="fl-df"/>
      </object_component>
      <object_component id="oc-467">
         <name>.text:wcslen</name>
         <load_address>0x694c</load_address>
         <run_address>0x694c</run_address>
         <size>0x12</size>
         <input_file_ref idref="fl-10c"/>
      </object_component>
      <object_component id="oc-252">
         <name>.text:ADC14_disableConversion</name>
         <load_address>0x6960</load_address>
         <run_address>0x6960</run_address>
         <size>0x10</size>
         <input_file_ref idref="fl-12"/>
      </object_component>
      <object_component id="oc-350">
         <name>.text:ADCIsConversionRunning</name>
         <load_address>0x6970</load_address>
         <run_address>0x6970</run_address>
         <size>0x10</size>
         <input_file_ref idref="fl-12"/>
      </object_component>
      <object_component id="oc-369">
         <name>.text:SysCtl_A_getNMISourceStatus</name>
         <load_address>0x6980</load_address>
         <run_address>0x6980</run_address>
         <size>0x10</size>
         <input_file_ref idref="fl-18"/>
      </object_component>
      <object_component id="oc-11f">
         <name>.text:CS_startLFXT</name>
         <load_address>0x6990</load_address>
         <run_address>0x6990</run_address>
         <size>0xe</size>
         <input_file_ref idref="fl-13"/>
      </object_component>
      <object_component id="oc-1a">
         <name>.text:decompress:none:__TI_decompress_none</name>
         <load_address>0x699e</load_address>
         <run_address>0x699e</run_address>
         <size>0xe</size>
         <input_file_ref idref="fl-e0"/>
      </object_component>
      <object_component id="oc-25e">
         <name>.text:ADC14_enableModule</name>
         <load_address>0x69ac</load_address>
         <run_address>0x69ac</run_address>
         <size>0xc</size>
         <input_file_ref idref="fl-12"/>
      </object_component>
      <object_component id="oc-67">
         <name>.text:Reset_Handler</name>
         <load_address>0x69b8</load_address>
         <run_address>0x69b8</run_address>
         <size>0xc</size>
         <input_file_ref idref="fl-4"/>
      </object_component>
      <object_component id="oc-3ed">
         <name>.text:__aeabi_errno_addr</name>
         <load_address>0x69c4</load_address>
         <run_address>0x69c4</run_address>
         <size>0x8</size>
         <input_file_ref idref="fl-e3"/>
      </object_component>
      <object_component id="oc-30e">
         <name>.text:kiss_fft</name>
         <load_address>0x69cc</load_address>
         <run_address>0x69cc</run_address>
         <size>0x6</size>
         <input_file_ref idref="fl-5"/>
      </object_component>
      <object_component id="oc-388">
         <name>.text:_outc</name>
         <load_address>0x69d2</load_address>
         <run_address>0x69d2</run_address>
         <size>0x4</size>
         <input_file_ref idref="fl-e9"/>
      </object_component>
      <object_component id="oc-382">
         <name>.text:_outs</name>
         <load_address>0x69d6</load_address>
         <run_address>0x69d6</run_address>
         <size>0x4</size>
         <input_file_ref idref="fl-e9"/>
      </object_component>
      <object_component id="oc-af">
         <name>.text:_system_pre_init</name>
         <load_address>0x69da</load_address>
         <run_address>0x69da</run_address>
         <size>0x4</size>
         <input_file_ref idref="fl-f6"/>
      </object_component>
      <object_component id="oc-1d1">
         <name>.text:abort:abort</name>
         <load_address>0x69de</load_address>
         <run_address>0x69de</run_address>
         <size>0x4</size>
         <input_file_ref idref="fl-e4"/>
      </object_component>
      <object_component id="oc-315">
         <name>.const:_Q16sqrt_coeffs</name>
         <load_address>0x69e8</load_address>
         <run_address>0x69e8</run_address>
         <size>0x180</size>
         <input_file_ref idref="fl-11a"/>
      </object_component>
      <object_component id="oc-49e">
         <name>.const:$O1$$</name>
         <load_address>0x6b68</load_address>
         <run_address>0x6b68</run_address>
         <size>0x158</size>
         <input_file_ref idref="fl-ef"/>
      </object_component>
      <object_component id="oc-4e1">
         <name>.const:.string:_ctypes_</name>
         <load_address>0x6cc0</load_address>
         <run_address>0x6cc0</run_address>
         <size>0x101</size>
         <input_file_ref idref="fl-fb"/>
      </object_component>
      <object_component id="oc-362">
         <name>.const:_ctlRegs</name>
         <load_address>0x6dc4</load_address>
         <run_address>0x6dc4</run_address>
         <size>0x80</size>
         <input_file_ref idref="fl-12"/>
      </object_component>
      <object_component id="oc-2da">
         <name>.const:GPIO_PORT_TO_BASE</name>
         <load_address>0x6e44</load_address>
         <run_address>0x6e44</run_address>
         <size>0x30</size>
         <input_file_ref idref="fl-14"/>
      </object_component>
      <object_component id="oc-180">
         <name>.const:uartConfig</name>
         <load_address>0x6e74</load_address>
         <run_address>0x6e74</run_address>
         <size>0x24</size>
         <input_file_ref idref="fl-2"/>
      </object_component>
      <object_component id="oc-1a1">
         <name>.const:calendarTime</name>
         <load_address>0x6e98</load_address>
         <run_address>0x6e98</run_address>
         <size>0x1c</size>
         <input_file_ref idref="fl-2"/>
      </object_component>
      <object_component id="oc-183">
         <name>.const:upModeConfig_M</name>
         <load_address>0x6eb4</load_address>
         <run_address>0x6eb4</run_address>
         <size>0x18</size>
         <input_file_ref idref="fl-2"/>
      </object_component>
      <object_component id="oc-1b6">
         <name>.const:upModeConfig_V</name>
         <load_address>0x6ecc</load_address>
         <run_address>0x6ecc</run_address>
         <size>0x18</size>
         <input_file_ref idref="fl-2"/>
      </object_component>
      <object_component id="oc-186">
         <name>.const:compareConfig_M</name>
         <load_address>0x6ee4</load_address>
         <run_address>0x6ee4</run_address>
         <size>0x10</size>
         <input_file_ref idref="fl-2"/>
      </object_component>
      <object_component id="oc-1b9">
         <name>.const:compareConfig_V</name>
         <load_address>0x6ef4</load_address>
         <run_address>0x6ef4</run_address>
         <size>0x10</size>
         <input_file_ref idref="fl-2"/>
      </object_component>
      <object_component id="oc-217">
         <name>.const:g_pulDisRegs</name>
         <load_address>0x6f04</load_address>
         <run_address>0x6f04</run_address>
         <size>0x8</size>
         <input_file_ref idref="fl-15"/>
      </object_component>
      <object_component id="oc-31f">
         <name>.const:g_pulEnRegs</name>
         <load_address>0x6f0c</load_address>
         <run_address>0x6f0c</run_address>
         <size>0x8</size>
         <input_file_ref idref="fl-15"/>
      </object_component>
      <object_component id="oc-6f6">
         <name>.cinit..data.load</name>
         <load_address>0x6f18</load_address>
         <run_address>0x6f18</run_address>
         <size>0x72</size>
      </object_component>
      <object_component id="oc-6f4">
         <name>__TI_handler_table</name>
         <load_address>0x6f8c</load_address>
         <run_address>0x6f8c</run_address>
         <size>0xc</size>
      </object_component>
      <object_component id="oc-6f7">
         <name>.cinit..bss.load</name>
         <load_address>0x6f98</load_address>
         <run_address>0x6f98</run_address>
         <size>0x8</size>
      </object_component>
      <object_component id="oc-6f5">
         <name>__TI_cinit_table</name>
         <load_address>0x6fa0</load_address>
         <run_address>0x6fa0</run_address>
         <size>0x10</size>
      </object_component>
      <object_component id="oc-6c9">
         <name>.binit</name>
         <load_address>0x0</load_address>
         <run_address>0x0</run_address>
         <size>0x0</size>
      </object_component>
      <object_component id="oc-cf">
         <name>.data</name>
         <load_address>0x20006750</load_address>
         <run_address>0x20006750</run_address>
         <size>0x8</size>
         <input_file_ref idref="fl-2"/>
      </object_component>
      <object_component id="oc-4ba">
         <name>.data</name>
         <load_address>0x20006758</load_address>
         <run_address>0x20006758</run_address>
         <size>0x4</size>
         <input_file_ref idref="fl-e3"/>
      </object_component>
      <object_component id="oc-328">
         <name>.data:$O1$$</name>
         <load_address>0x20006730</load_address>
         <run_address>0x20006730</run_address>
         <size>0xc</size>
         <input_file_ref idref="fl-e4"/>
      </object_component>
      <object_component id="oc-3af">
         <name>.data:$O1$$</name>
         <load_address>0x2000673c</load_address>
         <run_address>0x2000673c</run_address>
         <size>0xc</size>
         <input_file_ref idref="fl-e5"/>
      </object_component>
      <object_component id="oc-32b">
         <name>.data:$O1$$</name>
         <load_address>0x20006748</load_address>
         <run_address>0x20006748</run_address>
         <size>0x8</size>
         <input_file_ref idref="fl-e6"/>
      </object_component>
      <object_component id="oc-2d0">
         <name>.data:_ftable</name>
         <load_address>0x20006568</load_address>
         <run_address>0x20006568</run_address>
         <size>0xf0</size>
         <input_file_ref idref="fl-e8"/>
      </object_component>
      <object_component id="oc-610">
         <name>.data</name>
         <load_address>0x20006720</load_address>
         <run_address>0x20006720</run_address>
         <size>0x10</size>
         <input_file_ref idref="fl-e8"/>
      </object_component>
      <object_component id="oc-5f5">
         <name>.data:_device</name>
         <load_address>0x20006658</load_address>
         <run_address>0x20006658</run_address>
         <size>0x78</size>
         <input_file_ref idref="fl-ee"/>
      </object_component>
      <object_component id="oc-5c0">
         <name>.data:_stream</name>
         <load_address>0x200066d0</load_address>
         <run_address>0x200066d0</run_address>
         <size>0x50</size>
         <input_file_ref idref="fl-ee"/>
      </object_component>
      <object_component id="oc-683">
         <name>.bss:_CIOBUF_</name>
         <uninitialized>true</uninitialized>
         <run_address>0x2000675c</run_address>
         <size>0x120</size>
         <input_file_ref idref="fl-10a"/>
      </object_component>
      <object_component id="oc-e4">
         <name>.common:information_bytes</name>
         <uninitialized>true</uninitialized>
         <run_address>0x20006924</run_address>
         <size>0x4</size>
      </object_component>
      <object_component id="oc-650">
         <name>.common:__TI_tmpnams</name>
         <uninitialized>true</uninitialized>
         <run_address>0x2000687c</run_address>
         <size>0xa0</size>
      </object_component>
      <object_component id="oc-661">
         <name>.common:parmbuf</name>
         <uninitialized>true</uninitialized>
         <run_address>0x2000691c</run_address>
         <size>0x8</size>
      </object_component>
      <object_component id="oc-29">
         <name>.sysmem</name>
         <uninitialized>true</uninitialized>
         <run_address>0x20000000</run_address>
         <size>0x8</size>
         <input_file_ref idref="fl-e5"/>
      </object_component>
      <object_component id="oc-6f9">
         <name>.sysmem</name>
         <uninitialized>true</uninitialized>
         <run_address>0x20000000</run_address>
         <size>0x0</size>
      </object_component>
      <object_component id="oc-26">
         <name>.stack</name>
         <uninitialized>true</uninitialized>
         <run_address>0x2000f800</run_address>
         <size>0x4</size>
         <input_file_ref idref="fl-e2"/>
      </object_component>
      <object_component id="oc-6f8">
         <name>.stack</name>
         <uninitialized>true</uninitialized>
         <run_address>0x2000f800</run_address>
         <size>0x0</size>
      </object_component>
      <object_component id="oc-e5">
         <name>.debug_info</name>
         <load_address>0x0</load_address>
         <run_address>0x0</run_address>
         <size>0xde2</size>
         <input_file_ref idref="fl-2"/>
      </object_component>
      <object_component id="oc-1a2">
         <name>.debug_info</name>
         <load_address>0xde2</load_address>
         <run_address>0xde2</run_address>
         <size>0x12e</size>
         <input_file_ref idref="fl-2"/>
      </object_component>
      <object_component id="oc-181">
         <name>.debug_info</name>
         <load_address>0xf10</load_address>
         <run_address>0xf10</run_address>
         <size>0x12b</size>
         <input_file_ref idref="fl-2"/>
      </object_component>
      <object_component id="oc-1b7">
         <name>.debug_info</name>
         <load_address>0x103b</load_address>
         <run_address>0x103b</run_address>
         <size>0x133</size>
         <input_file_ref idref="fl-2"/>
      </object_component>
      <object_component id="oc-1ba">
         <name>.debug_info</name>
         <load_address>0x116e</load_address>
         <run_address>0x116e</run_address>
         <size>0x135</size>
         <input_file_ref idref="fl-2"/>
      </object_component>
      <object_component id="oc-184">
         <name>.debug_info</name>
         <load_address>0x12a3</load_address>
         <run_address>0x12a3</run_address>
         <size>0x133</size>
         <input_file_ref idref="fl-2"/>
      </object_component>
      <object_component id="oc-187">
         <name>.debug_info</name>
         <load_address>0x13d6</load_address>
         <run_address>0x13d6</run_address>
         <size>0x135</size>
         <input_file_ref idref="fl-2"/>
      </object_component>
      <object_component id="oc-d0">
         <name>.debug_info</name>
         <load_address>0x150b</load_address>
         <run_address>0x150b</run_address>
         <size>0x1ed</size>
         <input_file_ref idref="fl-2"/>
      </object_component>
      <object_component id="oc-18a">
         <name>.debug_info</name>
         <load_address>0x16f8</load_address>
         <run_address>0x16f8</run_address>
         <size>0x645</size>
         <input_file_ref idref="fl-2"/>
      </object_component>
      <object_component id="oc-19c">
         <name>.debug_info</name>
         <load_address>0x1d3d</load_address>
         <run_address>0x1d3d</run_address>
         <size>0x20a</size>
         <input_file_ref idref="fl-2"/>
      </object_component>
      <object_component id="oc-156">
         <name>.debug_info</name>
         <load_address>0x1f47</load_address>
         <run_address>0x1f47</run_address>
         <size>0x1eb</size>
         <input_file_ref idref="fl-2"/>
      </object_component>
      <object_component id="oc-11a">
         <name>.debug_info</name>
         <load_address>0x2132</load_address>
         <run_address>0x2132</run_address>
         <size>0x338</size>
         <input_file_ref idref="fl-2"/>
      </object_component>
      <object_component id="oc-150">
         <name>.debug_info</name>
         <load_address>0x246a</load_address>
         <run_address>0x246a</run_address>
         <size>0x219</size>
         <input_file_ref idref="fl-2"/>
      </object_component>
      <object_component id="oc-15c">
         <name>.debug_info</name>
         <load_address>0x2683</load_address>
         <run_address>0x2683</run_address>
         <size>0x213</size>
         <input_file_ref idref="fl-2"/>
      </object_component>
      <object_component id="oc-2f6">
         <name>.debug_info</name>
         <load_address>0x2896</load_address>
         <run_address>0x2896</run_address>
         <size>0x1f2</size>
         <input_file_ref idref="fl-2"/>
      </object_component>
      <object_component id="oc-162">
         <name>.debug_info</name>
         <load_address>0x2a88</load_address>
         <run_address>0x2a88</run_address>
         <size>0x234</size>
         <input_file_ref idref="fl-2"/>
      </object_component>
      <object_component id="oc-b6">
         <name>.debug_info</name>
         <load_address>0x2cbc</load_address>
         <run_address>0x2cbc</run_address>
         <size>0x812</size>
         <input_file_ref idref="fl-2"/>
      </object_component>
      <object_component id="oc-80">
         <name>.debug_info</name>
         <load_address>0x34ce</load_address>
         <run_address>0x34ce</run_address>
         <size>0x1a5</size>
         <input_file_ref idref="fl-2"/>
      </object_component>
      <object_component id="oc-86">
         <name>.debug_info</name>
         <load_address>0x3673</load_address>
         <run_address>0x3673</run_address>
         <size>0x1ba</size>
         <input_file_ref idref="fl-2"/>
      </object_component>
      <object_component id="oc-74">
         <name>.debug_info</name>
         <load_address>0x382d</load_address>
         <run_address>0x382d</run_address>
         <size>0x1aa</size>
         <input_file_ref idref="fl-2"/>
      </object_component>
      <object_component id="oc-7a">
         <name>.debug_info</name>
         <load_address>0x39d7</load_address>
         <run_address>0x39d7</run_address>
         <size>0x1e3</size>
         <input_file_ref idref="fl-2"/>
      </object_component>
      <object_component id="oc-223">
         <name>.debug_info</name>
         <load_address>0x3bba</load_address>
         <run_address>0x3bba</run_address>
         <size>0x6b</size>
         <input_file_ref idref="fl-2"/>
      </object_component>
      <object_component id="oc-ec">
         <name>.debug_info</name>
         <load_address>0x3c25</load_address>
         <run_address>0x3c25</run_address>
         <size>0x26b</size>
         <input_file_ref idref="fl-2"/>
      </object_component>
      <object_component id="oc-22d">
         <name>.debug_info</name>
         <load_address>0x3e90</load_address>
         <run_address>0x3e90</run_address>
         <size>0x1055</size>
         <input_file_ref idref="fl-2"/>
      </object_component>
      <object_component id="oc-228">
         <name>.debug_info</name>
         <load_address>0x4ee5</load_address>
         <run_address>0x4ee5</run_address>
         <size>0x37e2</size>
         <input_file_ref idref="fl-2"/>
      </object_component>
      <object_component id="oc-237">
         <name>.debug_info</name>
         <load_address>0x86c7</load_address>
         <run_address>0x86c7</run_address>
         <size>0x110</size>
         <input_file_ref idref="fl-2"/>
      </object_component>
      <object_component id="oc-1c7">
         <name>.debug_info</name>
         <load_address>0x87d7</load_address>
         <run_address>0x87d7</run_address>
         <size>0xf5</size>
         <input_file_ref idref="fl-2"/>
      </object_component>
      <object_component id="oc-1c2">
         <name>.debug_info</name>
         <load_address>0x88cc</load_address>
         <run_address>0x88cc</run_address>
         <size>0xc6</size>
         <input_file_ref idref="fl-2"/>
      </object_component>
      <object_component id="oc-232">
         <name>.debug_info</name>
         <load_address>0x8992</load_address>
         <run_address>0x8992</run_address>
         <size>0x341</size>
         <input_file_ref idref="fl-2"/>
      </object_component>
      <object_component id="oc-1bd">
         <name>.debug_info</name>
         <load_address>0x8cd3</load_address>
         <run_address>0x8cd3</run_address>
         <size>0x8b</size>
         <input_file_ref idref="fl-2"/>
      </object_component>
      <object_component id="oc-212">
         <name>.debug_info</name>
         <load_address>0x8d5e</load_address>
         <run_address>0x8d5e</run_address>
         <size>0x297</size>
         <input_file_ref idref="fl-2"/>
      </object_component>
      <object_component id="oc-21c">
         <name>.debug_info</name>
         <load_address>0x8ff5</load_address>
         <run_address>0x8ff5</run_address>
         <size>0xef</size>
         <input_file_ref idref="fl-2"/>
      </object_component>
      <object_component id="oc-d3">
         <name>.debug_info</name>
         <load_address>0x90e4</load_address>
         <run_address>0x90e4</run_address>
         <size>0xbb</size>
         <input_file_ref idref="fl-2"/>
      </object_component>
      <object_component id="oc-241">
         <name>.debug_info</name>
         <load_address>0x919f</load_address>
         <run_address>0x919f</run_address>
         <size>0x354</size>
         <input_file_ref idref="fl-2"/>
      </object_component>
      <object_component id="oc-3da">
         <name>.debug_info</name>
         <load_address>0x94f3</load_address>
         <run_address>0x94f3</run_address>
         <size>0xbf</size>
         <input_file_ref idref="fl-2"/>
      </object_component>
      <object_component id="oc-23c">
         <name>.debug_info</name>
         <load_address>0x95b2</load_address>
         <run_address>0x95b2</run_address>
         <size>0x75</size>
         <input_file_ref idref="fl-2"/>
      </object_component>
      <object_component id="oc-34a">
         <name>.debug_info</name>
         <load_address>0x9627</load_address>
         <run_address>0x9627</run_address>
         <size>0x4e</size>
         <input_file_ref idref="fl-2"/>
      </object_component>
      <object_component id="oc-390">
         <name>.debug_info</name>
         <load_address>0x9675</load_address>
         <run_address>0x9675</run_address>
         <size>0x2c</size>
         <input_file_ref idref="fl-2"/>
      </object_component>
      <object_component id="oc-246">
         <name>.debug_info</name>
         <load_address>0x96a1</load_address>
         <run_address>0x96a1</run_address>
         <size>0xee</size>
         <input_file_ref idref="fl-2"/>
      </object_component>
      <object_component id="oc-24b">
         <name>.debug_info</name>
         <load_address>0x978f</load_address>
         <run_address>0x978f</run_address>
         <size>0x7f</size>
         <input_file_ref idref="fl-2"/>
      </object_component>
      <object_component id="oc-1cc">
         <name>.debug_info</name>
         <load_address>0x980e</load_address>
         <run_address>0x980e</run_address>
         <size>0x35</size>
         <input_file_ref idref="fl-2"/>
      </object_component>
      <object_component id="oc-ca">
         <name>.debug_info</name>
         <load_address>0x9843</load_address>
         <run_address>0x9843</run_address>
         <size>0x167</size>
         <input_file_ref idref="fl-3"/>
      </object_component>
      <object_component id="oc-32">
         <name>.debug_info</name>
         <load_address>0x99aa</load_address>
[...]
      <symbol id="sm-6b0">
         <name>__stack</name>
         <value>0x2000f800</value>
         <object_component_ref idref="oc-26"/>
      </symbol>
      <symbol id="sm-6b1">
         <name>_c_int00_noargs</name>
         <value>0x636d</value>
         <object_component_ref idref="oc-55"/>
      </symbol>
      <symbol id="sm-6c7">
         <name>__aeabi_errno_addr</name>
         <value>0x69c5</value>
         <object_component_ref idref="oc-3ed"/>
      </symbol>
      <symbol id="sm-6c8">
         <name>errno</name>
         <value>0x20006758</value>
         <object_component_ref idref="oc-4ba"/>
      </symbol>
      <symbol id="sm-6ee">
         <name>C$$EXIT</name>
         <value>0x69df</value>
         <object_component_ref idref="oc-1d1"/>
      </symbol>
      <symbol id="sm-6ef">
         <name>abort</name>
         <value>0x69df</value>
         <object_component_ref idref="oc-1d1"/>
      </symbol>
      <symbol id="sm-6f0">
         <name>__TI_dtors_ptr</name>
         <value>0x20006734</value>
         <object_component_ref idref="oc-328"/>
      </symbol>
      <symbol id="sm-6f1">
         <name>__TI_cleanup_ptr</name>
         <value>0x20006730</value>
         <object_component_ref idref="oc-328"/>
      </symbol>
      <symbol id="sm-6f2">
         <name>__TI_enable_exit_profile_output</name>
         <value>0x20006738</value>
         <object_component_ref idref="oc-328"/>
      </symbol>
      <symbol id="sm-6f3">
         <name>exit</name>
         <value>0x5fe5</value>
         <object_component_ref idref="oc-1d7"/>
      </symbol>
      <symbol id="sm-76e">
         <name>_sys_memory</name>
         <value>0x20000000</value>
         <object_component_ref idref="oc-29"/>
      </symbol>
      <symbol id="sm-76f">
         <name>free</name>
         <value>0x4b39</value>
         <object_component_ref idref="oc-4c7"/>
      </symbol>
      <symbol id="sm-770">
         <name>malloc</name>
         <value>0x543d</value>
         <object_component_ref idref="oc-2a4"/>
      </symbol>
      <symbol id="sm-771">
         <name>minit</name>
         <value>0x63a5</value>
         <object_component_ref idref="oc-39d"/>
      </symbol>
      <symbol id="sm-786">
         <name>_nop</name>
         <value>0x28e7</value>
         <object_component_ref idref="oc-408"/>
      </symbol>
      <symbol id="sm-787">
         <name>_lock</name>
         <value>0x20006748</value>
         <object_component_ref idref="oc-32b"/>
      </symbol>
      <symbol id="sm-788">
         <name>_unlock</name>
         <value>0x2000674c</value>
         <object_component_ref idref="oc-32b"/>
      </symbol>
      <symbol id="sm-7a3">
         <name>__TI_tmpnams</name>
         <value>0x2000687c</value>
      </symbol>
      <symbol id="sm-7a4">
         <name>__aeabi_stdout</name>
         <value>0x20006728</value>
         <object_component_ref idref="oc-610"/>
      </symbol>
      <symbol id="sm-7a5">
         <name>__aeabi_stderr</name>
         <value>0x2000672c</value>
         <object_component_ref idref="oc-610"/>
      </symbol>
      <symbol id="sm-7a6">
         <name>__aeabi_stdin</name>
         <value>0x20006724</value>
         <object_component_ref idref="oc-610"/>
      </symbol>
      <symbol id="sm-7a7">
         <name>_ftable</name>
         <value>0x20006568</value>
         <object_component_ref idref="oc-2d0"/>
      </symbol>
      <symbol id="sm-7a8">
         <name>__TI_ft_end</name>
         <value>0x20006720</value>
         <object_component_ref idref="oc-610"/>
      </symbol>
      <symbol id="sm-7ce">
         <name>fprintf</name>
         <value>0x5955</value>
         <object_component_ref idref="oc-298"/>
      </symbol>
      <symbol id="sm-7e3">
         <name>putc</name>
         <value>0x502d</value>
         <object_component_ref idref="oc-480"/>
      </symbol>
      <symbol id="sm-7e4">
         <name>fputc</name>
         <value>0x502d</value>
         <object_component_ref idref="oc-480"/>
      </symbol>
      <symbol id="sm-802">
         <name>fputs</name>
         <value>0x437d</value>
         <object_component_ref idref="oc-479"/>
      </symbol>
      <symbol id="sm-812">
         <name>memchr</name>
         <value>0x6829</value>
         <object_component_ref idref="oc-53a"/>
      </symbol>
      <symbol id="sm-820">
         <name>strlen</name>
         <value>0x6927</value>
         <object_component_ref idref="oc-437"/>
      </symbol>
      <symbol id="sm-846">
         <name>_stream</name>
         <value>0x200066d0</value>
         <object_component_ref idref="oc-5c0"/>
      </symbol>
      <symbol id="sm-847">
         <name>_device</name>
         <value>0x20006658</value>
         <object_component_ref idref="oc-5f5"/>
      </symbol>
      <symbol id="sm-848">
         <name>write</name>
         <value>0x67e1</value>
         <object_component_ref idref="oc-546"/>
      </symbol>
      <symbol id="sm-8b9">
         <name>__kernel_rem_pio2</name>
         <value>0xb49</value>
         <object_component_ref idref="oc-3bc"/>
      </symbol>
      <symbol id="sm-8cf">
         <name>__kernel_cos</name>
         <value>0x3aad</value>
         <object_component_ref idref="oc-3b6"/>
      </symbol>
      <symbol id="sm-8e6">
         <name>__kernel_sin</name>
         <value>0x3939</value>
         <object_component_ref idref="oc-3c2"/>
      </symbol>
      <symbol id="sm-903">
         <name>scalbn</name>
         <value>0x4491</value>
         <object_component_ref idref="oc-498"/>
      </symbol>
      <symbol id="sm-904">
         <name>scalbnl</name>
         <value>0x4491</value>
         <object_component_ref idref="oc-498"/>
      </symbol>
      <symbol id="sm-905">
         <name>ldexpl</name>
         <value>0x4491</value>
         <object_component_ref idref="oc-498"/>
      </symbol>
      <symbol id="sm-906">
         <name>ldexp</name>
         <value>0x4491</value>
         <object_component_ref idref="oc-498"/>
      </symbol>
      <symbol id="sm-910">
         <name>copysign</name>
         <value>0x68ff</value>
         <object_component_ref idref="oc-552"/>
      </symbol>
      <symbol id="sm-911">
         <name>copysignl</name>
         <value>0x68ff</value>
         <object_component_ref idref="oc-552"/>
      </symbol>
      <symbol id="sm-920">
         <name>__aeabi_memset</name>
         <value>0x53c3</value>
         <object_component_ref idref="oc-a9"/>
      </symbol>
      <symbol id="sm-921">
         <name>memset</name>
         <value>0x53c9</value>
         <object_component_ref idref="oc-a9"/>
      </symbol>
      <symbol id="sm-922">
         <name>__aeabi_memset8</name>
         <value>0x53c3</value>
         <object_component_ref idref="oc-a9"/>
      </symbol>
      <symbol id="sm-923">
         <name>__aeabi_memset4</name>
         <value>0x53c3</value>
         <object_component_ref idref="oc-a9"/>
      </symbol>
      <symbol id="sm-924">
         <name>__aeabi_memclr8</name>
         <value>0x53c1</value>
         <object_component_ref idref="oc-a9"/>
      </symbol>
      <symbol id="sm-925">
         <name>__aeabi_memclr4</name>
         <value>0x53c1</value>
         <object_component_ref idref="oc-a9"/>
      </symbol>
      <symbol id="sm-926">
         <name>__aeabi_memclr</name>
         <value>0x53c1</value>
         <object_component_ref idref="oc-a9"/>
      </symbol>
      <symbol id="sm-94e">
         <name>__TI_auto_init_nobinit_nopinit</name>
         <value>0x60fd</value>
         <object_component_ref idref="oc-1dd"/>
      </symbol>
      <symbol id="sm-958">
         <name>_system_pre_init</name>
         <value>0x69db</value>
         <object_component_ref idref="oc-af"/>
      </symbol>
      <symbol id="sm-971">
         <name>__TI_wrt_ok</name>
         <value>0x5a81</value>
         <object_component_ref idref="oc-534"/>
      </symbol>
      <symbol id="sm-adb">
         <name>__TI_printfi</name>
         <value>0xe9</value>
         <object_component_ref idref="oc-37c"/>
      </symbol>
      <symbol id="sm-af1">
         <name>atoi</name>
         <value>0x5f51</value>
         <object_component_ref idref="oc-43d"/>
      </symbol>
      <symbol id="sm-afc">
         <name>_ctypes_</name>
         <value>0x6cc0</value>
         <object_component_ref idref="oc-4e1"/>
      </symbol>
      <symbol id="sm-b0c">
         <name>__TI_doflush</name>
         <value>0x5f03</value>
         <object_component_ref idref="oc-540"/>
      </symbol>
      <symbol id="sm-b1e">
         <name>fseek</name>
         <value>0x5a1d</value>
         <object_component_ref idref="oc-5ae"/>
      </symbol>
      <symbol id="sm-b2e">
         <name>lseek</name>
         <value>0x6791</value>
         <object_component_ref idref="oc-5da"/>
      </symbol>
      <symbol id="sm-b3d">
         <name>ltoa</name>
         <value>0x5e5d</value>
         <object_component_ref idref="oc-4ec"/>
      </symbol>
      <symbol id="sm-b4d">
         <name>memccpy</name>
         <value>0x6885</value>
         <object_component_ref idref="oc-461"/>
      </symbol>
      <symbol id="sm-b69">
         <name>setvbuf</name>
         <value>0x4981</value>
         <object_component_ref idref="oc-5b4"/>
      </symbol>
      <symbol id="sm-b79">
         <name>strchr</name>
         <value>0x68e9</value>
         <object_component_ref idref="oc-513"/>
      </symbol>
      <symbol id="sm-b8a">
         <name>HOSTclose</name>
         <value>0x6075</value>
         <object_component_ref idref="oc-61c"/>
      </symbol>
      <symbol id="sm-b9b">
         <name>HOSTlseek</name>
         <value>0x56ed</value>
         <object_component_ref idref="oc-62e"/>
      </symbol>
      <symbol id="sm-bad">
         <name>parmbuf</name>
         <value>0x2000691c</value>
      </symbol>
      <symbol id="sm-bae">
         <name>HOSTopen</name>
         <value>0x5ae5</value>
         <object_component_ref idref="oc-616"/>
      </symbol>
      <symbol id="sm-bbf">
         <name>HOSTread</name>
         <value>0x5cad</value>
         <object_component_ref idref="oc-622"/>
      </symbol>
      <symbol id="sm-bd0">
         <name>HOSTrename</name>
         <value>0x5755</value>
         <object_component_ref idref="oc-63a"/>
      </symbol>
      <symbol id="sm-be1">
         <name>HOSTunlink</name>
         <value>0x60b9</value>
         <object_component_ref idref="oc-634"/>
      </symbol>
      <symbol id="sm-bf2">
         <name>HOSTwrite</name>
         <value>0x5d05</value>
         <object_component_ref idref="oc-628"/>
      </symbol>
      <symbol id="sm-c16">
         <name>__TI_readmsg</name>
         <value>0x64e9</value>
         <object_component_ref idref="oc-65b"/>
      </symbol>
      <symbol id="sm-c17">
         <name>C$$IO$$</name>
         <value>0x6363</value>
         <object_component_ref idref="oc-655"/>
      </symbol>
      <symbol id="sm-c18">
         <name>__CIOBUF_</name>
         <value>0x2000675c</value>
         <object_component_ref idref="oc-683"/>
      </symbol>
      <symbol id="sm-c19">
         <name>__TI_writemsg</name>
         <value>0x6335</value>
         <object_component_ref idref="oc-655"/>
      </symbol>
      <symbol id="sm-c2f">
         <name>frexpl</name>
         <value>0x59b9</value>
         <object_component_ref idref="oc-50d"/>
      </symbol>
      <symbol id="sm-c30">
         <name>frexp</name>
         <value>0x59b9</value>
         <object_component_ref idref="oc-50d"/>
      </symbol>
      <symbol id="sm-c49">
         <name>wcslen</name>
         <value>0x694d</value>
         <object_component_ref idref="oc-467"/>
      </symbol>
      <symbol id="sm-c56">
         <name>__aeabi_uldivmod</name>
         <value>0x4f95</value>
         <object_component_ref idref="oc-4e6"/>
      </symbol>
      <symbol id="sm-c66">
         <name>__TI_cleanup</name>
         <value>0x64b5</value>
         <object_component_ref idref="oc-5e2"/>
      </symbol>
      <symbol id="sm-c75">
         <name>strcpy</name>
         <value>0x6913</value>
         <object_component_ref idref="oc-66f"/>
      </symbol>
      <symbol id="sm-c7f">
         <name>__aeabi_idiv0</name>
         <value>0x2e47</value>
         <object_component_ref idref="oc-590"/>
      </symbol>
      <symbol id="sm-c80">
         <name>__aeabi_ldiv0</name>
         <value>0x2e47</value>
         <object_component_ref idref="oc-590"/>
      </symbol>
      <symbol id="sm-c95">
         <name>__TI_closefile</name>
         <value>0x552d</value>
         <object_component_ref idref="oc-60a"/>
      </symbol>
      <symbol id="sm-cb8">
         <name>finddevice</name>
         <value>0x65dd</value>
         <object_component_ref idref="oc-6a1"/>
      </symbol>
      <symbol id="sm-cb9">
         <name>getdevice</name>
         <value>0x6185</value>
         <object_component_ref idref="oc-679"/>
      </symbol>
      <symbol id="sm-cc9">
         <name>strcmp</name>
         <value>0x68d1</value>
         <object_component_ref idref="oc-6b8"/>
      </symbol>
      <symbol id="sm-cd9">
         <name>strncpy</name>
         <value>0x6415</value>
         <object_component_ref idref="oc-69b"/>
      </symbol>
      <symbol id="sm-ce9">
         <name>unlink</name>
         <value>0x66c5</value>
         <object_component_ref idref="oc-64a"/>
      </symbol>
      <symbol id="sm-cfd">
         <name>close</name>
         <value>0x5ba1</value>
         <object_component_ref idref="oc-644"/>
      </symbol>
      <symbol id="sm-d12">
         <name>_Qmag</name>
         <value>0x4a61</value>
         <object_component_ref idref="oc-195"/>
      </symbol>
      <symbol id="sm-d1d">
         <name>_Q16sqrt_coeffs</name>
         <value>0x69e8</value>
         <object_component_ref idref="oc-315"/>
      </symbol>
      <symbol id="sm-d1e">
         <name>__TI_static_base__</name>
         <value>0x0</value>
      </symbol>
      <symbol id="sm-d21">
         <name>__mpu_init</name>
         <value>0x0</value>
      </symbol>
      <symbol id="sm-d22">
         <name>_system_post_cinit</name>
         <value>0x0</value>
      </symbol>
      <symbol id="sm-d23">
         <name>NMI_Handler</name>
         <value>0xb47</value>
      </symbol>
      <symbol id="sm-d24">
         <name>HardFault_Handler</name>
         <value>0xb47</value>
      </symbol>
      <symbol id="sm-d25">
         <name>MemManage_Handler</name>
         <value>0xb47</value>
      </symbol>
      <symbol id="sm-d26">
         <name>BusFault_Handler</name>
         <value>0xb47</value>
      </symbol>
      <symbol id="sm-d27">
         <name>UsageFault_Handler</name>
         <value>0xb47</value>
      </symbol>
      <symbol id="sm-d28">
         <name>SVC_Handler</name>
         <value>0xb47</value>
      </symbol>
      <symbol id="sm-d29">
         <name>DebugMon_Handler</name>
         <value>0xb47</value>
      </symbol>
      <symbol id="sm-d2a">
         <name>PendSV_Handler</name>
         <value>0xb47</value>
      </symbol>
      <symbol id="sm-d2b">
         <name>SysTick_Handler</name>
         <value>0xb47</value>
      </symbol>
      <symbol id="sm-d2c">
         <name>PSS_IRQHandler</name>
         <value>0xb47</value>
      </symbol>
      <symbol id="sm-d2d">
         <name>CS_IRQHandler</name>
         <value>0xb47</value>
      </symbol>
      <symbol id="sm-d2e">
         <name>PCM_IRQHandler</name>
         <value>0xb47</value>
      </symbol>
      <symbol id="sm-d2f">
         <name>WDT_A_IRQHandler</name>
         <value>0xb47</value>
      </symbol>
      <symbol id="sm-d30">
         <name>FPU_IRQHandler</name>
         <value>0xb47</value>
      </symbol>
      <symbol id="sm-d31">
         <name>FLCTL_IRQHandler</name>
         <value>0xb47</value>
      </symbol>
      <symbol id="sm-d32">
         <name>COMP_E0_IRQHandler</name>
         <value>0xb47</value>
      </symbol>
      <symbol id="sm-d33">
         <name>COMP_E1_IRQHandler</name>
         <value>0xb47</value>
      </symbol>
      <symbol id="sm-d34">
         <name>TA0_0_IRQHandler</name>
         <value>0xb47</value>
      </symbol>
      <symbol id="sm-d35">
         <name>TA0_N_IRQHandler</name>
         <value>0xb47</value>
      </symbol>
      <symbol id="sm-d36">
         <name>TA1_0_IRQHandler</name>
         <value>0xb47</value>
      </symbol>
      <symbol id="sm-d37">
         <name>TA1_N_IRQHandler</name>
         <value>0xb47</value>
      </symbol>
      <symbol id="sm-d38">
         <name>TA2_0_IRQHandler</name>
         <value>0xb47</value>
      </symbol>
      <symbol id="sm-d39">
         <name>TA2_N_IRQHandler</name>
         <value>0xb47</value>
      </symbol>
      <symbol id="sm-d3a">
         <name>TA3_0_IRQHandler</name>
         <value>0xb47</value>
      </symbol>
      <symbol id="sm-d3b">
         <name>TA3_N_IRQHandler</name>
         <value>0xb47</value>
      </symbol>
      <symbol id="sm-d3c">
         <name>EUSCIA0_IRQHandler</name>
         <value>0x6249</value>
      </symbol>
      <symbol id="sm-d3d">
         <name>EUSCIA1_IRQHandler</name>
         <value>0xb47</value>
      </symbol>
      <symbol id="sm-d3e">
         <name>EUSCIA2_IRQHandler</name>
         <value>0xb47</value>
      </symbol>
      <symbol id="sm-d3f">
         <name>EUSCIA3_IRQHandler</name>
         <value>0xb47</value>
      </symbol>
      <symbol id="sm-d40">
         <name>EUSCIB0_IRQHandler</name>
         <value>0xb47</value>
      </symbol>
      <symbol id="sm-d41">
         <name>EUSCIB1_IRQHandler</name>
         <value>0xb47</value>
      </symbol>
      <symbol id="sm-d42">
         <name>EUSCIB2_IRQHandler</name>
         <value>0xb47</value>
      </symbol>
      <symbol id="sm-d43">
         <name>EUSCIB3_IRQHandler</name>
         <value>0xb47</value>
      </symbol>
      <symbol id="sm-d44">
         <name>ADC14_IRQHandler</name>
         <value>0x5bfd</value>
      </symbol>
      <symbol id="sm-d45">
         <name>T32_INT1_IRQHandler</name>
         <value>0xb47</value>
      </symbol>
      <symbol id="sm-d46">
         <name>T32_INT2_IRQHandler</name>
         <value>0xb47</value>
      </symbol>
      <symbol id="sm-d47">
         <name>T32_INTC_IRQHandler</name>
         <value>0xb47</value>
      </symbol>
      <symbol id="sm-d48">
         <name>AES256_IRQHandler</name>
         <value>0xb47</value>
      </symbol>
      <symbol id="sm-d49">
         <name>RTC_C_IRQHandler</name>
         <value>0x6699</value>
      </symbol>
      <symbol id="sm-d4a">
         <name>DMA_ERR_IRQHandler</name>
         <value>0xb47</value>
      </symbol>
      <symbol id="sm-d4b">
         <name>DMA_INT3_IRQHandler</name>
         <value>0xb47</value>
      </symbol>
      <symbol id="sm-d4c">
         <name>DMA_INT2_IRQHandler</name>
         <value>0xb47</value>
      </symbol>
      <symbol id="sm-d4d">
         <name>DMA_INT1_IRQHandler</name>
         <value>0xb47</value>
      </symbol>
      <symbol id="sm-d4e">
         <name>DMA_INT0_IRQHandler</name>
         <value>0xb47</value>
      </symbol>
      <symbol id="sm-d4f">
         <name>PORT1_IRQHandler</name>
         <value>0x62fd</value>
      </symbol>
      <symbol id="sm-d50">
         <name>PORT2_IRQHandler</name>
         <value>0xb47</value>
      </symbol>
      <symbol id="sm-d51">
         <name>PORT3_IRQHandler</name>
         <value>0xb47</value>
      </symbol>
      <symbol id="sm-d52">
         <name>PORT4_IRQHandler</name>
         <value>0xb47</value>
      </symbol>
      <symbol id="sm-d53">
         <name>PORT5_IRQHandler</name>
         <value>0xb47</value>
      </symbol>
      <symbol id="sm-d54">
         <name>PORT6_IRQHandler</name>
         <value>0xb47</value>
      </symbol>
      <symbol id="sm-d55">
         <name>remove</name>
         <value>0x66c5</value>
      </symbol>
   </symbol_table>
   <title>Link successful</title>
</link_info>
