******************************************************************************
                  TI ARM Linker PC v18.1.2                     
******************************************************************************
>> Linked Thu Aug 23 11:31:38 2018

OUTPUT FILE NAME:   <adc_FFT_Multi_Trigger_NMEA_rtc.out>
ENTRY POINT SYMBOL: "_c_int00_noargs"  address: 000061f1


MEMORY CONFIGURATION

         name            origin    length      used     unused   attr    fill
----------------------  --------  ---------  --------  --------  ----  --------
  MAIN                  00000000   00040000  00006e36  000391ca  R  X
  INFO                  00200000   00004000  00000000  00004000  R  X
  SRAM_CODE             01000000   00010000  00007128  00008ed8  RW X
  SRAM_DATA             20000000   00010000  00007128  00008ed8  RW  


SEGMENT ALLOCATION MAP

run origin  load origin   length   init length attrs members
----------  ----------- ---------- ----------- ----- -------
00000000    00000000    00006e40   00006e40    r-x
  00000000    00000000    000000e4   000000e4    r-- .intvecs
  000000e8    000000e8    0000678e   0000678e    r-x .text
  00006878    00006878    0000052c   0000052c    r-- .const
  00006da8    00006da8    00000098   00000098    r-- .cinit
20000000    20000000    00006928   00000000    rw-
  20000000    20000000    00006568   00000000    rw- .sysmem
  20006568    20006568    000001f4   00000000    rw- .data
  2000675c    2000675c    000001cc   00000000    rw- .bss
2000f800    2000f800    00000800   00000000    rw-
  2000f800    2000f800    00000800   00000000    rw- .stack


SECTION ALLOCATION MAP

 output                                  attributes/
section   page    origin      length       input sections
--------  ----  ----------  ----------   ----------------
.intvecs   0    00000000    000000e4     
                  00000000    000000e4     startup_msp432p401r_ccs.obj (.intvecs:retain)

.text      0    000000e8    0000678e     
                  000000e8    00000a5e     rtsv7M4_T_le_v4SPD16_eabi.lib : _printfi.c.obj (.text:__TI_printfi)
                  00000b46    00000002     startup_msp432p401r_ccs.obj (.text:Default_Handler)
                  00000b48    00000738     rtsv7M4_T_le_v4SPD16_eabi.lib : k_rem_pio2.c.obj (.text:__kernel_rem_pio2)
                  00001280    000005dc                                   : s_cos.c.obj (.text:cos)
                  0000185c    000005c4                                   : s_sin.c.obj (.text:sin)
                  00001e20    0000052c     adc_FFT_Multi_Trigger_NMEA_rtc.obj (.text:main)
                  0000234c    0000045a     kiss_fft.obj (.text:kf_bfly5)
                  000027a6    00000002     rtsv7M4_T_le_v4SPD16_eabi.lib : _lock.c.obj (.text:_nop)
                  000027a8    000002e0     adc_FFT_Multi_Trigger_NMEA_rtc.obj (.text:sendNMEA)
                  00002a88    0000027e     kiss_fft.obj (.text:kf_bfly4)
                  00002d06    00000002     rtsv7M4_T_le_v4SPD16_eabi.lib : div0.asm.obj (.text)
                  00002d08    00000270                                   : _printfi.c.obj (.text:_pconv_a)
                  00002f78    000001d4     kiss_fft.obj (.text:kf_bfly3)
                  0000314c    000001d0     rtsv7M4_T_le_v4SPD16_eabi.lib : _printfi.c.obj (.text:_pconv_g)
                  0000331c    000001b6                                   : fd_add_t2.asm.obj (.text)
                  000034d2    00000002     --HOLE-- [fill = 0]
                  000034d4    000001a8     kiss_fftr.obj (.text:kiss_fftr)
                  0000367c    0000017c     kiss_fftr.obj (.text:kiss_fftr_alloc)
                  000037f8    00000174     rtsv7M4_T_le_v4SPD16_eabi.lib : k_sin.c.obj (.text:__kernel_sin)
                  0000396c    0000016c                                   : k_cos.c.obj (.text:__kernel_cos)
                  00003ad8    00000160     msp432p4xx_driverlib.lib : adc14.o (.text:_getIndexForMemRegister)
                  00003c38    00000158     rtsv7M4_T_le_v4SPD16_eabi.lib : e_sqrt.c.obj (.text:sqrt)
                  00003d90    0000013c                                   : _printfi.c.obj (.text:_pconv_e)
                  00003ecc    00000136                                   : fd_div_t2.asm.obj (.text)
                  00004002    00000002     --HOLE-- [fill = 0]
                  00004004    00000120                                   : _printfi.c.obj (.text:fcvt)
                  00004124    00000118     kiss_fft.obj (.text:kf_bfly_generic)
                  0000423c    00000114     rtsv7M4_T_le_v4SPD16_eabi.lib : fputs.c.obj (.text:fputs)
                  00004350    00000110                                   : s_scalbn.c.obj (.text:scalbn)
                  00004460    0000010c     kiss_fft.obj (.text:kiss_fft_alloc)
                  0000456c    000000fc     rtsv7M4_T_le_v4SPD16_eabi.lib : fd_mul_t2.asm.obj (.text)
                  00004668    000000f8                                   : s_floor.c.obj (.text:floor)
                  00004760    000000e0     msp432p4xx_driverlib.lib : cs.o (.text:CS_startLFXTWithTimeout)
                  00004840    000000dc     rtsv7M4_T_le_v4SPD16_eabi.lib : setvbuf.c.obj (.text:setvbuf)
                  0000491c    00000004     msp432p4xx_driverlib.lib : cpu.o (.text:CPU_wfi)
                  00004920    000000d8     QmathLib_CCS_MSP432.lib : _QNsqrt.obj (.text:_Qmag)
                  000049f8    000000d8     rtsv7M4_T_le_v4SPD16_eabi.lib : memory.c.obj (.text:free)
                  00004ad0    000000ce     kiss_fft.obj (.text:kf_work)
                  00004b9e    000000c0     kiss_fft.obj (.text:kf_bfly2)
                  00004c5e    00000002     --HOLE-- [fill = 0]
                  00004c60    000000b1     rtsv7M4_T_le_v4SPD16_eabi.lib : _printfi.c.obj (.text:_ltostr)
                  00004d11    00000003     --HOLE-- [fill = 0]
                  00004d14    000000a4     msp432p4xx_driverlib.lib : adc14.o (.text:ADC14_configureConversionMemory)
                  00004db8    0000009c     rtsv7M4_T_le_v4SPD16_eabi.lib : memcpy_t2.asm.obj (.text)
                  00004e54    00000096                                   : ull_div_t2.asm.obj (.text)
                  00004eea    00000002     --HOLE-- [fill = 0]
                  00004eec    0000008c                                   : fputc.c.obj (.text:fputc)
                  00004f78    00000086                                   : fd_cmp_t2.asm.obj (.text:__aeabi_cdcmple)
                  00004ffe    00000086                                   : fd_cmp_t2.asm.obj (.text:__aeabi_cdrcmple)
                  00005084    00000080     msp432p4xx_driverlib.lib : interrupt.o (.text:Interrupt_disableInterrupt)
                  00005104    00000080                              : interrupt.o (.text:Interrupt_enableInterrupt)
                  00005184    0000007e     adc_FFT_Multi_Trigger_NMEA_rtc.obj (.text:STD)
                  00005202    00000002     --HOLE-- [fill = 0]
                  00005204    0000007c     msp432p4xx_driverlib.lib : rtc_c.o (.text:RTC_C_getCalendarTime)
                  00005280    0000007a     rtsv7M4_T_le_v4SPD16_eabi.lib : memset_t2.asm.obj (.text)
                  000052fa    00000002     --HOLE-- [fill = 0]
                  000052fc    00000078                                   : memory.c.obj (.text:malloc)
                  00005374    00000076     adc_FFT_Multi_Trigger_NMEA_rtc.obj (.text:configure_analog)
                  000053ea    00000002     --HOLE-- [fill = 0]
                  000053ec    00000074     rtsv7M4_T_le_v4SPD16_eabi.lib : fclose.c.obj (.text:__TI_closefile)
                  00005460    0000006e                                   : _printfi.c.obj (.text:_mcpy)
                  000054ce    0000006e     kiss_fft.obj (.text:kf_factor)
                  0000553c    0000006e     rtsv7M4_T_le_v4SPD16_eabi.lib : fd_tos_t2.asm.obj (.text)
                  000055aa    00000002     --HOLE-- [fill = 0]
                  000055ac    00000068                                   : hostlseek.c.obj (.text:HOSTlseek)
                  00005614    00000068                                   : hostrename.c.obj (.text:HOSTrename)
                  0000567c    00000068                                   : copy_decompress_lzss.c.obj (.text:decompress:lzss:__TI_decompress_lzss)
                  000056e4    00000066     adc_FFT_Multi_Trigger_NMEA_rtc.obj (.text:RMS)
                  0000574a    00000002     --HOLE-- [fill = 0]
                  0000574c    00000064     msp432p4xx_driverlib.lib : rtc_c.o (.text:RTC_C_enableInterrupt)
                  000057b0    00000064     system_msp432p401r.obj (.text:SystemInit)
                  00005814    00000064     rtsv7M4_T_le_v4SPD16_eabi.lib : fprintf.c.obj (.text:fprintf)
                  00005878    00000064                                   : s_frexp.c.obj (.text:frexp)
                  000058dc    00000064                                   : fseek.c.obj (.text:fseek)
                  00005940    00000062                                   : _io_perm.c.obj (.text:__TI_wrt_ok)
                  000059a2    00000002     --HOLE-- [fill = 0]
                  000059a4    00000060                                   : hostopen.c.obj (.text:HOSTopen)
                  00005a04    0000005c     adc_FFT_Multi_Trigger_NMEA_rtc.obj (.text:average_preprocess)
                  00005a60    0000005c     rtsv7M4_T_le_v4SPD16_eabi.lib : close.c.obj (.text:close)
                  00005abc    00000058     adc_FFT_Multi_Trigger_NMEA_rtc.obj (.text:ADC14_IRQHandler)
                  00005b14    00000058     msp432p4xx_driverlib.lib : adc14.o (.text:ADC14_configureSingleSampleMode)
                  00005b6c    00000058     rtsv7M4_T_le_v4SPD16_eabi.lib : hostread.c.obj (.text:HOSTread)
                  00005bc4    00000058                                   : hostwrite.c.obj (.text:HOSTwrite)
                  00005c1c    00000056                                   : _printfi.c.obj (.text:_pconv_f)
                  00005c72    00000056     kiss_fft.obj (.text:kiss_fft_stride)
                  00005cc8    00000054     msp432p4xx_driverlib.lib : adc14.o (.text:ADC14_initModule)
                  00005d1c    00000054     rtsv7M4_T_le_v4SPD16_eabi.lib : ltoa.c.obj (.text:ltoa)
                  00005d70    00000052                                   : _printfi.c.obj (.text:_ecpy)
                  00005dc2    0000004c                                   : fflush.c.obj (.text:__TI_doflush)
                  00005e0e    00000002     --HOLE-- [fill = 0]
                  00005e10    0000004c                                   : atoi.c.obj (.text:atoi)
                  00005e5c    00000048     msp432p4xx_driverlib.lib : adc14.o (.text:ADC14_setSampleHoldTrigger)
                  00005ea4    00000048     rtsv7M4_T_le_v4SPD16_eabi.lib : exit.c.obj (.text:exit)
                  00005eec    00000048                                   : fd_toi_t2.asm.obj (.text)
                  00005f34    00000044                                   : hostclose.c.obj (.text:HOSTclose)
                  00005f78    00000044                                   : hostunlink.c.obj (.text:HOSTunlink)
                  00005fbc    00000044                                   : autoinit.c.obj (.text:__TI_auto_init_nobinit_nopinit:__TI_auto_init_nobinit_nopinit)
                  00006000    00000044     adc_FFT_Multi_Trigger_NMEA_rtc.obj (.text:calc_mean)
                  00006044    00000044     rtsv7M4_T_le_v4SPD16_eabi.lib : getdevice.c.obj (.text:getdevice)
                  00006088    00000040     msp432p4xx_driverlib.lib : gpio.o (.text:GPIO_setAsOutputPin)
                  000060c8    0000003e     rtsv7M4_T_le_v4SPD16_eabi.lib : _printfi.c.obj (.text:_fcpy)
                  00006106    00000002     --HOLE-- [fill = 0]
                  00006108    0000003c     msp432p4xx_driverlib.lib : rtc_c.o (.text:RTC_C_setCalendarEvent)
                  00006144    0000003c     rtsv7M4_T_le_v4SPD16_eabi.lib : memory.c.obj (.text:minsert)
                  00006180    00000038     adc_FFT_Multi_Trigger_NMEA_rtc.obj (.text:PORT1_IRQHandler)
                  000061b8    00000038     rtsv7M4_T_le_v4SPD16_eabi.lib : trgmsg.c.obj (.text:__TI_writemsg)
                  000061f0    00000038                                   : boot_cortex_m.c.obj (.text:_c_int00_noargs:_c_int00_noargs)
                  00006228    00000038                                   : memory.c.obj (.text:minit)
                  00006260    00000038                                   : fs_tod_t2.asm.obj (.text)
                  00006298    00000036                                   : strncpy.c.obj (.text:strncpy)
                  000062ce    00000002     --HOLE-- [fill = 0]
                  000062d0    00000034     msp432p4xx_driverlib.lib : cs.o (.text:CS_setDCOCenteredFrequency)
                  00006304    00000034                              : uart.o (.text:UART_transmitData)
                  00006338    00000034     rtsv7M4_T_le_v4SPD16_eabi.lib : fopen.c.obj (.text:__TI_cleanup)
                  0000636c    00000034                                   : trgmsg.c.obj (.text:__TI_readmsg)
                  000063a0    00000030     msp432p4xx_driverlib.lib : adc14.o (.text:ADC14_disableInterrupt)
                  000063d0    00000030                              : adc14.o (.text:ADC14_enableInterrupt)
                  00006400    00000030                              : adc14.o (.text:ADC14_setSampleHoldTime)
                  00006430    00000030                              : cs.o (.text:CS_setReferenceOscillatorFrequency)
                  00006460    00000030     rtsv7M4_T_le_v4SPD16_eabi.lib : getdevice.c.obj (.text:finddevice)
                  00006490    0000002e                                   : i_tofd_t2.asm.obj (.text)
                  000064be    00000002     --HOLE-- [fill = 0]
                  000064c0    0000002c     adc_FFT_Multi_Trigger_NMEA_rtc.obj (.text:RTC_C_IRQHandler)
                  000064ec    0000002c     rtsv7M4_T_le_v4SPD16_eabi.lib : unlink.c.obj (.text:unlink)
                  00006518    00000028     msp432p4xx_driverlib.lib : adc14.o (.text:ADC14_enableConversion)
                  00006540    00000028     adc_FFT_Multi_Trigger_NMEA_rtc.obj (.text:EUSCIA0_IRQHandler)
                  00006568    00000028     msp432p4xx_driverlib.lib : gpio.o (.text:GPIO_setOutputHighOnPin)
                  00006590    00000028                              : gpio.o (.text:GPIO_setOutputLowOnPin)
                  000065b8    00000028                              : pcm.o (.text:PCM_gotoLPM0)
                  000065e0    00000028     rtsv7M4_T_le_v4SPD16_eabi.lib : lseek.c.obj (.text:lseek)
                  00006608    00000028                                   : memory.c.obj (.text:mremove)
                  00006630    00000028                                   : write.c.obj (.text:write)
                  00006658    00000026     adc_FFT_Multi_Trigger_NMEA_rtc.obj (.text:max_index)
                  0000667e    00000002     --HOLE-- [fill = 0]
                  00006680    00000020     msp432p4xx_driverlib.lib : adc14.o (.text:ADC14_setResolution)
                  000066a0    00000020     rtsv7M4_T_le_v4SPD16_eabi.lib : memchr.c.obj (.text:memchr)
                  000066c0    00000020                                   : u_tofd_t2.asm.obj (.text)
                  000066e0    0000001c     msp432p4xx_driverlib.lib : adc14.o (.text:ADC14_disableModule)
                  000066fc    0000001c     adc_FFT_Multi_Trigger_NMEA_rtc.obj (.text:max)
                  00006718    0000001c     rtsv7M4_T_le_v4SPD16_eabi.lib : memccpy.c.obj (.text:memccpy)
                  00006734    00000018     msp432p4xx_driverlib.lib : sysctl_a.o (.text:SysCtl_A_disableNMISource)
                  0000674c    00000018                              : sysctl_a.o (.text:SysCtl_A_enableNMISource)
                  00006764    00000018     rtsv7M4_T_le_v4SPD16_eabi.lib : strcmp.c.obj (.text:strcmp)
                  0000677c    00000016                                   : strchr.c.obj (.text:strchr)
                  00006792    00000014                                   : s_copysign.c.obj (.text:copysign)
                  000067a6    00000014                                   : strcpy.c.obj (.text:strcpy)
                  000067ba    00000014                                   : strlen.c.obj (.text:strlen)
                  000067ce    00000012                                   : copy_zero_init.c.obj (.text:decompress:ZI:__TI_zero_init_nomemset:__TI_zero_init_nomemset)
                  000067e0    00000012                                   : wcslen.c.obj (.text:wcslen)
                  000067f2    00000002     --HOLE-- [fill = 0]
                  000067f4    00000010     msp432p4xx_driverlib.lib : adc14.o (.text:ADC14_disableConversion)
                  00006804    00000010                              : adc14.o (.text:ADCIsConversionRunning)
                  00006814    00000010                              : sysctl_a.o (.text:SysCtl_A_getNMISourceStatus)
                  00006824    0000000e                              : cs.o (.text:CS_startLFXT)
                  00006832    0000000e     rtsv7M4_T_le_v4SPD16_eabi.lib : copy_decompress_none.c.obj (.text:decompress:none:__TI_decompress_none)
                  00006840    0000000c     msp432p4xx_driverlib.lib : adc14.o (.text:ADC14_enableModule)
                  0000684c    0000000c     startup_msp432p401r_ccs.obj (.text:Reset_Handler)
                  00006858    00000008     rtsv7M4_T_le_v4SPD16_eabi.lib : errno.c.obj (.text:__aeabi_errno_addr)
                  00006860    00000006     kiss_fft.obj (.text:kiss_fft)
                  00006866    00000004     rtsv7M4_T_le_v4SPD16_eabi.lib : fprintf.c.obj (.text:_outc)
                  0000686a    00000004                                   : fprintf.c.obj (.text:_outs)
                  0000686e    00000004                                   : pre_init.c.obj (.text:_system_pre_init)
                  00006872    00000004                                   : exit.c.obj (.text:abort:abort)

.const     0    00006878    0000052c     
                  00006878    00000180     QmathLib_CCS_MSP432.lib : _QNtables.obj (.const:_Q16sqrt_coeffs)
                  000069f8    00000158     rtsv7M4_T_le_v4SPD16_eabi.lib : k_rem_pio2.c.obj (.const:$O1$$)
                  00006b50    00000101                                   : ctype.c.obj (.const:.string:_ctypes_)
                  00006c51    00000003     --HOLE-- [fill = 0]
                  00006c54    00000080     msp432p4xx_driverlib.lib : adc14.o (.const:_ctlRegs)
                  00006cd4    00000030                              : gpio.o (.const:GPIO_PORT_TO_BASE)
                  00006d04    00000024     adc_FFT_Multi_Trigger_NMEA_rtc.obj (.const:uartConfig)
                  00006d28    0000001c     adc_FFT_Multi_Trigger_NMEA_rtc.obj (.const:calendarTime)
                  00006d44    00000018     adc_FFT_Multi_Trigger_NMEA_rtc.obj (.const:upModeConfig_M)
                  00006d5c    00000018     adc_FFT_Multi_Trigger_NMEA_rtc.obj (.const:upModeConfig_V)
                  00006d74    00000010     adc_FFT_Multi_Trigger_NMEA_rtc.obj (.const:compareConfig_M)
                  00006d84    00000010     adc_FFT_Multi_Trigger_NMEA_rtc.obj (.const:compareConfig_V)
                  00006d94    00000008     msp432p4xx_driverlib.lib : interrupt.o (.const:g_pulDisRegs)
                  00006d9c    00000008                              : interrupt.o (.const:g_pulEnRegs)

.cinit     0    00006da8    00000098     
                  00006da8    00000071     (.cinit..data.load) [load image, compression = lzss]
                  00006e19    00000003     --HOLE-- [fill = 0]
                  00006e1c    0000000c     (__TI_handler_table)
                  00006e28    00000008     (.cinit..bss.load) [load image, compression = zero_init]
                  00006e30    00000010     (__TI_cinit_table)

.init_array 
*          0    00000000    00000000     UNINITIALIZED

.binit     0    00000000    00000000     

.sysmem    0    20000000    00006568     UNINITIALIZED
                  20000000    00000008     rtsv7M4_T_le_v4SPD16_eabi.lib : memory.c.obj (.sysmem)
                  20000008    00006560     --HOLE--

.data      0    20006568    000001f4     UNINITIALIZED
                  20006568    000000f0     rtsv7M4_T_le_v4SPD16_eabi.lib : defs.c.obj (.data:_ftable)
                  20006658    00000078                                   : write.c.obj (.data:_device)
                  200066d0    00000050                                   : write.c.obj (.data:_stream)
                  20006720    00000010                                   : defs.c.obj (.data)
                  20006730    0000000c                                   : exit.c.obj (.data:$O1$$)
                  2000673c    0000000c                                   : memory.c.obj (.data:$O1$$)
                  20006748    00000008                                   : _lock.c.obj (.data:$O1$$)
                  20006750    00000008     adc_FFT_Multi_Trigger_NMEA_rtc.obj (.data)
                  20006758    00000004     rtsv7M4_T_le_v4SPD16_eabi.lib : errno.c.obj (.data)

.bss       0    2000675c    000001cc     UNINITIALIZED
                  2000675c    00000120     rtsv7M4_T_le_v4SPD16_eabi.lib : trgmsg.c.obj (.bss:_CIOBUF_)
                  2000687c    000000a0     (.common:__TI_tmpnams)
                  2000691c    00000008     (.common:parmbuf)
                  20006924    00000004     (.common:information_bytes)

.stack     0    2000f800    00000800     UNINITIALIZED
                  2000f800    00000004     rtsv7M4_T_le_v4SPD16_eabi.lib : boot_cortex_m.c.obj (.stack)
                  2000f804    000007fc     --HOLE--

MODULE SUMMARY

       Module                               code    ro data   rw data
       ------                               ----    -------   -------
    .\
       adc_FFT_Multi_Trigger_NMEA_rtc.obj   2860    144       24     
       system_msp432p401r.obj               100     0         0      
    +--+------------------------------------+-------+---------+---------+
       Total:                               2960    144       24     
                                                                     
    .\ccs\
       startup_msp432p401r_ccs.obj          14      228       0      
    +--+------------------------------------+-------+---------+---------+
       Total:                               14      228       0      
                                                                     
    .\kissFFT\
       kiss_fft.obj                         3368    0         0      
       kiss_fftr.obj                        804     0         0      
    +--+------------------------------------+-------+---------+---------+
       Total:                               4172    0         0      
                                                                     
    C:/ti/simplelink_msp432p4_sdk_2_20_00_12/source/ti/devices/msp432p4xx/driverlib/ccs/msp432p4xx_driverlib.lib
       adc14.o                              1048    128       0      
       cs.o                                 338     0         0      
       rtc_c.o                              284     0         0      
       interrupt.o                          256     16        0      
       gpio.o                               144     48        0      
       sysctl_a.o                           64      0         0      
       uart.o                               52      0         0      
       pcm.o                                40      0         0      
       cpu.o                                4       0         0      
    +--+------------------------------------+-------+---------+---------+
       Total:                               2230    192       0      
                                                                     
    C:/ti/simplelink_msp432p4_sdk_2_20_00_12/source/ti/iqmathlib/ccs/QmathLib_CCS_MSP432.lib
       _QNtables.obj                        0       384       0      
       _QNsqrt.obj                          216     0         0      
    +--+------------------------------------+-------+---------+---------+
       Total:                               216     384       0      
                                                                     
    C:\ti\ccsv8\tools\compiler\ti-cgt-arm_18.1.2.LTS\lib\rtsv7M4_T_le_v4SPD16_eabi.lib
       _printfi.c.obj                       4863    0         0      
       k_rem_pio2.c.obj                     1848    344       0      
       s_cos.c.obj                          1500    0         0      
       s_sin.c.obj                          1476    0         0      
       defs.c.obj                           0       0         832    
       trgmsg.c.obj                         108     0         576    
       memory.c.obj                         492     0         24     
       write.c.obj                          40      0         400    
       fd_add_t2.asm.obj                    438     0         0      
       k_sin.c.obj                          372     0         0      
       k_cos.c.obj                          364     0         0      
       e_sqrt.c.obj                         344     0         0      
       fd_div_t2.asm.obj                    310     0         0      
       fputs.c.obj                          276     0         0      
       s_scalbn.c.obj                       272     0         0      
       fd_cmp_t2.asm.obj                    268     0         0      
       ctype.c.obj                          0       257       0      
       fd_mul_t2.asm.obj                    252     0         0      
       s_floor.c.obj                        248     0         0      
       setvbuf.c.obj                        220     0         0      
       memcpy_t2.asm.obj                    156     0         0      
       ull_div_t2.asm.obj                   150     0         0      
       fputc.c.obj                          140     0         0      
       memset_t2.asm.obj                    122     0         0      
       fclose.c.obj                         116     0         0      
       getdevice.c.obj                      116     0         0      
       hostopen.c.obj                       96      0         16     
       fd_tos_t2.asm.obj                    110     0         0      
       fprintf.c.obj                        108     0         0      
       copy_decompress_lzss.c.obj           104     0         0      
       hostlseek.c.obj                      104     0         0      
       hostrename.c.obj                     104     0         0      
       exit.c.obj                           76      0         24     
       fseek.c.obj                          100     0         0      
       s_frexp.c.obj                        100     0         0      
       _io_perm.c.obj                       98      0         0      
       close.c.obj                          92      0         0      
       hostread.c.obj                       88      0         0      
       hostwrite.c.obj                      88      0         0      
       ltoa.c.obj                           84      0         0      
       atoi.c.obj                           76      0         0      
       fflush.c.obj                         76      0         0      
       fd_toi_t2.asm.obj                    72      0         0      
       autoinit.c.obj                       68      0         0      
       hostclose.c.obj                      68      0         0      
       hostunlink.c.obj                     68      0         0      
       boot_cortex_m.c.obj                  56      0         0      
       fs_tod_t2.asm.obj                    56      0         0      
       strncpy.c.obj                        54      0         0      
       fopen.c.obj                          52      0         0      
       i_tofd_t2.asm.obj                    46      0         0      
       unlink.c.obj                         44      0         0      
       lseek.c.obj                          40      0         0      
       memchr.c.obj                         32      0         0      
       u_tofd_t2.asm.obj                    32      0         0      
       memccpy.c.obj                        28      0         0      
       strcmp.c.obj                         24      0         0      
       strchr.c.obj                         22      0         0      
       s_copysign.c.obj                     20      0         0      
       strcpy.c.obj                         20      0         0      
       strlen.c.obj                         20      0         0      
       _lock.c.obj                          2       0         16     
       copy_zero_init.c.obj                 18      0         0      
       wcslen.c.obj                         18      0         0      
       errno.c.obj                          8       0         8      
       copy_decompress_none.c.obj           14      0         0      
       pre_init.c.obj                       4       0         0      
       div0.asm.obj                         2       0         0      
    +--+------------------------------------+-------+---------+---------+
       Total:                               16883   601       1896   
                                                                     
       Heap:                                0       0         51920  
       Stack:                               0       0         4096   
       Linker Generated:                    0       149       0      
    +--+------------------------------------+-------+---------+---------+
       Grand Total:                         26475   1698      57936  


LINKER GENERATED COPY TABLES

__TI_cinit_table @ 00006e30 records: 2, size/record: 8, table size: 16
	.data: load addr=00006da8, load size=00000071 bytes, run addr=20006568, run size=000001f4 bytes, compression=lzss
	.bss: load addr=00006e28, load size=00000008 bytes, run addr=2000675c, run size=000001cc bytes, compression=zero_init


LINKER GENERATED HANDLER TABLE

__TI_handler_table @ 00006e1c records: 3, size/record: 4, table size: 12
	index: 0, handler: __TI_decompress_lzss
	index: 1, handler: __TI_decompress_none
	index: 2, handler: __TI_zero_init


GLOBAL SYMBOLS: SORTED ALPHABETICALLY BY Name 

address   name                              
-------   ----                              
00005abd  ADC14_IRQHandler                  
00005abd  ADC14_IRQHandler                  
00004d15  ADC14_configureConversionMemory   
00005b15  ADC14_configureSingleSampleMode   
000067f5  ADC14_disableConversion           
000063a1  ADC14_disableInterrupt            
000066e1  ADC14_disableModule               
00006519  ADC14_enableConversion            
000063d1  ADC14_enableInterrupt             
00006841  ADC14_enableModule                
00005cc9  ADC14_initModule                  
00006681  ADC14_setResolution               
00006401  ADC14_setSampleHoldTime           
00005e5d  ADC14_setSampleHoldTrigger        
00000b47  AES256_IRQHandler                 
00000b47  BusFault_Handler                  
00006873  C$$EXIT                           
000061e7  C$$IO$$                           
00000b47  COMP_E0_IRQHandler                
00000b47  COMP_E1_IRQHandler                
0000491d  CPU_wfi                           
00000b47  CS_IRQHandler                     
000062d1  CS_setDCOCenteredFrequency        
00006431  CS_setReferenceOscillatorFrequency
00006825  CS_startLFXT                      
00004761  CS_startLFXTWithTimeout           
00000b47  DMA_ERR_IRQHandler                
00000b47  DMA_INT0_IRQHandler               
00000b47  DMA_INT1_IRQHandler               
00000b47  DMA_INT2_IRQHandler               
00000b47  DMA_INT3_IRQHandler               
00000b47  DebugMon_Handler                  
00000b47  Default_Handler                   
00006541  EUSCIA0_IRQHandler                
00006541  EUSCIA0_IRQHandler                
00000b47  EUSCIA1_IRQHandler                
00000b47  EUSCIA2_IRQHandler                
00000b47  EUSCIA3_IRQHandler                
00000b47  EUSCIB0_IRQHandler                
00000b47  EUSCIB1_IRQHandler                
00000b47  EUSCIB2_IRQHandler                
00000b47  EUSCIB3_IRQHandler                
00000b47  FLCTL_IRQHandler                  
00000b47  FPU_IRQHandler                    
00006089  GPIO_setAsOutputPin               
00006569  GPIO_setOutputHighOnPin           
00006591  GPIO_setOutputLowOnPin            
00005f35  HOSTclose                         
000055ad  HOSTlseek                         
000059a5  HOSTopen                          
00005b6d  HOSTread                          
00005615  HOSTrename                        
00005f79  HOSTunlink                        
00005bc5  HOSTwrite                         
00000b47  HardFault_Handler                 
00005085  Interrupt_disableInterrupt        
00005105  Interrupt_enableInterrupt         
00000b47  MemManage_Handler                 
00000b47  NMI_Handler                       
00000b47  PCM_IRQHandler                    
000065b9  PCM_gotoLPM0                      
00006181  PORT1_IRQHandler                  
00006181  PORT1_IRQHandler                  
00000b47  PORT2_IRQHandler                  
00000b47  PORT3_IRQHandler                  
00000b47  PORT4_IRQHandler                  
00000b47  PORT5_IRQHandler                  
00000b47  PORT6_IRQHandler                  
00000b47  PSS_IRQHandler                    
00000b47  PendSV_Handler                    
000056e5  RMS                               
000064c1  RTC_C_IRQHandler                  
000064c1  RTC_C_IRQHandler                  
0000574d  RTC_C_enableInterrupt             
00005205  RTC_C_getCalendarTime             
00006109  RTC_C_setCalendarEvent            
20006756  RTC_trigger                       
0000684d  Reset_Handler                     
00005185  STD                               
00000b47  SVC_Handler                       
00006735  SysCtl_A_disableNMISource         
0000674d  SysCtl_A_enableNMISource          
00006815  SysCtl_A_getNMISourceStatus       
00000b47  SysTick_Handler                   
000057b1  SystemInit                        
00000b47  T32_INT1_IRQHandler               
00000b47  T32_INT2_IRQHandler               
00000b47  T32_INTC_IRQHandler               
00000b47  TA0_0_IRQHandler                  
00000b47  TA0_N_IRQHandler                  
00000b47  TA1_0_IRQHandler                  
00000b47  TA1_N_IRQHandler                  
00000b47  TA2_0_IRQHandler                  
00000b47  TA2_N_IRQHandler                  
00000b47  TA3_0_IRQHandler                  
00000b47  TA3_N_IRQHandler                  
00006305  UART_transmitData                 
00000b47  UsageFault_Handler                
4000480c  WDTCTL_SYM                        
00000b47  WDT_A_IRQHandler                  
00006878  _Q16sqrt_coeffs                   
00004921  _Qmag                             
2000675c  __CIOBUF_                         
20010000  __STACK_END                       
00000800  __STACK_SIZE                      
00006568  __SYSMEM_SIZE                     
00006e30  __TI_CINIT_Base                   
00006e40  __TI_CINIT_Limit                  
00006e1c  __TI_Handler_Table_Base           
00006e28  __TI_Handler_Table_Limit          
00005fbd  __TI_auto_init_nobinit_nopinit    
00006339  __TI_cleanup                      
20006730  __TI_cleanup_ptr                  
000053ed  __TI_closefile                    
0000567d  __TI_decompress_lzss              
00006833  __TI_decompress_none              
00005dc3  __TI_doflush                      
20006734  __TI_dtors_ptr                    
20006738  __TI_enable_exit_profile_output   
20006720  __TI_ft_end                       
ffffffff  __TI_pprof_out_hndl               
000000e9  __TI_printfi                      
ffffffff  __TI_prof_data_size               
ffffffff  __TI_prof_data_start              
0000636d  __TI_readmsg                      
00000000  __TI_static_base__                
2000687c  __TI_tmpnams                      
000061b9  __TI_writemsg                     
00005941  __TI_wrt_ok                       
000067cf  __TI_zero_init_nomemset           
00004f79  __aeabi_cdcmpeq                   
00004f79  __aeabi_cdcmple                   
00004fff  __aeabi_cdrcmple                  
0000553d  __aeabi_d2f                       
00005eed  __aeabi_d2iz                      
00003327  __aeabi_dadd                      
00003ecd  __aeabi_ddiv                      
0000456d  __aeabi_dmul                      
0000331d  __aeabi_dsub                      
00006859  __aeabi_errno_addr                
00006261  __aeabi_f2d                       
00006491  __aeabi_i2d                       
00002d07  __aeabi_idiv0                     
00002d07  __aeabi_ldiv0                     
00005281  __aeabi_memclr                    
00005281  __aeabi_memclr4                   
00005281  __aeabi_memclr8                   
00004db9  __aeabi_memcpy                    
00004db9  __aeabi_memcpy4                   
00004db9  __aeabi_memcpy8                   
00005283  __aeabi_memset                    
00005283  __aeabi_memset4                   
00005283  __aeabi_memset8                   
2000672c  __aeabi_stderr                    
20006724  __aeabi_stdin                     
20006728  __aeabi_stdout                    
000066c1  __aeabi_ui2d                      
00004e55  __aeabi_uldivmod                  
ffffffff  __binit__                         
ffffffff  __c_args__                        
0000396d  __kernel_cos                      
00000b49  __kernel_rem_pio2                 
000037f9  __kernel_sin                      
UNDEFED   __mpu_init                        
2000f800  __stack                           
000061f1  _c_int00_noargs                   
00006b50  _ctypes_                          
20006658  _device                           
20006568  _ftable                           
20006748  _lock                             
000027a7  _nop                              
200066d0  _stream                           
20000000  _sys_memory                       
UNDEFED   _system_post_cinit                
0000686f  _system_pre_init                  
2000674c  _unlock                           
00006873  abort                             
00005e11  atoi                              
00005a05  average_preprocess                
ffffffff  binit                             
00006001  calc_mean                         
00006d28  calendarTime                      
00005a61  close                             
00006d74  compareConfig_M                   
00006d84  compareConfig_V                   
00005375  configure_analog                  
00006793  copysign                          
00006793  copysignl                         
00001281  cos                               
00001281  cosl                              
20006753  enableReads                       
20006758  errno                             
00005ea5  exit                              
00006461  finddevice                        
00004669  floor                             
00004669  floorl                            
00005815  fprintf                           
00004eed  fputc                             
0000423d  fputs                             
000049f9  free                              
00005879  frexp                             
00005879  frexpl                            
000058dd  fseek                             
00006045  getdevice                         
20006924  information_bytes                 
00000000  interruptVectors                  
00006861  kiss_fft                          
00004461  kiss_fft_alloc                    
00005c73  kiss_fft_stride                   
000034d5  kiss_fftr                         
0000367d  kiss_fftr_alloc                   
00004351  ldexp                             
00004351  ldexpl                            
000065e1  lseek                             
00005d1d  ltoa                              
00001e21  main                              
000052fd  malloc                            
000066fd  max                               
00006659  max_index                         
00006719  memccpy                           
000066a1  memchr                            
00004db9  memcpy                            
00005289  memset                            
00006229  minit                             
2000691c  parmbuf                           
00004eed  putc                              
000064ed  remove                            
20006750  resPos                            
20006754  runTime                           
00004351  scalbn                            
00004351  scalbnl                           
000027a9  sendNMEA                          
20006757  setHealthyState                   
00004841  setvbuf                           
0000185d  sin                               
0000185d  sinl                              
00003c39  sqrt                              
00003c39  sqrtl                             
20006752  stateCounter                      
0000677d  strchr                            
00006765  strcmp                            
000067a7  strcpy                            
000067bb  strlen                            
00006299  strncpy                           
00006d04  uartConfig                        
000064ed  unlink                            
00006d44  upModeConfig_M                    
00006d5c  upModeConfig_V                    
000067e1  wcslen                            
00006631  write                             


GLOBAL SYMBOLS: SORTED BY Symbol Address 

address   name                              
-------   ----                              
00000000  __TI_static_base__                
00000000  interruptVectors                  
000000e9  __TI_printfi                      
00000800  __STACK_SIZE                      
00000b47  AES256_IRQHandler                 
00000b47  BusFault_Handler                  
00000b47  COMP_E0_IRQHandler                
00000b47  COMP_E1_IRQHandler                
00000b47  CS_IRQHandler                     
00000b47  DMA_ERR_IRQHandler                
00000b47  DMA_INT0_IRQHandler               
00000b47  DMA_INT1_IRQHandler               
00000b47  DMA_INT2_IRQHandler               
00000b47  DMA_INT3_IRQHandler               
00000b47  DebugMon_Handler                  
00000b47  Default_Handler                   
00000b47  EUSCIA1_IRQHandler                
00000b47  EUSCIA2_IRQHandler                
00000b47  EUSCIA3_IRQHandler                
00000b47  EUSCIB0_IRQHandler                
00000b47  EUSCIB1_IRQHandler                
00000b47  EUSCIB2_IRQHandler                
00000b47  EUSCIB3_IRQHandler                
00000b47  FLCTL_IRQHandler                  
00000b47  FPU_IRQHandler                    
00000b47  HardFault_Handler                 
00000b47  MemManage_Handler                 
00000b47  NMI_Handler                       
00000b47  PCM_IRQHandler                    
00000b47  PORT2_IRQHandler                  
00000b47  PORT3_IRQHandler                  
00000b47  PORT4_IRQHandler                  
00000b47  PORT5_IRQHandler                  
00000b47  PORT6_IRQHandler                  
00000b47  PSS_IRQHandler                    
00000b47  PendSV_Handler                    
00000b47  SVC_Handler                       
00000b47  SysTick_Handler                   
00000b47  T32_INT1_IRQHandler               
00000b47  T32_INT2_IRQHandler               
00000b47  T32_INTC_IRQHandler               
00000b47  TA0_0_IRQHandler                  
00000b47  TA0_N_IRQHandler                  
00000b47  TA1_0_IRQHandler                  
00000b47  TA1_N_IRQHandler                  
00000b47  TA2_0_IRQHandler                  
00000b47  TA2_N_IRQHandler                  
00000b47  TA3_0_IRQHandler                  
00000b47  TA3_N_IRQHandler                  
00000b47  UsageFault_Handler                
00000b47  WDT_A_IRQHandler                  
00000b49  __kernel_rem_pio2                 
00001281  cos                               
00001281  cosl                              
0000185d  sin                               
0000185d  sinl                              
00001e21  main                              
000027a7  _nop                              
000027a9  sendNMEA                          
00002d07  __aeabi_idiv0                     
00002d07  __aeabi_ldiv0                     
0000331d  __aeabi_dsub                      
00003327  __aeabi_dadd                      
000034d5  kiss_fftr                         
0000367d  kiss_fftr_alloc                   
000037f9  __kernel_sin                      
0000396d  __kernel_cos                      
00003c39  sqrt                              
00003c39  sqrtl                             
00003ecd  __aeabi_ddiv                      
0000423d  fputs                             
00004351  ldexp                             
00004351  ldexpl                            
00004351  scalbn                            
00004351  scalbnl                           
00004461  kiss_fft_alloc                    
0000456d  __aeabi_dmul                      
00004669  floor                             
00004669  floorl                            
00004761  CS_startLFXTWithTimeout           
00004841  setvbuf                           
0000491d  CPU_wfi                           
00004921  _Qmag                             
000049f9  free                              
00004d15  ADC14_configureConversionMemory   
00004db9  __aeabi_memcpy                    
00004db9  __aeabi_memcpy4                   
00004db9  __aeabi_memcpy8                   
00004db9  memcpy                            
00004e55  __aeabi_uldivmod                  
00004eed  fputc                             
00004eed  putc                              
00004f79  __aeabi_cdcmpeq                   
00004f79  __aeabi_cdcmple                   
00004fff  __aeabi_cdrcmple                  
00005085  Interrupt_disableInterrupt        
00005105  Interrupt_enableInterrupt         
00005185  STD                               
00005205  RTC_C_getCalendarTime             
00005281  __aeabi_memclr                    
00005281  __aeabi_memclr4                   
00005281  __aeabi_memclr8                   
00005283  __aeabi_memset                    
00005283  __aeabi_memset4                   
00005283  __aeabi_memset8                   
00005289  memset                            
000052fd  malloc                            
00005375  configure_analog                  
000053ed  __TI_closefile                    
0000553d  __aeabi_d2f                       
000055ad  HOSTlseek                         
00005615  HOSTrename                        
0000567d  __TI_decompress_lzss              
000056e5  RMS                               
0000574d  RTC_C_enableInterrupt             
000057b1  SystemInit                        
00005815  fprintf                           
00005879  frexp                             
00005879  frexpl                            
000058dd  fseek                             
00005941  __TI_wrt_ok                       
000059a5  HOSTopen                          
00005a05  average_preprocess                
00005a61  close                             
00005abd  ADC14_IRQHandler                  
00005abd  ADC14_IRQHandler                  
00005b15  ADC14_configureSingleSampleMode   
00005b6d  HOSTread                          
00005bc5  HOSTwrite                         
00005c73  kiss_fft_stride                   
00005cc9  ADC14_initModule                  
00005d1d  ltoa                              
00005dc3  __TI_doflush                      
00005e11  atoi                              
00005e5d  ADC14_setSampleHoldTrigger        
00005ea5  exit                              
00005eed  __aeabi_d2iz                      
00005f35  HOSTclose                         
00005f79  HOSTunlink                        
00005fbd  __TI_auto_init_nobinit_nopinit    
00006001  calc_mean                         
00006045  getdevice                         
00006089  GPIO_setAsOutputPin               
00006109  RTC_C_setCalendarEvent            
00006181  PORT1_IRQHandler                  
00006181  PORT1_IRQHandler                  
000061b9  __TI_writemsg                     
000061e7  C$$IO$$                           
000061f1  _c_int00_noargs                   
00006229  minit                             
00006261  __aeabi_f2d                       
00006299  strncpy                           
000062d1  CS_setDCOCenteredFrequency        
00006305  UART_transmitData                 
00006339  __TI_cleanup                      
0000636d  __TI_readmsg                      
000063a1  ADC14_disableInterrupt            
000063d1  ADC14_enableInterrupt             
00006401  ADC14_setSampleHoldTime           
00006431  CS_setReferenceOscillatorFrequency
00006461  finddevice                        
00006491  __aeabi_i2d                       
000064c1  RTC_C_IRQHandler                  
000064c1  RTC_C_IRQHandler                  
000064ed  remove                            
000064ed  unlink                            
00006519  ADC14_enableConversion            
00006541  EUSCIA0_IRQHandler                
00006541  EUSCIA0_IRQHandler                
00006568  __SYSMEM_SIZE                     
00006569  GPIO_setOutputHighOnPin           
00006591  GPIO_setOutputLowOnPin            
000065b9  PCM_gotoLPM0                      
000065e1  lseek                             
00006631  write                             
00006659  max_index                         
00006681  ADC14_setResolution               
000066a1  memchr                            
000066c1  __aeabi_ui2d                      
000066e1  ADC14_disableModule               
000066fd  max                               
00006719  memccpy                           
00006735  SysCtl_A_disableNMISource         
0000674d  SysCtl_A_enableNMISource          
00006765  strcmp                            
0000677d  strchr                            
00006793  copysign                          
00006793  copysignl                         
000067a7  strcpy                            
000067bb  strlen                            
000067cf  __TI_zero_init_nomemset           
000067e1  wcslen                            
000067f5  ADC14_disableConversion           
00006815  SysCtl_A_getNMISourceStatus       
00006825  CS_startLFXT                      
00006833  __TI_decompress_none              
00006841  ADC14_enableModule                
0000684d  Reset_Handler                     
00006859  __aeabi_errno_addr                
00006861  kiss_fft                          
0000686f  _system_pre_init                  
00006873  C$$EXIT                           
00006873  abort                             
00006878  _Q16sqrt_coeffs                   
00006b50  _ctypes_                          
00006d04  uartConfig                        
00006d28  calendarTime                      
00006d44  upModeConfig_M                    
00006d5c  upModeConfig_V                    
00006d74  compareConfig_M                   
00006d84  compareConfig_V                   
00006e1c  __TI_Handler_Table_Base           
00006e28  __TI_Handler_Table_Limit          
00006e30  __TI_CINIT_Base                   
00006e40  __TI_CINIT_Limit                  
20000000  _sys_memory                       
20006568  _ftable                           
20006658  _device                           
200066d0  _stream                           
20006720  __TI_ft_end                       
20006724  __aeabi_stdin                     
20006728  __aeabi_stdout                    
2000672c  __aeabi_stderr                    
20006730  __TI_cleanup_ptr                  
20006734  __TI_dtors_ptr                    
20006738  __TI_enable_exit_profile_output   
20006748  _lock                             
2000674c  _unlock                           
20006750  resPos                            
20006752  stateCounter                      
20006753  enableReads                       
20006754  runTime                           
20006756  RTC_trigger                       
20006757  setHealthyState                   
20006758  errno                             
2000675c  __CIOBUF_                         
2000687c  __TI_tmpnams                      
2000691c  parmbuf                           
20006924  information_bytes                 
2000f800  __stack                           
20010000  __STACK_END                       
4000480c  WDTCTL_SYM                        
ffffffff  __TI_pprof_out_hndl               
ffffffff  __TI_prof_data_size               
ffffffff  __TI_prof_data_start              
ffffffff  __binit__                         
ffffffff  __c_args__                        
ffffffff  binit                             
UNDEFED   __mpu_init                        
UNDEFED   _system_post_cinit                

[250 symbols]
