******************************************************************************
                  TI ARM Linker PC v18.1.2                     
******************************************************************************
>> Linked Sun Aug 19 13:25:48 2018

OUTPUT FILE NAME:   <adc_FFT_uart.out>
ENTRY POINT SYMBOL: "_c_int00_noargs"  address: 00005a49


MEMORY CONFIGURATION

         name            origin    length      used     unused   attr    fill
----------------------  --------  ---------  --------  --------  ----  --------
  MAIN                  00000000   00040000  000065ca  00039a36  R  X
  INFO                  00200000   00004000  00000000  00004000  R  X
  SRAM_CODE             01000000   00010000  00007124  00008edc  RW X
  SRAM_DATA             20000000   00010000  00007124  00008edc  RW  


SEGMENT ALLOCATION MAP

run origin  load origin   length   init length attrs members
----------  ----------- ---------- ----------- ----- -------
00000000    00000000    000065d0   000065d0    r-x
  00000000    00000000    000000e4   000000e4    r-- .intvecs
  000000e8    000000e8    00005f66   00005f66    r-x .text
  00006050    00006050    000004e8   000004e8    r-- .const
  00006538    00006538    00000098   00000098    r-- .cinit
20000000    20000000    00006924   00000000    rw-
  20000000    20000000    00006568   00000000    rw- .sysmem
  20006568    20006568    000001f0   00000000    rw- .data
  20006758    20006758    000001cc   00000000    rw- .bss
2000f800    2000f800    00000800   00000000    rw-
  2000f800    2000f800    00000800   00000000    rw- .stack


SECTION ALLOCATION MAP

 output                                  attributes/
section   page    origin      length       input sections
--------  ----  ----------  ----------   ----------------
.intvecs   0    00000000    000000e4     
                  00000000    000000e4     startup_msp432p401r_ccs.obj (.intvecs:retain)

.text      0    000000e8    00005f66     
                  000000e8    00000a5e     rtsv7M4_T_le_v4SPD16_eabi.lib : _printfi.c.obj (.text:__TI_printfi)
                  00000b46    00000002     startup_msp432p401r_ccs.obj (.text:Default_Handler)
                  00000b48    00000738     rtsv7M4_T_le_v4SPD16_eabi.lib : k_rem_pio2.c.obj (.text:__kernel_rem_pio2)
                  00001280    000005dc                                   : s_cos.c.obj (.text:cos)
                  0000185c    000005c4                                   : s_sin.c.obj (.text:sin)
                  00001e20    0000045a     kiss_fft.obj (.text:kf_bfly5)
                  0000227a    00000002     rtsv7M4_T_le_v4SPD16_eabi.lib : _lock.c.obj (.text:_nop)
                  0000227c    000002a0     adc_FFT_Multi_Trigger.obj (.text:main)
                  0000251c    0000027e     kiss_fft.obj (.text:kf_bfly4)
                  0000279a    00000002     rtsv7M4_T_le_v4SPD16_eabi.lib : div0.asm.obj (.text)
                  0000279c    00000270                                   : _printfi.c.obj (.text:_pconv_a)
                  00002a0c    000001d4     kiss_fft.obj (.text:kf_bfly3)
                  00002be0    000001d0     rtsv7M4_T_le_v4SPD16_eabi.lib : _printfi.c.obj (.text:_pconv_g)
                  00002db0    000001b6                                   : fd_add_t2.asm.obj (.text)
                  00002f66    00000002     --HOLE-- [fill = 0]
                  00002f68    000001a8     kiss_fftr.obj (.text:kiss_fftr)
                  00003110    0000017c     kiss_fftr.obj (.text:kiss_fftr_alloc)
                  0000328c    00000174     rtsv7M4_T_le_v4SPD16_eabi.lib : k_sin.c.obj (.text:__kernel_sin)
                  00003400    0000016c                                   : k_cos.c.obj (.text:__kernel_cos)
                  0000356c    00000160     msp432p4xx_driverlib.lib : adc14.o (.text:_getIndexForMemRegister)
                  000036cc    00000158     rtsv7M4_T_le_v4SPD16_eabi.lib : e_sqrt.c.obj (.text:sqrt)
                  00003824    0000013c                                   : _printfi.c.obj (.text:_pconv_e)
                  00003960    00000136                                   : fd_div_t2.asm.obj (.text)
                  00003a96    00000002     --HOLE-- [fill = 0]
                  00003a98    00000120                                   : _printfi.c.obj (.text:fcvt)
                  00003bb8    00000118     kiss_fft.obj (.text:kf_bfly_generic)
                  00003cd0    00000114     rtsv7M4_T_le_v4SPD16_eabi.lib : fputs.c.obj (.text:fputs)
                  00003de4    00000110                                   : s_scalbn.c.obj (.text:scalbn)
                  00003ef4    0000010c     kiss_fft.obj (.text:kiss_fft_alloc)
                  00004000    000000fc     rtsv7M4_T_le_v4SPD16_eabi.lib : fd_mul_t2.asm.obj (.text)
                  000040fc    000000f8                                   : s_floor.c.obj (.text:floor)
                  000041f4    000000dc                                   : setvbuf.c.obj (.text:setvbuf)
                  000042d0    000000d8     QmathLib_CCS_MSP432.lib : _QNsqrt.obj (.text:_Qmag)
                  000043a8    000000d8     rtsv7M4_T_le_v4SPD16_eabi.lib : memory.c.obj (.text:free)
                  00004480    000000ce     kiss_fft.obj (.text:kf_work)
                  0000454e    000000c0     kiss_fft.obj (.text:kf_bfly2)
                  0000460e    00000002     --HOLE-- [fill = 0]
                  00004610    000000b1     rtsv7M4_T_le_v4SPD16_eabi.lib : _printfi.c.obj (.text:_ltostr)
                  000046c1    00000003     --HOLE-- [fill = 0]
                  000046c4    000000a4     msp432p4xx_driverlib.lib : adc14.o (.text:ADC14_configureConversionMemory)
                  00004768    0000009c     rtsv7M4_T_le_v4SPD16_eabi.lib : memcpy_t2.asm.obj (.text)
                  00004804    00000096                                   : ull_div_t2.asm.obj (.text)
                  0000489a    00000002     --HOLE-- [fill = 0]
                  0000489c    0000008c                                   : fputc.c.obj (.text:fputc)
                  00004928    00000086                                   : fd_cmp_t2.asm.obj (.text:__aeabi_cdcmple)
                  000049ae    00000086                                   : fd_cmp_t2.asm.obj (.text:__aeabi_cdrcmple)
                  00004a34    00000080     msp432p4xx_driverlib.lib : interrupt.o (.text:Interrupt_disableInterrupt)
                  00004ab4    00000080                              : interrupt.o (.text:Interrupt_enableInterrupt)
                  00004b34    0000007e     adc_FFT_Multi_Trigger.obj (.text:STD)
                  00004bb2    0000007a     rtsv7M4_T_le_v4SPD16_eabi.lib : memset_t2.asm.obj (.text)
                  00004c2c    00000078                                   : memory.c.obj (.text:malloc)
                  00004ca4    00000076     adc_FFT_Multi_Trigger.obj (.text:configure_analog)
                  00004d1a    00000002     --HOLE-- [fill = 0]
                  00004d1c    00000074     rtsv7M4_T_le_v4SPD16_eabi.lib : fclose.c.obj (.text:__TI_closefile)
                  00004d90    0000006e                                   : _printfi.c.obj (.text:_mcpy)
                  00004dfe    0000006e     kiss_fft.obj (.text:kf_factor)
                  00004e6c    0000006e     rtsv7M4_T_le_v4SPD16_eabi.lib : fd_tos_t2.asm.obj (.text)
                  00004eda    00000002     --HOLE-- [fill = 0]
                  00004edc    00000068                                   : hostlseek.c.obj (.text:HOSTlseek)
                  00004f44    00000068                                   : hostrename.c.obj (.text:HOSTrename)
                  00004fac    00000068                                   : copy_decompress_lzss.c.obj (.text:decompress:lzss:__TI_decompress_lzss)
                  00005014    00000066     adc_FFT_Multi_Trigger.obj (.text:RMS)
                  0000507a    00000002     --HOLE-- [fill = 0]
                  0000507c    00000064     system_msp432p401r.obj (.text:SystemInit)
                  000050e0    00000064     rtsv7M4_T_le_v4SPD16_eabi.lib : fprintf.c.obj (.text:fprintf)
                  00005144    00000064                                   : s_frexp.c.obj (.text:frexp)
                  000051a8    00000064                                   : fseek.c.obj (.text:fseek)
                  0000520c    00000062                                   : _io_perm.c.obj (.text:__TI_wrt_ok)
                  0000526e    00000002     --HOLE-- [fill = 0]
                  00005270    00000060                                   : hostopen.c.obj (.text:HOSTopen)
                  000052d0    0000005c     adc_FFT_Multi_Trigger.obj (.text:average_preprocess)
                  0000532c    0000005c     rtsv7M4_T_le_v4SPD16_eabi.lib : close.c.obj (.text:close)
                  00005388    00000058     adc_FFT_Multi_Trigger.obj (.text:ADC14_IRQHandler)
                  000053e0    00000058     msp432p4xx_driverlib.lib : adc14.o (.text:ADC14_configureSingleSampleMode)
                  00005438    00000058     rtsv7M4_T_le_v4SPD16_eabi.lib : hostread.c.obj (.text:HOSTread)
                  00005490    00000058                                   : hostwrite.c.obj (.text:HOSTwrite)
                  000054e8    00000056                                   : _printfi.c.obj (.text:_pconv_f)
                  0000553e    00000056     kiss_fft.obj (.text:kiss_fft_stride)
                  00005594    00000054     msp432p4xx_driverlib.lib : adc14.o (.text:ADC14_initModule)
                  000055e8    00000054     rtsv7M4_T_le_v4SPD16_eabi.lib : ltoa.c.obj (.text:ltoa)
                  0000563c    00000052                                   : _printfi.c.obj (.text:_ecpy)
                  0000568e    0000004c                                   : fflush.c.obj (.text:__TI_doflush)
                  000056da    00000002     --HOLE-- [fill = 0]
                  000056dc    0000004c                                   : atoi.c.obj (.text:atoi)
                  00005728    00000048     msp432p4xx_driverlib.lib : adc14.o (.text:ADC14_setSampleHoldTrigger)
                  00005770    00000048     rtsv7M4_T_le_v4SPD16_eabi.lib : exit.c.obj (.text:exit)
                  000057b8    00000048                                   : fd_toi_t2.asm.obj (.text)
                  00005800    00000044                                   : hostclose.c.obj (.text:HOSTclose)
                  00005844    00000044                                   : hostunlink.c.obj (.text:HOSTunlink)
                  00005888    00000044                                   : autoinit.c.obj (.text:__TI_auto_init_nobinit_nopinit:__TI_auto_init_nobinit_nopinit)
                  000058cc    00000044     adc_FFT_Multi_Trigger.obj (.text:calc_mean)
                  00005910    00000044     rtsv7M4_T_le_v4SPD16_eabi.lib : getdevice.c.obj (.text:getdevice)
                  00005954    00000040     msp432p4xx_driverlib.lib : gpio.o (.text:GPIO_setAsOutputPin)
                  00005994    0000003e     rtsv7M4_T_le_v4SPD16_eabi.lib : _printfi.c.obj (.text:_fcpy)
                  000059d2    00000002     --HOLE-- [fill = 0]
                  000059d4    0000003c                                   : memory.c.obj (.text:minsert)
                  00005a10    00000038                                   : trgmsg.c.obj (.text:__TI_writemsg)
                  00005a48    00000038                                   : boot_cortex_m.c.obj (.text:_c_int00_noargs:_c_int00_noargs)
                  00005a80    00000038                                   : memory.c.obj (.text:minit)
                  00005ab8    00000038                                   : fs_tod_t2.asm.obj (.text)
                  00005af0    00000036                                   : strncpy.c.obj (.text:strncpy)
                  00005b26    00000002     --HOLE-- [fill = 0]
                  00005b28    00000034     msp432p4xx_driverlib.lib : cs.o (.text:CS_setDCOCenteredFrequency)
                  00005b5c    00000034                              : uart.o (.text:UART_transmitData)
                  00005b90    00000034     rtsv7M4_T_le_v4SPD16_eabi.lib : fopen.c.obj (.text:__TI_cleanup)
                  00005bc4    00000034                                   : trgmsg.c.obj (.text:__TI_readmsg)
                  00005bf8    00000030     msp432p4xx_driverlib.lib : adc14.o (.text:ADC14_disableInterrupt)
                  00005c28    00000030                              : adc14.o (.text:ADC14_enableInterrupt)
                  00005c58    00000030                              : adc14.o (.text:ADC14_setSampleHoldTime)
                  00005c88    00000030                              : cs.o (.text:CS_setReferenceOscillatorFrequency)
                  00005cb8    00000030     rtsv7M4_T_le_v4SPD16_eabi.lib : getdevice.c.obj (.text:finddevice)
                  00005ce8    0000002e                                   : i_tofd_t2.asm.obj (.text)
                  00005d16    00000002     --HOLE-- [fill = 0]
                  00005d18    0000002c                                   : unlink.c.obj (.text:unlink)
                  00005d44    00000028     msp432p4xx_driverlib.lib : adc14.o (.text:ADC14_enableConversion)
                  00005d6c    00000028     adc_FFT_Multi_Trigger.obj (.text:EUSCIA0_IRQHandler)
                  00005d94    00000028     msp432p4xx_driverlib.lib : gpio.o (.text:GPIO_setOutputHighOnPin)
                  00005dbc    00000028                              : gpio.o (.text:GPIO_setOutputLowOnPin)
                  00005de4    00000028     rtsv7M4_T_le_v4SPD16_eabi.lib : lseek.c.obj (.text:lseek)
                  00005e0c    00000028                                   : memory.c.obj (.text:mremove)
                  00005e34    00000028                                   : write.c.obj (.text:write)
                  00005e5c    00000026     adc_FFT_Multi_Trigger.obj (.text:max_index)
                  00005e82    00000002     --HOLE-- [fill = 0]
                  00005e84    00000020     msp432p4xx_driverlib.lib : adc14.o (.text:ADC14_setResolution)
                  00005ea4    00000020     rtsv7M4_T_le_v4SPD16_eabi.lib : memchr.c.obj (.text:memchr)
                  00005ec4    00000020     adc_FFT_Multi_Trigger.obj (.text:sendReading)
                  00005ee4    0000001e     adc_FFT_Multi_Trigger.obj (.text:PORT1_IRQHandler)
                  00005f02    00000002     --HOLE-- [fill = 0]
                  00005f04    0000001c     msp432p4xx_driverlib.lib : adc14.o (.text:ADC14_disableModule)
                  00005f20    0000001c     adc_FFT_Multi_Trigger.obj (.text:max)
                  00005f3c    0000001c     rtsv7M4_T_le_v4SPD16_eabi.lib : memccpy.c.obj (.text:memccpy)
                  00005f58    00000018                                   : strcmp.c.obj (.text:strcmp)
                  00005f70    00000016                                   : strchr.c.obj (.text:strchr)
                  00005f86    00000014                                   : s_copysign.c.obj (.text:copysign)
                  00005f9a    00000014                                   : strcpy.c.obj (.text:strcpy)
                  00005fae    00000014                                   : strlen.c.obj (.text:strlen)
                  00005fc2    00000012                                   : copy_zero_init.c.obj (.text:decompress:ZI:__TI_zero_init_nomemset:__TI_zero_init_nomemset)
                  00005fd4    00000012                                   : wcslen.c.obj (.text:wcslen)
                  00005fe6    00000002     --HOLE-- [fill = 0]
                  00005fe8    00000010     msp432p4xx_driverlib.lib : adc14.o (.text:ADC14_disableConversion)
                  00005ff8    00000010                              : adc14.o (.text:ADCIsConversionRunning)
                  00006008    0000000e     rtsv7M4_T_le_v4SPD16_eabi.lib : copy_decompress_none.c.obj (.text:decompress:none:__TI_decompress_none)
                  00006016    00000002     --HOLE-- [fill = 0]
                  00006018    0000000c     msp432p4xx_driverlib.lib : adc14.o (.text:ADC14_enableModule)
                  00006024    0000000c     startup_msp432p401r_ccs.obj (.text:Reset_Handler)
                  00006030    00000008     rtsv7M4_T_le_v4SPD16_eabi.lib : errno.c.obj (.text:__aeabi_errno_addr)
                  00006038    00000006     kiss_fft.obj (.text:kiss_fft)
                  0000603e    00000004     rtsv7M4_T_le_v4SPD16_eabi.lib : fprintf.c.obj (.text:_outc)
                  00006042    00000004                                   : fprintf.c.obj (.text:_outs)
                  00006046    00000004                                   : pre_init.c.obj (.text:_system_pre_init)
                  0000604a    00000004                                   : exit.c.obj (.text:abort:abort)

.const     0    00006050    000004e8     
                  00006050    00000180     QmathLib_CCS_MSP432.lib : _QNtables.obj (.const:_Q16sqrt_coeffs)
                  000061d0    00000158     rtsv7M4_T_le_v4SPD16_eabi.lib : k_rem_pio2.c.obj (.const:$O1$$)
                  00006328    00000101                                   : ctype.c.obj (.const:.string:_ctypes_)
                  00006429    00000003     --HOLE-- [fill = 0]
                  0000642c    00000080     msp432p4xx_driverlib.lib : adc14.o (.const:_ctlRegs)
                  000064ac    00000030                              : gpio.o (.const:GPIO_PORT_TO_BASE)
                  000064dc    00000024     adc_FFT_Multi_Trigger.obj (.const:uartConfig)
                  00006500    00000018     adc_FFT_Multi_Trigger.obj (.const:upModeConfig)
                  00006518    00000010     adc_FFT_Multi_Trigger.obj (.const:compareConfig)
                  00006528    00000008     msp432p4xx_driverlib.lib : interrupt.o (.const:g_pulDisRegs)
                  00006530    00000008                              : interrupt.o (.const:g_pulEnRegs)

.cinit     0    00006538    00000098     
                  00006538    00000070     (.cinit..data.load) [load image, compression = lzss]
                  000065a8    0000000c     (__TI_handler_table)
                  000065b4    00000004     --HOLE-- [fill = 0]
                  000065b8    00000008     (.cinit..bss.load) [load image, compression = zero_init]
                  000065c0    00000010     (__TI_cinit_table)

.init_array 
*          0    00000000    00000000     UNINITIALIZED

.binit     0    00000000    00000000     

.sysmem    0    20000000    00006568     UNINITIALIZED
                  20000000    00000008     rtsv7M4_T_le_v4SPD16_eabi.lib : memory.c.obj (.sysmem)
                  20000008    00006560     --HOLE--

.data      0    20006568    000001f0     UNINITIALIZED
                  20006568    000000f0     rtsv7M4_T_le_v4SPD16_eabi.lib : defs.c.obj (.data:_ftable)
                  20006658    00000078                                   : write.c.obj (.data:_device)
                  200066d0    00000050                                   : write.c.obj (.data:_stream)
                  20006720    00000010                                   : defs.c.obj (.data)
                  20006730    0000000c                                   : exit.c.obj (.data:$O1$$)
                  2000673c    0000000c                                   : memory.c.obj (.data:$O1$$)
                  20006748    00000008                                   : _lock.c.obj (.data:$O1$$)
                  20006750    00000004     adc_FFT_Multi_Trigger.obj (.data)
                  20006754    00000004     rtsv7M4_T_le_v4SPD16_eabi.lib : errno.c.obj (.data)

.bss       0    20006758    000001cc     UNINITIALIZED
                  20006758    00000120     rtsv7M4_T_le_v4SPD16_eabi.lib : trgmsg.c.obj (.bss:_CIOBUF_)
                  20006878    000000a0     (.common:__TI_tmpnams)
                  20006918    00000008     (.common:parmbuf)
                  20006920    00000004     (.common:information_bytes)

.stack     0    2000f800    00000800     UNINITIALIZED
                  2000f800    00000004     rtsv7M4_T_le_v4SPD16_eabi.lib : boot_cortex_m.c.obj (.stack)
                  2000f804    000007fc     --HOLE--

MODULE SUMMARY

       Module                        code    ro data   rw data
       ------                        ----    -------   -------
    .\
       adc_FFT_Multi_Trigger.obj     1434    76        16     
       system_msp432p401r.obj        100     0         0      
    +--+-----------------------------+-------+---------+---------+
       Total:                        1534    76        16     
                                                              
    .\ccs\
       startup_msp432p401r_ccs.obj   14      228       0      
    +--+-----------------------------+-------+---------+---------+
       Total:                        14      228       0      
                                                              
    .\kissFFT\
       kiss_fft.obj                  3368    0         0      
       kiss_fftr.obj                 804     0         0      
    +--+-----------------------------+-------+---------+---------+
       Total:                        4172    0         0      
                                                              
    C:/ti/simplelink_msp432p4_sdk_2_20_00_12/source/ti/devices/msp432p4xx/driverlib/ccs/msp432p4xx_driverlib.lib
       adc14.o                       1048    128       0      
       interrupt.o                   256     16        0      
       gpio.o                        144     48        0      
       cs.o                          100     0         0      
       uart.o                        52      0         0      
    +--+-----------------------------+-------+---------+---------+
       Total:                        1600    192       0      
                                                              
    C:/ti/simplelink_msp432p4_sdk_2_20_00_12/source/ti/iqmathlib/ccs/QmathLib_CCS_MSP432.lib
       _QNtables.obj                 0       384       0      
       _QNsqrt.obj                   216     0         0      
    +--+-----------------------------+-------+---------+---------+
       Total:                        216     384       0      
                                                              
    C:\ti\ccsv8\tools\compiler\ti-cgt-arm_18.1.2.LTS\lib\rtsv7M4_T_le_v4SPD16_eabi.lib
       _printfi.c.obj                4863    0         0      
       k_rem_pio2.c.obj              1848    344       0      
       s_cos.c.obj                   1500    0         0      
       s_sin.c.obj                   1476    0         0      
       defs.c.obj                    0       0         832    
       trgmsg.c.obj                  108     0         576    
       memory.c.obj                  492     0         24     
       write.c.obj                   40      0         400    
       fd_add_t2.asm.obj             438     0         0      
       k_sin.c.obj                   372     0         0      
       k_cos.c.obj                   364     0         0      
       e_sqrt.c.obj                  344     0         0      
       fd_div_t2.asm.obj             310     0         0      
       fputs.c.obj                   276     0         0      
       s_scalbn.c.obj                272     0         0      
       fd_cmp_t2.asm.obj             268     0         0      
       ctype.c.obj                   0       257       0      
       fd_mul_t2.asm.obj             252     0         0      
       s_floor.c.obj                 248     0         0      
       setvbuf.c.obj                 220     0         0      
       memcpy_t2.asm.obj             156     0         0      
       ull_div_t2.asm.obj            150     0         0      
       fputc.c.obj                   140     0         0      
       memset_t2.asm.obj             122     0         0      
       fclose.c.obj                  116     0         0      
       getdevice.c.obj               116     0         0      
       hostopen.c.obj                96      0         16     
       fd_tos_t2.asm.obj             110     0         0      
       fprintf.c.obj                 108     0         0      
       copy_decompress_lzss.c.obj    104     0         0      
       hostlseek.c.obj               104     0         0      
       hostrename.c.obj              104     0         0      
       exit.c.obj                    76      0         24     
       fseek.c.obj                   100     0         0      
       s_frexp.c.obj                 100     0         0      
       _io_perm.c.obj                98      0         0      
       close.c.obj                   92      0         0      
       hostread.c.obj                88      0         0      
       hostwrite.c.obj               88      0         0      
       ltoa.c.obj                    84      0         0      
       atoi.c.obj                    76      0         0      
       fflush.c.obj                  76      0         0      
       fd_toi_t2.asm.obj             72      0         0      
       autoinit.c.obj                68      0         0      
       hostclose.c.obj               68      0         0      
       hostunlink.c.obj              68      0         0      
       boot_cortex_m.c.obj           56      0         0      
       fs_tod_t2.asm.obj             56      0         0      
       strncpy.c.obj                 54      0         0      
       fopen.c.obj                   52      0         0      
       i_tofd_t2.asm.obj             46      0         0      
       unlink.c.obj                  44      0         0      
       lseek.c.obj                   40      0         0      
       memchr.c.obj                  32      0         0      
       memccpy.c.obj                 28      0         0      
       strcmp.c.obj                  24      0         0      
       strchr.c.obj                  22      0         0      
       s_copysign.c.obj              20      0         0      
       strcpy.c.obj                  20      0         0      
       strlen.c.obj                  20      0         0      
       _lock.c.obj                   2       0         16     
       copy_zero_init.c.obj          18      0         0      
       wcslen.c.obj                  18      0         0      
       errno.c.obj                   8       0         8      
       copy_decompress_none.c.obj    14      0         0      
       pre_init.c.obj                4       0         0      
       div0.asm.obj                  2       0         0      
    +--+-----------------------------+-------+---------+---------+
       Total:                        16851   601       1896   
                                                              
       Heap:                         0       0         51920  
       Stack:                        0       0         4096   
       Linker Generated:             0       148       0      
    +--+-----------------------------+-------+---------+---------+
       Grand Total:                  24387   1629      57928  


LINKER GENERATED COPY TABLES

__TI_cinit_table @ 000065c0 records: 2, size/record: 8, table size: 16
	.data: load addr=00006538, load size=00000070 bytes, run addr=20006568, run size=000001f0 bytes, compression=lzss
	.bss: load addr=000065b8, load size=00000008 bytes, run addr=20006758, run size=000001cc bytes, compression=zero_init


LINKER GENERATED HANDLER TABLE

__TI_handler_table @ 000065a8 records: 3, size/record: 4, table size: 12
	index: 0, handler: __TI_decompress_lzss
	index: 1, handler: __TI_decompress_none
	index: 2, handler: __TI_zero_init


GLOBAL SYMBOLS: SORTED ALPHABETICALLY BY Name 

address   name                              
-------   ----                              
00005389  ADC14_IRQHandler                  
00005389  ADC14_IRQHandler                  
000046c5  ADC14_configureConversionMemory   
000053e1  ADC14_configureSingleSampleMode   
00005fe9  ADC14_disableConversion           
00005bf9  ADC14_disableInterrupt            
00005f05  ADC14_disableModule               
00005d45  ADC14_enableConversion            
00005c29  ADC14_enableInterrupt             
00006019  ADC14_enableModule                
00005595  ADC14_initModule                  
00005e85  ADC14_setResolution               
00005c59  ADC14_setSampleHoldTime           
00005729  ADC14_setSampleHoldTrigger        
00000b47  AES256_IRQHandler                 
00000b47  BusFault_Handler                  
0000604b  C$$EXIT                           
00005a3f  C$$IO$$                           
00000b47  COMP_E0_IRQHandler                
00000b47  COMP_E1_IRQHandler                
00000b47  CS_IRQHandler                     
00005b29  CS_setDCOCenteredFrequency        
00005c89  CS_setReferenceOscillatorFrequency
00000b47  DMA_ERR_IRQHandler                
00000b47  DMA_INT0_IRQHandler               
00000b47  DMA_INT1_IRQHandler               
00000b47  DMA_INT2_IRQHandler               
00000b47  DMA_INT3_IRQHandler               
00000b47  DebugMon_Handler                  
00000b47  Default_Handler                   
00005d6d  EUSCIA0_IRQHandler                
00005d6d  EUSCIA0_IRQHandler                
00000b47  EUSCIA1_IRQHandler                
00000b47  EUSCIA2_IRQHandler                
00000b47  EUSCIA3_IRQHandler                
00000b47  EUSCIB0_IRQHandler                
00000b47  EUSCIB1_IRQHandler                
00000b47  EUSCIB2_IRQHandler                
00000b47  EUSCIB3_IRQHandler                
00000b47  FLCTL_IRQHandler                  
00000b47  FPU_IRQHandler                    
00005955  GPIO_setAsOutputPin               
00005d95  GPIO_setOutputHighOnPin           
00005dbd  GPIO_setOutputLowOnPin            
00005801  HOSTclose                         
00004edd  HOSTlseek                         
00005271  HOSTopen                          
00005439  HOSTread                          
00004f45  HOSTrename                        
00005845  HOSTunlink                        
00005491  HOSTwrite                         
00000b47  HardFault_Handler                 
00004a35  Interrupt_disableInterrupt        
00004ab5  Interrupt_enableInterrupt         
00000b47  MemManage_Handler                 
00000b47  NMI_Handler                       
00000b47  PCM_IRQHandler                    
00005ee5  PORT1_IRQHandler                  
00005ee5  PORT1_IRQHandler                  
00000b47  PORT2_IRQHandler                  
00000b47  PORT3_IRQHandler                  
00000b47  PORT4_IRQHandler                  
00000b47  PORT5_IRQHandler                  
00000b47  PORT6_IRQHandler                  
00000b47  PSS_IRQHandler                    
00000b47  PendSV_Handler                    
00005015  RMS                               
00000b47  RTC_C_IRQHandler                  
00006025  Reset_Handler                     
00004b35  STD                               
00000b47  SVC_Handler                       
00000b47  SysTick_Handler                   
0000507d  SystemInit                        
00000b47  T32_INT1_IRQHandler               
00000b47  T32_INT2_IRQHandler               
00000b47  T32_INTC_IRQHandler               
00000b47  TA0_0_IRQHandler                  
00000b47  TA0_N_IRQHandler                  
00000b47  TA1_0_IRQHandler                  
00000b47  TA1_N_IRQHandler                  
00000b47  TA2_0_IRQHandler                  
00000b47  TA2_N_IRQHandler                  
00000b47  TA3_0_IRQHandler                  
00000b47  TA3_N_IRQHandler                  
00005b5d  UART_transmitData                 
00000b47  UsageFault_Handler                
4000480c  WDTCTL_SYM                        
00000b47  WDT_A_IRQHandler                  
00006050  _Q16sqrt_coeffs                   
000042d1  _Qmag                             
20006758  __CIOBUF_                         
20010000  __STACK_END                       
00000800  __STACK_SIZE                      
00006568  __SYSMEM_SIZE                     
000065c0  __TI_CINIT_Base                   
000065d0  __TI_CINIT_Limit                  
000065a8  __TI_Handler_Table_Base           
000065b4  __TI_Handler_Table_Limit          
00005889  __TI_auto_init_nobinit_nopinit    
00005b91  __TI_cleanup                      
20006730  __TI_cleanup_ptr                  
00004d1d  __TI_closefile                    
00004fad  __TI_decompress_lzss              
00006009  __TI_decompress_none              
0000568f  __TI_doflush                      
20006734  __TI_dtors_ptr                    
20006738  __TI_enable_exit_profile_output   
20006720  __TI_ft_end                       
ffffffff  __TI_pprof_out_hndl               
000000e9  __TI_printfi                      
ffffffff  __TI_prof_data_size               
ffffffff  __TI_prof_data_start              
00005bc5  __TI_readmsg                      
00000000  __TI_static_base__                
20006878  __TI_tmpnams                      
00005a11  __TI_writemsg                     
0000520d  __TI_wrt_ok                       
00005fc3  __TI_zero_init_nomemset           
00004929  __aeabi_cdcmpeq                   
00004929  __aeabi_cdcmple                   
000049af  __aeabi_cdrcmple                  
00004e6d  __aeabi_d2f                       
000057b9  __aeabi_d2iz                      
00002dbb  __aeabi_dadd                      
00003961  __aeabi_ddiv                      
00004001  __aeabi_dmul                      
00002db1  __aeabi_dsub                      
00006031  __aeabi_errno_addr                
00005ab9  __aeabi_f2d                       
00005ce9  __aeabi_i2d                       
0000279b  __aeabi_idiv0                     
0000279b  __aeabi_ldiv0                     
00004bb3  __aeabi_memclr                    
00004bb3  __aeabi_memclr4                   
00004bb3  __aeabi_memclr8                   
00004769  __aeabi_memcpy                    
00004769  __aeabi_memcpy4                   
00004769  __aeabi_memcpy8                   
00004bb5  __aeabi_memset                    
00004bb5  __aeabi_memset4                   
00004bb5  __aeabi_memset8                   
2000672c  __aeabi_stderr                    
20006724  __aeabi_stdin                     
20006728  __aeabi_stdout                    
00004805  __aeabi_uldivmod                  
ffffffff  __binit__                         
ffffffff  __c_args__                        
00003401  __kernel_cos                      
00000b49  __kernel_rem_pio2                 
0000328d  __kernel_sin                      
UNDEFED   __mpu_init                        
2000f800  __stack                           
00005a49  _c_int00_noargs                   
00006328  _ctypes_                          
20006658  _device                           
20006568  _ftable                           
20006748  _lock                             
0000227b  _nop                              
200066d0  _stream                           
20000000  _sys_memory                       
UNDEFED   _system_post_cinit                
00006047  _system_pre_init                  
2000674c  _unlock                           
0000604b  abort                             
000056dd  atoi                              
000052d1  average_preprocess                
ffffffff  binit                             
000058cd  calc_mean                         
0000532d  close                             
00006518  compareConfig                     
00004ca5  configure_analog                  
00005f87  copysign                          
00005f87  copysignl                         
00001281  cos                               
00001281  cosl                              
20006753  enableReads                       
20006754  errno                             
00005771  exit                              
00005cb9  finddevice                        
000040fd  floor                             
000040fd  floorl                            
000050e1  fprintf                           
0000489d  fputc                             
00003cd1  fputs                             
000043a9  free                              
00005145  frexp                             
00005145  frexpl                            
000051a9  fseek                             
00005911  getdevice                         
20006920  information_bytes                 
00000000  interruptVectors                  
00006039  kiss_fft                          
00003ef5  kiss_fft_alloc                    
0000553f  kiss_fft_stride                   
00002f69  kiss_fftr                         
00003111  kiss_fftr_alloc                   
00003de5  ldexp                             
00003de5  ldexpl                            
00005de5  lseek                             
000055e9  ltoa                              
0000227d  main                              
00004c2d  malloc                            
00005f21  max                               
00005e5d  max_index                         
00005f3d  memccpy                           
00005ea5  memchr                            
00004769  memcpy                            
00004bbb  memset                            
00005a81  minit                             
20006918  parmbuf                           
0000489d  putc                              
00005d19  remove                            
20006750  resPos                            
00003de5  scalbn                            
00003de5  scalbnl                           
00005ec5  sendReading                       
000041f5  setvbuf                           
0000185d  sin                               
0000185d  sinl                              
000036cd  sqrt                              
000036cd  sqrtl                             
20006752  stateCounter                      
00005f71  strchr                            
00005f59  strcmp                            
00005f9b  strcpy                            
00005faf  strlen                            
00005af1  strncpy                           
000064dc  uartConfig                        
00005d19  unlink                            
00006500  upModeConfig                      
00005fd5  wcslen                            
00005e35  write                             


GLOBAL SYMBOLS: SORTED BY Symbol Address 

address   name                              
-------   ----                              
00000000  __TI_static_base__                
00000000  interruptVectors                  
000000e9  __TI_printfi                      
00000800  __STACK_SIZE                      
00000b47  AES256_IRQHandler                 
00000b47  BusFault_Handler                  
00000b47  COMP_E0_IRQHandler                
00000b47  COMP_E1_IRQHandler                
00000b47  CS_IRQHandler                     
00000b47  DMA_ERR_IRQHandler                
00000b47  DMA_INT0_IRQHandler               
00000b47  DMA_INT1_IRQHandler               
00000b47  DMA_INT2_IRQHandler               
00000b47  DMA_INT3_IRQHandler               
00000b47  DebugMon_Handler                  
00000b47  Default_Handler                   
00000b47  EUSCIA1_IRQHandler                
00000b47  EUSCIA2_IRQHandler                
00000b47  EUSCIA3_IRQHandler                
00000b47  EUSCIB0_IRQHandler                
00000b47  EUSCIB1_IRQHandler                
00000b47  EUSCIB2_IRQHandler                
00000b47  EUSCIB3_IRQHandler                
00000b47  FLCTL_IRQHandler                  
00000b47  FPU_IRQHandler                    
00000b47  HardFault_Handler                 
00000b47  MemManage_Handler                 
00000b47  NMI_Handler                       
00000b47  PCM_IRQHandler                    
00000b47  PORT2_IRQHandler                  
00000b47  PORT3_IRQHandler                  
00000b47  PORT4_IRQHandler                  
00000b47  PORT5_IRQHandler                  
00000b47  PORT6_IRQHandler                  
00000b47  PSS_IRQHandler                    
00000b47  PendSV_Handler                    
00000b47  RTC_C_IRQHandler                  
00000b47  SVC_Handler                       
00000b47  SysTick_Handler                   
00000b47  T32_INT1_IRQHandler               
00000b47  T32_INT2_IRQHandler               
00000b47  T32_INTC_IRQHandler               
00000b47  TA0_0_IRQHandler                  
00000b47  TA0_N_IRQHandler                  
00000b47  TA1_0_IRQHandler                  
00000b47  TA1_N_IRQHandler                  
00000b47  TA2_0_IRQHandler                  
00000b47  TA2_N_IRQHandler                  
00000b47  TA3_0_IRQHandler                  
00000b47  TA3_N_IRQHandler                  
00000b47  UsageFault_Handler                
00000b47  WDT_A_IRQHandler                  
00000b49  __kernel_rem_pio2                 
00001281  cos                               
00001281  cosl                              
0000185d  sin                               
0000185d  sinl                              
0000227b  _nop                              
0000227d  main                              
0000279b  __aeabi_idiv0                     
0000279b  __aeabi_ldiv0                     
00002db1  __aeabi_dsub                      
00002dbb  __aeabi_dadd                      
00002f69  kiss_fftr                         
00003111  kiss_fftr_alloc                   
0000328d  __kernel_sin                      
00003401  __kernel_cos                      
000036cd  sqrt                              
000036cd  sqrtl                             
00003961  __aeabi_ddiv                      
00003cd1  fputs                             
00003de5  ldexp                             
00003de5  ldexpl                            
00003de5  scalbn                            
00003de5  scalbnl                           
00003ef5  kiss_fft_alloc                    
00004001  __aeabi_dmul                      
000040fd  floor                             
000040fd  floorl                            
000041f5  setvbuf                           
000042d1  _Qmag                             
000043a9  free                              
000046c5  ADC14_configureConversionMemory   
00004769  __aeabi_memcpy                    
00004769  __aeabi_memcpy4                   
00004769  __aeabi_memcpy8                   
00004769  memcpy                            
00004805  __aeabi_uldivmod                  
0000489d  fputc                             
0000489d  putc                              
00004929  __aeabi_cdcmpeq                   
00004929  __aeabi_cdcmple                   
000049af  __aeabi_cdrcmple                  
00004a35  Interrupt_disableInterrupt        
00004ab5  Interrupt_enableInterrupt         
00004b35  STD                               
00004bb3  __aeabi_memclr                    
00004bb3  __aeabi_memclr4                   
00004bb3  __aeabi_memclr8                   
00004bb5  __aeabi_memset                    
00004bb5  __aeabi_memset4                   
00004bb5  __aeabi_memset8                   
00004bbb  memset                            
00004c2d  malloc                            
00004ca5  configure_analog                  
00004d1d  __TI_closefile                    
00004e6d  __aeabi_d2f                       
00004edd  HOSTlseek                         
00004f45  HOSTrename                        
00004fad  __TI_decompress_lzss              
00005015  RMS                               
0000507d  SystemInit                        
000050e1  fprintf                           
00005145  frexp                             
00005145  frexpl                            
000051a9  fseek                             
0000520d  __TI_wrt_ok                       
00005271  HOSTopen                          
000052d1  average_preprocess                
0000532d  close                             
00005389  ADC14_IRQHandler                  
00005389  ADC14_IRQHandler                  
000053e1  ADC14_configureSingleSampleMode   
00005439  HOSTread                          
00005491  HOSTwrite                         
0000553f  kiss_fft_stride                   
00005595  ADC14_initModule                  
000055e9  ltoa                              
0000568f  __TI_doflush                      
000056dd  atoi                              
00005729  ADC14_setSampleHoldTrigger        
00005771  exit                              
000057b9  __aeabi_d2iz                      
00005801  HOSTclose                         
00005845  HOSTunlink                        
00005889  __TI_auto_init_nobinit_nopinit    
000058cd  calc_mean                         
00005911  getdevice                         
00005955  GPIO_setAsOutputPin               
00005a11  __TI_writemsg                     
00005a3f  C$$IO$$                           
00005a49  _c_int00_noargs                   
00005a81  minit                             
00005ab9  __aeabi_f2d                       
00005af1  strncpy                           
00005b29  CS_setDCOCenteredFrequency        
00005b5d  UART_transmitData                 
00005b91  __TI_cleanup                      
00005bc5  __TI_readmsg                      
00005bf9  ADC14_disableInterrupt            
00005c29  ADC14_enableInterrupt             
00005c59  ADC14_setSampleHoldTime           
00005c89  CS_setReferenceOscillatorFrequency
00005cb9  finddevice                        
00005ce9  __aeabi_i2d                       
00005d19  remove                            
00005d19  unlink                            
00005d45  ADC14_enableConversion            
00005d6d  EUSCIA0_IRQHandler                
00005d6d  EUSCIA0_IRQHandler                
00005d95  GPIO_setOutputHighOnPin           
00005dbd  GPIO_setOutputLowOnPin            
00005de5  lseek                             
00005e35  write                             
00005e5d  max_index                         
00005e85  ADC14_setResolution               
00005ea5  memchr                            
00005ec5  sendReading                       
00005ee5  PORT1_IRQHandler                  
00005ee5  PORT1_IRQHandler                  
00005f05  ADC14_disableModule               
00005f21  max                               
00005f3d  memccpy                           
00005f59  strcmp                            
00005f71  strchr                            
00005f87  copysign                          
00005f87  copysignl                         
00005f9b  strcpy                            
00005faf  strlen                            
00005fc3  __TI_zero_init_nomemset           
00005fd5  wcslen                            
00005fe9  ADC14_disableConversion           
00006009  __TI_decompress_none              
00006019  ADC14_enableModule                
00006025  Reset_Handler                     
00006031  __aeabi_errno_addr                
00006039  kiss_fft                          
00006047  _system_pre_init                  
0000604b  C$$EXIT                           
0000604b  abort                             
00006050  _Q16sqrt_coeffs                   
00006328  _ctypes_                          
000064dc  uartConfig                        
00006500  upModeConfig                      
00006518  compareConfig                     
00006568  __SYSMEM_SIZE                     
000065a8  __TI_Handler_Table_Base           
000065b4  __TI_Handler_Table_Limit          
000065c0  __TI_CINIT_Base                   
000065d0  __TI_CINIT_Limit                  
20000000  _sys_memory                       
20006568  _ftable                           
20006658  _device                           
200066d0  _stream                           
20006720  __TI_ft_end                       
20006724  __aeabi_stdin                     
20006728  __aeabi_stdout                    
2000672c  __aeabi_stderr                    
20006730  __TI_cleanup_ptr                  
20006734  __TI_dtors_ptr                    
20006738  __TI_enable_exit_profile_output   
20006748  _lock                             
2000674c  _unlock                           
20006750  resPos                            
20006752  stateCounter                      
20006753  enableReads                       
20006754  errno                             
20006758  __CIOBUF_                         
20006878  __TI_tmpnams                      
20006918  parmbuf                           
20006920  information_bytes                 
2000f800  __stack                           
20010000  __STACK_END                       
4000480c  WDTCTL_SYM                        
ffffffff  __TI_pprof_out_hndl               
ffffffff  __TI_prof_data_size               
ffffffff  __TI_prof_data_start              
ffffffff  __binit__                         
ffffffff  __c_args__                        
ffffffff  binit                             
UNDEFED   __mpu_init                        
UNDEFED   _system_post_cinit                

[232 symbols]
