******************************************************************************
                  TI ARM Linker PC v18.1.2                     
******************************************************************************
>> Linked Sun Aug 19 12:22:05 2018

OUTPUT FILE NAME:   <adc_FFT_uart.out>
ENTRY POINT SYMBOL: "_c_int00_noargs"  address: 00005a19


MEMORY CONFIGURATION

         name            origin    length      used     unused   attr    fill
----------------------  --------  ---------  --------  --------  ----  --------
  MAIN                  00000000   00040000  0000656e  00039a92  R  X
  INFO                  00200000   00004000  00000000  00004000  R  X
  SRAM_CODE             01000000   00010000  00007124  00008edc  RW X
  SRAM_DATA             20000000   00010000  00007124  00008edc  RW  


SEGMENT ALLOCATION MAP

run origin  load origin   length   init length attrs members
----------  ----------- ---------- ----------- ----- -------
00000000    00000000    00006578   00006578    r-x
  00000000    00000000    000000e4   000000e4    r-- .intvecs
  000000e8    000000e8    00005f0a   00005f0a    r-x .text
  00005ff8    00005ff8    000004e8   000004e8    r-- .const
  000064e0    000064e0    00000098   00000098    r-- .cinit
20000000    20000000    00006924   00000000    rw-
  20000000    20000000    00006568   00000000    rw- .sysmem
  20006568    20006568    000001f0   00000000    rw- .data
  20006758    20006758    000001cc   00000000    rw- .bss
2000f800    2000f800    00000800   00000000    rw-
  2000f800    2000f800    00000800   00000000    rw- .stack


SECTION ALLOCATION MAP

 output                                  attributes/
section   page    origin      length       input sections
--------  ----  ----------  ----------   ----------------
.intvecs   0    00000000    000000e4     
                  00000000    000000e4     startup_msp432p401r_ccs.obj (.intvecs:retain)

.text      0    000000e8    00005f0a     
                  000000e8    00000a5e     rtsv7M4_T_le_v4SPD16_eabi.lib : _printfi.c.obj (.text:__TI_printfi)
                  00000b46    00000002     startup_msp432p401r_ccs.obj (.text:Default_Handler)
                  00000b48    00000738     rtsv7M4_T_le_v4SPD16_eabi.lib : k_rem_pio2.c.obj (.text:__kernel_rem_pio2)
                  00001280    000005dc                                   : s_cos.c.obj (.text:cos)
                  0000185c    000005c4                                   : s_sin.c.obj (.text:sin)
                  00001e20    0000045a     kiss_fft.obj (.text:kf_bfly5)
                  0000227a    0000027e     kiss_fft.obj (.text:kf_bfly4)
                  000024f8    00000270     rtsv7M4_T_le_v4SPD16_eabi.lib : _printfi.c.obj (.text:_pconv_a)
                  00002768    00000270     adc_FFT_uart.obj (.text:main)
                  000029d8    000001d4     kiss_fft.obj (.text:kf_bfly3)
                  00002bac    000001d0     rtsv7M4_T_le_v4SPD16_eabi.lib : _printfi.c.obj (.text:_pconv_g)
                  00002d7c    000001b6                                   : fd_add_t2.asm.obj (.text)
                  00002f32    00000002                                   : _lock.c.obj (.text:_nop)
                  00002f34    000001a8     kiss_fftr.obj (.text:kiss_fftr)
                  000030dc    0000017c     kiss_fftr.obj (.text:kiss_fftr_alloc)
                  00003258    00000174     rtsv7M4_T_le_v4SPD16_eabi.lib : k_sin.c.obj (.text:__kernel_sin)
                  000033cc    0000016c                                   : k_cos.c.obj (.text:__kernel_cos)
                  00003538    00000160     msp432p4xx_driverlib.lib : adc14.o (.text:_getIndexForMemRegister)
                  00003698    00000158     rtsv7M4_T_le_v4SPD16_eabi.lib : e_sqrt.c.obj (.text:sqrt)
                  000037f0    0000013c                                   : _printfi.c.obj (.text:_pconv_e)
                  0000392c    00000136                                   : fd_div_t2.asm.obj (.text)
                  00003a62    00000002                                   : div0.asm.obj (.text)
                  00003a64    00000120                                   : _printfi.c.obj (.text:fcvt)
                  00003b84    00000118     kiss_fft.obj (.text:kf_bfly_generic)
                  00003c9c    00000114     rtsv7M4_T_le_v4SPD16_eabi.lib : fputs.c.obj (.text:fputs)
                  00003db0    00000110                                   : s_scalbn.c.obj (.text:scalbn)
                  00003ec0    0000010c     kiss_fft.obj (.text:kiss_fft_alloc)
                  00003fcc    000000fc     rtsv7M4_T_le_v4SPD16_eabi.lib : fd_mul_t2.asm.obj (.text)
                  000040c8    000000f8                                   : s_floor.c.obj (.text:floor)
                  000041c0    000000dc                                   : setvbuf.c.obj (.text:setvbuf)
                  0000429c    00000004                                   : fprintf.c.obj (.text:_outc)
                  000042a0    000000d8     QmathLib_CCS_MSP432.lib : _QNsqrt.obj (.text:_Qmag)
                  00004378    000000d8     rtsv7M4_T_le_v4SPD16_eabi.lib : memory.c.obj (.text:free)
                  00004450    000000ce     kiss_fft.obj (.text:kf_work)
                  0000451e    000000c0     kiss_fft.obj (.text:kf_bfly2)
                  000045de    00000002     --HOLE-- [fill = 0]
                  000045e0    000000b1     rtsv7M4_T_le_v4SPD16_eabi.lib : _printfi.c.obj (.text:_ltostr)
                  00004691    00000003     --HOLE-- [fill = 0]
                  00004694    000000a4     msp432p4xx_driverlib.lib : adc14.o (.text:ADC14_configureConversionMemory)
                  00004738    0000009c     rtsv7M4_T_le_v4SPD16_eabi.lib : memcpy_t2.asm.obj (.text)
                  000047d4    00000096                                   : ull_div_t2.asm.obj (.text)
                  0000486a    00000002     --HOLE-- [fill = 0]
                  0000486c    0000008c                                   : fputc.c.obj (.text:fputc)
                  000048f8    00000086                                   : fd_cmp_t2.asm.obj (.text:__aeabi_cdcmple)
                  0000497e    00000086                                   : fd_cmp_t2.asm.obj (.text:__aeabi_cdrcmple)
                  00004a04    00000080     msp432p4xx_driverlib.lib : interrupt.o (.text:Interrupt_disableInterrupt)
                  00004a84    00000080                              : interrupt.o (.text:Interrupt_enableInterrupt)
                  00004b04    0000007e     adc_FFT_uart.obj (.text:STD)
                  00004b82    0000007a     rtsv7M4_T_le_v4SPD16_eabi.lib : memset_t2.asm.obj (.text)
                  00004bfc    00000078                                   : memory.c.obj (.text:malloc)
                  00004c74    00000076     adc_FFT_uart.obj (.text:configure_analog)
                  00004cea    00000002     --HOLE-- [fill = 0]
                  00004cec    00000074     rtsv7M4_T_le_v4SPD16_eabi.lib : fclose.c.obj (.text:__TI_closefile)
                  00004d60    0000006e                                   : _printfi.c.obj (.text:_mcpy)
                  00004dce    0000006e     kiss_fft.obj (.text:kf_factor)
                  00004e3c    0000006e     rtsv7M4_T_le_v4SPD16_eabi.lib : fd_tos_t2.asm.obj (.text)
                  00004eaa    00000002     --HOLE-- [fill = 0]
                  00004eac    00000068                                   : hostlseek.c.obj (.text:HOSTlseek)
                  00004f14    00000068                                   : hostrename.c.obj (.text:HOSTrename)
                  00004f7c    00000068                                   : copy_decompress_lzss.c.obj (.text:decompress:lzss:__TI_decompress_lzss)
                  00004fe4    00000066     adc_FFT_uart.obj (.text:RMS)
                  0000504a    00000002     --HOLE-- [fill = 0]
                  0000504c    00000064     system_msp432p401r.obj (.text:SystemInit)
                  000050b0    00000064     rtsv7M4_T_le_v4SPD16_eabi.lib : fprintf.c.obj (.text:fprintf)
                  00005114    00000064                                   : s_frexp.c.obj (.text:frexp)
                  00005178    00000064                                   : fseek.c.obj (.text:fseek)
                  000051dc    00000062                                   : _io_perm.c.obj (.text:__TI_wrt_ok)
                  0000523e    00000002     --HOLE-- [fill = 0]
                  00005240    00000060                                   : hostopen.c.obj (.text:HOSTopen)
                  000052a0    0000005c     adc_FFT_uart.obj (.text:average_preprocess)
                  000052fc    0000005c     rtsv7M4_T_le_v4SPD16_eabi.lib : close.c.obj (.text:close)
                  00005358    00000058     adc_FFT_uart.obj (.text:ADC14_IRQHandler)
                  000053b0    00000058     msp432p4xx_driverlib.lib : adc14.o (.text:ADC14_configureSingleSampleMode)
                  00005408    00000058     rtsv7M4_T_le_v4SPD16_eabi.lib : hostread.c.obj (.text:HOSTread)
                  00005460    00000058                                   : hostwrite.c.obj (.text:HOSTwrite)
                  000054b8    00000056                                   : _printfi.c.obj (.text:_pconv_f)
                  0000550e    00000056     kiss_fft.obj (.text:kiss_fft_stride)
                  00005564    00000054     msp432p4xx_driverlib.lib : adc14.o (.text:ADC14_initModule)
                  000055b8    00000054     rtsv7M4_T_le_v4SPD16_eabi.lib : ltoa.c.obj (.text:ltoa)
                  0000560c    00000052                                   : _printfi.c.obj (.text:_ecpy)
                  0000565e    0000004c                                   : fflush.c.obj (.text:__TI_doflush)
                  000056aa    00000002     --HOLE-- [fill = 0]
                  000056ac    0000004c                                   : atoi.c.obj (.text:atoi)
                  000056f8    00000048     msp432p4xx_driverlib.lib : adc14.o (.text:ADC14_setSampleHoldTrigger)
                  00005740    00000048     rtsv7M4_T_le_v4SPD16_eabi.lib : exit.c.obj (.text:exit)
                  00005788    00000048                                   : fd_toi_t2.asm.obj (.text)
                  000057d0    00000044                                   : hostclose.c.obj (.text:HOSTclose)
                  00005814    00000044                                   : hostunlink.c.obj (.text:HOSTunlink)
                  00005858    00000044                                   : autoinit.c.obj (.text:__TI_auto_init_nobinit_nopinit:__TI_auto_init_nobinit_nopinit)
                  0000589c    00000044     adc_FFT_uart.obj (.text:calc_mean)
                  000058e0    00000044     rtsv7M4_T_le_v4SPD16_eabi.lib : getdevice.c.obj (.text:getdevice)
                  00005924    00000040     msp432p4xx_driverlib.lib : gpio.o (.text:GPIO_setAsOutputPin)
                  00005964    0000003e     rtsv7M4_T_le_v4SPD16_eabi.lib : _printfi.c.obj (.text:_fcpy)
                  000059a2    00000002     --HOLE-- [fill = 0]
                  000059a4    0000003c                                   : memory.c.obj (.text:minsert)
                  000059e0    00000038                                   : trgmsg.c.obj (.text:__TI_writemsg)
                  00005a18    00000038                                   : boot_cortex_m.c.obj (.text:_c_int00_noargs:_c_int00_noargs)
                  00005a50    00000038                                   : memory.c.obj (.text:minit)
                  00005a88    00000038                                   : fs_tod_t2.asm.obj (.text)
                  00005ac0    00000036                                   : strncpy.c.obj (.text:strncpy)
                  00005af6    00000002     --HOLE-- [fill = 0]
                  00005af8    00000034     msp432p4xx_driverlib.lib : cs.o (.text:CS_setDCOCenteredFrequency)
                  00005b2c    00000034                              : uart.o (.text:UART_transmitData)
                  00005b60    00000034     rtsv7M4_T_le_v4SPD16_eabi.lib : fopen.c.obj (.text:__TI_cleanup)
                  00005b94    00000034                                   : trgmsg.c.obj (.text:__TI_readmsg)
                  00005bc8    00000030     msp432p4xx_driverlib.lib : adc14.o (.text:ADC14_disableInterrupt)
                  00005bf8    00000030                              : adc14.o (.text:ADC14_enableInterrupt)
                  00005c28    00000030                              : adc14.o (.text:ADC14_setSampleHoldTime)
                  00005c58    00000030                              : cs.o (.text:CS_setReferenceOscillatorFrequency)
                  00005c88    00000030     rtsv7M4_T_le_v4SPD16_eabi.lib : getdevice.c.obj (.text:finddevice)
                  00005cb8    0000002e                                   : i_tofd_t2.asm.obj (.text)
                  00005ce6    00000002     --HOLE-- [fill = 0]
                  00005ce8    0000002c                                   : unlink.c.obj (.text:unlink)
                  00005d14    00000028     msp432p4xx_driverlib.lib : adc14.o (.text:ADC14_enableConversion)
                  00005d3c    00000028     adc_FFT_uart.obj (.text:EUSCIA0_IRQHandler)
                  00005d64    00000028     msp432p4xx_driverlib.lib : gpio.o (.text:GPIO_setOutputHighOnPin)
                  00005d8c    00000028                              : gpio.o (.text:GPIO_setOutputLowOnPin)
                  00005db4    00000028     rtsv7M4_T_le_v4SPD16_eabi.lib : lseek.c.obj (.text:lseek)
                  00005ddc    00000028                                   : memory.c.obj (.text:mremove)
                  00005e04    00000028                                   : write.c.obj (.text:write)
                  00005e2c    00000020     msp432p4xx_driverlib.lib : adc14.o (.text:ADC14_setResolution)
                  00005e4c    00000020     rtsv7M4_T_le_v4SPD16_eabi.lib : memchr.c.obj (.text:memchr)
                  00005e6c    00000020     adc_FFT_uart.obj (.text:sendReading)
                  00005e8c    0000001e     adc_FFT_uart.obj (.text:PORT1_IRQHandler)
                  00005eaa    00000002     --HOLE-- [fill = 0]
                  00005eac    0000001c     msp432p4xx_driverlib.lib : adc14.o (.text:ADC14_disableModule)
                  00005ec8    0000001c     adc_FFT_uart.obj (.text:max)
                  00005ee4    0000001c     rtsv7M4_T_le_v4SPD16_eabi.lib : memccpy.c.obj (.text:memccpy)
                  00005f00    00000018                                   : strcmp.c.obj (.text:strcmp)
                  00005f18    00000016                                   : strchr.c.obj (.text:strchr)
                  00005f2e    00000014                                   : s_copysign.c.obj (.text:copysign)
                  00005f42    00000014                                   : strcpy.c.obj (.text:strcpy)
                  00005f56    00000014                                   : strlen.c.obj (.text:strlen)
                  00005f6a    00000012                                   : copy_zero_init.c.obj (.text:decompress:ZI:__TI_zero_init_nomemset:__TI_zero_init_nomemset)
                  00005f7c    00000012                                   : wcslen.c.obj (.text:wcslen)
                  00005f8e    00000002     --HOLE-- [fill = 0]
                  00005f90    00000010     msp432p4xx_driverlib.lib : adc14.o (.text:ADC14_disableConversion)
                  00005fa0    00000010                              : adc14.o (.text:ADCIsConversionRunning)
                  00005fb0    0000000e     rtsv7M4_T_le_v4SPD16_eabi.lib : copy_decompress_none.c.obj (.text:decompress:none:__TI_decompress_none)
                  00005fbe    00000002     --HOLE-- [fill = 0]
                  00005fc0    0000000c     msp432p4xx_driverlib.lib : adc14.o (.text:ADC14_enableModule)
                  00005fcc    0000000c     startup_msp432p401r_ccs.obj (.text:Reset_Handler)
                  00005fd8    00000008     rtsv7M4_T_le_v4SPD16_eabi.lib : errno.c.obj (.text:__aeabi_errno_addr)
                  00005fe0    00000006     kiss_fft.obj (.text:kiss_fft)
                  00005fe6    00000004     rtsv7M4_T_le_v4SPD16_eabi.lib : fprintf.c.obj (.text:_outs)
                  00005fea    00000004                                   : pre_init.c.obj (.text:_system_pre_init)
                  00005fee    00000004                                   : exit.c.obj (.text:abort:abort)

.const     0    00005ff8    000004e8     
                  00005ff8    00000180     QmathLib_CCS_MSP432.lib : _QNtables.obj (.const:_Q16sqrt_coeffs)
                  00006178    00000158     rtsv7M4_T_le_v4SPD16_eabi.lib : k_rem_pio2.c.obj (.const:$O1$$)
                  000062d0    00000101                                   : ctype.c.obj (.const:.string:_ctypes_)
                  000063d1    00000003     --HOLE-- [fill = 0]
                  000063d4    00000080     msp432p4xx_driverlib.lib : adc14.o (.const:_ctlRegs)
                  00006454    00000030                              : gpio.o (.const:GPIO_PORT_TO_BASE)
                  00006484    00000024     adc_FFT_uart.obj (.const:uartConfig)
                  000064a8    00000018     adc_FFT_uart.obj (.const:upModeConfig)
                  000064c0    00000010     adc_FFT_uart.obj (.const:compareConfig)
                  000064d0    00000008     msp432p4xx_driverlib.lib : interrupt.o (.const:g_pulDisRegs)
                  000064d8    00000008                              : interrupt.o (.const:g_pulEnRegs)

.cinit     0    000064e0    00000098     
                  000064e0    00000070     (.cinit..data.load) [load image, compression = lzss]
                  00006550    0000000c     (__TI_handler_table)
                  0000655c    00000004     --HOLE-- [fill = 0]
                  00006560    00000008     (.cinit..bss.load) [load image, compression = zero_init]
                  00006568    00000010     (__TI_cinit_table)

.init_array 
*          0    00000000    00000000     UNINITIALIZED

.binit     0    00000000    00000000     

.sysmem    0    20000000    00006568     UNINITIALIZED
                  20000000    00000008     rtsv7M4_T_le_v4SPD16_eabi.lib : memory.c.obj (.sysmem)
                  20000008    00006560     --HOLE--

.data      0    20006568    000001f0     UNINITIALIZED
                  20006568    000000f0     rtsv7M4_T_le_v4SPD16_eabi.lib : defs.c.obj (.data:_ftable)
                  20006658    00000078                                   : write.c.obj (.data:_device)
                  200066d0    00000050                                   : write.c.obj (.data:_stream)
                  20006720    00000010                                   : defs.c.obj (.data)
                  20006730    0000000c                                   : exit.c.obj (.data:$O1$$)
                  2000673c    0000000c                                   : memory.c.obj (.data:$O1$$)
                  20006748    00000008                                   : _lock.c.obj (.data:$O1$$)
                  20006750    00000004     adc_FFT_uart.obj (.data)
                  20006754    00000004     rtsv7M4_T_le_v4SPD16_eabi.lib : errno.c.obj (.data)

.bss       0    20006758    000001cc     UNINITIALIZED
                  20006758    00000120     rtsv7M4_T_le_v4SPD16_eabi.lib : trgmsg.c.obj (.bss:_CIOBUF_)
                  20006878    000000a0     (.common:__TI_tmpnams)
                  20006918    00000008     (.common:parmbuf)
                  20006920    00000004     (.common:information_bytes)

.stack     0    2000f800    00000800     UNINITIALIZED
                  2000f800    00000004     rtsv7M4_T_le_v4SPD16_eabi.lib : boot_cortex_m.c.obj (.stack)
                  2000f804    000007fc     --HOLE--

MODULE SUMMARY

       Module                        code    ro data   rw data
       ------                        ----    -------   -------
    .\
       adc_FFT_uart.obj              1348    76        16     
       system_msp432p401r.obj        100     0         0      
    +--+-----------------------------+-------+---------+---------+
       Total:                        1448    76        16     
                                                              
    .\ccs\
       startup_msp432p401r_ccs.obj   14      228       0      
    +--+-----------------------------+-------+---------+---------+
       Total:                        14      228       0      
                                                              
    .\kissFFT\
       kiss_fft.obj                  3368    0         0      
       kiss_fftr.obj                 804     0         0      
    +--+-----------------------------+-------+---------+---------+
       Total:                        4172    0         0      
                                                              
    C:/ti/simplelink_msp432p4_sdk_2_20_00_12/source/ti/devices/msp432p4xx/driverlib/ccs/msp432p4xx_driverlib.lib
       adc14.o                       1048    128       0      
       interrupt.o                   256     16        0      
       gpio.o                        144     48        0      
       cs.o                          100     0         0      
       uart.o                        52      0         0      
    +--+-----------------------------+-------+---------+---------+
       Total:                        1600    192       0      
                                                              
    C:/ti/simplelink_msp432p4_sdk_2_20_00_12/source/ti/iqmathlib/ccs/QmathLib_CCS_MSP432.lib
       _QNtables.obj                 0       384       0      
       _QNsqrt.obj                   216     0         0      
    +--+-----------------------------+-------+---------+---------+
       Total:                        216     384       0      
                                                              
    C:\ti\ccsv8\tools\compiler\ti-cgt-arm_18.1.2.LTS\lib\rtsv7M4_T_le_v4SPD16_eabi.lib
       _printfi.c.obj                4863    0         0      
       k_rem_pio2.c.obj              1848    344       0      
       s_cos.c.obj                   1500    0         0      
       s_sin.c.obj                   1476    0         0      
       defs.c.obj                    0       0         832    
       trgmsg.c.obj                  108     0         576    
       memory.c.obj                  492     0         24     
       write.c.obj                   40      0         400    
       fd_add_t2.asm.obj             438     0         0      
       k_sin.c.obj                   372     0         0      
       k_cos.c.obj                   364     0         0      
       e_sqrt.c.obj                  344     0         0      
       fd_div_t2.asm.obj             310     0         0      
       fputs.c.obj                   276     0         0      
       s_scalbn.c.obj                272     0         0      
       fd_cmp_t2.asm.obj             268     0         0      
       ctype.c.obj                   0       257       0      
       fd_mul_t2.asm.obj             252     0         0      
       s_floor.c.obj                 248     0         0      
       setvbuf.c.obj                 220     0         0      
       memcpy_t2.asm.obj             156     0         0      
       ull_div_t2.asm.obj            150     0         0      
       fputc.c.obj                   140     0         0      
       memset_t2.asm.obj             122     0         0      
       fclose.c.obj                  116     0         0      
       getdevice.c.obj               116     0         0      
       hostopen.c.obj                96      0         16     
       fd_tos_t2.asm.obj             110     0         0      
       fprintf.c.obj                 108     0         0      
       copy_decompress_lzss.c.obj    104     0         0      
       hostlseek.c.obj               104     0         0      
       hostrename.c.obj              104     0         0      
       exit.c.obj                    76      0         24     
       fseek.c.obj                   100     0         0      
       s_frexp.c.obj                 100     0         0      
       _io_perm.c.obj                98      0         0      
       close.c.obj                   92      0         0      
       hostread.c.obj                88      0         0      
       hostwrite.c.obj               88      0         0      
       ltoa.c.obj                    84      0         0      
       atoi.c.obj                    76      0         0      
       fflush.c.obj                  76      0         0      
       fd_toi_t2.asm.obj             72      0         0      
       autoinit.c.obj                68      0         0      
       hostclose.c.obj               68      0         0      
       hostunlink.c.obj              68      0         0      
       boot_cortex_m.c.obj           56      0         0      
       fs_tod_t2.asm.obj             56      0         0      
       strncpy.c.obj                 54      0         0      
       fopen.c.obj                   52      0         0      
       i_tofd_t2.asm.obj             46      0         0      
       unlink.c.obj                  44      0         0      
       lseek.c.obj                   40      0         0      
       memchr.c.obj                  32      0         0      
       memccpy.c.obj                 28      0         0      
       strcmp.c.obj                  24      0         0      
       strchr.c.obj                  22      0         0      
       s_copysign.c.obj              20      0         0      
       strcpy.c.obj                  20      0         0      
       strlen.c.obj                  20      0         0      
       _lock.c.obj                   2       0         16     
       copy_zero_init.c.obj          18      0         0      
       wcslen.c.obj                  18      0         0      
       errno.c.obj                   8       0         8      
       copy_decompress_none.c.obj    14      0         0      
       pre_init.c.obj                4       0         0      
       div0.asm.obj                  2       0         0      
    +--+-----------------------------+-------+---------+---------+
       Total:                        16851   601       1896   
                                                              
       Heap:                         0       0         51920  
       Stack:                        0       0         4096   
       Linker Generated:             0       148       0      
    +--+-----------------------------+-------+---------+---------+
       Grand Total:                  24301   1629      57928  


LINKER GENERATED COPY TABLES

__TI_cinit_table @ 00006568 records: 2, size/record: 8, table size: 16
	.data: load addr=000064e0, load size=00000070 bytes, run addr=20006568, run size=000001f0 bytes, compression=lzss
	.bss: load addr=00006560, load size=00000008 bytes, run addr=20006758, run size=000001cc bytes, compression=zero_init


LINKER GENERATED HANDLER TABLE

__TI_handler_table @ 00006550 records: 3, size/record: 4, table size: 12
	index: 0, handler: __TI_decompress_lzss
	index: 1, handler: __TI_decompress_none
	index: 2, handler: __TI_zero_init


GLOBAL SYMBOLS: SORTED ALPHABETICALLY BY Name 

address   name                              
-------   ----                              
00005359  ADC14_IRQHandler                  
00005359  ADC14_IRQHandler                  
00004695  ADC14_configureConversionMemory   
000053b1  ADC14_configureSingleSampleMode   
00005f91  ADC14_disableConversion           
00005bc9  ADC14_disableInterrupt            
00005ead  ADC14_disableModule               
00005d15  ADC14_enableConversion            
00005bf9  ADC14_enableInterrupt             
00005fc1  ADC14_enableModule                
00005565  ADC14_initModule                  
00005e2d  ADC14_setResolution               
00005c29  ADC14_setSampleHoldTime           
000056f9  ADC14_setSampleHoldTrigger        
00000b47  AES256_IRQHandler                 
00000b47  BusFault_Handler                  
00005fef  C$$EXIT                           
00005a0f  C$$IO$$                           
00000b47  COMP_E0_IRQHandler                
00000b47  COMP_E1_IRQHandler                
00000b47  CS_IRQHandler                     
00005af9  CS_setDCOCenteredFrequency        
00005c59  CS_setReferenceOscillatorFrequency
00000b47  DMA_ERR_IRQHandler                
00000b47  DMA_INT0_IRQHandler               
00000b47  DMA_INT1_IRQHandler               
00000b47  DMA_INT2_IRQHandler               
00000b47  DMA_INT3_IRQHandler               
00000b47  DebugMon_Handler                  
00000b47  Default_Handler                   
00005d3d  EUSCIA0_IRQHandler                
00005d3d  EUSCIA0_IRQHandler                
00000b47  EUSCIA1_IRQHandler                
00000b47  EUSCIA2_IRQHandler                
00000b47  EUSCIA3_IRQHandler                
00000b47  EUSCIB0_IRQHandler                
00000b47  EUSCIB1_IRQHandler                
00000b47  EUSCIB2_IRQHandler                
00000b47  EUSCIB3_IRQHandler                
00000b47  FLCTL_IRQHandler                  
00000b47  FPU_IRQHandler                    
00005925  GPIO_setAsOutputPin               
00005d65  GPIO_setOutputHighOnPin           
00005d8d  GPIO_setOutputLowOnPin            
000057d1  HOSTclose                         
00004ead  HOSTlseek                         
00005241  HOSTopen                          
00005409  HOSTread                          
00004f15  HOSTrename                        
00005815  HOSTunlink                        
00005461  HOSTwrite                         
00000b47  HardFault_Handler                 
00004a05  Interrupt_disableInterrupt        
00004a85  Interrupt_enableInterrupt         
00000b47  MemManage_Handler                 
00000b47  NMI_Handler                       
00000b47  PCM_IRQHandler                    
00005e8d  PORT1_IRQHandler                  
00005e8d  PORT1_IRQHandler                  
00000b47  PORT2_IRQHandler                  
00000b47  PORT3_IRQHandler                  
00000b47  PORT4_IRQHandler                  
00000b47  PORT5_IRQHandler                  
00000b47  PORT6_IRQHandler                  
00000b47  PSS_IRQHandler                    
00000b47  PendSV_Handler                    
00004fe5  RMS                               
00000b47  RTC_C_IRQHandler                  
00005fcd  Reset_Handler                     
00004b05  STD                               
00000b47  SVC_Handler                       
00000b47  SysTick_Handler                   
0000504d  SystemInit                        
00000b47  T32_INT1_IRQHandler               
00000b47  T32_INT2_IRQHandler               
00000b47  T32_INTC_IRQHandler               
00000b47  TA0_0_IRQHandler                  
00000b47  TA0_N_IRQHandler                  
00000b47  TA1_0_IRQHandler                  
00000b47  TA1_N_IRQHandler                  
00000b47  TA2_0_IRQHandler                  
00000b47  TA2_N_IRQHandler                  
00000b47  TA3_0_IRQHandler                  
00000b47  TA3_N_IRQHandler                  
00005b2d  UART_transmitData                 
00000b47  UsageFault_Handler                
4000480c  WDTCTL_SYM                        
00000b47  WDT_A_IRQHandler                  
00005ff8  _Q16sqrt_coeffs                   
000042a1  _Qmag                             
20006758  __CIOBUF_                         
20010000  __STACK_END                       
00000800  __STACK_SIZE                      
00006568  __SYSMEM_SIZE                     
00006568  __TI_CINIT_Base                   
00006578  __TI_CINIT_Limit                  
00006550  __TI_Handler_Table_Base           
0000655c  __TI_Handler_Table_Limit          
00005859  __TI_auto_init_nobinit_nopinit    
00005b61  __TI_cleanup                      
20006730  __TI_cleanup_ptr                  
00004ced  __TI_closefile                    
00004f7d  __TI_decompress_lzss              
00005fb1  __TI_decompress_none              
0000565f  __TI_doflush                      
20006734  __TI_dtors_ptr                    
20006738  __TI_enable_exit_profile_output   
20006720  __TI_ft_end                       
ffffffff  __TI_pprof_out_hndl               
000000e9  __TI_printfi                      
ffffffff  __TI_prof_data_size               
ffffffff  __TI_prof_data_start              
00005b95  __TI_readmsg                      
00000000  __TI_static_base__                
20006878  __TI_tmpnams                      
000059e1  __TI_writemsg                     
000051dd  __TI_wrt_ok                       
00005f6b  __TI_zero_init_nomemset           
000048f9  __aeabi_cdcmpeq                   
000048f9  __aeabi_cdcmple                   
0000497f  __aeabi_cdrcmple                  
00004e3d  __aeabi_d2f                       
00005789  __aeabi_d2iz                      
00002d87  __aeabi_dadd                      
0000392d  __aeabi_ddiv                      
00003fcd  __aeabi_dmul                      
00002d7d  __aeabi_dsub                      
00005fd9  __aeabi_errno_addr                
00005a89  __aeabi_f2d                       
00005cb9  __aeabi_i2d                       
00003a63  __aeabi_idiv0                     
00003a63  __aeabi_ldiv0                     
00004b83  __aeabi_memclr                    
00004b83  __aeabi_memclr4                   
00004b83  __aeabi_memclr8                   
00004739  __aeabi_memcpy                    
00004739  __aeabi_memcpy4                   
00004739  __aeabi_memcpy8                   
00004b85  __aeabi_memset                    
00004b85  __aeabi_memset4                   
00004b85  __aeabi_memset8                   
2000672c  __aeabi_stderr                    
20006724  __aeabi_stdin                     
20006728  __aeabi_stdout                    
000047d5  __aeabi_uldivmod                  
ffffffff  __binit__                         
ffffffff  __c_args__                        
000033cd  __kernel_cos                      
00000b49  __kernel_rem_pio2                 
00003259  __kernel_sin                      
UNDEFED   __mpu_init                        
2000f800  __stack                           
00005a19  _c_int00_noargs                   
000062d0  _ctypes_                          
20006658  _device                           
20006568  _ftable                           
20006748  _lock                             
00002f33  _nop                              
200066d0  _stream                           
20000000  _sys_memory                       
UNDEFED   _system_post_cinit                
00005feb  _system_pre_init                  
2000674c  _unlock                           
00005fef  abort                             
000056ad  atoi                              
000052a1  average_preprocess                
ffffffff  binit                             
0000589d  calc_mean                         
000052fd  close                             
000064c0  compareConfig                     
00004c75  configure_analog                  
00005f2f  copysign                          
00005f2f  copysignl                         
00001281  cos                               
00001281  cosl                              
20006753  enableReads                       
20006754  errno                             
00005741  exit                              
00005c89  finddevice                        
000040c9  floor                             
000040c9  floorl                            
000050b1  fprintf                           
0000486d  fputc                             
00003c9d  fputs                             
00004379  free                              
00005115  frexp                             
00005115  frexpl                            
00005179  fseek                             
000058e1  getdevice                         
20006920  information_bytes                 
00000000  interruptVectors                  
00005fe1  kiss_fft                          
00003ec1  kiss_fft_alloc                    
0000550f  kiss_fft_stride                   
00002f35  kiss_fftr                         
000030dd  kiss_fftr_alloc                   
00003db1  ldexp                             
00003db1  ldexpl                            
00005db5  lseek                             
000055b9  ltoa                              
00002769  main                              
00004bfd  malloc                            
00005ec9  max                               
00005ee5  memccpy                           
00005e4d  memchr                            
00004739  memcpy                            
00004b8b  memset                            
00005a51  minit                             
20006918  parmbuf                           
0000486d  putc                              
00005ce9  remove                            
20006750  resPos                            
00003db1  scalbn                            
00003db1  scalbnl                           
00005e6d  sendReading                       
000041c1  setvbuf                           
0000185d  sin                               
0000185d  sinl                              
00003699  sqrt                              
00003699  sqrtl                             
20006752  stateCounter                      
00005f19  strchr                            
00005f01  strcmp                            
00005f43  strcpy                            
00005f57  strlen                            
00005ac1  strncpy                           
00006484  uartConfig                        
00005ce9  unlink                            
000064a8  upModeConfig                      
00005f7d  wcslen                            
00005e05  write                             


GLOBAL SYMBOLS: SORTED BY Symbol Address 

address   name                              
-------   ----                              
00000000  __TI_static_base__                
00000000  interruptVectors                  
000000e9  __TI_printfi                      
00000800  __STACK_SIZE                      
00000b47  AES256_IRQHandler                 
00000b47  BusFault_Handler                  
00000b47  COMP_E0_IRQHandler                
00000b47  COMP_E1_IRQHandler                
00000b47  CS_IRQHandler                     
00000b47  DMA_ERR_IRQHandler                
00000b47  DMA_INT0_IRQHandler               
00000b47  DMA_INT1_IRQHandler               
00000b47  DMA_INT2_IRQHandler               
00000b47  DMA_INT3_IRQHandler               
00000b47  DebugMon_Handler                  
00000b47  Default_Handler                   
00000b47  EUSCIA1_IRQHandler                
00000b47  EUSCIA2_IRQHandler                
00000b47  EUSCIA3_IRQHandler                
00000b47  EUSCIB0_IRQHandler                
00000b47  EUSCIB1_IRQHandler                
00000b47  EUSCIB2_IRQHandler                
00000b47  EUSCIB3_IRQHandler                
00000b47  FLCTL_IRQHandler                  
00000b47  FPU_IRQHandler                    
00000b47  HardFault_Handler                 
00000b47  MemManage_Handler                 
00000b47  NMI_Handler                       
00000b47  PCM_IRQHandler                    
00000b47  PORT2_IRQHandler                  
00000b47  PORT3_IRQHandler                  
00000b47  PORT4_IRQHandler                  
00000b47  PORT5_IRQHandler                  
00000b47  PORT6_IRQHandler                  
00000b47  PSS_IRQHandler                    
00000b47  PendSV_Handler                    
00000b47  RTC_C_IRQHandler                  
00000b47  SVC_Handler                       
00000b47  SysTick_Handler                   
00000b47  T32_INT1_IRQHandler               
00000b47  T32_INT2_IRQHandler               
00000b47  T32_INTC_IRQHandler               
00000b47  TA0_0_IRQHandler                  
00000b47  TA0_N_IRQHandler                  
00000b47  TA1_0_IRQHandler                  
00000b47  TA1_N_IRQHandler                  
00000b47  TA2_0_IRQHandler                  
00000b47  TA2_N_IRQHandler                  
00000b47  TA3_0_IRQHandler                  
00000b47  TA3_N_IRQHandler                  
00000b47  UsageFault_Handler                
00000b47  WDT_A_IRQHandler                  
00000b49  __kernel_rem_pio2                 
00001281  cos                               
00001281  cosl                              
0000185d  sin                               
0000185d  sinl                              
00002769  main                              
00002d7d  __aeabi_dsub                      
00002d87  __aeabi_dadd                      
00002f33  _nop                              
00002f35  kiss_fftr                         
000030dd  kiss_fftr_alloc                   
00003259  __kernel_sin                      
000033cd  __kernel_cos                      
00003699  sqrt                              
00003699  sqrtl                             
0000392d  __aeabi_ddiv                      
00003a63  __aeabi_idiv0                     
00003a63  __aeabi_ldiv0                     
00003c9d  fputs                             
00003db1  ldexp                             
00003db1  ldexpl                            
00003db1  scalbn                            
00003db1  scalbnl                           
00003ec1  kiss_fft_alloc                    
00003fcd  __aeabi_dmul                      
000040c9  floor                             
000040c9  floorl                            
000041c1  setvbuf                           
000042a1  _Qmag                             
00004379  free                              
00004695  ADC14_configureConversionMemory   
00004739  __aeabi_memcpy                    
00004739  __aeabi_memcpy4                   
00004739  __aeabi_memcpy8                   
00004739  memcpy                            
000047d5  __aeabi_uldivmod                  
0000486d  fputc                             
0000486d  putc                              
000048f9  __aeabi_cdcmpeq                   
000048f9  __aeabi_cdcmple                   
0000497f  __aeabi_cdrcmple                  
00004a05  Interrupt_disableInterrupt        
00004a85  Interrupt_enableInterrupt         
00004b05  STD                               
00004b83  __aeabi_memclr                    
00004b83  __aeabi_memclr4                   
00004b83  __aeabi_memclr8                   
00004b85  __aeabi_memset                    
00004b85  __aeabi_memset4                   
00004b85  __aeabi_memset8                   
00004b8b  memset                            
00004bfd  malloc                            
00004c75  configure_analog                  
00004ced  __TI_closefile                    
00004e3d  __aeabi_d2f                       
00004ead  HOSTlseek                         
00004f15  HOSTrename                        
00004f7d  __TI_decompress_lzss              
00004fe5  RMS                               
0000504d  SystemInit                        
000050b1  fprintf                           
00005115  frexp                             
00005115  frexpl                            
00005179  fseek                             
000051dd  __TI_wrt_ok                       
00005241  HOSTopen                          
000052a1  average_preprocess                
000052fd  close                             
00005359  ADC14_IRQHandler                  
00005359  ADC14_IRQHandler                  
000053b1  ADC14_configureSingleSampleMode   
00005409  HOSTread                          
00005461  HOSTwrite                         
0000550f  kiss_fft_stride                   
00005565  ADC14_initModule                  
000055b9  ltoa                              
0000565f  __TI_doflush                      
000056ad  atoi                              
000056f9  ADC14_setSampleHoldTrigger        
00005741  exit                              
00005789  __aeabi_d2iz                      
000057d1  HOSTclose                         
00005815  HOSTunlink                        
00005859  __TI_auto_init_nobinit_nopinit    
0000589d  calc_mean                         
000058e1  getdevice                         
00005925  GPIO_setAsOutputPin               
000059e1  __TI_writemsg                     
00005a0f  C$$IO$$                           
00005a19  _c_int00_noargs                   
00005a51  minit                             
00005a89  __aeabi_f2d                       
00005ac1  strncpy                           
00005af9  CS_setDCOCenteredFrequency        
00005b2d  UART_transmitData                 
00005b61  __TI_cleanup                      
00005b95  __TI_readmsg                      
00005bc9  ADC14_disableInterrupt            
00005bf9  ADC14_enableInterrupt             
00005c29  ADC14_setSampleHoldTime           
00005c59  CS_setReferenceOscillatorFrequency
00005c89  finddevice                        
00005cb9  __aeabi_i2d                       
00005ce9  remove                            
00005ce9  unlink                            
00005d15  ADC14_enableConversion            
00005d3d  EUSCIA0_IRQHandler                
00005d3d  EUSCIA0_IRQHandler                
00005d65  GPIO_setOutputHighOnPin           
00005d8d  GPIO_setOutputLowOnPin            
00005db5  lseek                             
00005e05  write                             
00005e2d  ADC14_setResolution               
00005e4d  memchr                            
00005e6d  sendReading                       
00005e8d  PORT1_IRQHandler                  
00005e8d  PORT1_IRQHandler                  
00005ead  ADC14_disableModule               
00005ec9  max                               
00005ee5  memccpy                           
00005f01  strcmp                            
00005f19  strchr                            
00005f2f  copysign                          
00005f2f  copysignl                         
00005f43  strcpy                            
00005f57  strlen                            
00005f6b  __TI_zero_init_nomemset           
00005f7d  wcslen                            
00005f91  ADC14_disableConversion           
00005fb1  __TI_decompress_none              
00005fc1  ADC14_enableModule                
00005fcd  Reset_Handler                     
00005fd9  __aeabi_errno_addr                
00005fe1  kiss_fft                          
00005feb  _system_pre_init                  
00005fef  C$$EXIT                           
00005fef  abort                             
00005ff8  _Q16sqrt_coeffs                   
000062d0  _ctypes_                          
00006484  uartConfig                        
000064a8  upModeConfig                      
000064c0  compareConfig                     
00006550  __TI_Handler_Table_Base           
0000655c  __TI_Handler_Table_Limit          
00006568  __SYSMEM_SIZE                     
00006568  __TI_CINIT_Base                   
00006578  __TI_CINIT_Limit                  
20000000  _sys_memory                       
20006568  _ftable                           
20006658  _device                           
200066d0  _stream                           
20006720  __TI_ft_end                       
20006724  __aeabi_stdin                     
20006728  __aeabi_stdout                    
2000672c  __aeabi_stderr                    
20006730  __TI_cleanup_ptr                  
20006734  __TI_dtors_ptr                    
20006738  __TI_enable_exit_profile_output   
20006748  _lock                             
2000674c  _unlock                           
20006750  resPos                            
20006752  stateCounter                      
20006753  enableReads                       
20006754  errno                             
20006758  __CIOBUF_                         
20006878  __TI_tmpnams                      
20006918  parmbuf                           
20006920  information_bytes                 
2000f800  __stack                           
20010000  __STACK_END                       
4000480c  WDTCTL_SYM                        
ffffffff  __TI_pprof_out_hndl               
ffffffff  __TI_prof_data_size               
ffffffff  __TI_prof_data_start              
ffffffff  __binit__                         
ffffffff  __c_args__                        
ffffffff  binit                             
UNDEFED   __mpu_init                        
UNDEFED   _system_post_cinit                

[231 symbols]
