******************************************************************************
                  TI ARM Linker PC v18.1.2                     
******************************************************************************
>> Linked Fri Aug 24 10:37:55 2018

OUTPUT FILE NAME:   <adc_FFT_uart.out>
ENTRY POINT SYMBOL: "_c_int00_noargs"  address: 000059f9


MEMORY CONFIGURATION

         name            origin    length      used     unused   attr    fill
----------------------  --------  ---------  --------  --------  ----  --------
  MAIN                  00000000   00040000  00006552  00039aae  R  X
  INFO                  00200000   00004000  00000000  00004000  R  X
  SRAM_CODE             01000000   00010000  00007124  00008edc  RW X
  SRAM_DATA             20000000   00010000  00007124  00008edc  RW  


SEGMENT ALLOCATION MAP

run origin  load origin   length   init length attrs members
----------  ----------- ---------- ----------- ----- -------
00000000    00000000    00006558   00006558    r-x
  00000000    00000000    000000e4   000000e4    r-- .intvecs
  000000e8    000000e8    00005eee   00005eee    r-x .text
  00005fd8    00005fd8    000004e8   000004e8    r-- .const
  000064c0    000064c0    00000098   00000098    r-- .cinit
20000000    20000000    00006924   00000000    rw-
  20000000    20000000    00006568   00000000    rw- .sysmem
  20006568    20006568    000001f0   00000000    rw- .data
  20006758    20006758    000001cc   00000000    rw- .bss
2000f800    2000f800    00000800   00000000    rw-
  2000f800    2000f800    00000800   00000000    rw- .stack


SECTION ALLOCATION MAP

 output                                  attributes/
section   page    origin      length       input sections
--------  ----  ----------  ----------   ----------------
.intvecs   0    00000000    000000e4     
                  00000000    000000e4     startup_msp432p401r_ccs.obj (.intvecs:retain)

.text      0    000000e8    00005eee     
                  000000e8    00000a5e     rtsv7M4_T_le_v4SPD16_eabi.lib : _printfi.c.obj (.text:__TI_printfi)
                  00000b46    00000002     startup_msp432p401r_ccs.obj (.text:Default_Handler)
                  00000b48    00000738     rtsv7M4_T_le_v4SPD16_eabi.lib : k_rem_pio2.c.obj (.text:__kernel_rem_pio2)
                  00001280    000005dc                                   : s_cos.c.obj (.text:cos)
                  0000185c    000005c4                                   : s_sin.c.obj (.text:sin)
                  00001e20    0000045a     kiss_fft.obj (.text:kf_bfly5)
                  0000227a    0000027e     kiss_fft.obj (.text:kf_bfly4)
                  000024f8    00000270     rtsv7M4_T_le_v4SPD16_eabi.lib : _printfi.c.obj (.text:_pconv_a)
                  00002768    00000254     adc_FFT_uart.obj (.text:main)
                  000029bc    000001d4     kiss_fft.obj (.text:kf_bfly3)
                  00002b90    000001d0     rtsv7M4_T_le_v4SPD16_eabi.lib : _printfi.c.obj (.text:_pconv_g)
                  00002d60    000001b6                                   : fd_add_t2.asm.obj (.text)
                  00002f16    00000002                                   : _lock.c.obj (.text:_nop)
                  00002f18    000001a8     kiss_fftr.obj (.text:kiss_fftr)
                  000030c0    0000017c     kiss_fftr.obj (.text:kiss_fftr_alloc)
                  0000323c    00000174     rtsv7M4_T_le_v4SPD16_eabi.lib : k_sin.c.obj (.text:__kernel_sin)
                  000033b0    0000016c                                   : k_cos.c.obj (.text:__kernel_cos)
                  0000351c    00000160     msp432p4xx_driverlib.lib : adc14.o (.text:_getIndexForMemRegister)
                  0000367c    00000158     rtsv7M4_T_le_v4SPD16_eabi.lib : e_sqrt.c.obj (.text:sqrt)
                  000037d4    0000013c                                   : _printfi.c.obj (.text:_pconv_e)
                  00003910    00000136                                   : fd_div_t2.asm.obj (.text)
                  00003a46    00000002                                   : div0.asm.obj (.text)
                  00003a48    00000120                                   : _printfi.c.obj (.text:fcvt)
                  00003b68    00000118     kiss_fft.obj (.text:kf_bfly_generic)
                  00003c80    00000114     rtsv7M4_T_le_v4SPD16_eabi.lib : fputs.c.obj (.text:fputs)
                  00003d94    00000110                                   : s_scalbn.c.obj (.text:scalbn)
                  00003ea4    0000010c     kiss_fft.obj (.text:kiss_fft_alloc)
                  00003fb0    000000fc     rtsv7M4_T_le_v4SPD16_eabi.lib : fd_mul_t2.asm.obj (.text)
                  000040ac    000000f8                                   : s_floor.c.obj (.text:floor)
                  000041a4    000000dc                                   : setvbuf.c.obj (.text:setvbuf)
                  00004280    000000d8     QmathLib_CCS_MSP432.lib : _QNsqrt.obj (.text:_Qmag)
                  00004358    000000d8     rtsv7M4_T_le_v4SPD16_eabi.lib : memory.c.obj (.text:free)
                  00004430    000000ce     kiss_fft.obj (.text:kf_work)
                  000044fe    000000c0     kiss_fft.obj (.text:kf_bfly2)
                  000045be    00000002     --HOLE-- [fill = 0]
                  000045c0    000000b1     rtsv7M4_T_le_v4SPD16_eabi.lib : _printfi.c.obj (.text:_ltostr)
                  00004671    00000003     --HOLE-- [fill = 0]
                  00004674    000000a4     msp432p4xx_driverlib.lib : adc14.o (.text:ADC14_configureConversionMemory)
                  00004718    0000009c     rtsv7M4_T_le_v4SPD16_eabi.lib : memcpy_t2.asm.obj (.text)
                  000047b4    00000096                                   : ull_div_t2.asm.obj (.text)
                  0000484a    00000002     --HOLE-- [fill = 0]
                  0000484c    0000008c                                   : fputc.c.obj (.text:fputc)
                  000048d8    00000086                                   : fd_cmp_t2.asm.obj (.text:__aeabi_cdcmple)
                  0000495e    00000086                                   : fd_cmp_t2.asm.obj (.text:__aeabi_cdrcmple)
                  000049e4    00000080     msp432p4xx_driverlib.lib : interrupt.o (.text:Interrupt_disableInterrupt)
                  00004a64    00000080                              : interrupt.o (.text:Interrupt_enableInterrupt)
                  00004ae4    0000007e     adc_FFT_uart.obj (.text:STD)
                  00004b62    0000007a     rtsv7M4_T_le_v4SPD16_eabi.lib : memset_t2.asm.obj (.text)
                  00004bdc    00000078                                   : memory.c.obj (.text:malloc)
                  00004c54    00000076     adc_FFT_uart.obj (.text:configure_analog)
                  00004cca    00000002     --HOLE-- [fill = 0]
                  00004ccc    00000074     rtsv7M4_T_le_v4SPD16_eabi.lib : fclose.c.obj (.text:__TI_closefile)
                  00004d40    0000006e                                   : _printfi.c.obj (.text:_mcpy)
                  00004dae    0000006e     kiss_fft.obj (.text:kf_factor)
                  00004e1c    0000006e     rtsv7M4_T_le_v4SPD16_eabi.lib : fd_tos_t2.asm.obj (.text)
                  00004e8a    00000002     --HOLE-- [fill = 0]
                  00004e8c    00000068                                   : hostlseek.c.obj (.text:HOSTlseek)
                  00004ef4    00000068                                   : hostrename.c.obj (.text:HOSTrename)
                  00004f5c    00000068                                   : copy_decompress_lzss.c.obj (.text:decompress:lzss:__TI_decompress_lzss)
                  00004fc4    00000066     adc_FFT_uart.obj (.text:RMS)
                  0000502a    00000002     --HOLE-- [fill = 0]
                  0000502c    00000064     system_msp432p401r.obj (.text:SystemInit)
                  00005090    00000064     rtsv7M4_T_le_v4SPD16_eabi.lib : fprintf.c.obj (.text:fprintf)
                  000050f4    00000064                                   : s_frexp.c.obj (.text:frexp)
                  00005158    00000064                                   : fseek.c.obj (.text:fseek)
                  000051bc    00000062                                   : _io_perm.c.obj (.text:__TI_wrt_ok)
                  0000521e    00000002     --HOLE-- [fill = 0]
                  00005220    00000060                                   : hostopen.c.obj (.text:HOSTopen)
                  00005280    0000005c     adc_FFT_uart.obj (.text:average_preprocess)
                  000052dc    0000005c     rtsv7M4_T_le_v4SPD16_eabi.lib : close.c.obj (.text:close)
                  00005338    00000058     adc_FFT_uart.obj (.text:ADC14_IRQHandler)
                  00005390    00000058     msp432p4xx_driverlib.lib : adc14.o (.text:ADC14_configureSingleSampleMode)
                  000053e8    00000058     rtsv7M4_T_le_v4SPD16_eabi.lib : hostread.c.obj (.text:HOSTread)
                  00005440    00000058                                   : hostwrite.c.obj (.text:HOSTwrite)
                  00005498    00000056                                   : _printfi.c.obj (.text:_pconv_f)
                  000054ee    00000056     kiss_fft.obj (.text:kiss_fft_stride)
                  00005544    00000054     msp432p4xx_driverlib.lib : adc14.o (.text:ADC14_initModule)
                  00005598    00000054     rtsv7M4_T_le_v4SPD16_eabi.lib : ltoa.c.obj (.text:ltoa)
                  000055ec    00000052                                   : _printfi.c.obj (.text:_ecpy)
                  0000563e    0000004c                                   : fflush.c.obj (.text:__TI_doflush)
                  0000568a    00000002     --HOLE-- [fill = 0]
                  0000568c    0000004c                                   : atoi.c.obj (.text:atoi)
                  000056d8    00000048     msp432p4xx_driverlib.lib : adc14.o (.text:ADC14_setSampleHoldTrigger)
                  00005720    00000048     rtsv7M4_T_le_v4SPD16_eabi.lib : exit.c.obj (.text:exit)
                  00005768    00000048                                   : fd_toi_t2.asm.obj (.text)
                  000057b0    00000044                                   : hostclose.c.obj (.text:HOSTclose)
                  000057f4    00000044                                   : hostunlink.c.obj (.text:HOSTunlink)
                  00005838    00000044                                   : autoinit.c.obj (.text:__TI_auto_init_nobinit_nopinit:__TI_auto_init_nobinit_nopinit)
                  0000587c    00000044     adc_FFT_uart.obj (.text:calc_mean)
                  000058c0    00000044     rtsv7M4_T_le_v4SPD16_eabi.lib : getdevice.c.obj (.text:getdevice)
                  00005904    00000040     msp432p4xx_driverlib.lib : gpio.o (.text:GPIO_setAsOutputPin)
                  00005944    0000003e     rtsv7M4_T_le_v4SPD16_eabi.lib : _printfi.c.obj (.text:_fcpy)
                  00005982    00000002     --HOLE-- [fill = 0]
                  00005984    0000003c                                   : memory.c.obj (.text:minsert)
                  000059c0    00000038                                   : trgmsg.c.obj (.text:__TI_writemsg)
                  000059f8    00000038                                   : boot_cortex_m.c.obj (.text:_c_int00_noargs:_c_int00_noargs)
                  00005a30    00000038                                   : memory.c.obj (.text:minit)
                  00005a68    00000038                                   : fs_tod_t2.asm.obj (.text)
                  00005aa0    00000036                                   : strncpy.c.obj (.text:strncpy)
                  00005ad6    00000002     --HOLE-- [fill = 0]
                  00005ad8    00000034     msp432p4xx_driverlib.lib : cs.o (.text:CS_setDCOCenteredFrequency)
                  00005b0c    00000034                              : uart.o (.text:UART_transmitData)
                  00005b40    00000034     rtsv7M4_T_le_v4SPD16_eabi.lib : fopen.c.obj (.text:__TI_cleanup)
                  00005b74    00000034                                   : trgmsg.c.obj (.text:__TI_readmsg)
                  00005ba8    00000030     msp432p4xx_driverlib.lib : adc14.o (.text:ADC14_disableInterrupt)
                  00005bd8    00000030                              : adc14.o (.text:ADC14_enableInterrupt)
                  00005c08    00000030                              : adc14.o (.text:ADC14_setSampleHoldTime)
                  00005c38    00000030                              : cs.o (.text:CS_setReferenceOscillatorFrequency)
                  00005c68    00000030     rtsv7M4_T_le_v4SPD16_eabi.lib : getdevice.c.obj (.text:finddevice)
                  00005c98    0000002e                                   : i_tofd_t2.asm.obj (.text)
                  00005cc6    00000002     --HOLE-- [fill = 0]
                  00005cc8    0000002c                                   : unlink.c.obj (.text:unlink)
                  00005cf4    00000028     msp432p4xx_driverlib.lib : adc14.o (.text:ADC14_enableConversion)
                  00005d1c    00000028     adc_FFT_uart.obj (.text:EUSCIA0_IRQHandler)
                  00005d44    00000028     msp432p4xx_driverlib.lib : gpio.o (.text:GPIO_setOutputHighOnPin)
                  00005d6c    00000028                              : gpio.o (.text:GPIO_setOutputLowOnPin)
                  00005d94    00000028     rtsv7M4_T_le_v4SPD16_eabi.lib : lseek.c.obj (.text:lseek)
                  00005dbc    00000028                                   : memory.c.obj (.text:mremove)
                  00005de4    00000028                                   : write.c.obj (.text:write)
                  00005e0c    00000020     msp432p4xx_driverlib.lib : adc14.o (.text:ADC14_setResolution)
                  00005e2c    00000020     rtsv7M4_T_le_v4SPD16_eabi.lib : memchr.c.obj (.text:memchr)
                  00005e4c    00000020     adc_FFT_uart.obj (.text:sendReading)
                  00005e6c    0000001e     adc_FFT_uart.obj (.text:PORT1_IRQHandler)
                  00005e8a    00000002     --HOLE-- [fill = 0]
                  00005e8c    0000001c     msp432p4xx_driverlib.lib : adc14.o (.text:ADC14_disableModule)
                  00005ea8    0000001c     adc_FFT_uart.obj (.text:max)
                  00005ec4    0000001c     rtsv7M4_T_le_v4SPD16_eabi.lib : memccpy.c.obj (.text:memccpy)
                  00005ee0    00000018                                   : strcmp.c.obj (.text:strcmp)
                  00005ef8    00000016                                   : strchr.c.obj (.text:strchr)
                  00005f0e    00000014                                   : s_copysign.c.obj (.text:copysign)
                  00005f22    00000014                                   : strcpy.c.obj (.text:strcpy)
                  00005f36    00000014                                   : strlen.c.obj (.text:strlen)
                  00005f4a    00000012                                   : copy_zero_init.c.obj (.text:decompress:ZI:__TI_zero_init_nomemset:__TI_zero_init_nomemset)
                  00005f5c    00000012                                   : wcslen.c.obj (.text:wcslen)
                  00005f6e    00000002     --HOLE-- [fill = 0]
                  00005f70    00000010     msp432p4xx_driverlib.lib : adc14.o (.text:ADC14_disableConversion)
                  00005f80    00000010                              : adc14.o (.text:ADCIsConversionRunning)
                  00005f90    0000000e     rtsv7M4_T_le_v4SPD16_eabi.lib : copy_decompress_none.c.obj (.text:decompress:none:__TI_decompress_none)
                  00005f9e    00000002     --HOLE-- [fill = 0]
                  00005fa0    0000000c     msp432p4xx_driverlib.lib : adc14.o (.text:ADC14_enableModule)
                  00005fac    0000000c     startup_msp432p401r_ccs.obj (.text:Reset_Handler)
                  00005fb8    00000008     rtsv7M4_T_le_v4SPD16_eabi.lib : errno.c.obj (.text:__aeabi_errno_addr)
                  00005fc0    00000006     kiss_fft.obj (.text:kiss_fft)
                  00005fc6    00000004     rtsv7M4_T_le_v4SPD16_eabi.lib : fprintf.c.obj (.text:_outc)
                  00005fca    00000004                                   : fprintf.c.obj (.text:_outs)
                  00005fce    00000004                                   : pre_init.c.obj (.text:_system_pre_init)
                  00005fd2    00000004                                   : exit.c.obj (.text:abort:abort)

.const     0    00005fd8    000004e8     
                  00005fd8    00000180     QmathLib_CCS_MSP432.lib : _QNtables.obj (.const:_Q16sqrt_coeffs)
                  00006158    00000158     rtsv7M4_T_le_v4SPD16_eabi.lib : k_rem_pio2.c.obj (.const:$O1$$)
                  000062b0    00000101                                   : ctype.c.obj (.const:.string:_ctypes_)
                  000063b1    00000003     --HOLE-- [fill = 0]
                  000063b4    00000080     msp432p4xx_driverlib.lib : adc14.o (.const:_ctlRegs)
                  00006434    00000030                              : gpio.o (.const:GPIO_PORT_TO_BASE)
                  00006464    00000024     adc_FFT_uart.obj (.const:uartConfig)
                  00006488    00000018     adc_FFT_uart.obj (.const:upModeConfig)
                  000064a0    00000010     adc_FFT_uart.obj (.const:compareConfig)
                  000064b0    00000008     msp432p4xx_driverlib.lib : interrupt.o (.const:g_pulDisRegs)
                  000064b8    00000008                              : interrupt.o (.const:g_pulEnRegs)

.cinit     0    000064c0    00000098     
                  000064c0    00000072     (.cinit..data.load) [load image, compression = lzss]
                  00006532    00000002     --HOLE-- [fill = 0]
                  00006534    0000000c     (__TI_handler_table)
                  00006540    00000008     (.cinit..bss.load) [load image, compression = zero_init]
                  00006548    00000010     (__TI_cinit_table)

.init_array 
*          0    00000000    00000000     UNINITIALIZED

.binit     0    00000000    00000000     

.sysmem    0    20000000    00006568     UNINITIALIZED
                  20000000    00000008     rtsv7M4_T_le_v4SPD16_eabi.lib : memory.c.obj (.sysmem)
                  20000008    00006560     --HOLE--

.data      0    20006568    000001f0     UNINITIALIZED
                  20006568    000000f0     rtsv7M4_T_le_v4SPD16_eabi.lib : defs.c.obj (.data:_ftable)
                  20006658    00000078                                   : write.c.obj (.data:_device)
                  200066d0    00000050                                   : write.c.obj (.data:_stream)
                  20006720    00000010                                   : defs.c.obj (.data)
                  20006730    0000000c                                   : exit.c.obj (.data:$O1$$)
                  2000673c    0000000c                                   : memory.c.obj (.data:$O1$$)
                  20006748    00000008                                   : _lock.c.obj (.data:$O1$$)
                  20006750    00000004     adc_FFT_uart.obj (.data)
                  20006754    00000004     rtsv7M4_T_le_v4SPD16_eabi.lib : errno.c.obj (.data)

.bss       0    20006758    000001cc     UNINITIALIZED
                  20006758    00000120     rtsv7M4_T_le_v4SPD16_eabi.lib : trgmsg.c.obj (.bss:_CIOBUF_)
                  20006878    000000a0     (.common:__TI_tmpnams)
                  20006918    00000008     (.common:parmbuf)
                  20006920    00000004     (.common:information_bytes)

.stack     0    2000f800    00000800     UNINITIALIZED
                  2000f800    00000004     rtsv7M4_T_le_v4SPD16_eabi.lib : boot_cortex_m.c.obj (.stack)
                  2000f804    000007fc     --HOLE--

MODULE SUMMARY

       Module                        code    ro data   rw data
       ------                        ----    -------   -------
    .\
       adc_FFT_uart.obj              1320    76        16     
       system_msp432p401r.obj        100     0         0      
    +--+-----------------------------+-------+---------+---------+
       Total:                        1420    76        16     
                                                              
    .\ccs\
       startup_msp432p401r_ccs.obj   14      228       0      
    +--+-----------------------------+-------+---------+---------+
       Total:                        14      228       0      
                                                              
    .\kissFFT\
       kiss_fft.obj                  3368    0         0      
       kiss_fftr.obj                 804     0         0      
    +--+-----------------------------+-------+---------+---------+
       Total:                        4172    0         0      
                                                              
    C:/ti/simplelink_msp432p4_sdk_2_20_00_12/source/ti/devices/msp432p4xx/driverlib/ccs/msp432p4xx_driverlib.lib
       adc14.o                       1048    128       0      
       interrupt.o                   256     16        0      
       gpio.o                        144     48        0      
       cs.o                          100     0         0      
       uart.o                        52      0         0      
    +--+-----------------------------+-------+---------+---------+
       Total:                        1600    192       0      
                                                              
    C:/ti/simplelink_msp432p4_sdk_2_20_00_12/source/ti/iqmathlib/ccs/QmathLib_CCS_MSP432.lib
       _QNtables.obj                 0       384       0      
       _QNsqrt.obj                   216     0         0      
    +--+-----------------------------+-------+---------+---------+
       Total:                        216     384       0      
                                                              
    C:\ti\ccsv8\tools\compiler\ti-cgt-arm_18.1.2.LTS\lib\rtsv7M4_T_le_v4SPD16_eabi.lib
       _printfi.c.obj                4863    0         0      
       k_rem_pio2.c.obj              1848    344       0      
       s_cos.c.obj                   1500    0         0      
       s_sin.c.obj                   1476    0         0      
       defs.c.obj                    0       0         832    
       trgmsg.c.obj                  108     0         576    
       memory.c.obj                  492     0         24     
       write.c.obj                   40      0         400    
       fd_add_t2.asm.obj             438     0         0      
       k_sin.c.obj                   372     0         0      
       k_cos.c.obj                   364     0         0      
       e_sqrt.c.obj                  344     0         0      
       fd_div_t2.asm.obj             310     0         0      
       fputs.c.obj                   276     0         0      
       s_scalbn.c.obj                272     0         0      
       fd_cmp_t2.asm.obj             268     0         0      
       ctype.c.obj                   0       257       0      
       fd_mul_t2.asm.obj             252     0         0      
       s_floor.c.obj                 248     0         0      
       setvbuf.c.obj                 220     0         0      
       memcpy_t2.asm.obj             156     0         0      
       ull_div_t2.asm.obj            150     0         0      
       fputc.c.obj                   140     0         0      
       memset_t2.asm.obj             122     0         0      
       fclose.c.obj                  116     0         0      
       getdevice.c.obj               116     0         0      
       hostopen.c.obj                96      0         16     
       fd_tos_t2.asm.obj             110     0         0      
       fprintf.c.obj                 108     0         0      
       copy_decompress_lzss.c.obj    104     0         0      
       hostlseek.c.obj               104     0         0      
       hostrename.c.obj              104     0         0      
       exit.c.obj                    76      0         24     
       fseek.c.obj                   100     0         0      
       s_frexp.c.obj                 100     0         0      
       _io_perm.c.obj                98      0         0      
       close.c.obj                   92      0         0      
       hostread.c.obj                88      0         0      
       hostwrite.c.obj               88      0         0      
       ltoa.c.obj                    84      0         0      
       atoi.c.obj                    76      0         0      
       fflush.c.obj                  76      0         0      
       fd_toi_t2.asm.obj             72      0         0      
       autoinit.c.obj                68      0         0      
       hostclose.c.obj               68      0         0      
       hostunlink.c.obj              68      0         0      
       boot_cortex_m.c.obj           56      0         0      
       fs_tod_t2.asm.obj             56      0         0      
       strncpy.c.obj                 54      0         0      
       fopen.c.obj                   52      0         0      
       i_tofd_t2.asm.obj             46      0         0      
       unlink.c.obj                  44      0         0      
       lseek.c.obj                   40      0         0      
       memchr.c.obj                  32      0         0      
       memccpy.c.obj                 28      0         0      
       strcmp.c.obj                  24      0         0      
       strchr.c.obj                  22      0         0      
       s_copysign.c.obj              20      0         0      
       strcpy.c.obj                  20      0         0      
       strlen.c.obj                  20      0         0      
       _lock.c.obj                   2       0         16     
       copy_zero_init.c.obj          18      0         0      
       wcslen.c.obj                  18      0         0      
       errno.c.obj                   8       0         8      
       copy_decompress_none.c.obj    14      0         0      
       pre_init.c.obj                4       0         0      
       div0.asm.obj                  2       0         0      
    +--+-----------------------------+-------+---------+---------+
       Total:                        16851   601       1896   
                                                              
       Heap:                         0       0         51920  
       Stack:                        0       0         4096   
       Linker Generated:             0       150       0      
    +--+-----------------------------+-------+---------+---------+
       Grand Total:                  24273   1631      57928  


LINKER GENERATED COPY TABLES

__TI_cinit_table @ 00006548 records: 2, size/record: 8, table size: 16
	.data: load addr=000064c0, load size=00000072 bytes, run addr=20006568, run size=000001f0 bytes, compression=lzss
	.bss: load addr=00006540, load size=00000008 bytes, run addr=20006758, run size=000001cc bytes, compression=zero_init


LINKER GENERATED HANDLER TABLE

__TI_handler_table @ 00006534 records: 3, size/record: 4, table size: 12
	index: 0, handler: __TI_decompress_lzss
	index: 1, handler: __TI_decompress_none
	index: 2, handler: __TI_zero_init


GLOBAL SYMBOLS: SORTED ALPHABETICALLY BY Name 

address   name                              
-------   ----                              
00005339  ADC14_IRQHandler                  
00005339  ADC14_IRQHandler                  
00004675  ADC14_configureConversionMemory   
00005391  ADC14_configureSingleSampleMode   
00005f71  ADC14_disableConversion           
00005ba9  ADC14_disableInterrupt            
00005e8d  ADC14_disableModule               
00005cf5  ADC14_enableConversion            
00005bd9  ADC14_enableInterrupt             
00005fa1  ADC14_enableModule                
00005545  ADC14_initModule                  
00005e0d  ADC14_setResolution               
00005c09  ADC14_setSampleHoldTime           
000056d9  ADC14_setSampleHoldTrigger        
00000b47  AES256_IRQHandler                 
00000b47  BusFault_Handler                  
00005fd3  C$$EXIT                           
000059ef  C$$IO$$                           
00000b47  COMP_E0_IRQHandler                
00000b47  COMP_E1_IRQHandler                
00000b47  CS_IRQHandler                     
00005ad9  CS_setDCOCenteredFrequency        
00005c39  CS_setReferenceOscillatorFrequency
00000b47  DMA_ERR_IRQHandler                
00000b47  DMA_INT0_IRQHandler               
00000b47  DMA_INT1_IRQHandler               
00000b47  DMA_INT2_IRQHandler               
00000b47  DMA_INT3_IRQHandler               
00000b47  DebugMon_Handler                  
00000b47  Default_Handler                   
00005d1d  EUSCIA0_IRQHandler                
00005d1d  EUSCIA0_IRQHandler                
00000b47  EUSCIA1_IRQHandler                
00000b47  EUSCIA2_IRQHandler                
00000b47  EUSCIA3_IRQHandler                
00000b47  EUSCIB0_IRQHandler                
00000b47  EUSCIB1_IRQHandler                
00000b47  EUSCIB2_IRQHandler                
00000b47  EUSCIB3_IRQHandler                
00000b47  FLCTL_IRQHandler                  
00000b47  FPU_IRQHandler                    
00005905  GPIO_setAsOutputPin               
00005d45  GPIO_setOutputHighOnPin           
00005d6d  GPIO_setOutputLowOnPin            
000057b1  HOSTclose                         
00004e8d  HOSTlseek                         
00005221  HOSTopen                          
000053e9  HOSTread                          
00004ef5  HOSTrename                        
000057f5  HOSTunlink                        
00005441  HOSTwrite                         
00000b47  HardFault_Handler                 
000049e5  Interrupt_disableInterrupt        
00004a65  Interrupt_enableInterrupt         
00000b47  MemManage_Handler                 
00000b47  NMI_Handler                       
00000b47  PCM_IRQHandler                    
00005e6d  PORT1_IRQHandler                  
00005e6d  PORT1_IRQHandler                  
00000b47  PORT2_IRQHandler                  
00000b47  PORT3_IRQHandler                  
00000b47  PORT4_IRQHandler                  
00000b47  PORT5_IRQHandler                  
00000b47  PORT6_IRQHandler                  
00000b47  PSS_IRQHandler                    
00000b47  PendSV_Handler                    
00004fc5  RMS                               
00000b47  RTC_C_IRQHandler                  
00005fad  Reset_Handler                     
00004ae5  STD                               
00000b47  SVC_Handler                       
00000b47  SysTick_Handler                   
0000502d  SystemInit                        
00000b47  T32_INT1_IRQHandler               
00000b47  T32_INT2_IRQHandler               
00000b47  T32_INTC_IRQHandler               
00000b47  TA0_0_IRQHandler                  
00000b47  TA0_N_IRQHandler                  
00000b47  TA1_0_IRQHandler                  
00000b47  TA1_N_IRQHandler                  
00000b47  TA2_0_IRQHandler                  
00000b47  TA2_N_IRQHandler                  
00000b47  TA3_0_IRQHandler                  
00000b47  TA3_N_IRQHandler                  
00005b0d  UART_transmitData                 
00000b47  UsageFault_Handler                
4000480c  WDTCTL_SYM                        
00000b47  WDT_A_IRQHandler                  
00005fd8  _Q16sqrt_coeffs                   
00004281  _Qmag                             
20006758  __CIOBUF_                         
20010000  __STACK_END                       
00000800  __STACK_SIZE                      
00006568  __SYSMEM_SIZE                     
00006548  __TI_CINIT_Base                   
00006558  __TI_CINIT_Limit                  
00006534  __TI_Handler_Table_Base           
00006540  __TI_Handler_Table_Limit          
00005839  __TI_auto_init_nobinit_nopinit    
00005b41  __TI_cleanup                      
20006730  __TI_cleanup_ptr                  
00004ccd  __TI_closefile                    
00004f5d  __TI_decompress_lzss              
00005f91  __TI_decompress_none              
0000563f  __TI_doflush                      
20006734  __TI_dtors_ptr                    
20006738  __TI_enable_exit_profile_output   
20006720  __TI_ft_end                       
ffffffff  __TI_pprof_out_hndl               
000000e9  __TI_printfi                      
ffffffff  __TI_prof_data_size               
ffffffff  __TI_prof_data_start              
00005b75  __TI_readmsg                      
00000000  __TI_static_base__                
20006878  __TI_tmpnams                      
000059c1  __TI_writemsg                     
000051bd  __TI_wrt_ok                       
00005f4b  __TI_zero_init_nomemset           
000048d9  __aeabi_cdcmpeq                   
000048d9  __aeabi_cdcmple                   
0000495f  __aeabi_cdrcmple                  
00004e1d  __aeabi_d2f                       
00005769  __aeabi_d2iz                      
00002d6b  __aeabi_dadd                      
00003911  __aeabi_ddiv                      
00003fb1  __aeabi_dmul                      
00002d61  __aeabi_dsub                      
00005fb9  __aeabi_errno_addr                
00005a69  __aeabi_f2d                       
00005c99  __aeabi_i2d                       
00003a47  __aeabi_idiv0                     
00003a47  __aeabi_ldiv0                     
00004b63  __aeabi_memclr                    
00004b63  __aeabi_memclr4                   
00004b63  __aeabi_memclr8                   
00004719  __aeabi_memcpy                    
00004719  __aeabi_memcpy4                   
00004719  __aeabi_memcpy8                   
00004b65  __aeabi_memset                    
00004b65  __aeabi_memset4                   
00004b65  __aeabi_memset8                   
2000672c  __aeabi_stderr                    
20006724  __aeabi_stdin                     
20006728  __aeabi_stdout                    
000047b5  __aeabi_uldivmod                  
ffffffff  __binit__                         
ffffffff  __c_args__                        
000033b1  __kernel_cos                      
00000b49  __kernel_rem_pio2                 
0000323d  __kernel_sin                      
UNDEFED   __mpu_init                        
2000f800  __stack                           
000059f9  _c_int00_noargs                   
000062b0  _ctypes_                          
20006658  _device                           
20006568  _ftable                           
20006748  _lock                             
00002f17  _nop                              
200066d0  _stream                           
20000000  _sys_memory                       
UNDEFED   _system_post_cinit                
00005fcf  _system_pre_init                  
2000674c  _unlock                           
00005fd3  abort                             
0000568d  atoi                              
00005281  average_preprocess                
ffffffff  binit                             
0000587d  calc_mean                         
000052dd  close                             
000064a0  compareConfig                     
00004c55  configure_analog                  
00005f0f  copysign                          
00005f0f  copysignl                         
00001281  cos                               
00001281  cosl                              
20006753  enableReads                       
20006754  errno                             
00005721  exit                              
00005c69  finddevice                        
000040ad  floor                             
000040ad  floorl                            
00005091  fprintf                           
0000484d  fputc                             
00003c81  fputs                             
00004359  free                              
000050f5  frexp                             
000050f5  frexpl                            
00005159  fseek                             
000058c1  getdevice                         
20006920  information_bytes                 
00000000  interruptVectors                  
00005fc1  kiss_fft                          
00003ea5  kiss_fft_alloc                    
000054ef  kiss_fft_stride                   
00002f19  kiss_fftr                         
000030c1  kiss_fftr_alloc                   
00003d95  ldexp                             
00003d95  ldexpl                            
00005d95  lseek                             
00005599  ltoa                              
00002769  main                              
00004bdd  malloc                            
00005ea9  max                               
00005ec5  memccpy                           
00005e2d  memchr                            
00004719  memcpy                            
00004b6b  memset                            
00005a31  minit                             
20006918  parmbuf                           
0000484d  putc                              
00005cc9  remove                            
20006750  resPos                            
00003d95  scalbn                            
00003d95  scalbnl                           
00005e4d  sendReading                       
000041a5  setvbuf                           
0000185d  sin                               
0000185d  sinl                              
0000367d  sqrt                              
0000367d  sqrtl                             
20006752  stateCounter                      
00005ef9  strchr                            
00005ee1  strcmp                            
00005f23  strcpy                            
00005f37  strlen                            
00005aa1  strncpy                           
00006464  uartConfig                        
00005cc9  unlink                            
00006488  upModeConfig                      
00005f5d  wcslen                            
00005de5  write                             


GLOBAL SYMBOLS: SORTED BY Symbol Address 

address   name                              
-------   ----                              
00000000  __TI_static_base__                
00000000  interruptVectors                  
000000e9  __TI_printfi                      
00000800  __STACK_SIZE                      
00000b47  AES256_IRQHandler                 
00000b47  BusFault_Handler                  
00000b47  COMP_E0_IRQHandler                
00000b47  COMP_E1_IRQHandler                
00000b47  CS_IRQHandler                     
00000b47  DMA_ERR_IRQHandler                
00000b47  DMA_INT0_IRQHandler               
00000b47  DMA_INT1_IRQHandler               
00000b47  DMA_INT2_IRQHandler               
00000b47  DMA_INT3_IRQHandler               
00000b47  DebugMon_Handler                  
00000b47  Default_Handler                   
00000b47  EUSCIA1_IRQHandler                
00000b47  EUSCIA2_IRQHandler                
00000b47  EUSCIA3_IRQHandler                
00000b47  EUSCIB0_IRQHandler                
00000b47  EUSCIB1_IRQHandler                
00000b47  EUSCIB2_IRQHandler                
00000b47  EUSCIB3_IRQHandler                
00000b47  FLCTL_IRQHandler                  
00000b47  FPU_IRQHandler                    
00000b47  HardFault_Handler                 
00000b47  MemManage_Handler                 
00000b47  NMI_Handler                       
00000b47  PCM_IRQHandler                    
00000b47  PORT2_IRQHandler                  
00000b47  PORT3_IRQHandler                  
00000b47  PORT4_IRQHandler                  
00000b47  PORT5_IRQHandler                  
00000b47  PORT6_IRQHandler                  
00000b47  PSS_IRQHandler                    
00000b47  PendSV_Handler                    
00000b47  RTC_C_IRQHandler                  
00000b47  SVC_Handler                       
00000b47  SysTick_Handler                   
00000b47  T32_INT1_IRQHandler               
00000b47  T32_INT2_IRQHandler               
00000b47  T32_INTC_IRQHandler               
00000b47  TA0_0_IRQHandler                  
00000b47  TA0_N_IRQHandler                  
00000b47  TA1_0_IRQHandler                  
00000b47  TA1_N_IRQHandler                  
00000b47  TA2_0_IRQHandler                  
00000b47  TA2_N_IRQHandler                  
00000b47  TA3_0_IRQHandler                  
00000b47  TA3_N_IRQHandler                  
00000b47  UsageFault_Handler                
00000b47  WDT_A_IRQHandler                  
00000b49  __kernel_rem_pio2                 
00001281  cos                               
00001281  cosl                              
0000185d  sin                               
0000185d  sinl                              
00002769  main                              
00002d61  __aeabi_dsub                      
00002d6b  __aeabi_dadd                      
00002f17  _nop                              
00002f19  kiss_fftr                         
000030c1  kiss_fftr_alloc                   
0000323d  __kernel_sin                      
000033b1  __kernel_cos                      
0000367d  sqrt                              
0000367d  sqrtl                             
00003911  __aeabi_ddiv                      
00003a47  __aeabi_idiv0                     
00003a47  __aeabi_ldiv0                     
00003c81  fputs                             
00003d95  ldexp                             
00003d95  ldexpl                            
00003d95  scalbn                            
00003d95  scalbnl                           
00003ea5  kiss_fft_alloc                    
00003fb1  __aeabi_dmul                      
000040ad  floor                             
000040ad  floorl                            
000041a5  setvbuf                           
00004281  _Qmag                             
00004359  free                              
00004675  ADC14_configureConversionMemory   
00004719  __aeabi_memcpy                    
00004719  __aeabi_memcpy4                   
00004719  __aeabi_memcpy8                   
00004719  memcpy                            
000047b5  __aeabi_uldivmod                  
0000484d  fputc                             
0000484d  putc                              
000048d9  __aeabi_cdcmpeq                   
000048d9  __aeabi_cdcmple                   
0000495f  __aeabi_cdrcmple                  
000049e5  Interrupt_disableInterrupt        
00004a65  Interrupt_enableInterrupt         
00004ae5  STD                               
00004b63  __aeabi_memclr                    
00004b63  __aeabi_memclr4                   
00004b63  __aeabi_memclr8                   
00004b65  __aeabi_memset                    
00004b65  __aeabi_memset4                   
00004b65  __aeabi_memset8                   
00004b6b  memset                            
00004bdd  malloc                            
00004c55  configure_analog                  
00004ccd  __TI_closefile                    
00004e1d  __aeabi_d2f                       
00004e8d  HOSTlseek                         
00004ef5  HOSTrename                        
00004f5d  __TI_decompress_lzss              
00004fc5  RMS                               
0000502d  SystemInit                        
00005091  fprintf                           
000050f5  frexp                             
000050f5  frexpl                            
00005159  fseek                             
000051bd  __TI_wrt_ok                       
00005221  HOSTopen                          
00005281  average_preprocess                
000052dd  close                             
00005339  ADC14_IRQHandler                  
00005339  ADC14_IRQHandler                  
00005391  ADC14_configureSingleSampleMode   
000053e9  HOSTread                          
00005441  HOSTwrite                         
000054ef  kiss_fft_stride                   
00005545  ADC14_initModule                  
00005599  ltoa                              
0000563f  __TI_doflush                      
0000568d  atoi                              
000056d9  ADC14_setSampleHoldTrigger        
00005721  exit                              
00005769  __aeabi_d2iz                      
000057b1  HOSTclose                         
000057f5  HOSTunlink                        
00005839  __TI_auto_init_nobinit_nopinit    
0000587d  calc_mean                         
000058c1  getdevice                         
00005905  GPIO_setAsOutputPin               
000059c1  __TI_writemsg                     
000059ef  C$$IO$$                           
000059f9  _c_int00_noargs                   
00005a31  minit                             
00005a69  __aeabi_f2d                       
00005aa1  strncpy                           
00005ad9  CS_setDCOCenteredFrequency        
00005b0d  UART_transmitData                 
00005b41  __TI_cleanup                      
00005b75  __TI_readmsg                      
00005ba9  ADC14_disableInterrupt            
00005bd9  ADC14_enableInterrupt             
00005c09  ADC14_setSampleHoldTime           
00005c39  CS_setReferenceOscillatorFrequency
00005c69  finddevice                        
00005c99  __aeabi_i2d                       
00005cc9  remove                            
00005cc9  unlink                            
00005cf5  ADC14_enableConversion            
00005d1d  EUSCIA0_IRQHandler                
00005d1d  EUSCIA0_IRQHandler                
00005d45  GPIO_setOutputHighOnPin           
00005d6d  GPIO_setOutputLowOnPin            
00005d95  lseek                             
00005de5  write                             
00005e0d  ADC14_setResolution               
00005e2d  memchr                            
00005e4d  sendReading                       
00005e6d  PORT1_IRQHandler                  
00005e6d  PORT1_IRQHandler                  
00005e8d  ADC14_disableModule               
00005ea9  max                               
00005ec5  memccpy                           
00005ee1  strcmp                            
00005ef9  strchr                            
00005f0f  copysign                          
00005f0f  copysignl                         
00005f23  strcpy                            
00005f37  strlen                            
00005f4b  __TI_zero_init_nomemset           
00005f5d  wcslen                            
00005f71  ADC14_disableConversion           
00005f91  __TI_decompress_none              
00005fa1  ADC14_enableModule                
00005fad  Reset_Handler                     
00005fb9  __aeabi_errno_addr                
00005fc1  kiss_fft                          
00005fcf  _system_pre_init                  
00005fd3  C$$EXIT                           
00005fd3  abort                             
00005fd8  _Q16sqrt_coeffs                   
000062b0  _ctypes_                          
00006464  uartConfig                        
00006488  upModeConfig                      
000064a0  compareConfig                     
00006534  __TI_Handler_Table_Base           
00006540  __TI_Handler_Table_Limit          
00006548  __TI_CINIT_Base                   
00006558  __TI_CINIT_Limit                  
00006568  __SYSMEM_SIZE                     
20000000  _sys_memory                       
20006568  _ftable                           
20006658  _device                           
200066d0  _stream                           
20006720  __TI_ft_end                       
20006724  __aeabi_stdin                     
20006728  __aeabi_stdout                    
2000672c  __aeabi_stderr                    
20006730  __TI_cleanup_ptr                  
20006734  __TI_dtors_ptr                    
20006738  __TI_enable_exit_profile_output   
20006748  _lock                             
2000674c  _unlock                           
20006750  resPos                            
20006752  stateCounter                      
20006753  enableReads                       
20006754  errno                             
20006758  __CIOBUF_                         
20006878  __TI_tmpnams                      
20006918  parmbuf                           
20006920  information_bytes                 
2000f800  __stack                           
20010000  __STACK_END                       
4000480c  WDTCTL_SYM                        
ffffffff  __TI_pprof_out_hndl               
ffffffff  __TI_prof_data_size               
ffffffff  __TI_prof_data_start              
ffffffff  __binit__                         
ffffffff  __c_args__                        
ffffffff  binit                             
UNDEFED   __mpu_init                        
UNDEFED   _system_post_cinit                

[231 symbols]
