******************************************************************************
                  TI ARM Linker PC v18.1.2                     
******************************************************************************
>> Linked Sun Aug 12 12:59:39 2018

OUTPUT FILE NAME:   <adc_FFT_uart.out>
ENTRY POINT SYMBOL: "_c_int00_noargs"  address: 000059a9


MEMORY CONFIGURATION

         name            origin    length      used     unused   attr    fill
----------------------  --------  ---------  --------  --------  ----  --------
  MAIN                  00000000   00040000  0000651e  00039ae2  R  X
  INFO                  00200000   00004000  00000000  00004000  R  X
  SRAM_CODE             01000000   00010000  00007123  00008edd  RW X
  SRAM_DATA             20000000   00010000  00007123  00008edd  RW  


SEGMENT ALLOCATION MAP

run origin  load origin   length   init length attrs members
----------  ----------- ---------- ----------- ----- -------
00000000    00000000    00006528   00006528    r-x
  00000000    00000000    000000e4   000000e4    r-- .intvecs
  000000e8    000000e8    00005eba   00005eba    r-x .text
  00005fa8    00005fa8    000004e8   000004e8    r-- .const
  00006490    00006490    00000098   00000098    r-- .cinit
20000000    20000000    00006924   00000000    rw-
  20000000    20000000    00006568   00000000    rw- .sysmem
  20006568    20006568    000001ef   00000000    rw- .data
  20006758    20006758    000001cc   00000000    rw- .bss
2000f800    2000f800    00000800   00000000    rw-
  2000f800    2000f800    00000800   00000000    rw- .stack


SECTION ALLOCATION MAP

 output                                  attributes/
section   page    origin      length       input sections
--------  ----  ----------  ----------   ----------------
.intvecs   0    00000000    000000e4     
                  00000000    000000e4     startup_msp432p401r_ccs.obj (.intvecs:retain)

.text      0    000000e8    00005eba     
                  000000e8    00000a5e     rtsv7M4_T_le_v4SPD16_eabi.lib : _printfi.c.obj (.text:__TI_printfi)
                  00000b46    00000002     startup_msp432p401r_ccs.obj (.text:Default_Handler)
                  00000b48    00000738     rtsv7M4_T_le_v4SPD16_eabi.lib : k_rem_pio2.c.obj (.text:__kernel_rem_pio2)
                  00001280    000005dc                                   : s_cos.c.obj (.text:cos)
                  0000185c    000005c4                                   : s_sin.c.obj (.text:sin)
                  00001e20    0000045a     kiss_fft.obj (.text:kf_bfly5)
                  0000227a    0000027e     kiss_fft.obj (.text:kf_bfly4)
                  000024f8    00000270     rtsv7M4_T_le_v4SPD16_eabi.lib : _printfi.c.obj (.text:_pconv_a)
                  00002768    00000204     adc_FFT_uart.obj (.text:main)
                  0000296c    000001d4     kiss_fft.obj (.text:kf_bfly3)
                  00002b40    000001d0     rtsv7M4_T_le_v4SPD16_eabi.lib : _printfi.c.obj (.text:_pconv_g)
                  00002d10    000001b6                                   : fd_add_t2.asm.obj (.text)
                  00002ec6    00000002                                   : _lock.c.obj (.text:_nop)
                  00002ec8    000001a8     kiss_fftr.obj (.text:kiss_fftr)
                  00003070    0000017c     kiss_fftr.obj (.text:kiss_fftr_alloc)
                  000031ec    00000174     rtsv7M4_T_le_v4SPD16_eabi.lib : k_sin.c.obj (.text:__kernel_sin)
                  00003360    0000016c                                   : k_cos.c.obj (.text:__kernel_cos)
                  000034cc    00000160     msp432p4xx_driverlib.lib : adc14.o (.text:_getIndexForMemRegister)
                  0000362c    00000158     rtsv7M4_T_le_v4SPD16_eabi.lib : e_sqrt.c.obj (.text:sqrt)
                  00003784    0000013c                                   : _printfi.c.obj (.text:_pconv_e)
                  000038c0    00000136                                   : fd_div_t2.asm.obj (.text)
                  000039f6    00000002                                   : div0.asm.obj (.text)
                  000039f8    00000120                                   : _printfi.c.obj (.text:fcvt)
                  00003b18    00000118     kiss_fft.obj (.text:kf_bfly_generic)
                  00003c30    00000114     rtsv7M4_T_le_v4SPD16_eabi.lib : fputs.c.obj (.text:fputs)
                  00003d44    00000110                                   : s_scalbn.c.obj (.text:scalbn)
                  00003e54    0000010c     kiss_fft.obj (.text:kiss_fft_alloc)
                  00003f60    000000fc     rtsv7M4_T_le_v4SPD16_eabi.lib : fd_mul_t2.asm.obj (.text)
                  0000405c    000000f8                                   : s_floor.c.obj (.text:floor)
                  00004154    000000dc                                   : setvbuf.c.obj (.text:setvbuf)
                  00004230    000000d8     QmathLib_CCS_MSP432.lib : _QNsqrt.obj (.text:_Qmag)
                  00004308    000000d8     rtsv7M4_T_le_v4SPD16_eabi.lib : memory.c.obj (.text:free)
                  000043e0    000000ce     kiss_fft.obj (.text:kf_work)
                  000044ae    000000c0     kiss_fft.obj (.text:kf_bfly2)
                  0000456e    00000002     --HOLE-- [fill = 0]
                  00004570    000000b1     rtsv7M4_T_le_v4SPD16_eabi.lib : _printfi.c.obj (.text:_ltostr)
                  00004621    00000003     --HOLE-- [fill = 0]
                  00004624    000000a4     msp432p4xx_driverlib.lib : adc14.o (.text:ADC14_configureConversionMemory)
                  000046c8    0000009c     rtsv7M4_T_le_v4SPD16_eabi.lib : memcpy_t2.asm.obj (.text)
                  00004764    00000096                                   : ull_div_t2.asm.obj (.text)
                  000047fa    00000002     --HOLE-- [fill = 0]
                  000047fc    0000008c                                   : fputc.c.obj (.text:fputc)
                  00004888    00000086                                   : fd_cmp_t2.asm.obj (.text:__aeabi_cdcmple)
                  0000490e    00000086                                   : fd_cmp_t2.asm.obj (.text:__aeabi_cdrcmple)
                  00004994    00000080     msp432p4xx_driverlib.lib : interrupt.o (.text:Interrupt_disableInterrupt)
                  00004a14    00000080                              : interrupt.o (.text:Interrupt_enableInterrupt)
                  00004a94    0000007e     adc_FFT_uart.obj (.text:STD)
                  00004b12    0000007a     rtsv7M4_T_le_v4SPD16_eabi.lib : memset_t2.asm.obj (.text)
                  00004b8c    00000078                                   : memory.c.obj (.text:malloc)
                  00004c04    00000076     adc_FFT_uart.obj (.text:configure_analog)
                  00004c7a    00000002     --HOLE-- [fill = 0]
                  00004c7c    00000074     rtsv7M4_T_le_v4SPD16_eabi.lib : fclose.c.obj (.text:__TI_closefile)
                  00004cf0    0000006e                                   : _printfi.c.obj (.text:_mcpy)
                  00004d5e    0000006e     kiss_fft.obj (.text:kf_factor)
                  00004dcc    0000006e     rtsv7M4_T_le_v4SPD16_eabi.lib : fd_tos_t2.asm.obj (.text)
                  00004e3a    00000002     --HOLE-- [fill = 0]
                  00004e3c    00000068                                   : hostlseek.c.obj (.text:HOSTlseek)
                  00004ea4    00000068                                   : hostrename.c.obj (.text:HOSTrename)
                  00004f0c    00000068                                   : copy_decompress_lzss.c.obj (.text:decompress:lzss:__TI_decompress_lzss)
                  00004f74    00000066     adc_FFT_uart.obj (.text:RMS)
                  00004fda    00000002     --HOLE-- [fill = 0]
                  00004fdc    00000064     system_msp432p401r.obj (.text:SystemInit)
                  00005040    00000064     rtsv7M4_T_le_v4SPD16_eabi.lib : fprintf.c.obj (.text:fprintf)
                  000050a4    00000064                                   : s_frexp.c.obj (.text:frexp)
                  00005108    00000064                                   : fseek.c.obj (.text:fseek)
                  0000516c    00000062                                   : _io_perm.c.obj (.text:__TI_wrt_ok)
                  000051ce    00000002     --HOLE-- [fill = 0]
                  000051d0    00000060                                   : hostopen.c.obj (.text:HOSTopen)
                  00005230    0000005c     adc_FFT_uart.obj (.text:average_preprocess)
                  0000528c    0000005c     rtsv7M4_T_le_v4SPD16_eabi.lib : close.c.obj (.text:close)
                  000052e8    00000058     adc_FFT_uart.obj (.text:ADC14_IRQHandler)
                  00005340    00000058     msp432p4xx_driverlib.lib : adc14.o (.text:ADC14_configureSingleSampleMode)
                  00005398    00000058     rtsv7M4_T_le_v4SPD16_eabi.lib : hostread.c.obj (.text:HOSTread)
                  000053f0    00000058                                   : hostwrite.c.obj (.text:HOSTwrite)
                  00005448    00000056                                   : _printfi.c.obj (.text:_pconv_f)
                  0000549e    00000056     kiss_fft.obj (.text:kiss_fft_stride)
                  000054f4    00000054     msp432p4xx_driverlib.lib : adc14.o (.text:ADC14_initModule)
                  00005548    00000054     rtsv7M4_T_le_v4SPD16_eabi.lib : ltoa.c.obj (.text:ltoa)
                  0000559c    00000052                                   : _printfi.c.obj (.text:_ecpy)
                  000055ee    0000004c                                   : fflush.c.obj (.text:__TI_doflush)
                  0000563a    00000002     --HOLE-- [fill = 0]
                  0000563c    0000004c                                   : atoi.c.obj (.text:atoi)
                  00005688    00000048     msp432p4xx_driverlib.lib : adc14.o (.text:ADC14_setSampleHoldTrigger)
                  000056d0    00000048     rtsv7M4_T_le_v4SPD16_eabi.lib : exit.c.obj (.text:exit)
                  00005718    00000048                                   : fd_toi_t2.asm.obj (.text)
                  00005760    00000044                                   : hostclose.c.obj (.text:HOSTclose)
                  000057a4    00000044                                   : hostunlink.c.obj (.text:HOSTunlink)
                  000057e8    00000044                                   : autoinit.c.obj (.text:__TI_auto_init_nobinit_nopinit:__TI_auto_init_nobinit_nopinit)
                  0000582c    00000044     adc_FFT_uart.obj (.text:calc_mean)
                  00005870    00000044     rtsv7M4_T_le_v4SPD16_eabi.lib : getdevice.c.obj (.text:getdevice)
                  000058b4    00000040     msp432p4xx_driverlib.lib : gpio.o (.text:GPIO_setAsOutputPin)
                  000058f4    0000003e     rtsv7M4_T_le_v4SPD16_eabi.lib : _printfi.c.obj (.text:_fcpy)
                  00005932    00000002     --HOLE-- [fill = 0]
                  00005934    0000003c                                   : memory.c.obj (.text:minsert)
                  00005970    00000038                                   : trgmsg.c.obj (.text:__TI_writemsg)
                  000059a8    00000038                                   : boot_cortex_m.c.obj (.text:_c_int00_noargs:_c_int00_noargs)
                  000059e0    00000038                                   : memory.c.obj (.text:minit)
                  00005a18    00000038                                   : fs_tod_t2.asm.obj (.text)
                  00005a50    00000036                                   : strncpy.c.obj (.text:strncpy)
                  00005a86    00000002     --HOLE-- [fill = 0]
                  00005a88    00000034     msp432p4xx_driverlib.lib : cs.o (.text:CS_setDCOCenteredFrequency)
                  00005abc    00000034                              : uart.o (.text:UART_transmitData)
                  00005af0    00000034     rtsv7M4_T_le_v4SPD16_eabi.lib : fopen.c.obj (.text:__TI_cleanup)
                  00005b24    00000034                                   : trgmsg.c.obj (.text:__TI_readmsg)
                  00005b58    00000032     adc_FFT_uart.obj (.text:PORT1_IRQHandler)
                  00005b8a    00000002     --HOLE-- [fill = 0]
                  00005b8c    00000030     msp432p4xx_driverlib.lib : adc14.o (.text:ADC14_disableInterrupt)
                  00005bbc    00000030                              : adc14.o (.text:ADC14_enableInterrupt)
                  00005bec    00000030                              : adc14.o (.text:ADC14_setSampleHoldTime)
                  00005c1c    00000030                              : cs.o (.text:CS_setReferenceOscillatorFrequency)
                  00005c4c    00000030     adc_FFT_uart.obj (.text:EUSCIA0_IRQHandler)
                  00005c7c    00000030     rtsv7M4_T_le_v4SPD16_eabi.lib : getdevice.c.obj (.text:finddevice)
                  00005cac    0000002e                                   : i_tofd_t2.asm.obj (.text)
                  00005cda    00000002     --HOLE-- [fill = 0]
                  00005cdc    0000002c                                   : unlink.c.obj (.text:unlink)
                  00005d08    00000028     msp432p4xx_driverlib.lib : adc14.o (.text:ADC14_enableConversion)
                  00005d30    00000028                              : gpio.o (.text:GPIO_setOutputHighOnPin)
                  00005d58    00000028                              : gpio.o (.text:GPIO_setOutputLowOnPin)
                  00005d80    00000028     rtsv7M4_T_le_v4SPD16_eabi.lib : lseek.c.obj (.text:lseek)
                  00005da8    00000028                                   : memory.c.obj (.text:mremove)
                  00005dd0    00000028                                   : write.c.obj (.text:write)
                  00005df8    00000020     msp432p4xx_driverlib.lib : adc14.o (.text:ADC14_setResolution)
                  00005e18    00000020     rtsv7M4_T_le_v4SPD16_eabi.lib : memchr.c.obj (.text:memchr)
                  00005e38    00000020     adc_FFT_uart.obj (.text:sendReading)
                  00005e58    0000001c     msp432p4xx_driverlib.lib : adc14.o (.text:ADC14_disableModule)
                  00005e74    0000001c     adc_FFT_uart.obj (.text:max)
                  00005e90    0000001c     rtsv7M4_T_le_v4SPD16_eabi.lib : memccpy.c.obj (.text:memccpy)
                  00005eac    00000018                                   : strcmp.c.obj (.text:strcmp)
                  00005ec4    00000016                                   : strchr.c.obj (.text:strchr)
                  00005eda    00000014                                   : s_copysign.c.obj (.text:copysign)
                  00005eee    00000014                                   : strcpy.c.obj (.text:strcpy)
                  00005f02    00000014                                   : strlen.c.obj (.text:strlen)
                  00005f16    00000012                                   : copy_zero_init.c.obj (.text:decompress:ZI:__TI_zero_init_nomemset:__TI_zero_init_nomemset)
                  00005f28    00000012                                   : wcslen.c.obj (.text:wcslen)
                  00005f3a    00000002     --HOLE-- [fill = 0]
                  00005f3c    00000010     msp432p4xx_driverlib.lib : adc14.o (.text:ADC14_disableConversion)
                  00005f4c    00000010                              : adc14.o (.text:ADCIsConversionRunning)
                  00005f5c    0000000e     rtsv7M4_T_le_v4SPD16_eabi.lib : copy_decompress_none.c.obj (.text:decompress:none:__TI_decompress_none)
                  00005f6a    00000002     --HOLE-- [fill = 0]
                  00005f6c    0000000c     msp432p4xx_driverlib.lib : adc14.o (.text:ADC14_enableModule)
                  00005f78    0000000c     startup_msp432p401r_ccs.obj (.text:Reset_Handler)
                  00005f84    00000008     rtsv7M4_T_le_v4SPD16_eabi.lib : errno.c.obj (.text:__aeabi_errno_addr)
                  00005f8c    00000006     kiss_fft.obj (.text:kiss_fft)
                  00005f92    00000004     rtsv7M4_T_le_v4SPD16_eabi.lib : fprintf.c.obj (.text:_outc)
                  00005f96    00000004                                   : fprintf.c.obj (.text:_outs)
                  00005f9a    00000004                                   : pre_init.c.obj (.text:_system_pre_init)
                  00005f9e    00000004                                   : exit.c.obj (.text:abort:abort)

.const     0    00005fa8    000004e8     
                  00005fa8    00000180     QmathLib_CCS_MSP432.lib : _QNtables.obj (.const:_Q16sqrt_coeffs)
                  00006128    00000158     rtsv7M4_T_le_v4SPD16_eabi.lib : k_rem_pio2.c.obj (.const:$O1$$)
                  00006280    00000101                                   : ctype.c.obj (.const:.string:_ctypes_)
                  00006381    00000003     --HOLE-- [fill = 0]
                  00006384    00000080     msp432p4xx_driverlib.lib : adc14.o (.const:_ctlRegs)
                  00006404    00000030                              : gpio.o (.const:GPIO_PORT_TO_BASE)
                  00006434    00000024     adc_FFT_uart.obj (.const:uartConfig)
                  00006458    00000018     adc_FFT_uart.obj (.const:upModeConfig)
                  00006470    00000010     adc_FFT_uart.obj (.const:compareConfig)
                  00006480    00000008     msp432p4xx_driverlib.lib : interrupt.o (.const:g_pulDisRegs)
                  00006488    00000008                              : interrupt.o (.const:g_pulEnRegs)

.cinit     0    00006490    00000098     
                  00006490    00000071     (.cinit..data.load) [load image, compression = lzss]
                  00006501    00000003     --HOLE-- [fill = 0]
                  00006504    0000000c     (__TI_handler_table)
                  00006510    00000008     (.cinit..bss.load) [load image, compression = zero_init]
                  00006518    00000010     (__TI_cinit_table)

.init_array 
*          0    00000000    00000000     UNINITIALIZED

.binit     0    00000000    00000000     

.sysmem    0    20000000    00006568     UNINITIALIZED
                  20000000    00000008     rtsv7M4_T_le_v4SPD16_eabi.lib : memory.c.obj (.sysmem)
                  20000008    00006560     --HOLE--

.data      0    20006568    000001ef     UNINITIALIZED
                  20006568    000000f0     rtsv7M4_T_le_v4SPD16_eabi.lib : defs.c.obj (.data:_ftable)
                  20006658    00000078                                   : write.c.obj (.data:_device)
                  200066d0    00000050                                   : write.c.obj (.data:_stream)
                  20006720    00000010                                   : defs.c.obj (.data)
                  20006730    0000000c                                   : exit.c.obj (.data:$O1$$)
                  2000673c    0000000c                                   : memory.c.obj (.data:$O1$$)
                  20006748    00000008                                   : _lock.c.obj (.data:$O1$$)
                  20006750    00000004                                   : errno.c.obj (.data)
                  20006754    00000003     adc_FFT_uart.obj (.data)

.bss       0    20006758    000001cc     UNINITIALIZED
                  20006758    00000120     rtsv7M4_T_le_v4SPD16_eabi.lib : trgmsg.c.obj (.bss:_CIOBUF_)
                  20006878    000000a0     (.common:__TI_tmpnams)
                  20006918    00000008     (.common:parmbuf)
                  20006920    00000004     (.common:information_bytes)

.stack     0    2000f800    00000800     UNINITIALIZED
                  2000f800    00000004     rtsv7M4_T_le_v4SPD16_eabi.lib : boot_cortex_m.c.obj (.stack)
                  2000f804    000007fc     --HOLE--

MODULE SUMMARY

       Module                        code    ro data   rw data
       ------                        ----    -------   -------
    .\
       adc_FFT_uart.obj              1268    76        14     
       system_msp432p401r.obj        100     0         0      
    +--+-----------------------------+-------+---------+---------+
       Total:                        1368    76        14     
                                                              
    .\ccs\
       startup_msp432p401r_ccs.obj   14      228       0      
    +--+-----------------------------+-------+---------+---------+
       Total:                        14      228       0      
                                                              
    .\kissFFT\
       kiss_fft.obj                  3368    0         0      
       kiss_fftr.obj                 804     0         0      
    +--+-----------------------------+-------+---------+---------+
       Total:                        4172    0         0      
                                                              
    C:/ti/simplelink_msp432p4_sdk_2_20_00_12/source/ti/devices/msp432p4xx/driverlib/ccs/msp432p4xx_driverlib.lib
       adc14.o                       1048    128       0      
       interrupt.o                   256     16        0      
       gpio.o                        144     48        0      
       cs.o                          100     0         0      
       uart.o                        52      0         0      
    +--+-----------------------------+-------+---------+---------+
       Total:                        1600    192       0      
                                                              
    C:/ti/simplelink_msp432p4_sdk_2_20_00_12/source/ti/iqmathlib/ccs/QmathLib_CCS_MSP432.lib
       _QNtables.obj                 0       384       0      
       _QNsqrt.obj                   216     0         0      
    +--+-----------------------------+-------+---------+---------+
       Total:                        216     384       0      
                                                              
    C:\ti\ccsv8\tools\compiler\ti-cgt-arm_18.1.2.LTS\lib\rtsv7M4_T_le_v4SPD16_eabi.lib
       _printfi.c.obj                4863    0         0      
       k_rem_pio2.c.obj              1848    344       0      
       s_cos.c.obj                   1500    0         0      
       s_sin.c.obj                   1476    0         0      
       defs.c.obj                    0       0         832    
       trgmsg.c.obj                  108     0         576    
       memory.c.obj                  492     0         24     
       write.c.obj                   40      0         400    
       fd_add_t2.asm.obj             438     0         0      
       k_sin.c.obj                   372     0         0      
       k_cos.c.obj                   364     0         0      
       e_sqrt.c.obj                  344     0         0      
       fd_div_t2.asm.obj             310     0         0      
       fputs.c.obj                   276     0         0      
       s_scalbn.c.obj                272     0         0      
       fd_cmp_t2.asm.obj             268     0         0      
       ctype.c.obj                   0       257       0      
       fd_mul_t2.asm.obj             252     0         0      
       s_floor.c.obj                 248     0         0      
       setvbuf.c.obj                 220     0         0      
       memcpy_t2.asm.obj             156     0         0      
       ull_div_t2.asm.obj            150     0         0      
       fputc.c.obj                   140     0         0      
       memset_t2.asm.obj             122     0         0      
       fclose.c.obj                  116     0         0      
       getdevice.c.obj               116     0         0      
       hostopen.c.obj                96      0         16     
       fd_tos_t2.asm.obj             110     0         0      
       fprintf.c.obj                 108     0         0      
       copy_decompress_lzss.c.obj    104     0         0      
       hostlseek.c.obj               104     0         0      
       hostrename.c.obj              104     0         0      
       exit.c.obj                    76      0         24     
       fseek.c.obj                   100     0         0      
       s_frexp.c.obj                 100     0         0      
       _io_perm.c.obj                98      0         0      
       close.c.obj                   92      0         0      
       hostread.c.obj                88      0         0      
       hostwrite.c.obj               88      0         0      
       ltoa.c.obj                    84      0         0      
       atoi.c.obj                    76      0         0      
       fflush.c.obj                  76      0         0      
       fd_toi_t2.asm.obj             72      0         0      
       autoinit.c.obj                68      0         0      
       hostclose.c.obj               68      0         0      
       hostunlink.c.obj              68      0         0      
       boot_cortex_m.c.obj           56      0         0      
       fs_tod_t2.asm.obj             56      0         0      
       strncpy.c.obj                 54      0         0      
       fopen.c.obj                   52      0         0      
       i_tofd_t2.asm.obj             46      0         0      
       unlink.c.obj                  44      0         0      
       lseek.c.obj                   40      0         0      
       memchr.c.obj                  32      0         0      
       memccpy.c.obj                 28      0         0      
       strcmp.c.obj                  24      0         0      
       strchr.c.obj                  22      0         0      
       s_copysign.c.obj              20      0         0      
       strcpy.c.obj                  20      0         0      
       strlen.c.obj                  20      0         0      
       _lock.c.obj                   2       0         16     
       copy_zero_init.c.obj          18      0         0      
       wcslen.c.obj                  18      0         0      
       errno.c.obj                   8       0         8      
       copy_decompress_none.c.obj    14      0         0      
       pre_init.c.obj                4       0         0      
       div0.asm.obj                  2       0         0      
    +--+-----------------------------+-------+---------+---------+
       Total:                        16851   601       1896   
                                                              
       Heap:                         0       0         51920  
       Stack:                        0       0         4096   
       Linker Generated:             0       149       0      
    +--+-----------------------------+-------+---------+---------+
       Grand Total:                  24221   1630      57926  


LINKER GENERATED COPY TABLES

__TI_cinit_table @ 00006518 records: 2, size/record: 8, table size: 16
	.data: load addr=00006490, load size=00000071 bytes, run addr=20006568, run size=000001ef bytes, compression=lzss
	.bss: load addr=00006510, load size=00000008 bytes, run addr=20006758, run size=000001cc bytes, compression=zero_init


LINKER GENERATED HANDLER TABLE

__TI_handler_table @ 00006504 records: 3, size/record: 4, table size: 12
	index: 0, handler: __TI_decompress_lzss
	index: 1, handler: __TI_decompress_none
	index: 2, handler: __TI_zero_init


GLOBAL SYMBOLS: SORTED ALPHABETICALLY BY Name 

address   name                              
-------   ----                              
000052e9  ADC14_IRQHandler                  
000052e9  ADC14_IRQHandler                  
00004625  ADC14_configureConversionMemory   
00005341  ADC14_configureSingleSampleMode   
00005f3d  ADC14_disableConversion           
00005b8d  ADC14_disableInterrupt            
00005e59  ADC14_disableModule               
00005d09  ADC14_enableConversion            
00005bbd  ADC14_enableInterrupt             
00005f6d  ADC14_enableModule                
000054f5  ADC14_initModule                  
00005df9  ADC14_setResolution               
00005bed  ADC14_setSampleHoldTime           
00005689  ADC14_setSampleHoldTrigger        
00000b47  AES256_IRQHandler                 
00000b47  BusFault_Handler                  
00005f9f  C$$EXIT                           
0000599f  C$$IO$$                           
00000b47  COMP_E0_IRQHandler                
00000b47  COMP_E1_IRQHandler                
00000b47  CS_IRQHandler                     
00005a89  CS_setDCOCenteredFrequency        
00005c1d  CS_setReferenceOscillatorFrequency
00000b47  DMA_ERR_IRQHandler                
00000b47  DMA_INT0_IRQHandler               
00000b47  DMA_INT1_IRQHandler               
00000b47  DMA_INT2_IRQHandler               
00000b47  DMA_INT3_IRQHandler               
00000b47  DebugMon_Handler                  
00000b47  Default_Handler                   
00005c4d  EUSCIA0_IRQHandler                
00005c4d  EUSCIA0_IRQHandler                
00000b47  EUSCIA1_IRQHandler                
00000b47  EUSCIA2_IRQHandler                
00000b47  EUSCIA3_IRQHandler                
00000b47  EUSCIB0_IRQHandler                
00000b47  EUSCIB1_IRQHandler                
00000b47  EUSCIB2_IRQHandler                
00000b47  EUSCIB3_IRQHandler                
00000b47  FLCTL_IRQHandler                  
00000b47  FPU_IRQHandler                    
000058b5  GPIO_setAsOutputPin               
00005d31  GPIO_setOutputHighOnPin           
00005d59  GPIO_setOutputLowOnPin            
00005761  HOSTclose                         
00004e3d  HOSTlseek                         
000051d1  HOSTopen                          
00005399  HOSTread                          
00004ea5  HOSTrename                        
000057a5  HOSTunlink                        
000053f1  HOSTwrite                         
00000b47  HardFault_Handler                 
00004995  Interrupt_disableInterrupt        
00004a15  Interrupt_enableInterrupt         
00000b47  MemManage_Handler                 
00000b47  NMI_Handler                       
00000b47  PCM_IRQHandler                    
00005b59  PORT1_IRQHandler                  
00005b59  PORT1_IRQHandler                  
00000b47  PORT2_IRQHandler                  
00000b47  PORT3_IRQHandler                  
00000b47  PORT4_IRQHandler                  
00000b47  PORT5_IRQHandler                  
00000b47  PORT6_IRQHandler                  
00000b47  PSS_IRQHandler                    
00000b47  PendSV_Handler                    
00004f75  RMS                               
00000b47  RTC_C_IRQHandler                  
00005f79  Reset_Handler                     
00004a95  STD                               
00000b47  SVC_Handler                       
00000b47  SysTick_Handler                   
00004fdd  SystemInit                        
00000b47  T32_INT1_IRQHandler               
00000b47  T32_INT2_IRQHandler               
00000b47  T32_INTC_IRQHandler               
00000b47  TA0_0_IRQHandler                  
00000b47  TA0_N_IRQHandler                  
00000b47  TA1_0_IRQHandler                  
00000b47  TA1_N_IRQHandler                  
00000b47  TA2_0_IRQHandler                  
00000b47  TA2_N_IRQHandler                  
00000b47  TA3_0_IRQHandler                  
00000b47  TA3_N_IRQHandler                  
00005abd  UART_transmitData                 
00000b47  UsageFault_Handler                
4000480c  WDTCTL_SYM                        
00000b47  WDT_A_IRQHandler                  
00005fa8  _Q16sqrt_coeffs                   
00004231  _Qmag                             
20006758  __CIOBUF_                         
20010000  __STACK_END                       
00000800  __STACK_SIZE                      
00006568  __SYSMEM_SIZE                     
00006518  __TI_CINIT_Base                   
00006528  __TI_CINIT_Limit                  
00006504  __TI_Handler_Table_Base           
00006510  __TI_Handler_Table_Limit          
000057e9  __TI_auto_init_nobinit_nopinit    
00005af1  __TI_cleanup                      
20006730  __TI_cleanup_ptr                  
00004c7d  __TI_closefile                    
00004f0d  __TI_decompress_lzss              
00005f5d  __TI_decompress_none              
000055ef  __TI_doflush                      
20006734  __TI_dtors_ptr                    
20006738  __TI_enable_exit_profile_output   
20006720  __TI_ft_end                       
ffffffff  __TI_pprof_out_hndl               
000000e9  __TI_printfi                      
ffffffff  __TI_prof_data_size               
ffffffff  __TI_prof_data_start              
00005b25  __TI_readmsg                      
00000000  __TI_static_base__                
20006878  __TI_tmpnams                      
00005971  __TI_writemsg                     
0000516d  __TI_wrt_ok                       
00005f17  __TI_zero_init_nomemset           
00004889  __aeabi_cdcmpeq                   
00004889  __aeabi_cdcmple                   
0000490f  __aeabi_cdrcmple                  
00004dcd  __aeabi_d2f                       
00005719  __aeabi_d2iz                      
00002d1b  __aeabi_dadd                      
000038c1  __aeabi_ddiv                      
00003f61  __aeabi_dmul                      
00002d11  __aeabi_dsub                      
00005f85  __aeabi_errno_addr                
00005a19  __aeabi_f2d                       
00005cad  __aeabi_i2d                       
000039f7  __aeabi_idiv0                     
000039f7  __aeabi_ldiv0                     
00004b13  __aeabi_memclr                    
00004b13  __aeabi_memclr4                   
00004b13  __aeabi_memclr8                   
000046c9  __aeabi_memcpy                    
000046c9  __aeabi_memcpy4                   
000046c9  __aeabi_memcpy8                   
00004b15  __aeabi_memset                    
00004b15  __aeabi_memset4                   
00004b15  __aeabi_memset8                   
2000672c  __aeabi_stderr                    
20006724  __aeabi_stdin                     
20006728  __aeabi_stdout                    
00004765  __aeabi_uldivmod                  
ffffffff  __binit__                         
ffffffff  __c_args__                        
00003361  __kernel_cos                      
00000b49  __kernel_rem_pio2                 
000031ed  __kernel_sin                      
UNDEFED   __mpu_init                        
2000f800  __stack                           
000059a9  _c_int00_noargs                   
00006280  _ctypes_                          
20006658  _device                           
20006568  _ftable                           
20006748  _lock                             
00002ec7  _nop                              
200066d0  _stream                           
20000000  _sys_memory                       
UNDEFED   _system_post_cinit                
00005f9b  _system_pre_init                  
2000674c  _unlock                           
00005f9f  abort                             
0000563d  atoi                              
00005231  average_preprocess                
ffffffff  binit                             
0000582d  calc_mean                         
0000528d  close                             
00006470  compareConfig                     
00004c05  configure_analog                  
00005edb  copysign                          
00005edb  copysignl                         
00001281  cos                               
00001281  cosl                              
20006750  errno                             
000056d1  exit                              
00005c7d  finddevice                        
0000405d  floor                             
0000405d  floorl                            
00005041  fprintf                           
000047fd  fputc                             
00003c31  fputs                             
00004309  free                              
000050a5  frexp                             
000050a5  frexpl                            
00005109  fseek                             
00005871  getdevice                         
20006920  information_bytes                 
00000000  interruptVectors                  
00005f8d  kiss_fft                          
00003e55  kiss_fft_alloc                    
0000549f  kiss_fft_stride                   
00002ec9  kiss_fftr                         
00003071  kiss_fftr_alloc                   
00003d45  ldexp                             
00003d45  ldexpl                            
00005d81  lseek                             
00005549  ltoa                              
00002769  main                              
00004b8d  malloc                            
00005e75  max                               
00005e91  memccpy                           
00005e19  memchr                            
000046c9  memcpy                            
00004b1b  memset                            
000059e1  minit                             
20006918  parmbuf                           
000047fd  putc                              
00005cdd  remove                            
20006754  resPos                            
00003d45  scalbn                            
00003d45  scalbnl                           
00005e39  sendReading                       
00004155  setvbuf                           
0000185d  sin                               
0000185d  sinl                              
0000362d  sqrt                              
0000362d  sqrtl                             
20006756  stateCounter                      
00005ec5  strchr                            
00005ead  strcmp                            
00005eef  strcpy                            
00005f03  strlen                            
00005a51  strncpy                           
00006434  uartConfig                        
00005cdd  unlink                            
00006458  upModeConfig                      
00005f29  wcslen                            
00005dd1  write                             


GLOBAL SYMBOLS: SORTED BY Symbol Address 

address   name                              
-------   ----                              
00000000  __TI_static_base__                
00000000  interruptVectors                  
000000e9  __TI_printfi                      
00000800  __STACK_SIZE                      
00000b47  AES256_IRQHandler                 
00000b47  BusFault_Handler                  
00000b47  COMP_E0_IRQHandler                
00000b47  COMP_E1_IRQHandler                
00000b47  CS_IRQHandler                     
00000b47  DMA_ERR_IRQHandler                
00000b47  DMA_INT0_IRQHandler               
00000b47  DMA_INT1_IRQHandler               
00000b47  DMA_INT2_IRQHandler               
00000b47  DMA_INT3_IRQHandler               
00000b47  DebugMon_Handler                  
00000b47  Default_Handler                   
00000b47  EUSCIA1_IRQHandler                
00000b47  EUSCIA2_IRQHandler                
00000b47  EUSCIA3_IRQHandler                
00000b47  EUSCIB0_IRQHandler                
00000b47  EUSCIB1_IRQHandler                
00000b47  EUSCIB2_IRQHandler                
00000b47  EUSCIB3_IRQHandler                
00000b47  FLCTL_IRQHandler                  
00000b47  FPU_IRQHandler                    
00000b47  HardFault_Handler                 
00000b47  MemManage_Handler                 
00000b47  NMI_Handler                       
00000b47  PCM_IRQHandler                    
00000b47  PORT2_IRQHandler                  
00000b47  PORT3_IRQHandler                  
00000b47  PORT4_IRQHandler                  
00000b47  PORT5_IRQHandler                  
00000b47  PORT6_IRQHandler                  
00000b47  PSS_IRQHandler                    
00000b47  PendSV_Handler                    
00000b47  RTC_C_IRQHandler                  
00000b47  SVC_Handler                       
00000b47  SysTick_Handler                   
00000b47  T32_INT1_IRQHandler               
00000b47  T32_INT2_IRQHandler               
00000b47  T32_INTC_IRQHandler               
00000b47  TA0_0_IRQHandler                  
00000b47  TA0_N_IRQHandler                  
00000b47  TA1_0_IRQHandler                  
00000b47  TA1_N_IRQHandler                  
00000b47  TA2_0_IRQHandler                  
00000b47  TA2_N_IRQHandler                  
00000b47  TA3_0_IRQHandler                  
00000b47  TA3_N_IRQHandler                  
00000b47  UsageFault_Handler                
00000b47  WDT_A_IRQHandler                  
00000b49  __kernel_rem_pio2                 
00001281  cos                               
00001281  cosl                              
0000185d  sin                               
0000185d  sinl                              
00002769  main                              
00002d11  __aeabi_dsub                      
00002d1b  __aeabi_dadd                      
00002ec7  _nop                              
00002ec9  kiss_fftr                         
00003071  kiss_fftr_alloc                   
000031ed  __kernel_sin                      
00003361  __kernel_cos                      
0000362d  sqrt                              
0000362d  sqrtl                             
000038c1  __aeabi_ddiv                      
000039f7  __aeabi_idiv0                     
000039f7  __aeabi_ldiv0                     
00003c31  fputs                             
00003d45  ldexp                             
00003d45  ldexpl                            
00003d45  scalbn                            
00003d45  scalbnl                           
00003e55  kiss_fft_alloc                    
00003f61  __aeabi_dmul                      
0000405d  floor                             
0000405d  floorl                            
00004155  setvbuf                           
00004231  _Qmag                             
00004309  free                              
00004625  ADC14_configureConversionMemory   
000046c9  __aeabi_memcpy                    
000046c9  __aeabi_memcpy4                   
000046c9  __aeabi_memcpy8                   
000046c9  memcpy                            
00004765  __aeabi_uldivmod                  
000047fd  fputc                             
000047fd  putc                              
00004889  __aeabi_cdcmpeq                   
00004889  __aeabi_cdcmple                   
0000490f  __aeabi_cdrcmple                  
00004995  Interrupt_disableInterrupt        
00004a15  Interrupt_enableInterrupt         
00004a95  STD                               
00004b13  __aeabi_memclr                    
00004b13  __aeabi_memclr4                   
00004b13  __aeabi_memclr8                   
00004b15  __aeabi_memset                    
00004b15  __aeabi_memset4                   
00004b15  __aeabi_memset8                   
00004b1b  memset                            
00004b8d  malloc                            
00004c05  configure_analog                  
00004c7d  __TI_closefile                    
00004dcd  __aeabi_d2f                       
00004e3d  HOSTlseek                         
00004ea5  HOSTrename                        
00004f0d  __TI_decompress_lzss              
00004f75  RMS                               
00004fdd  SystemInit                        
00005041  fprintf                           
000050a5  frexp                             
000050a5  frexpl                            
00005109  fseek                             
0000516d  __TI_wrt_ok                       
000051d1  HOSTopen                          
00005231  average_preprocess                
0000528d  close                             
000052e9  ADC14_IRQHandler                  
000052e9  ADC14_IRQHandler                  
00005341  ADC14_configureSingleSampleMode   
00005399  HOSTread                          
000053f1  HOSTwrite                         
0000549f  kiss_fft_stride                   
000054f5  ADC14_initModule                  
00005549  ltoa                              
000055ef  __TI_doflush                      
0000563d  atoi                              
00005689  ADC14_setSampleHoldTrigger        
000056d1  exit                              
00005719  __aeabi_d2iz                      
00005761  HOSTclose                         
000057a5  HOSTunlink                        
000057e9  __TI_auto_init_nobinit_nopinit    
0000582d  calc_mean                         
00005871  getdevice                         
000058b5  GPIO_setAsOutputPin               
00005971  __TI_writemsg                     
0000599f  C$$IO$$                           
000059a9  _c_int00_noargs                   
000059e1  minit                             
00005a19  __aeabi_f2d                       
00005a51  strncpy                           
00005a89  CS_setDCOCenteredFrequency        
00005abd  UART_transmitData                 
00005af1  __TI_cleanup                      
00005b25  __TI_readmsg                      
00005b59  PORT1_IRQHandler                  
00005b59  PORT1_IRQHandler                  
00005b8d  ADC14_disableInterrupt            
00005bbd  ADC14_enableInterrupt             
00005bed  ADC14_setSampleHoldTime           
00005c1d  CS_setReferenceOscillatorFrequency
00005c4d  EUSCIA0_IRQHandler                
00005c4d  EUSCIA0_IRQHandler                
00005c7d  finddevice                        
00005cad  __aeabi_i2d                       
00005cdd  remove                            
00005cdd  unlink                            
00005d09  ADC14_enableConversion            
00005d31  GPIO_setOutputHighOnPin           
00005d59  GPIO_setOutputLowOnPin            
00005d81  lseek                             
00005dd1  write                             
00005df9  ADC14_setResolution               
00005e19  memchr                            
00005e39  sendReading                       
00005e59  ADC14_disableModule               
00005e75  max                               
00005e91  memccpy                           
00005ead  strcmp                            
00005ec5  strchr                            
00005edb  copysign                          
00005edb  copysignl                         
00005eef  strcpy                            
00005f03  strlen                            
00005f17  __TI_zero_init_nomemset           
00005f29  wcslen                            
00005f3d  ADC14_disableConversion           
00005f5d  __TI_decompress_none              
00005f6d  ADC14_enableModule                
00005f79  Reset_Handler                     
00005f85  __aeabi_errno_addr                
00005f8d  kiss_fft                          
00005f9b  _system_pre_init                  
00005f9f  C$$EXIT                           
00005f9f  abort                             
00005fa8  _Q16sqrt_coeffs                   
00006280  _ctypes_                          
00006434  uartConfig                        
00006458  upModeConfig                      
00006470  compareConfig                     
00006504  __TI_Handler_Table_Base           
00006510  __TI_Handler_Table_Limit          
00006518  __TI_CINIT_Base                   
00006528  __TI_CINIT_Limit                  
00006568  __SYSMEM_SIZE                     
20000000  _sys_memory                       
20006568  _ftable                           
20006658  _device                           
200066d0  _stream                           
20006720  __TI_ft_end                       
20006724  __aeabi_stdin                     
20006728  __aeabi_stdout                    
2000672c  __aeabi_stderr                    
20006730  __TI_cleanup_ptr                  
20006734  __TI_dtors_ptr                    
20006738  __TI_enable_exit_profile_output   
20006748  _lock                             
2000674c  _unlock                           
20006750  errno                             
20006754  resPos                            
20006756  stateCounter                      
20006758  __CIOBUF_                         
20006878  __TI_tmpnams                      
20006918  parmbuf                           
20006920  information_bytes                 
2000f800  __stack                           
20010000  __STACK_END                       
4000480c  WDTCTL_SYM                        
ffffffff  __TI_pprof_out_hndl               
ffffffff  __TI_prof_data_size               
ffffffff  __TI_prof_data_start              
ffffffff  __binit__                         
ffffffff  __c_args__                        
ffffffff  binit                             
UNDEFED   __mpu_init                        
UNDEFED   _system_post_cinit                

[230 symbols]
