******************************************************************************
                  TI ARM Linker PC v18.1.2                     
******************************************************************************
>> Linked Wed Jun 27 16:08:39 2018

OUTPUT FILE NAME:   <adc_FFT_uart.out>
ENTRY POINT SYMBOL: "_c_int00_noargs"  address: 0000534d


MEMORY CONFIGURATION

         name            origin    length      used     unused   attr    fill
----------------------  --------  ---------  --------  --------  ----  --------
  MAIN                  00000000   00040000  00005c32  0003a3ce  R  X
  INFO                  00200000   00004000  00000000  00004000  R  X
  SRAM_CODE             01000000   00010000  00007123  00008edd  RW X
  SRAM_DATA             20000000   00010000  00007123  00008edd  RW  


SEGMENT ALLOCATION MAP

run origin  load origin   length   init length attrs members
----------  ----------- ---------- ----------- ----- -------
00000000    00000000    00005c38   00005c38    r-x
  00000000    00000000    000000e4   000000e4    r-- .intvecs
  000000e8    000000e8    0000568e   0000568e    r-x .text
  00005778    00005778    00000428   00000428    r-- .const
  00005ba0    00005ba0    00000098   00000098    r-- .cinit
20000000    20000000    00006924   00000000    rw-
  20000000    20000000    00006568   00000000    rw- .sysmem
  20006568    20006568    000001ef   00000000    rw- .data
  20006758    20006758    000001cc   00000000    rw- .bss
2000f800    2000f800    00000800   00000000    rw-
  2000f800    2000f800    00000800   00000000    rw- .stack


SECTION ALLOCATION MAP

 output                                  attributes/
section   page    origin      length       input sections
--------  ----  ----------  ----------   ----------------
.intvecs   0    00000000    000000e4     
                  00000000    000000e4     startup_msp432p401r_ccs.obj (.intvecs:retain)

.text      0    000000e8    0000568e     
                  000000e8    00000a5e     rtsv7M4_T_le_v4SPD16_eabi.lib : _printfi.c.obj (.text:__TI_printfi)
                  00000b46    00000002     startup_msp432p401r_ccs.obj (.text:Default_Handler)
                  00000b48    00000738     rtsv7M4_T_le_v4SPD16_eabi.lib : k_rem_pio2.c.obj (.text:__kernel_rem_pio2)
                  00001280    000005dc                                   : s_cos.c.obj (.text:cos)
                  0000185c    000005c4                                   : s_sin.c.obj (.text:sin)
                  00001e20    0000045a     kiss_fft.obj (.text:kf_bfly5)
                  0000227a    0000027e     kiss_fft.obj (.text:kf_bfly4)
                  000024f8    00000270     rtsv7M4_T_le_v4SPD16_eabi.lib : _printfi.c.obj (.text:_pconv_a)
                  00002768    00000204     adc_FFT_uart.obj (.text:main)
                  0000296c    000001d4     kiss_fft.obj (.text:kf_bfly3)
                  00002b40    000001d0     rtsv7M4_T_le_v4SPD16_eabi.lib : _printfi.c.obj (.text:_pconv_g)
                  00002d10    000001b6                                   : fd_add_t2.asm.obj (.text)
                  00002ec6    00000002                                   : _lock.c.obj (.text:_nop)
                  00002ec8    000001a8     kiss_fftr.obj (.text:kiss_fftr)
                  00003070    0000017c     kiss_fftr.obj (.text:kiss_fftr_alloc)
                  000031ec    00000174     rtsv7M4_T_le_v4SPD16_eabi.lib : k_sin.c.obj (.text:__kernel_sin)
                  00003360    0000016c                                   : k_cos.c.obj (.text:__kernel_cos)
                  000034cc    00000158                                   : e_sqrt.c.obj (.text:sqrt)
                  00003624    0000013c                                   : _printfi.c.obj (.text:_pconv_e)
                  00003760    00000136                                   : fd_div_t2.asm.obj (.text)
                  00003896    00000002                                   : div0.asm.obj (.text)
                  00003898    00000120                                   : _printfi.c.obj (.text:fcvt)
                  000039b8    00000118     kiss_fft.obj (.text:kf_bfly_generic)
                  00003ad0    00000114     rtsv7M4_T_le_v4SPD16_eabi.lib : fputs.c.obj (.text:fputs)
                  00003be4    00000110                                   : s_scalbn.c.obj (.text:scalbn)
                  00003cf4    0000010c     kiss_fft.obj (.text:kiss_fft_alloc)
                  00003e00    000000fc     rtsv7M4_T_le_v4SPD16_eabi.lib : fd_mul_t2.asm.obj (.text)
                  00003efc    000000f8                                   : s_floor.c.obj (.text:floor)
                  00003ff4    000000dc                                   : setvbuf.c.obj (.text:setvbuf)
                  000040d0    000000d8     QmathLib_CCS_MSP432.lib : _QNsqrt.obj (.text:_Qmag)
                  000041a8    000000d8     rtsv7M4_T_le_v4SPD16_eabi.lib : memory.c.obj (.text:free)
                  00004280    000000ce     kiss_fft.obj (.text:kf_work)
                  0000434e    000000c0     kiss_fft.obj (.text:kf_bfly2)
                  0000440e    00000002     --HOLE-- [fill = 0]
                  00004410    000000b1     rtsv7M4_T_le_v4SPD16_eabi.lib : _printfi.c.obj (.text:_ltostr)
                  000044c1    00000001     --HOLE-- [fill = 0]
                  000044c2    0000009c                                   : memcpy_t2.asm.obj (.text)
                  0000455e    00000096                                   : ull_div_t2.asm.obj (.text)
                  000045f4    0000008c                                   : fputc.c.obj (.text:fputc)
                  00004680    00000086                                   : fd_cmp_t2.asm.obj (.text:__aeabi_cdcmple)
                  00004706    00000086                                   : fd_cmp_t2.asm.obj (.text:__aeabi_cdrcmple)
                  0000478c    0000007a                                   : memset_t2.asm.obj (.text)
                  00004806    00000002     --HOLE-- [fill = 0]
                  00004808    00000078                                   : memory.c.obj (.text:malloc)
                  00004880    00000074                                   : fclose.c.obj (.text:__TI_closefile)
                  000048f4    0000006e                                   : _printfi.c.obj (.text:_mcpy)
                  00004962    0000006e     kiss_fft.obj (.text:kf_factor)
                  000049d0    00000068     rtsv7M4_T_le_v4SPD16_eabi.lib : hostlseek.c.obj (.text:HOSTlseek)
                  00004a38    00000068                                   : hostrename.c.obj (.text:HOSTrename)
                  00004aa0    00000068                                   : copy_decompress_lzss.c.obj (.text:decompress:lzss:__TI_decompress_lzss)
                  00004b08    00000064     system_msp432p401r.obj (.text:SystemInit)
                  00004b6c    00000064     rtsv7M4_T_le_v4SPD16_eabi.lib : fprintf.c.obj (.text:fprintf)
                  00004bd0    00000064                                   : s_frexp.c.obj (.text:frexp)
                  00004c34    00000064                                   : fseek.c.obj (.text:fseek)
                  00004c98    00000062                                   : _io_perm.c.obj (.text:__TI_wrt_ok)
                  00004cfa    00000002     --HOLE-- [fill = 0]
                  00004cfc    00000060                                   : hostopen.c.obj (.text:HOSTopen)
                  00004d5c    0000005c     adc_FFT_uart.obj (.text:average_preprocess)
                  00004db8    0000005c     rtsv7M4_T_le_v4SPD16_eabi.lib : close.c.obj (.text:close)
                  00004e14    00000058                                   : hostread.c.obj (.text:HOSTread)
                  00004e6c    00000058                                   : hostwrite.c.obj (.text:HOSTwrite)
                  00004ec4    00000056                                   : _printfi.c.obj (.text:_pconv_f)
                  00004f1a    00000056     kiss_fft.obj (.text:kiss_fft_stride)
                  00004f70    00000054     rtsv7M4_T_le_v4SPD16_eabi.lib : ltoa.c.obj (.text:ltoa)
                  00004fc4    00000052                                   : _printfi.c.obj (.text:_ecpy)
                  00005016    0000004c                                   : fflush.c.obj (.text:__TI_doflush)
                  00005062    00000002     --HOLE-- [fill = 0]
                  00005064    0000004c                                   : atoi.c.obj (.text:atoi)
                  000050b0    00000048     adc_FFT_uart.obj (.text:ADC14_IRQHandler)
                  000050f8    00000048     rtsv7M4_T_le_v4SPD16_eabi.lib : exit.c.obj (.text:exit)
                  00005140    00000048                                   : fd_toi_t2.asm.obj (.text)
                  00005188    00000044                                   : hostclose.c.obj (.text:HOSTclose)
                  000051cc    00000044                                   : hostunlink.c.obj (.text:HOSTunlink)
                  00005210    00000044                                   : autoinit.c.obj (.text:__TI_auto_init_nobinit_nopinit:__TI_auto_init_nobinit_nopinit)
                  00005254    00000044                                   : getdevice.c.obj (.text:getdevice)
                  00005298    0000003e                                   : _printfi.c.obj (.text:_fcpy)
                  000052d6    00000002     --HOLE-- [fill = 0]
                  000052d8    0000003c                                   : memory.c.obj (.text:minsert)
                  00005314    00000038                                   : trgmsg.c.obj (.text:__TI_writemsg)
                  0000534c    00000038                                   : boot_cortex_m.c.obj (.text:_c_int00_noargs:_c_int00_noargs)
                  00005384    00000038                                   : memory.c.obj (.text:minit)
                  000053bc    00000036                                   : strncpy.c.obj (.text:strncpy)
                  000053f2    00000002     --HOLE-- [fill = 0]
                  000053f4    00000034     msp432p4xx_driverlib.lib : cs.o (.text:CS_setDCOCenteredFrequency)
                  00005428    00000034                              : uart.o (.text:UART_transmitData)
                  0000545c    00000034     rtsv7M4_T_le_v4SPD16_eabi.lib : fopen.c.obj (.text:__TI_cleanup)
                  00005490    00000034                                   : trgmsg.c.obj (.text:__TI_readmsg)
                  000054c4    00000030     msp432p4xx_driverlib.lib : cs.o (.text:CS_setReferenceOscillatorFrequency)
                  000054f4    00000030     adc_FFT_uart.obj (.text:EUSCIA0_IRQHandler)
                  00005524    00000030     rtsv7M4_T_le_v4SPD16_eabi.lib : getdevice.c.obj (.text:finddevice)
                  00005554    0000002e     adc_FFT_uart.obj (.text:PORT1_IRQHandler)
                  00005582    0000002e     rtsv7M4_T_le_v4SPD16_eabi.lib : i_tofd_t2.asm.obj (.text)
                  000055b0    0000002c                                   : unlink.c.obj (.text:unlink)
                  000055dc    00000028                                   : lseek.c.obj (.text:lseek)
                  00005604    00000028                                   : memory.c.obj (.text:mremove)
                  0000562c    00000028                                   : write.c.obj (.text:write)
                  00005654    00000020                                   : memchr.c.obj (.text:memchr)
                  00005674    00000020     adc_FFT_uart.obj (.text:sendReading)
                  00005694    0000001c     rtsv7M4_T_le_v4SPD16_eabi.lib : memccpy.c.obj (.text:memccpy)
                  000056b0    00000018                                   : strcmp.c.obj (.text:strcmp)
                  000056c8    00000016                                   : strchr.c.obj (.text:strchr)
                  000056de    00000014                                   : s_copysign.c.obj (.text:copysign)
                  000056f2    00000014                                   : strcpy.c.obj (.text:strcpy)
                  00005706    00000014                                   : strlen.c.obj (.text:strlen)
                  0000571a    00000012                                   : copy_zero_init.c.obj (.text:decompress:ZI:__TI_zero_init_nomemset:__TI_zero_init_nomemset)
                  0000572c    00000012                                   : wcslen.c.obj (.text:wcslen)
                  0000573e    0000000e                                   : copy_decompress_none.c.obj (.text:decompress:none:__TI_decompress_none)
                  0000574c    0000000c     startup_msp432p401r_ccs.obj (.text:Reset_Handler)
                  00005758    00000008     rtsv7M4_T_le_v4SPD16_eabi.lib : errno.c.obj (.text:__aeabi_errno_addr)
                  00005760    00000006     kiss_fft.obj (.text:kiss_fft)
                  00005766    00000004     rtsv7M4_T_le_v4SPD16_eabi.lib : fprintf.c.obj (.text:_outc)
                  0000576a    00000004                                   : fprintf.c.obj (.text:_outs)
                  0000576e    00000004                                   : pre_init.c.obj (.text:_system_pre_init)
                  00005772    00000004                                   : exit.c.obj (.text:abort:abort)

.const     0    00005778    00000428     
                  00005778    00000180     QmathLib_CCS_MSP432.lib : _QNtables.obj (.const:_Q16sqrt_coeffs)
                  000058f8    00000158     rtsv7M4_T_le_v4SPD16_eabi.lib : k_rem_pio2.c.obj (.const:$O1$$)
                  00005a50    00000101                                   : ctype.c.obj (.const:.string:_ctypes_)
                  00005b51    00000003     --HOLE-- [fill = 0]
                  00005b54    00000024     adc_FFT_uart.obj (.const:uartConfig)
                  00005b78    00000018     adc_FFT_uart.obj (.const:upModeConfig)
                  00005b90    00000010     adc_FFT_uart.obj (.const:compareConfig)

.cinit     0    00005ba0    00000098     
                  00005ba0    00000070     (.cinit..data.load) [load image, compression = lzss]
                  00005c10    0000000c     (__TI_handler_table)
                  00005c1c    00000004     --HOLE-- [fill = 0]
                  00005c20    00000008     (.cinit..bss.load) [load image, compression = zero_init]
                  00005c28    00000010     (__TI_cinit_table)

.init_array 
*          0    00000000    00000000     UNINITIALIZED

.binit     0    00000000    00000000     

.sysmem    0    20000000    00006568     UNINITIALIZED
                  20000000    00000008     rtsv7M4_T_le_v4SPD16_eabi.lib : memory.c.obj (.sysmem)
                  20000008    00006560     --HOLE--

.data      0    20006568    000001ef     UNINITIALIZED
                  20006568    000000f0     rtsv7M4_T_le_v4SPD16_eabi.lib : defs.c.obj (.data:_ftable)
                  20006658    00000078                                   : write.c.obj (.data:_device)
                  200066d0    00000050                                   : write.c.obj (.data:_stream)
                  20006720    00000010                                   : defs.c.obj (.data)
                  20006730    0000000c                                   : exit.c.obj (.data:$O1$$)
                  2000673c    0000000c                                   : memory.c.obj (.data:$O1$$)
                  20006748    00000008                                   : _lock.c.obj (.data:$O1$$)
                  20006750    00000004                                   : errno.c.obj (.data)
                  20006754    00000003     adc_FFT_uart.obj (.data)

.bss       0    20006758    000001cc     UNINITIALIZED
                  20006758    00000120     rtsv7M4_T_le_v4SPD16_eabi.lib : trgmsg.c.obj (.bss:_CIOBUF_)
                  20006878    000000a0     (.common:__TI_tmpnams)
                  20006918    00000008     (.common:parmbuf)
                  20006920    00000004     (.common:information_bytes)

.stack     0    2000f800    00000800     UNINITIALIZED
                  2000f800    00000004     rtsv7M4_T_le_v4SPD16_eabi.lib : boot_cortex_m.c.obj (.stack)
                  2000f804    000007fc     --HOLE--

MODULE SUMMARY

       Module                        code    ro data   rw data
       ------                        ----    -------   -------
    .\
       adc_FFT_uart.obj              806     76        14     
       system_msp432p401r.obj        100     0         0      
    +--+-----------------------------+-------+---------+---------+
       Total:                        906     76        14     
                                                              
    .\ccs\
       startup_msp432p401r_ccs.obj   14      228       0      
    +--+-----------------------------+-------+---------+---------+
       Total:                        14      228       0      
                                                              
    .\kissFFT\
       kiss_fft.obj                  3368    0         0      
       kiss_fftr.obj                 804     0         0      
    +--+-----------------------------+-------+---------+---------+
       Total:                        4172    0         0      
                                                              
    C:/ti/simplelink_msp432p4_sdk_2_20_00_12/source/ti/devices/msp432p4xx/driverlib/ccs/msp432p4xx_driverlib.lib
       cs.o                          100     0         0      
       uart.o                        52      0         0      
    +--+-----------------------------+-------+---------+---------+
       Total:                        152     0         0      
                                                              
    C:/ti/simplelink_msp432p4_sdk_2_20_00_12/source/ti/iqmathlib/ccs/QmathLib_CCS_MSP432.lib
       _QNtables.obj                 0       384       0      
       _QNsqrt.obj                   216     0         0      
    +--+-----------------------------+-------+---------+---------+
       Total:                        216     384       0      
                                                              
    C:\ti\ccsv8\tools\compiler\ti-cgt-arm_18.1.2.LTS\lib\rtsv7M4_T_le_v4SPD16_eabi.lib
       _printfi.c.obj                4863    0         0      
       k_rem_pio2.c.obj              1848    344       0      
       s_cos.c.obj                   1500    0         0      
       s_sin.c.obj                   1476    0         0      
       defs.c.obj                    0       0         832    
       trgmsg.c.obj                  108     0         576    
       memory.c.obj                  492     0         24     
       write.c.obj                   40      0         400    
       fd_add_t2.asm.obj             438     0         0      
       k_sin.c.obj                   372     0         0      
       k_cos.c.obj                   364     0         0      
       e_sqrt.c.obj                  344     0         0      
       fd_div_t2.asm.obj             310     0         0      
       fputs.c.obj                   276     0         0      
       s_scalbn.c.obj                272     0         0      
       fd_cmp_t2.asm.obj             268     0         0      
       ctype.c.obj                   0       257       0      
       fd_mul_t2.asm.obj             252     0         0      
       s_floor.c.obj                 248     0         0      
       setvbuf.c.obj                 220     0         0      
       memcpy_t2.asm.obj             156     0         0      
       ull_div_t2.asm.obj            150     0         0      
       fputc.c.obj                   140     0         0      
       memset_t2.asm.obj             122     0         0      
       fclose.c.obj                  116     0         0      
       getdevice.c.obj               116     0         0      
       hostopen.c.obj                96      0         16     
       fprintf.c.obj                 108     0         0      
       copy_decompress_lzss.c.obj    104     0         0      
       hostlseek.c.obj               104     0         0      
       hostrename.c.obj              104     0         0      
       exit.c.obj                    76      0         24     
       fseek.c.obj                   100     0         0      
       s_frexp.c.obj                 100     0         0      
       _io_perm.c.obj                98      0         0      
       close.c.obj                   92      0         0      
       hostread.c.obj                88      0         0      
       hostwrite.c.obj               88      0         0      
       ltoa.c.obj                    84      0         0      
       atoi.c.obj                    76      0         0      
       fflush.c.obj                  76      0         0      
       fd_toi_t2.asm.obj             72      0         0      
       autoinit.c.obj                68      0         0      
       hostclose.c.obj               68      0         0      
       hostunlink.c.obj              68      0         0      
       boot_cortex_m.c.obj           56      0         0      
       strncpy.c.obj                 54      0         0      
       fopen.c.obj                   52      0         0      
       i_tofd_t2.asm.obj             46      0         0      
       unlink.c.obj                  44      0         0      
       lseek.c.obj                   40      0         0      
       memchr.c.obj                  32      0         0      
       memccpy.c.obj                 28      0         0      
       strcmp.c.obj                  24      0         0      
       strchr.c.obj                  22      0         0      
       s_copysign.c.obj              20      0         0      
       strcpy.c.obj                  20      0         0      
       strlen.c.obj                  20      0         0      
       _lock.c.obj                   2       0         16     
       copy_zero_init.c.obj          18      0         0      
       wcslen.c.obj                  18      0         0      
       errno.c.obj                   8       0         8      
       copy_decompress_none.c.obj    14      0         0      
       pre_init.c.obj                4       0         0      
       div0.asm.obj                  2       0         0      
    +--+-----------------------------+-------+---------+---------+
       Total:                        16685   601       1896   
                                                              
       Heap:                         0       0         51920  
       Stack:                        0       0         4096   
       Linker Generated:             0       148       0      
    +--+-----------------------------+-------+---------+---------+
       Grand Total:                  22145   1437      57926  


LINKER GENERATED COPY TABLES

__TI_cinit_table @ 00005c28 records: 2, size/record: 8, table size: 16
	.data: load addr=00005ba0, load size=00000070 bytes, run addr=20006568, run size=000001ef bytes, compression=lzss
	.bss: load addr=00005c20, load size=00000008 bytes, run addr=20006758, run size=000001cc bytes, compression=zero_init


LINKER GENERATED HANDLER TABLE

__TI_handler_table @ 00005c10 records: 3, size/record: 4, table size: 12
	index: 0, handler: __TI_decompress_lzss
	index: 1, handler: __TI_decompress_none
	index: 2, handler: __TI_zero_init


GLOBAL SYMBOLS: SORTED ALPHABETICALLY BY Name 

address   name                              
-------   ----                              
000050b1  ADC14_IRQHandler                  
000050b1  ADC14_IRQHandler                  
00000b47  AES256_IRQHandler                 
00000b47  BusFault_Handler                  
00005773  C$$EXIT                           
00005343  C$$IO$$                           
00000b47  COMP_E0_IRQHandler                
00000b47  COMP_E1_IRQHandler                
00000b47  CS_IRQHandler                     
000053f5  CS_setDCOCenteredFrequency        
000054c5  CS_setReferenceOscillatorFrequency
00000b47  DMA_ERR_IRQHandler                
00000b47  DMA_INT0_IRQHandler               
00000b47  DMA_INT1_IRQHandler               
00000b47  DMA_INT2_IRQHandler               
00000b47  DMA_INT3_IRQHandler               
00000b47  DebugMon_Handler                  
00000b47  Default_Handler                   
000054f5  EUSCIA0_IRQHandler                
000054f5  EUSCIA0_IRQHandler                
00000b47  EUSCIA1_IRQHandler                
00000b47  EUSCIA2_IRQHandler                
00000b47  EUSCIA3_IRQHandler                
00000b47  EUSCIB0_IRQHandler                
00000b47  EUSCIB1_IRQHandler                
00000b47  EUSCIB2_IRQHandler                
00000b47  EUSCIB3_IRQHandler                
00000b47  FLCTL_IRQHandler                  
00000b47  FPU_IRQHandler                    
00005189  HOSTclose                         
000049d1  HOSTlseek                         
00004cfd  HOSTopen                          
00004e15  HOSTread                          
00004a39  HOSTrename                        
000051cd  HOSTunlink                        
00004e6d  HOSTwrite                         
00000b47  HardFault_Handler                 
00000b47  MemManage_Handler                 
00000b47  NMI_Handler                       
00000b47  PCM_IRQHandler                    
00005555  PORT1_IRQHandler                  
00005555  PORT1_IRQHandler                  
00000b47  PORT2_IRQHandler                  
00000b47  PORT3_IRQHandler                  
00000b47  PORT4_IRQHandler                  
00000b47  PORT5_IRQHandler                  
00000b47  PORT6_IRQHandler                  
00000b47  PSS_IRQHandler                    
00000b47  PendSV_Handler                    
00000b47  RTC_C_IRQHandler                  
0000574d  Reset_Handler                     
00000b47  SVC_Handler                       
00000b47  SysTick_Handler                   
00004b09  SystemInit                        
00000b47  T32_INT1_IRQHandler               
00000b47  T32_INT2_IRQHandler               
00000b47  T32_INTC_IRQHandler               
00000b47  TA0_0_IRQHandler                  
00000b47  TA0_N_IRQHandler                  
00000b47  TA1_0_IRQHandler                  
00000b47  TA1_N_IRQHandler                  
00000b47  TA2_0_IRQHandler                  
00000b47  TA2_N_IRQHandler                  
00000b47  TA3_0_IRQHandler                  
00000b47  TA3_N_IRQHandler                  
00005429  UART_transmitData                 
00000b47  UsageFault_Handler                
4000480c  WDTCTL_SYM                        
00000b47  WDT_A_IRQHandler                  
00005778  _Q16sqrt_coeffs                   
000040d1  _Qmag                             
20006758  __CIOBUF_                         
20010000  __STACK_END                       
00000800  __STACK_SIZE                      
00006568  __SYSMEM_SIZE                     
00005c28  __TI_CINIT_Base                   
00005c38  __TI_CINIT_Limit                  
00005c10  __TI_Handler_Table_Base           
00005c1c  __TI_Handler_Table_Limit          
00005211  __TI_auto_init_nobinit_nopinit    
0000545d  __TI_cleanup                      
20006730  __TI_cleanup_ptr                  
00004881  __TI_closefile                    
00004aa1  __TI_decompress_lzss              
0000573f  __TI_decompress_none              
00005017  __TI_doflush                      
20006734  __TI_dtors_ptr                    
20006738  __TI_enable_exit_profile_output   
20006720  __TI_ft_end                       
ffffffff  __TI_pprof_out_hndl               
000000e9  __TI_printfi                      
ffffffff  __TI_prof_data_size               
ffffffff  __TI_prof_data_start              
00005491  __TI_readmsg                      
00000000  __TI_static_base__                
20006878  __TI_tmpnams                      
00005315  __TI_writemsg                     
00004c99  __TI_wrt_ok                       
0000571b  __TI_zero_init_nomemset           
00004681  __aeabi_cdcmpeq                   
00004681  __aeabi_cdcmple                   
00004707  __aeabi_cdrcmple                  
00005141  __aeabi_d2iz                      
00002d1b  __aeabi_dadd                      
00003761  __aeabi_ddiv                      
00003e01  __aeabi_dmul                      
00002d11  __aeabi_dsub                      
00005759  __aeabi_errno_addr                
00005583  __aeabi_i2d                       
00003897  __aeabi_idiv0                     
00003897  __aeabi_ldiv0                     
0000478d  __aeabi_memclr                    
0000478d  __aeabi_memclr4                   
0000478d  __aeabi_memclr8                   
000044c3  __aeabi_memcpy                    
000044c3  __aeabi_memcpy4                   
000044c3  __aeabi_memcpy8                   
0000478f  __aeabi_memset                    
0000478f  __aeabi_memset4                   
0000478f  __aeabi_memset8                   
2000672c  __aeabi_stderr                    
20006724  __aeabi_stdin                     
20006728  __aeabi_stdout                    
0000455f  __aeabi_uldivmod                  
ffffffff  __binit__                         
ffffffff  __c_args__                        
00003361  __kernel_cos                      
00000b49  __kernel_rem_pio2                 
000031ed  __kernel_sin                      
UNDEFED   __mpu_init                        
2000f800  __stack                           
0000534d  _c_int00_noargs                   
00005a50  _ctypes_                          
20006658  _device                           
20006568  _ftable                           
20006748  _lock                             
00002ec7  _nop                              
200066d0  _stream                           
20000000  _sys_memory                       
UNDEFED   _system_post_cinit                
0000576f  _system_pre_init                  
2000674c  _unlock                           
00005773  abort                             
00005065  atoi                              
00004d5d  average_preprocess                
ffffffff  binit                             
00004db9  close                             
00005b90  compareConfig                     
000056df  copysign                          
000056df  copysignl                         
00001281  cos                               
00001281  cosl                              
20006750  errno                             
000050f9  exit                              
00005525  finddevice                        
00003efd  floor                             
00003efd  floorl                            
00004b6d  fprintf                           
000045f5  fputc                             
00003ad1  fputs                             
000041a9  free                              
00004bd1  frexp                             
00004bd1  frexpl                            
00004c35  fseek                             
00005255  getdevice                         
20006920  information_bytes                 
00000000  interruptVectors                  
00005761  kiss_fft                          
00003cf5  kiss_fft_alloc                    
00004f1b  kiss_fft_stride                   
00002ec9  kiss_fftr                         
00003071  kiss_fftr_alloc                   
00003be5  ldexp                             
00003be5  ldexpl                            
000055dd  lseek                             
00004f71  ltoa                              
00002769  main                              
00004809  malloc                            
00005695  memccpy                           
00005655  memchr                            
000044c3  memcpy                            
00004795  memset                            
00005385  minit                             
20006918  parmbuf                           
000045f5  putc                              
000055b1  remove                            
20006754  resPos                            
00003be5  scalbn                            
00003be5  scalbnl                           
00005675  sendReading                       
20006756  sendValues                        
00003ff5  setvbuf                           
0000185d  sin                               
0000185d  sinl                              
000034cd  sqrt                              
000034cd  sqrtl                             
000056c9  strchr                            
000056b1  strcmp                            
000056f3  strcpy                            
00005707  strlen                            
000053bd  strncpy                           
00005b54  uartConfig                        
000055b1  unlink                            
00005b78  upModeConfig                      
0000572d  wcslen                            
0000562d  write                             


GLOBAL SYMBOLS: SORTED BY Symbol Address 

address   name                              
-------   ----                              
00000000  __TI_static_base__                
00000000  interruptVectors                  
000000e9  __TI_printfi                      
00000800  __STACK_SIZE                      
00000b47  AES256_IRQHandler                 
00000b47  BusFault_Handler                  
00000b47  COMP_E0_IRQHandler                
00000b47  COMP_E1_IRQHandler                
00000b47  CS_IRQHandler                     
00000b47  DMA_ERR_IRQHandler                
00000b47  DMA_INT0_IRQHandler               
00000b47  DMA_INT1_IRQHandler               
00000b47  DMA_INT2_IRQHandler               
00000b47  DMA_INT3_IRQHandler               
00000b47  DebugMon_Handler                  
00000b47  Default_Handler                   
00000b47  EUSCIA1_IRQHandler                
00000b47  EUSCIA2_IRQHandler                
00000b47  EUSCIA3_IRQHandler                
00000b47  EUSCIB0_IRQHandler                
00000b47  EUSCIB1_IRQHandler                
00000b47  EUSCIB2_IRQHandler                
00000b47  EUSCIB3_IRQHandler                
00000b47  FLCTL_IRQHandler                  
00000b47  FPU_IRQHandler                    
00000b47  HardFault_Handler                 
00000b47  MemManage_Handler                 
00000b47  NMI_Handler                       
00000b47  PCM_IRQHandler                    
00000b47  PORT2_IRQHandler                  
00000b47  PORT3_IRQHandler                  
00000b47  PORT4_IRQHandler                  
00000b47  PORT5_IRQHandler                  
00000b47  PORT6_IRQHandler                  
00000b47  PSS_IRQHandler                    
00000b47  PendSV_Handler                    
00000b47  RTC_C_IRQHandler                  
00000b47  SVC_Handler                       
00000b47  SysTick_Handler                   
00000b47  T32_INT1_IRQHandler               
00000b47  T32_INT2_IRQHandler               
00000b47  T32_INTC_IRQHandler               
00000b47  TA0_0_IRQHandler                  
00000b47  TA0_N_IRQHandler                  
00000b47  TA1_0_IRQHandler                  
00000b47  TA1_N_IRQHandler                  
00000b47  TA2_0_IRQHandler                  
00000b47  TA2_N_IRQHandler                  
00000b47  TA3_0_IRQHandler                  
00000b47  TA3_N_IRQHandler                  
00000b47  UsageFault_Handler                
00000b47  WDT_A_IRQHandler                  
00000b49  __kernel_rem_pio2                 
00001281  cos                               
00001281  cosl                              
0000185d  sin                               
0000185d  sinl                              
00002769  main                              
00002d11  __aeabi_dsub                      
00002d1b  __aeabi_dadd                      
00002ec7  _nop                              
00002ec9  kiss_fftr                         
00003071  kiss_fftr_alloc                   
000031ed  __kernel_sin                      
00003361  __kernel_cos                      
000034cd  sqrt                              
000034cd  sqrtl                             
00003761  __aeabi_ddiv                      
00003897  __aeabi_idiv0                     
00003897  __aeabi_ldiv0                     
00003ad1  fputs                             
00003be5  ldexp                             
00003be5  ldexpl                            
00003be5  scalbn                            
00003be5  scalbnl                           
00003cf5  kiss_fft_alloc                    
00003e01  __aeabi_dmul                      
00003efd  floor                             
00003efd  floorl                            
00003ff5  setvbuf                           
000040d1  _Qmag                             
000041a9  free                              
000044c3  __aeabi_memcpy                    
000044c3  __aeabi_memcpy4                   
000044c3  __aeabi_memcpy8                   
000044c3  memcpy                            
0000455f  __aeabi_uldivmod                  
000045f5  fputc                             
000045f5  putc                              
00004681  __aeabi_cdcmpeq                   
00004681  __aeabi_cdcmple                   
00004707  __aeabi_cdrcmple                  
0000478d  __aeabi_memclr                    
0000478d  __aeabi_memclr4                   
0000478d  __aeabi_memclr8                   
0000478f  __aeabi_memset                    
0000478f  __aeabi_memset4                   
0000478f  __aeabi_memset8                   
00004795  memset                            
00004809  malloc                            
00004881  __TI_closefile                    
000049d1  HOSTlseek                         
00004a39  HOSTrename                        
00004aa1  __TI_decompress_lzss              
00004b09  SystemInit                        
00004b6d  fprintf                           
00004bd1  frexp                             
00004bd1  frexpl                            
00004c35  fseek                             
00004c99  __TI_wrt_ok                       
00004cfd  HOSTopen                          
00004d5d  average_preprocess                
00004db9  close                             
00004e15  HOSTread                          
00004e6d  HOSTwrite                         
00004f1b  kiss_fft_stride                   
00004f71  ltoa                              
00005017  __TI_doflush                      
00005065  atoi                              
000050b1  ADC14_IRQHandler                  
000050b1  ADC14_IRQHandler                  
000050f9  exit                              
00005141  __aeabi_d2iz                      
00005189  HOSTclose                         
000051cd  HOSTunlink                        
00005211  __TI_auto_init_nobinit_nopinit    
00005255  getdevice                         
00005315  __TI_writemsg                     
00005343  C$$IO$$                           
0000534d  _c_int00_noargs                   
00005385  minit                             
000053bd  strncpy                           
000053f5  CS_setDCOCenteredFrequency        
00005429  UART_transmitData                 
0000545d  __TI_cleanup                      
00005491  __TI_readmsg                      
000054c5  CS_setReferenceOscillatorFrequency
000054f5  EUSCIA0_IRQHandler                
000054f5  EUSCIA0_IRQHandler                
00005525  finddevice                        
00005555  PORT1_IRQHandler                  
00005555  PORT1_IRQHandler                  
00005583  __aeabi_i2d                       
000055b1  remove                            
000055b1  unlink                            
000055dd  lseek                             
0000562d  write                             
00005655  memchr                            
00005675  sendReading                       
00005695  memccpy                           
000056b1  strcmp                            
000056c9  strchr                            
000056df  copysign                          
000056df  copysignl                         
000056f3  strcpy                            
00005707  strlen                            
0000571b  __TI_zero_init_nomemset           
0000572d  wcslen                            
0000573f  __TI_decompress_none              
0000574d  Reset_Handler                     
00005759  __aeabi_errno_addr                
00005761  kiss_fft                          
0000576f  _system_pre_init                  
00005773  C$$EXIT                           
00005773  abort                             
00005778  _Q16sqrt_coeffs                   
00005a50  _ctypes_                          
00005b54  uartConfig                        
00005b78  upModeConfig                      
00005b90  compareConfig                     
00005c10  __TI_Handler_Table_Base           
00005c1c  __TI_Handler_Table_Limit          
00005c28  __TI_CINIT_Base                   
00005c38  __TI_CINIT_Limit                  
00006568  __SYSMEM_SIZE                     
20000000  _sys_memory                       
20006568  _ftable                           
20006658  _device                           
200066d0  _stream                           
20006720  __TI_ft_end                       
20006724  __aeabi_stdin                     
20006728  __aeabi_stdout                    
2000672c  __aeabi_stderr                    
20006730  __TI_cleanup_ptr                  
20006734  __TI_dtors_ptr                    
20006738  __TI_enable_exit_profile_output   
20006748  _lock                             
2000674c  _unlock                           
20006750  errno                             
20006754  resPos                            
20006756  sendValues                        
20006758  __CIOBUF_                         
20006878  __TI_tmpnams                      
20006918  parmbuf                           
20006920  information_bytes                 
2000f800  __stack                           
20010000  __STACK_END                       
4000480c  WDTCTL_SYM                        
ffffffff  __TI_pprof_out_hndl               
ffffffff  __TI_prof_data_size               
ffffffff  __TI_prof_data_start              
ffffffff  __binit__                         
ffffffff  __c_args__                        
ffffffff  binit                             
UNDEFED   __mpu_init                        
UNDEFED   _system_post_cinit                

[206 symbols]
