******************************************************************************
                  TI ARM Linker PC v18.1.2                     
******************************************************************************
>> Linked Mon Jun 25 17:26:21 2018

OUTPUT FILE NAME:   <adc_FFT_uart.out>
ENTRY POINT SYMBOL: "_c_int00_noargs"  address: 00005c41


MEMORY CONFIGURATION

         name            origin    length      used     unused   attr    fill
----------------------  --------  ---------  --------  --------  ----  --------
  MAIN                  00000000   00040000  000064b0  00039b50  R  X
  INFO                  00200000   00004000  00000000  00004000  R  X
  SRAM_CODE             01000000   00010000  0000251f  0000dae1  RW X
  SRAM_DATA             20000000   00010000  0000251f  0000dae1  RW  


SEGMENT ALLOCATION MAP

run origin  load origin   length   init length attrs members
----------  ----------- ---------- ----------- ----- -------
00000000    00000000    000064b8   000064b8    r-x
  00000000    00000000    000000e4   000000e4    r-- .intvecs
  000000e8    000000e8    00005f0c   00005f0c    r-x .text
  00005ff8    00005ff8    00000428   00000428    r-- .const
  00006420    00006420    00000098   00000098    r-- .cinit
20000000    20000000    0000211f   00000000    rw-
  20000000    20000000    00001568   00000000    rw- .sysmem
  20001568    20001568    000009c8   00000000    rw- .bss
  20001f30    20001f30    000001ef   00000000    rw- .data
2000fc00    2000fc00    00000400   00000000    rw-
  2000fc00    2000fc00    00000400   00000000    rw- .stack


SECTION ALLOCATION MAP

 output                                  attributes/
section   page    origin      length       input sections
--------  ----  ----------  ----------   ----------------
.intvecs   0    00000000    000000e4     
                  00000000    000000e4     startup_msp432p401r_ccs.obj (.intvecs:retain)

.text      0    000000e8    00005f0c     
                  000000e8    00000a5e     rtsv7M4_T_le_v4SPD16_eabi.lib : _printfi.c.obj (.text:__TI_printfi)
                  00000b46    00000002     startup_msp432p401r_ccs.obj (.text:Default_Handler)
                  00000b48    00000738     rtsv7M4_T_le_v4SPD16_eabi.lib : k_rem_pio2.c.obj (.text:__kernel_rem_pio2)
                  00001280    00000624     kiss_fft.obj (.text:kf_bfly5)
                  000018a4    000005dc     rtsv7M4_T_le_v4SPD16_eabi.lib : s_cos.c.obj (.text:cos)
                  00001e80    000005c4                                   : s_sin.c.obj (.text:sin)
                  00002444    000003be     kiss_fft.obj (.text:kf_bfly4)
                  00002802    000002dc     kiss_fft.obj (.text:kf_bfly3)
                  00002ade    00000002     rtsv7M4_T_le_v4SPD16_eabi.lib : _lock.c.obj (.text:_nop)
                  00002ae0    00000270                                   : _printfi.c.obj (.text:_pconv_a)
                  00002d50    0000026c     kiss_fftr.obj (.text:kiss_fftr)
                  00002fbc    00000268     adc_FFT_uart.obj (.text:main)
                  00003224    000001e0     kiss_fftr.obj (.text:kiss_fftr_alloc)
                  00003404    000001d6     kiss_fft.obj (.text:kf_bfly_generic)
                  000035da    00000002     rtsv7M4_T_le_v4SPD16_eabi.lib : div0.asm.obj (.text)
                  000035dc    000001d0                                   : _printfi.c.obj (.text:_pconv_g)
                  000037ac    000001b6                                   : fd_add_t2.asm.obj (.text)
                  00003962    00000002     --HOLE-- [fill = 0]
                  00003964    0000018c     kiss_fft.obj (.text:kiss_fft_alloc)
                  00003af0    00000174     rtsv7M4_T_le_v4SPD16_eabi.lib : k_sin.c.obj (.text:__kernel_sin)
                  00003c64    0000016c                                   : k_cos.c.obj (.text:__kernel_cos)
                  00003dd0    00000158                                   : e_sqrt.c.obj (.text:sqrt)
                  00003f28    0000013c                                   : _printfi.c.obj (.text:_pconv_e)
                  00004064    00000136                                   : fd_div_t2.asm.obj (.text)
                  0000419a    00000002     --HOLE-- [fill = 0]
                  0000419c    00000120                                   : _printfi.c.obj (.text:fcvt)
                  000042bc    00000120     kiss_fft.obj (.text:kf_bfly2)
                  000043dc    00000114     rtsv7M4_T_le_v4SPD16_eabi.lib : fputs.c.obj (.text:fputs)
                  000044f0    00000110                                   : s_scalbn.c.obj (.text:scalbn)
                  00004600    000000fc     kiss_fft.obj (.text:kf_work)
                  000046fc    000000fc     rtsv7M4_T_le_v4SPD16_eabi.lib : fd_mul_t2.asm.obj (.text)
                  000047f8    000000f8                                   : s_floor.c.obj (.text:floor)
                  000048f0    000000dc                                   : setvbuf.c.obj (.text:setvbuf)
                  000049cc    00000004                                   : fprintf.c.obj (.text:_outc)
                  000049d0    000000d8     QmathLib_CCS_MSP432.lib : _QNsqrt.obj (.text:_Qmag)
                  00004aa8    000000d8     rtsv7M4_T_le_v4SPD16_eabi.lib : memory.c.obj (.text:free)
                  00004b80    000000b4     adc_FFT_uart.obj (.text:average_preprocess)
                  00004c34    000000b1     rtsv7M4_T_le_v4SPD16_eabi.lib : _printfi.c.obj (.text:_ltostr)
                  00004ce5    00000001     --HOLE-- [fill = 0]
                  00004ce6    0000009c     kiss_fft.obj (.text:kf_factor)
                  00004d82    0000009c     rtsv7M4_T_le_v4SPD16_eabi.lib : memcpy_t2.asm.obj (.text)
                  00004e1e    00000096                                   : ull_div_t2.asm.obj (.text)
                  00004eb4    0000008c                                   : fputc.c.obj (.text:fputc)
                  00004f40    00000086                                   : fd_cmp_t2.asm.obj (.text:__aeabi_cdcmple)
                  00004fc6    00000086                                   : fd_cmp_t2.asm.obj (.text:__aeabi_cdrcmple)
                  0000504c    0000007a                                   : memset_t2.asm.obj (.text)
                  000050c6    00000002     --HOLE-- [fill = 0]
                  000050c8    00000078     system_msp432p401r.obj (.text:SystemInit)
                  00005140    00000078     rtsv7M4_T_le_v4SPD16_eabi.lib : memory.c.obj (.text:malloc)
                  000051b8    00000074                                   : fclose.c.obj (.text:__TI_closefile)
                  0000522c    0000006e                                   : _printfi.c.obj (.text:_mcpy)
                  0000529a    00000002     --HOLE-- [fill = 0]
                  0000529c    00000068                                   : hostlseek.c.obj (.text:HOSTlseek)
                  00005304    00000068                                   : hostrename.c.obj (.text:HOSTrename)
                  0000536c    00000068                                   : copy_decompress_lzss.c.obj (.text:decompress:lzss:__TI_decompress_lzss)
                  000053d4    00000068     kiss_fft.obj (.text:kiss_fft_stride)
                  0000543c    00000064     rtsv7M4_T_le_v4SPD16_eabi.lib : fprintf.c.obj (.text:fprintf)
                  000054a0    00000064                                   : s_frexp.c.obj (.text:frexp)
                  00005504    00000064                                   : fseek.c.obj (.text:fseek)
                  00005568    00000062                                   : _io_perm.c.obj (.text:__TI_wrt_ok)
                  000055ca    00000002     --HOLE-- [fill = 0]
                  000055cc    00000060                                   : hostopen.c.obj (.text:HOSTopen)
                  0000562c    0000005c                                   : close.c.obj (.text:close)
                  00005688    00000058                                   : hostread.c.obj (.text:HOSTread)
                  000056e0    00000058                                   : hostwrite.c.obj (.text:HOSTwrite)
                  00005738    00000056                                   : _printfi.c.obj (.text:_pconv_f)
                  0000578e    00000054                                   : ltoa.c.obj (.text:ltoa)
                  000057e2    00000002     --HOLE-- [fill = 0]
                  000057e4    00000054     adc_FFT_uart.obj (.text:sendReading)
                  00005838    00000052     rtsv7M4_T_le_v4SPD16_eabi.lib : _printfi.c.obj (.text:_ecpy)
                  0000588a    00000002     --HOLE-- [fill = 0]
                  0000588c    00000050     adc_FFT_uart.obj (.text:ADC14_IRQHandler)
                  000058dc    0000004c     rtsv7M4_T_le_v4SPD16_eabi.lib : fflush.c.obj (.text:__TI_doflush)
                  00005928    0000004c                                   : atoi.c.obj (.text:atoi)
                  00005974    00000048                                   : exit.c.obj (.text:exit)
                  000059bc    00000048                                   : fd_toi_t2.asm.obj (.text)
                  00005a04    00000044                                   : hostclose.c.obj (.text:HOSTclose)
                  00005a48    00000044                                   : hostunlink.c.obj (.text:HOSTunlink)
                  00005a8c    00000044                                   : autoinit.c.obj (.text:__TI_auto_init_nobinit_nopinit:__TI_auto_init_nobinit_nopinit)
                  00005ad0    00000044                                   : getdevice.c.obj (.text:getdevice)
                  00005b14    0000003e                                   : _printfi.c.obj (.text:_fcpy)
                  00005b52    00000002     --HOLE-- [fill = 0]
                  00005b54    0000003c     adc_FFT_uart.obj (.text:EUSCIA0_IRQHandler)
                  00005b90    0000003c     adc_FFT_uart.obj (.text:PORT1_IRQHandler)
                  00005bcc    0000003c     rtsv7M4_T_le_v4SPD16_eabi.lib : memory.c.obj (.text:minsert)
                  00005c08    00000038                                   : trgmsg.c.obj (.text:__TI_writemsg)
                  00005c40    00000038                                   : boot_cortex_m.c.obj (.text:_c_int00_noargs:_c_int00_noargs)
                  00005c78    00000038                                   : memory.c.obj (.text:minit)
                  00005cb0    00000036                                   : strncpy.c.obj (.text:strncpy)
                  00005ce6    00000002     --HOLE-- [fill = 0]
                  00005ce8    00000034     msp432p4xx_driverlib.lib : cs.o (.text:CS_setDCOCenteredFrequency)
                  00005d1c    00000034                              : uart.o (.text:UART_transmitData)
                  00005d50    00000034     rtsv7M4_T_le_v4SPD16_eabi.lib : fopen.c.obj (.text:__TI_cleanup)
                  00005d84    00000034                                   : trgmsg.c.obj (.text:__TI_readmsg)
                  00005db8    00000030     msp432p4xx_driverlib.lib : cs.o (.text:CS_setReferenceOscillatorFrequency)
                  00005de8    00000030     rtsv7M4_T_le_v4SPD16_eabi.lib : getdevice.c.obj (.text:finddevice)
                  00005e18    0000002e                                   : i_tofd_t2.asm.obj (.text)
                  00005e46    00000002     --HOLE-- [fill = 0]
                  00005e48    0000002c                                   : unlink.c.obj (.text:unlink)
                  00005e74    00000028                                   : lseek.c.obj (.text:lseek)
                  00005e9c    00000028                                   : memory.c.obj (.text:mremove)
                  00005ec4    00000028                                   : write.c.obj (.text:write)
                  00005eec    00000020                                   : memchr.c.obj (.text:memchr)
                  00005f0c    0000001c                                   : memccpy.c.obj (.text:memccpy)
                  00005f28    00000018                                   : strcmp.c.obj (.text:strcmp)
                  00005f40    00000016     kiss_fft.obj (.text:kiss_fft)
                  00005f56    00000016     rtsv7M4_T_le_v4SPD16_eabi.lib : strchr.c.obj (.text:strchr)
                  00005f6c    00000014                                   : s_copysign.c.obj (.text:copysign)
                  00005f80    00000014                                   : strcpy.c.obj (.text:strcpy)
                  00005f94    00000014                                   : strlen.c.obj (.text:strlen)
                  00005fa8    00000012                                   : wcslen.c.obj (.text:wcslen)
                  00005fba    0000000e                                   : copy_decompress_none.c.obj (.text:decompress:none:__TI_decompress_none)
                  00005fc8    0000000c     startup_msp432p401r_ccs.obj (.text:Reset_Handler)
                  00005fd4    0000000c     rtsv7M4_T_le_v4SPD16_eabi.lib : copy_zero_init.c.obj (.text:decompress:ZI:__TI_zero_init)
                  00005fe0    00000008                                   : errno.c.obj (.text:__aeabi_errno_addr)
                  00005fe8    00000004                                   : fprintf.c.obj (.text:_outs)
                  00005fec    00000004                                   : pre_init.c.obj (.text:_system_pre_init)
                  00005ff0    00000004                                   : exit.c.obj (.text:abort:abort)

.const     0    00005ff8    00000428     
                  00005ff8    00000180     QmathLib_CCS_MSP432.lib : _QNtables.obj (.const:_Q16sqrt_coeffs)
                  00006178    00000158     rtsv7M4_T_le_v4SPD16_eabi.lib : k_rem_pio2.c.obj (.const:$O1$$)
                  000062d0    00000101                                   : ctype.c.obj (.const:.string:_ctypes_)
                  000063d1    00000003     --HOLE-- [fill = 0]
                  000063d4    00000024     adc_FFT_uart.obj (.const:uartConfig)
                  000063f8    00000018     adc_FFT_uart.obj (.const:upModeConfig)
                  00006410    00000010     adc_FFT_uart.obj (.const:compareConfig)

.cinit     0    00006420    00000098     
                  00006420    00000070     (.cinit..data.load) [load image, compression = lzss]
                  00006490    0000000c     (__TI_handler_table)
                  0000649c    00000004     --HOLE-- [fill = 0]
                  000064a0    00000008     (.cinit..bss.load) [load image, compression = zero_init]
                  000064a8    00000010     (__TI_cinit_table)

.init_array 
*          0    00000000    00000000     UNINITIALIZED

.binit     0    00000000    00000000     

.sysmem    0    20000000    00001568     UNINITIALIZED
                  20000000    00000008     rtsv7M4_T_le_v4SPD16_eabi.lib : memory.c.obj (.sysmem)
                  20000008    00001560     --HOLE--

.bss       0    20001568    000009c8     UNINITIALIZED
                  20001568    00000800     (.common:resultsBuffer)
                  20001d68    00000120     rtsv7M4_T_le_v4SPD16_eabi.lib : trgmsg.c.obj (.bss:_CIOBUF_)
                  20001e88    000000a0     (.common:__TI_tmpnams)
                  20001f28    00000008     (.common:parmbuf)

.data      0    20001f30    000001ef     UNINITIALIZED
                  20001f30    000000f0     rtsv7M4_T_le_v4SPD16_eabi.lib : defs.c.obj (.data:_ftable)
                  20002020    00000078                                   : write.c.obj (.data:_device)
                  20002098    00000050                                   : write.c.obj (.data:_stream)
                  200020e8    00000010                                   : defs.c.obj (.data)
                  200020f8    0000000c                                   : exit.c.obj (.data:$O1$$)
                  20002104    0000000c                                   : memory.c.obj (.data:$O1$$)
                  20002110    00000008                                   : _lock.c.obj (.data:$O1$$)
                  20002118    00000004                                   : errno.c.obj (.data)
                  2000211c    00000003     adc_FFT_uart.obj (.data)

.stack     0    2000fc00    00000400     UNINITIALIZED
                  2000fc00    00000004     rtsv7M4_T_le_v4SPD16_eabi.lib : boot_cortex_m.c.obj (.stack)
                  2000fc04    000003fc     --HOLE--

MODULE SUMMARY

       Module                        code    ro data   rw data
       ------                        ----    -------   -------
    .\
       adc_FFT_uart.obj              1080    76        4102   
       system_msp432p401r.obj        120     0         0      
    +--+-----------------------------+-------+---------+---------+
       Total:                        1200    76        4102   
                                                              
    .\ccs\
       startup_msp432p401r_ccs.obj   14      228       0      
    +--+-----------------------------+-------+---------+---------+
       Total:                        14      228       0      
                                                              
    .\kissFFT\
       kiss_fft.obj                  4950    0         0      
       kiss_fftr.obj                 1100    0         0      
    +--+-----------------------------+-------+---------+---------+
       Total:                        6050    0         0      
                                                              
    C:/ti/simplelink_msp432p4_sdk_2_20_00_12/source/ti/devices/msp432p4xx/driverlib/ccs/msp432p4xx_driverlib.lib
       cs.o                          100     0         0      
       uart.o                        52      0         0      
    +--+-----------------------------+-------+---------+---------+
       Total:                        152     0         0      
                                                              
    C:/ti/simplelink_msp432p4_sdk_2_20_00_12/source/ti/iqmathlib/ccs/QmathLib_CCS_MSP432.lib
       _QNtables.obj                 0       384       0      
       _QNsqrt.obj                   216     0         0      
    +--+-----------------------------+-------+---------+---------+
       Total:                        216     384       0      
                                                              
    C:\ti\ccsv8\tools\compiler\ti-cgt-arm_18.1.2.LTS\lib\rtsv7M4_T_le_v4SPD16_eabi.lib
       _printfi.c.obj                4863    0         0      
       k_rem_pio2.c.obj              1848    344       0      
       s_cos.c.obj                   1500    0         0      
       s_sin.c.obj                   1476    0         0      
       defs.c.obj                    0       0         832    
       trgmsg.c.obj                  108     0         576    
       memory.c.obj                  492     0         24     
       write.c.obj                   40      0         400    
       fd_add_t2.asm.obj             438     0         0      
       k_sin.c.obj                   372     0         0      
       k_cos.c.obj                   364     0         0      
       e_sqrt.c.obj                  344     0         0      
       fd_div_t2.asm.obj             310     0         0      
       fputs.c.obj                   276     0         0      
       s_scalbn.c.obj                272     0         0      
       fd_cmp_t2.asm.obj             268     0         0      
       ctype.c.obj                   0       257       0      
       fd_mul_t2.asm.obj             252     0         0      
       s_floor.c.obj                 248     0         0      
       setvbuf.c.obj                 220     0         0      
       memcpy_t2.asm.obj             156     0         0      
       ull_div_t2.asm.obj            150     0         0      
       fputc.c.obj                   140     0         0      
       memset_t2.asm.obj             122     0         0      
       fclose.c.obj                  116     0         0      
       getdevice.c.obj               116     0         0      
       hostopen.c.obj                96      0         16     
       fprintf.c.obj                 108     0         0      
       copy_decompress_lzss.c.obj    104     0         0      
       hostlseek.c.obj               104     0         0      
       hostrename.c.obj              104     0         0      
       exit.c.obj                    76      0         24     
       fseek.c.obj                   100     0         0      
       s_frexp.c.obj                 100     0         0      
       _io_perm.c.obj                98      0         0      
       close.c.obj                   92      0         0      
       hostread.c.obj                88      0         0      
       hostwrite.c.obj               88      0         0      
       ltoa.c.obj                    84      0         0      
       atoi.c.obj                    76      0         0      
       fflush.c.obj                  76      0         0      
       fd_toi_t2.asm.obj             72      0         0      
       autoinit.c.obj                68      0         0      
       hostclose.c.obj               68      0         0      
       hostunlink.c.obj              68      0         0      
       boot_cortex_m.c.obj           56      0         0      
       strncpy.c.obj                 54      0         0      
       fopen.c.obj                   52      0         0      
       i_tofd_t2.asm.obj             46      0         0      
       unlink.c.obj                  44      0         0      
       lseek.c.obj                   40      0         0      
       memchr.c.obj                  32      0         0      
       memccpy.c.obj                 28      0         0      
       strcmp.c.obj                  24      0         0      
       strchr.c.obj                  22      0         0      
       s_copysign.c.obj              20      0         0      
       strcpy.c.obj                  20      0         0      
       strlen.c.obj                  20      0         0      
       _lock.c.obj                   2       0         16     
       wcslen.c.obj                  18      0         0      
       errno.c.obj                   8       0         8      
       copy_decompress_none.c.obj    14      0         0      
       copy_zero_init.c.obj          12      0         0      
       pre_init.c.obj                4       0         0      
       div0.asm.obj                  2       0         0      
    +--+-----------------------------+-------+---------+---------+
       Total:                        16679   601       1896   
                                                              
       Heap:                         0       0         10960  
       Stack:                        0       0         2048   
       Linker Generated:             0       148       0      
    +--+-----------------------------+-------+---------+---------+
       Grand Total:                  24311   1437      19006  


LINKER GENERATED COPY TABLES

__TI_cinit_table @ 000064a8 records: 2, size/record: 8, table size: 16
	.data: load addr=00006420, load size=00000070 bytes, run addr=20001f30, run size=000001ef bytes, compression=lzss
	.bss: load addr=000064a0, load size=00000008 bytes, run addr=20001568, run size=000009c8 bytes, compression=zero_init


LINKER GENERATED HANDLER TABLE

__TI_handler_table @ 00006490 records: 3, size/record: 4, table size: 12
	index: 0, handler: __TI_decompress_lzss
	index: 1, handler: __TI_decompress_none
	index: 2, handler: __TI_zero_init


GLOBAL SYMBOLS: SORTED ALPHABETICALLY BY Name 

address   name                              
-------   ----                              
0000588d  ADC14_IRQHandler                  
0000588d  ADC14_IRQHandler                  
00000b47  AES256_IRQHandler                 
00000b47  BusFault_Handler                  
00005ff1  C$$EXIT                           
00005c37  C$$IO$$                           
00000b47  COMP_E0_IRQHandler                
00000b47  COMP_E1_IRQHandler                
00000b47  CS_IRQHandler                     
00005ce9  CS_setDCOCenteredFrequency        
00005db9  CS_setReferenceOscillatorFrequency
00000b47  DMA_ERR_IRQHandler                
00000b47  DMA_INT0_IRQHandler               
00000b47  DMA_INT1_IRQHandler               
00000b47  DMA_INT2_IRQHandler               
00000b47  DMA_INT3_IRQHandler               
00000b47  DebugMon_Handler                  
00000b47  Default_Handler                   
00005b55  EUSCIA0_IRQHandler                
00005b55  EUSCIA0_IRQHandler                
00000b47  EUSCIA1_IRQHandler                
00000b47  EUSCIA2_IRQHandler                
00000b47  EUSCIA3_IRQHandler                
00000b47  EUSCIB0_IRQHandler                
00000b47  EUSCIB1_IRQHandler                
00000b47  EUSCIB2_IRQHandler                
00000b47  EUSCIB3_IRQHandler                
00000b47  FLCTL_IRQHandler                  
00000b47  FPU_IRQHandler                    
00005a05  HOSTclose                         
0000529d  HOSTlseek                         
000055cd  HOSTopen                          
00005689  HOSTread                          
00005305  HOSTrename                        
00005a49  HOSTunlink                        
000056e1  HOSTwrite                         
00000b47  HardFault_Handler                 
00000b47  MemManage_Handler                 
00000b47  NMI_Handler                       
00000b47  PCM_IRQHandler                    
00005b91  PORT1_IRQHandler                  
00005b91  PORT1_IRQHandler                  
00000b47  PORT2_IRQHandler                  
00000b47  PORT3_IRQHandler                  
00000b47  PORT4_IRQHandler                  
00000b47  PORT5_IRQHandler                  
00000b47  PORT6_IRQHandler                  
00000b47  PSS_IRQHandler                    
00000b47  PendSV_Handler                    
00000b47  RTC_C_IRQHandler                  
00005fc9  Reset_Handler                     
00000b47  SVC_Handler                       
00000b47  SysTick_Handler                   
000050c9  SystemInit                        
00000b47  T32_INT1_IRQHandler               
00000b47  T32_INT2_IRQHandler               
00000b47  T32_INTC_IRQHandler               
00000b47  TA0_0_IRQHandler                  
00000b47  TA0_N_IRQHandler                  
00000b47  TA1_0_IRQHandler                  
00000b47  TA1_N_IRQHandler                  
00000b47  TA2_0_IRQHandler                  
00000b47  TA2_N_IRQHandler                  
00000b47  TA3_0_IRQHandler                  
00000b47  TA3_N_IRQHandler                  
00005d1d  UART_transmitData                 
00000b47  UsageFault_Handler                
4000480c  WDTCTL_SYM                        
00000b47  WDT_A_IRQHandler                  
00005ff8  _Q16sqrt_coeffs                   
000049d1  _Qmag                             
20001d68  __CIOBUF_                         
20010000  __STACK_END                       
00000400  __STACK_SIZE                      
00001568  __SYSMEM_SIZE                     
000064a8  __TI_CINIT_Base                   
000064b8  __TI_CINIT_Limit                  
00006490  __TI_Handler_Table_Base           
0000649c  __TI_Handler_Table_Limit          
00005a8d  __TI_auto_init_nobinit_nopinit    
00005d51  __TI_cleanup                      
200020f8  __TI_cleanup_ptr                  
000051b9  __TI_closefile                    
0000536d  __TI_decompress_lzss              
00005fbb  __TI_decompress_none              
000058dd  __TI_doflush                      
200020fc  __TI_dtors_ptr                    
20002100  __TI_enable_exit_profile_output   
200020e8  __TI_ft_end                       
ffffffff  __TI_pprof_out_hndl               
000000e9  __TI_printfi                      
ffffffff  __TI_prof_data_size               
ffffffff  __TI_prof_data_start              
00005d85  __TI_readmsg                      
00000000  __TI_static_base__                
20001e88  __TI_tmpnams                      
00005c09  __TI_writemsg                     
00005569  __TI_wrt_ok                       
00005fd5  __TI_zero_init                    
00004f41  __aeabi_cdcmpeq                   
00004f41  __aeabi_cdcmple                   
00004fc7  __aeabi_cdrcmple                  
000059bd  __aeabi_d2iz                      
000037b7  __aeabi_dadd                      
00004065  __aeabi_ddiv                      
000046fd  __aeabi_dmul                      
000037ad  __aeabi_dsub                      
00005fe1  __aeabi_errno_addr                
00005e19  __aeabi_i2d                       
000035db  __aeabi_idiv0                     
000035db  __aeabi_ldiv0                     
0000504d  __aeabi_memclr                    
0000504d  __aeabi_memclr4                   
0000504d  __aeabi_memclr8                   
00004d83  __aeabi_memcpy                    
00004d83  __aeabi_memcpy4                   
00004d83  __aeabi_memcpy8                   
0000504f  __aeabi_memset                    
0000504f  __aeabi_memset4                   
0000504f  __aeabi_memset8                   
200020f4  __aeabi_stderr                    
200020ec  __aeabi_stdin                     
200020f0  __aeabi_stdout                    
00004e1f  __aeabi_uldivmod                  
ffffffff  __binit__                         
ffffffff  __c_args__                        
00003c65  __kernel_cos                      
00000b49  __kernel_rem_pio2                 
00003af1  __kernel_sin                      
UNDEFED   __mpu_init                        
2000fc00  __stack                           
00005c41  _c_int00_noargs                   
000062d0  _ctypes_                          
20002020  _device                           
20001f30  _ftable                           
20002110  _lock                             
00002adf  _nop                              
20002098  _stream                           
20000000  _sys_memory                       
UNDEFED   _system_post_cinit                
00005fed  _system_pre_init                  
20002114  _unlock                           
00005ff1  abort                             
00005929  atoi                              
00004b81  average_preprocess                
ffffffff  binit                             
0000562d  close                             
00006410  compareConfig                     
00005f6d  copysign                          
00005f6d  copysignl                         
000018a5  cos                               
000018a5  cosl                              
20002118  errno                             
00005975  exit                              
00005de9  finddevice                        
000047f9  floor                             
000047f9  floorl                            
0000543d  fprintf                           
00004eb5  fputc                             
000043dd  fputs                             
00004aa9  free                              
000054a1  frexp                             
000054a1  frexpl                            
00005505  fseek                             
00005ad1  getdevice                         
00000000  interruptVectors                  
00005f41  kiss_fft                          
00003965  kiss_fft_alloc                    
000053d5  kiss_fft_stride                   
00002d51  kiss_fftr                         
00003225  kiss_fftr_alloc                   
000044f1  ldexp                             
000044f1  ldexpl                            
00005e75  lseek                             
0000578f  ltoa                              
00002fbd  main                              
00005141  malloc                            
00005f0d  memccpy                           
00005eed  memchr                            
00004d83  memcpy                            
00005055  memset                            
00005c79  minit                             
20001f28  parmbuf                           
00004eb5  putc                              
00005e49  remove                            
2000211c  resPos                            
20001568  resultsBuffer                     
000044f1  scalbn                            
000044f1  scalbnl                           
000057e5  sendReading                       
2000211e  sendValues                        
000048f1  setvbuf                           
00001e81  sin                               
00001e81  sinl                              
00003dd1  sqrt                              
00003dd1  sqrtl                             
00005f57  strchr                            
00005f29  strcmp                            
00005f81  strcpy                            
00005f95  strlen                            
00005cb1  strncpy                           
000063d4  uartConfig                        
00005e49  unlink                            
000063f8  upModeConfig                      
00005fa9  wcslen                            
00005ec5  write                             


GLOBAL SYMBOLS: SORTED BY Symbol Address 

address   name                              
-------   ----                              
00000000  __TI_static_base__                
00000000  interruptVectors                  
000000e9  __TI_printfi                      
00000400  __STACK_SIZE                      
00000b47  AES256_IRQHandler                 
00000b47  BusFault_Handler                  
00000b47  COMP_E0_IRQHandler                
00000b47  COMP_E1_IRQHandler                
00000b47  CS_IRQHandler                     
00000b47  DMA_ERR_IRQHandler                
00000b47  DMA_INT0_IRQHandler               
00000b47  DMA_INT1_IRQHandler               
00000b47  DMA_INT2_IRQHandler               
00000b47  DMA_INT3_IRQHandler               
00000b47  DebugMon_Handler                  
00000b47  Default_Handler                   
00000b47  EUSCIA1_IRQHandler                
00000b47  EUSCIA2_IRQHandler                
00000b47  EUSCIA3_IRQHandler                
00000b47  EUSCIB0_IRQHandler                
00000b47  EUSCIB1_IRQHandler                
00000b47  EUSCIB2_IRQHandler                
00000b47  EUSCIB3_IRQHandler                
00000b47  FLCTL_IRQHandler                  
00000b47  FPU_IRQHandler                    
00000b47  HardFault_Handler                 
00000b47  MemManage_Handler                 
00000b47  NMI_Handler                       
00000b47  PCM_IRQHandler                    
00000b47  PORT2_IRQHandler                  
00000b47  PORT3_IRQHandler                  
00000b47  PORT4_IRQHandler                  
00000b47  PORT5_IRQHandler                  
00000b47  PORT6_IRQHandler                  
00000b47  PSS_IRQHandler                    
00000b47  PendSV_Handler                    
00000b47  RTC_C_IRQHandler                  
00000b47  SVC_Handler                       
00000b47  SysTick_Handler                   
00000b47  T32_INT1_IRQHandler               
00000b47  T32_INT2_IRQHandler               
00000b47  T32_INTC_IRQHandler               
00000b47  TA0_0_IRQHandler                  
00000b47  TA0_N_IRQHandler                  
00000b47  TA1_0_IRQHandler                  
00000b47  TA1_N_IRQHandler                  
00000b47  TA2_0_IRQHandler                  
00000b47  TA2_N_IRQHandler                  
00000b47  TA3_0_IRQHandler                  
00000b47  TA3_N_IRQHandler                  
00000b47  UsageFault_Handler                
00000b47  WDT_A_IRQHandler                  
00000b49  __kernel_rem_pio2                 
00001568  __SYSMEM_SIZE                     
000018a5  cos                               
000018a5  cosl                              
00001e81  sin                               
00001e81  sinl                              
00002adf  _nop                              
00002d51  kiss_fftr                         
00002fbd  main                              
00003225  kiss_fftr_alloc                   
000035db  __aeabi_idiv0                     
000035db  __aeabi_ldiv0                     
000037ad  __aeabi_dsub                      
000037b7  __aeabi_dadd                      
00003965  kiss_fft_alloc                    
00003af1  __kernel_sin                      
00003c65  __kernel_cos                      
00003dd1  sqrt                              
00003dd1  sqrtl                             
00004065  __aeabi_ddiv                      
000043dd  fputs                             
000044f1  ldexp                             
000044f1  ldexpl                            
000044f1  scalbn                            
000044f1  scalbnl                           
000046fd  __aeabi_dmul                      
000047f9  floor                             
000047f9  floorl                            
000048f1  setvbuf                           
000049d1  _Qmag                             
00004aa9  free                              
00004b81  average_preprocess                
00004d83  __aeabi_memcpy                    
00004d83  __aeabi_memcpy4                   
00004d83  __aeabi_memcpy8                   
00004d83  memcpy                            
00004e1f  __aeabi_uldivmod                  
00004eb5  fputc                             
00004eb5  putc                              
00004f41  __aeabi_cdcmpeq                   
00004f41  __aeabi_cdcmple                   
00004fc7  __aeabi_cdrcmple                  
0000504d  __aeabi_memclr                    
0000504d  __aeabi_memclr4                   
0000504d  __aeabi_memclr8                   
0000504f  __aeabi_memset                    
0000504f  __aeabi_memset4                   
0000504f  __aeabi_memset8                   
00005055  memset                            
000050c9  SystemInit                        
00005141  malloc                            
000051b9  __TI_closefile                    
0000529d  HOSTlseek                         
00005305  HOSTrename                        
0000536d  __TI_decompress_lzss              
000053d5  kiss_fft_stride                   
0000543d  fprintf                           
000054a1  frexp                             
000054a1  frexpl                            
00005505  fseek                             
00005569  __TI_wrt_ok                       
000055cd  HOSTopen                          
0000562d  close                             
00005689  HOSTread                          
000056e1  HOSTwrite                         
0000578f  ltoa                              
000057e5  sendReading                       
0000588d  ADC14_IRQHandler                  
0000588d  ADC14_IRQHandler                  
000058dd  __TI_doflush                      
00005929  atoi                              
00005975  exit                              
000059bd  __aeabi_d2iz                      
00005a05  HOSTclose                         
00005a49  HOSTunlink                        
00005a8d  __TI_auto_init_nobinit_nopinit    
00005ad1  getdevice                         
00005b55  EUSCIA0_IRQHandler                
00005b55  EUSCIA0_IRQHandler                
00005b91  PORT1_IRQHandler                  
00005b91  PORT1_IRQHandler                  
00005c09  __TI_writemsg                     
00005c37  C$$IO$$                           
00005c41  _c_int00_noargs                   
00005c79  minit                             
00005cb1  strncpy                           
00005ce9  CS_setDCOCenteredFrequency        
00005d1d  UART_transmitData                 
00005d51  __TI_cleanup                      
00005d85  __TI_readmsg                      
00005db9  CS_setReferenceOscillatorFrequency
00005de9  finddevice                        
00005e19  __aeabi_i2d                       
00005e49  remove                            
00005e49  unlink                            
00005e75  lseek                             
00005ec5  write                             
00005eed  memchr                            
00005f0d  memccpy                           
00005f29  strcmp                            
00005f41  kiss_fft                          
00005f57  strchr                            
00005f6d  copysign                          
00005f6d  copysignl                         
00005f81  strcpy                            
00005f95  strlen                            
00005fa9  wcslen                            
00005fbb  __TI_decompress_none              
00005fc9  Reset_Handler                     
00005fd5  __TI_zero_init                    
00005fe1  __aeabi_errno_addr                
00005fed  _system_pre_init                  
00005ff1  C$$EXIT                           
00005ff1  abort                             
00005ff8  _Q16sqrt_coeffs                   
000062d0  _ctypes_                          
000063d4  uartConfig                        
000063f8  upModeConfig                      
00006410  compareConfig                     
00006490  __TI_Handler_Table_Base           
0000649c  __TI_Handler_Table_Limit          
000064a8  __TI_CINIT_Base                   
000064b8  __TI_CINIT_Limit                  
20000000  _sys_memory                       
20001568  resultsBuffer                     
20001d68  __CIOBUF_                         
20001e88  __TI_tmpnams                      
20001f28  parmbuf                           
20001f30  _ftable                           
20002020  _device                           
20002098  _stream                           
200020e8  __TI_ft_end                       
200020ec  __aeabi_stdin                     
200020f0  __aeabi_stdout                    
200020f4  __aeabi_stderr                    
200020f8  __TI_cleanup_ptr                  
200020fc  __TI_dtors_ptr                    
20002100  __TI_enable_exit_profile_output   
20002110  _lock                             
20002114  _unlock                           
20002118  errno                             
2000211c  resPos                            
2000211e  sendValues                        
2000fc00  __stack                           
20010000  __STACK_END                       
4000480c  WDTCTL_SYM                        
ffffffff  __TI_pprof_out_hndl               
ffffffff  __TI_prof_data_size               
ffffffff  __TI_prof_data_start              
ffffffff  __binit__                         
ffffffff  __c_args__                        
ffffffff  binit                             
UNDEFED   __mpu_init                        
UNDEFED   _system_post_cinit                

[206 symbols]
