******************************************************************************
                  TI ARM Linker PC v18.1.1                     
******************************************************************************
>> Linked Fri May 11 14:40:54 2018

OUTPUT FILE NAME:   <outofbox_msp432p401r_MSP_EXP432P401R_nortos_ccs.out>
ENTRY POINT SYMBOL: "_c_int00_noargs"  address: 00000c91


MEMORY CONFIGURATION

         name            origin    length      used     unused   attr    fill
----------------------  --------  ---------  --------  --------  ----  --------
  MAIN                  00000000   00040000  00000dec  0003f214  R  X
  INFO                  00200000   00004000  00000000  00004000  R  X
  SRAM_CODE             01000000   00010000  00000258  0000fda8  RW X
  SRAM_DATA             20000000   00010000  00000258  0000fda8  RW  


SEGMENT ALLOCATION MAP

run origin  load origin   length   init length attrs members
----------  ----------- ---------- ----------- ----- -------
00000000    00000000    00000df0   00000df0    r-x
  00000000    00000000    000000e4   000000e4    r-- .intvecs
  000000e4    000000e4    00000c74   00000c74    r-x .text
  00000d58    00000d58    0000005c   0000005c    r-- .const
  00000db8    00000db8    00000038   00000038    r-- .cinit
20000000    20000000    00000058   00000000    rw-
  20000000    20000000    00000040   00000000    rw- .data
  20000040    20000040    00000018   00000000    rw- .bss
2000fe00    2000fe00    00000200   00000000    rw-
  2000fe00    2000fe00    00000200   00000000    rw- .stack


SECTION ALLOCATION MAP

 output                                  attributes/
section   page    origin      length       input sections
--------  ----  ----------  ----------   ----------------
.intvecs   0    00000000    000000e4     
                  00000000    000000e4     startup_msp432p401r_ccs.obj (.intvecs:retain)

.text      0    000000e4    00000c74     
                  000000e4    00000320     main.obj (.text:PORT1_IRQHandler)
                  00000404    00000280     main.obj (.text:main)
                  00000684    00000250     main.obj (.text:EUSCIA0_IRQHandler)
                  000008d4    00000124     main.obj (.text:SysTick_Handler)
                  000009f8    0000009c     rtsv7M4_T_le_v4SPD16_eabi.lib : memcpy_t2.asm.obj (.text)
                  00000a94    00000078     system_msp432p401r.obj (.text:SystemInit)
                  00000b0c    00000070     main.obj (.text:TA1_0_IRQHandler)
                  00000b7c    00000068     main.obj (.text:TA2_0_IRQHandler)
                  00000be4    00000068     rtsv7M4_T_le_v4SPD16_eabi.lib : copy_decompress_lzss.c.obj (.text:decompress:lzss:__TI_decompress_lzss)
                  00000c4c    00000044                                   : autoinit.c.obj (.text:__TI_auto_init_nobinit_nopinit:__TI_auto_init_nobinit_nopinit)
                  00000c90    00000038                                   : boot_cortex_m.c.obj (.text:_c_int00_noargs:_c_int00_noargs)
                  00000cc8    00000034                                   : rand.c.obj (.text:rand)
                  00000cfc    00000024                                   : rand.c.obj (.text:srand)
                  00000d20    00000012                                   : copy_zero_init.c.obj (.text:decompress:ZI:__TI_zero_init_nomemset:__TI_zero_init_nomemset)
                  00000d32    0000000e                                   : copy_decompress_none.c.obj (.text:decompress:none:__TI_decompress_none)
                  00000d40    0000000c     startup_msp432p401r_ccs.obj (.text:Reset_Handler)
                  00000d4c    00000004     rtsv7M4_T_le_v4SPD16_eabi.lib : pre_init.c.obj (.text:_system_pre_init)
                  00000d50    00000004                                   : exit.c.obj (.text:abort:abort)
                  00000d54    00000002     startup_msp432p401r_ccs.obj (.text:Default_Handler)
                  00000d56    00000002     rtsv7M4_T_le_v4SPD16_eabi.lib : _lock.c.obj (.text:_nop)

.const     0    00000d58    0000005c     
                  00000d58    00000024     main.obj (.const:uartConfig)
                  00000d7c    00000018     main.obj (.const:TA2upConfig)
                  00000d94    00000018     main.obj (.const:upConfig)
                  00000dac    00000008     main.obj (.const:.string:port_mapping)

.cinit     0    00000db8    00000038     
                  00000db8    00000013     (.cinit..data.load) [load image, compression = lzss]
                  00000dcb    00000001     --HOLE-- [fill = 0]
                  00000dcc    0000000c     (__TI_handler_table)
                  00000dd8    00000008     (.cinit..bss.load) [load image, compression = zero_init]
                  00000de0    00000010     (__TI_cinit_table)

.init_array 
*          0    00000000    00000000     UNINITIALIZED

.binit     0    00000000    00000000     

.data      0    20000000    00000040     UNINITIALIZED
                  20000000    00000034     main.obj (.data)
                  20000034    00000008     rtsv7M4_T_le_v4SPD16_eabi.lib : _lock.c.obj (.data:$O1$$)
                  2000003c    00000004                                   : rand.c.obj (.data)

.bss       0    20000040    00000018     UNINITIALIZED
                  20000040    00000010     (.common:periods)
                  20000050    00000008     (.common:start)

.stack     0    2000fe00    00000200     UNINITIALIZED
                  2000fe00    00000004     rtsv7M4_T_le_v4SPD16_eabi.lib : boot_cortex_m.c.obj (.stack)
                  2000fe04    000001fc     --HOLE--

MODULE SUMMARY

       Module                        code   ro data   rw data
       ------                        ----   -------   -------
    .\
       main.obj                      2540   92        152    
       system_msp432p401r.obj        120    0         0      
    +--+-----------------------------+------+---------+---------+
       Total:                        2660   92        152    
                                                             
    .\ccs\
       startup_msp432p401r_ccs.obj   14     228       0      
    +--+-----------------------------+------+---------+---------+
       Total:                        14     228       0      
                                                             
    C:\ti\ccsv8\tools\compiler\ti-cgt-arm_18.1.1.LTS\lib\rtsv7M4_T_le_v4SPD16_eabi.lib
       memcpy_t2.asm.obj             156    0         0      
       copy_decompress_lzss.c.obj    104    0         0      
       rand.c.obj                    88     0         8      
       autoinit.c.obj                68     0         0      
       boot_cortex_m.c.obj           56     0         0      
       _lock.c.obj                   2      0         16     
       copy_zero_init.c.obj          18     0         0      
       copy_decompress_none.c.obj    14     0         0      
       exit.c.obj                    4      0         0      
       pre_init.c.obj                4      0         0      
    +--+-----------------------------+------+---------+---------+
       Total:                        514    0         24     
                                                             
       Stack:                        0      0         1024   
       Linker Generated:             0      55        0      
    +--+-----------------------------+------+---------+---------+
       Grand Total:                  3188   375       1200   


LINKER GENERATED COPY TABLES

__TI_cinit_table @ 00000de0 records: 2, size/record: 8, table size: 16
	.data: load addr=00000db8, load size=00000013 bytes, run addr=20000000, run size=00000040 bytes, compression=lzss
	.bss: load addr=00000dd8, load size=00000008 bytes, run addr=20000040, run size=00000018 bytes, compression=zero_init


LINKER GENERATED HANDLER TABLE

__TI_handler_table @ 00000dcc records: 3, size/record: 4, table size: 12
	index: 0, handler: __TI_decompress_lzss
	index: 1, handler: __TI_decompress_none
	index: 2, handler: __TI_zero_init


GLOBAL SYMBOLS: SORTED ALPHABETICALLY BY Name 

address   name                          
-------   ----                          
00000d55  ADC14_IRQHandler              
00000d55  AES256_IRQHandler             
00000d55  BusFault_Handler              
00000d51  C$$EXIT                       
00000d55  COMP_E0_IRQHandler            
00000d55  COMP_E1_IRQHandler            
00000d55  CS_IRQHandler                 
00000d55  DMA_ERR_IRQHandler            
00000d55  DMA_INT0_IRQHandler           
00000d55  DMA_INT1_IRQHandler           
00000d55  DMA_INT2_IRQHandler           
00000d55  DMA_INT3_IRQHandler           
00000d55  DebugMon_Handler              
00000d55  Default_Handler               
00000685  EUSCIA0_IRQHandler            
00000685  EUSCIA0_IRQHandler            
00000d55  EUSCIA1_IRQHandler            
00000d55  EUSCIA2_IRQHandler            
00000d55  EUSCIA3_IRQHandler            
00000d55  EUSCIB0_IRQHandler            
00000d55  EUSCIB1_IRQHandler            
00000d55  EUSCIB2_IRQHandler            
00000d55  EUSCIB3_IRQHandler            
00000d55  FLCTL_IRQHandler              
00000d55  FPU_IRQHandler                
00000d55  HardFault_Handler             
00000d55  MemManage_Handler             
00000d55  NMI_Handler                   
00000d55  PCM_IRQHandler                
000000e5  PORT1_IRQHandler              
000000e5  PORT1_IRQHandler              
00000d55  PORT2_IRQHandler              
00000d55  PORT3_IRQHandler              
00000d55  PORT4_IRQHandler              
00000d55  PORT5_IRQHandler              
00000d55  PORT6_IRQHandler              
00000d55  PSS_IRQHandler                
00000d55  PendSV_Handler                
00000d55  RTC_C_IRQHandler              
00000d41  Reset_Handler                 
20000000  S1buttonDebounce              
20000004  S2buttonDebounce              
00000d55  SVC_Handler                   
000008d5  SysTick_Handler               
000008d5  SysTick_Handler               
00000a95  SystemInit                    
00000d55  T32_INT1_IRQHandler           
00000d55  T32_INT2_IRQHandler           
00000d55  T32_INTC_IRQHandler           
00000d55  TA0_0_IRQHandler              
00000d55  TA0_N_IRQHandler              
00000b0d  TA1_0_IRQHandler              
00000b0d  TA1_0_IRQHandler              
00000d55  TA1_N_IRQHandler              
00000b7d  TA2_0_IRQHandler              
00000b7d  TA2_0_IRQHandler              
00000d55  TA2_N_IRQHandler              
00000d7c  TA2upConfig                   
00000d55  TA3_0_IRQHandler              
00000d55  TA3_N_IRQHandler              
00000d55  UsageFault_Handler            
4000480c  WDTCTL_SYM                    
00000d55  WDT_A_IRQHandler              
20010000  __STACK_END                   
00000200  __STACK_SIZE                  
00000de0  __TI_CINIT_Base               
00000df0  __TI_CINIT_Limit              
00000dcc  __TI_Handler_Table_Base       
00000dd8  __TI_Handler_Table_Limit      
00000c4d  __TI_auto_init_nobinit_nopinit
00000be5  __TI_decompress_lzss          
00000d33  __TI_decompress_none          
ffffffff  __TI_pprof_out_hndl           
ffffffff  __TI_prof_data_size           
ffffffff  __TI_prof_data_start          
00000000  __TI_static_base__            
00000d21  __TI_zero_init_nomemset       
000009f9  __aeabi_memcpy                
000009f9  __aeabi_memcpy4               
000009f9  __aeabi_memcpy8               
ffffffff  __binit__                     
ffffffff  __c_args__                    
UNDEFED   __mpu_init                    
2000fe00  __stack                       
00000c91  _c_int00_noargs               
20000034  _lock                         
00000d57  _nop                          
UNDEFED   _system_post_cinit            
00000d4d  _system_pre_init              
20000038  _unlock                       
00000d51  abort                         
20000030  ack                           
ffffffff  binit                         
20000028  bytesReceived                 
20000018  count                         
20000014  counting                      
20000024  currentColor                  
00000000  interruptVectors              
20000008  interval                      
00000405  main                          
000009f9  memcpy                        
20000010  newTick                       
2000000c  oldTick                       
20000040  periods                       
00000dac  port_mapping                  
00000cc9  rand                          
2000002c  receiveFreq                   
00000cfd  srand                         
20000050  start                         
2000001c  sysTickCount                  
20000020  taps                          
00000d58  uartConfig                    
00000d94  upConfig                      


GLOBAL SYMBOLS: SORTED BY Symbol Address 

address   name                          
-------   ----                          
00000000  __TI_static_base__            
00000000  interruptVectors              
000000e5  PORT1_IRQHandler              
000000e5  PORT1_IRQHandler              
00000200  __STACK_SIZE                  
00000405  main                          
00000685  EUSCIA0_IRQHandler            
00000685  EUSCIA0_IRQHandler            
000008d5  SysTick_Handler               
000008d5  SysTick_Handler               
000009f9  __aeabi_memcpy                
000009f9  __aeabi_memcpy4               
000009f9  __aeabi_memcpy8               
000009f9  memcpy                        
00000a95  SystemInit                    
00000b0d  TA1_0_IRQHandler              
00000b0d  TA1_0_IRQHandler              
00000b7d  TA2_0_IRQHandler              
00000b7d  TA2_0_IRQHandler              
00000be5  __TI_decompress_lzss          
00000c4d  __TI_auto_init_nobinit_nopinit
00000c91  _c_int00_noargs               
00000cc9  rand                          
00000cfd  srand                         
00000d21  __TI_zero_init_nomemset       
00000d33  __TI_decompress_none          
00000d41  Reset_Handler                 
00000d4d  _system_pre_init              
00000d51  C$$EXIT                       
00000d51  abort                         
00000d55  ADC14_IRQHandler              
00000d55  AES256_IRQHandler             
00000d55  BusFault_Handler              
00000d55  COMP_E0_IRQHandler            
00000d55  COMP_E1_IRQHandler            
00000d55  CS_IRQHandler                 
00000d55  DMA_ERR_IRQHandler            
00000d55  DMA_INT0_IRQHandler           
00000d55  DMA_INT1_IRQHandler           
00000d55  DMA_INT2_IRQHandler           
00000d55  DMA_INT3_IRQHandler           
00000d55  DebugMon_Handler              
00000d55  Default_Handler               
00000d55  EUSCIA1_IRQHandler            
00000d55  EUSCIA2_IRQHandler            
00000d55  EUSCIA3_IRQHandler            
00000d55  EUSCIB0_IRQHandler            
00000d55  EUSCIB1_IRQHandler            
00000d55  EUSCIB2_IRQHandler            
00000d55  EUSCIB3_IRQHandler            
00000d55  FLCTL_IRQHandler              
00000d55  FPU_IRQHandler                
00000d55  HardFault_Handler             
00000d55  MemManage_Handler             
00000d55  NMI_Handler                   
00000d55  PCM_IRQHandler                
00000d55  PORT2_IRQHandler              
00000d55  PORT3_IRQHandler              
00000d55  PORT4_IRQHandler              
00000d55  PORT5_IRQHandler              
00000d55  PORT6_IRQHandler              
00000d55  PSS_IRQHandler                
00000d55  PendSV_Handler                
00000d55  RTC_C_IRQHandler              
00000d55  SVC_Handler                   
00000d55  T32_INT1_IRQHandler           
00000d55  T32_INT2_IRQHandler           
00000d55  T32_INTC_IRQHandler           
00000d55  TA0_0_IRQHandler              
00000d55  TA0_N_IRQHandler              
00000d55  TA1_N_IRQHandler              
00000d55  TA2_N_IRQHandler              
00000d55  TA3_0_IRQHandler              
00000d55  TA3_N_IRQHandler              
00000d55  UsageFault_Handler            
00000d55  WDT_A_IRQHandler              
00000d57  _nop                          
00000d58  uartConfig                    
00000d7c  TA2upConfig                   
00000d94  upConfig                      
00000dac  port_mapping                  
00000dcc  __TI_Handler_Table_Base       
00000dd8  __TI_Handler_Table_Limit      
00000de0  __TI_CINIT_Base               
00000df0  __TI_CINIT_Limit              
20000000  S1buttonDebounce              
20000004  S2buttonDebounce              
20000008  interval                      
2000000c  oldTick                       
20000010  newTick                       
20000014  counting                      
20000018  count                         
2000001c  sysTickCount                  
20000020  taps                          
20000024  currentColor                  
20000028  bytesReceived                 
2000002c  receiveFreq                   
20000030  ack                           
20000034  _lock                         
20000038  _unlock                       
20000040  periods                       
20000050  start                         
2000fe00  __stack                       
20010000  __STACK_END                   
4000480c  WDTCTL_SYM                    
ffffffff  __TI_pprof_out_hndl           
ffffffff  __TI_prof_data_size           
ffffffff  __TI_prof_data_start          
ffffffff  __binit__                     
ffffffff  __c_args__                    
ffffffff  binit                         
UNDEFED   __mpu_init                    
UNDEFED   _system_post_cinit            

[113 symbols]
