******************************************************************************
                  TI ARM Linker PC v18.1.1                     
******************************************************************************
>> Linked Thu Jun 14 17:38:13 2018

OUTPUT FILE NAME:   <uart_echo_fibonacci.out>
ENTRY POINT SYMBOL: "_c_int00_noargs"  address: 00000411


MEMORY CONFIGURATION

         name            origin    length      used     unused   attr    fill
----------------------  --------  ---------  --------  --------  ----  --------
  MAIN                  00000000   00040000  00000532  0003face  R  X
  INFO                  00200000   00004000  00000000  00004000  R  X
  SRAM_CODE             01000000   00010000  00000209  0000fdf7  RW X
  SRAM_DATA             20000000   00010000  00000209  0000fdf7  RW  


SEGMENT ALLOCATION MAP

run origin  load origin   length   init length attrs members
----------  ----------- ---------- ----------- ----- -------
00000000    00000000    00000538   00000538    r-x
  00000000    00000000    000000e4   000000e4    r-- .intvecs
  000000e4    000000e4    000003fa   000003fa    r-x .text
  000004e0    000004e0    00000024   00000024    r-- .const
  00000508    00000508    00000030   00000030    r-- .cinit
20000000    20000000    0000000c   00000000    rw-
  20000000    20000000    00000005   00000000    rw- .bss
  20000008    20000008    00000004   00000000    rw- .data
2000fe00    2000fe00    00000200   00000000    rw-
  2000fe00    2000fe00    00000200   00000000    rw- .stack


SECTION ALLOCATION MAP

 output                                  attributes/
section   page    origin      length       input sections
--------  ----  ----------  ----------   ----------------
.intvecs   0    00000000    000000e4     
                  00000000    000000e4     startup_msp432p401r_ccs.obj (.intvecs:retain)

.text      0    000000e4    000003fa     
                  000000e4    00000128     uart_pc_echo_12mhz_brclk.obj (.text:main)
                  0000020c    0000009c     rtsv7M4_T_le_v4SPD16_eabi.lib : memcpy_t2.asm.obj (.text)
                  000002a8    00000078     system_msp432p401r.obj (.text:SystemInit)
                  00000320    00000068     rtsv7M4_T_le_v4SPD16_eabi.lib : copy_decompress_lzss.c.obj (.text:decompress:lzss:__TI_decompress_lzss)
                  00000388    00000044     uart_pc_echo_12mhz_brclk.obj (.text:EUSCIA0_IRQHandler)
                  000003cc    00000044     rtsv7M4_T_le_v4SPD16_eabi.lib : autoinit.c.obj (.text:__TI_auto_init_nobinit_nopinit:__TI_auto_init_nobinit_nopinit)
                  00000410    00000038                                   : boot_cortex_m.c.obj (.text:_c_int00_noargs:_c_int00_noargs)
                  00000448    00000024     msp432p4xx_driverlib.lib : cs_MSP432P4XX.obj (.text:CS_setDCOCenteredFrequency)
                  0000046c    00000024                              : uart_MSP432P4XX.obj (.text:UART_transmitData)
                  00000490    00000018                              : wdt_a_MSP432P4XX.obj (.text:WDT_A_holdTimer)
                  000004a8    00000012     rtsv7M4_T_le_v4SPD16_eabi.lib : copy_zero_init.c.obj (.text:decompress:ZI:__TI_zero_init_nomemset:__TI_zero_init_nomemset)
                  000004ba    0000000e                                   : copy_decompress_none.c.obj (.text:decompress:none:__TI_decompress_none)
                  000004c8    0000000c     startup_msp432p401r_ccs.obj (.text:Reset_Handler)
                  000004d4    00000004     rtsv7M4_T_le_v4SPD16_eabi.lib : pre_init.c.obj (.text:_system_pre_init)
                  000004d8    00000004                                   : exit.c.obj (.text:abort:abort)
                  000004dc    00000002     startup_msp432p401r_ccs.obj (.text:Default_Handler)

.const     0    000004e0    00000024     
                  000004e0    00000024     uart_pc_echo_12mhz_brclk.obj (.const:uartConfig)

.cinit     0    00000508    00000030     
                  00000508    0000000c     (__TI_handler_table)
                  00000514    00000004     --HOLE-- [fill = 0]
                  00000518    00000008     (.cinit..bss.load) [load image, compression = zero_init]
                  00000520    00000007     (.cinit..data.load) [load image, compression = lzss]
                  00000527    00000001     --HOLE-- [fill = 0]
                  00000528    00000010     (__TI_cinit_table)

.init_array 
*          0    00000000    00000000     UNINITIALIZED

.binit     0    00000000    00000000     

.bss       0    20000000    00000005     UNINITIALIZED
                  20000000    00000004     (.common:information_bytes)
                  20000004    00000001     (.common:msg)

.data      0    20000008    00000004     UNINITIALIZED
                  20000008    00000004     uart_pc_echo_12mhz_brclk.obj (.data)

.stack     0    2000fe00    00000200     UNINITIALIZED
                  2000fe00    00000004     rtsv7M4_T_le_v4SPD16_eabi.lib : boot_cortex_m.c.obj (.stack)
                  2000fe04    000001fc     --HOLE--

MODULE SUMMARY

       Module                         code   ro data   rw data
       ------                         ----   -------   -------
    .\
       uart_pc_echo_12mhz_brclk.obj   364    36        18     
       system_msp432p401r.obj         120    0         0      
    +--+------------------------------+------+---------+---------+
       Total:                         484    36        18     
                                                              
    .\ccs\
       startup_msp432p401r_ccs.obj    14     228       0      
    +--+------------------------------+------+---------+---------+
       Total:                         14     228       0      
                                                              
    C:/ti/simplelink_msp432p4_sdk_2_10_00_14/source/ti/devices/msp432p4xx/driverlib/ccs/msp432p4xx_driverlib.lib
       cs_MSP432P4XX.obj              36     0         0      
       uart_MSP432P4XX.obj            36     0         0      
       wdt_a_MSP432P4XX.obj           24     0         0      
    +--+------------------------------+------+---------+---------+
       Total:                         96     0         0      
                                                              
    C:\ti\ccsv8\tools\compiler\ti-cgt-arm_18.1.1.LTS\lib\rtsv7M4_T_le_v4SPD16_eabi.lib
       memcpy_t2.asm.obj              156    0         0      
       copy_decompress_lzss.c.obj     104    0         0      
       autoinit.c.obj                 68     0         0      
       boot_cortex_m.c.obj            56     0         0      
       copy_zero_init.c.obj           18     0         0      
       copy_decompress_none.c.obj     14     0         0      
       exit.c.obj                     4      0         0      
       pre_init.c.obj                 4      0         0      
    +--+------------------------------+------+---------+---------+
       Total:                         424    0         0      
                                                              
       Stack:                         0      0         1024   
       Linker Generated:              0      43        0      
    +--+------------------------------+------+---------+---------+
       Grand Total:                   1018   307       1042   


LINKER GENERATED COPY TABLES

__TI_cinit_table @ 00000528 records: 2, size/record: 8, table size: 16
	.bss: load addr=00000518, load size=00000008 bytes, run addr=20000000, run size=00000005 bytes, compression=zero_init
	.data: load addr=00000520, load size=00000007 bytes, run addr=20000008, run size=00000004 bytes, compression=lzss


LINKER GENERATED HANDLER TABLE

__TI_handler_table @ 00000508 records: 3, size/record: 4, table size: 12
	index: 0, handler: __TI_decompress_lzss
	index: 1, handler: __TI_decompress_none
	index: 2, handler: __TI_zero_init


GLOBAL SYMBOLS: SORTED ALPHABETICALLY BY Name 

address   name                          
-------   ----                          
000004dd  ADC14_IRQHandler              
000004dd  AES256_IRQHandler             
000004dd  BusFault_Handler              
000004d9  C$$EXIT                       
000004dd  COMP_E0_IRQHandler            
000004dd  COMP_E1_IRQHandler            
000004dd  CS_IRQHandler                 
00000449  CS_setDCOCenteredFrequency    
000004dd  DMA_ERR_IRQHandler            
000004dd  DMA_INT0_IRQHandler           
000004dd  DMA_INT1_IRQHandler           
000004dd  DMA_INT2_IRQHandler           
000004dd  DMA_INT3_IRQHandler           
000004dd  DebugMon_Handler              
000004dd  Default_Handler               
00000389  EUSCIA0_IRQHandler            
00000389  EUSCIA0_IRQHandler            
000004dd  EUSCIA1_IRQHandler            
000004dd  EUSCIA2_IRQHandler            
000004dd  EUSCIA3_IRQHandler            
000004dd  EUSCIB0_IRQHandler            
000004dd  EUSCIB1_IRQHandler            
000004dd  EUSCIB2_IRQHandler            
000004dd  EUSCIB3_IRQHandler            
000004dd  FLCTL_IRQHandler              
000004dd  FPU_IRQHandler                
000004dd  HardFault_Handler             
000004dd  MemManage_Handler             
000004dd  NMI_Handler                   
000004dd  PCM_IRQHandler                
000004dd  PORT1_IRQHandler              
000004dd  PORT2_IRQHandler              
000004dd  PORT3_IRQHandler              
000004dd  PORT4_IRQHandler              
000004dd  PORT5_IRQHandler              
000004dd  PORT6_IRQHandler              
000004dd  PSS_IRQHandler                
000004dd  PendSV_Handler                
000004dd  RTC_C_IRQHandler              
000004c9  Reset_Handler                 
000004dd  SVC_Handler                   
000004dd  SysTick_Handler               
000002a9  SystemInit                    
000004dd  T32_INT1_IRQHandler           
000004dd  T32_INT2_IRQHandler           
000004dd  T32_INTC_IRQHandler           
000004dd  TA0_0_IRQHandler              
000004dd  TA0_N_IRQHandler              
000004dd  TA1_0_IRQHandler              
000004dd  TA1_N_IRQHandler              
000004dd  TA2_0_IRQHandler              
000004dd  TA2_N_IRQHandler              
000004dd  TA3_0_IRQHandler              
000004dd  TA3_N_IRQHandler              
0000046d  UART_transmitData             
000004dd  UsageFault_Handler            
4000480c  WDTCTL_SYM                    
000004dd  WDT_A_IRQHandler              
00000491  WDT_A_holdTimer               
20010000  __STACK_END                   
00000200  __STACK_SIZE                  
00000528  __TI_CINIT_Base               
00000538  __TI_CINIT_Limit              
00000508  __TI_Handler_Table_Base       
00000514  __TI_Handler_Table_Limit      
000003cd  __TI_auto_init_nobinit_nopinit
00000321  __TI_decompress_lzss          
000004bb  __TI_decompress_none          
ffffffff  __TI_pprof_out_hndl           
ffffffff  __TI_prof_data_size           
ffffffff  __TI_prof_data_start          
00000000  __TI_static_base__            
000004a9  __TI_zero_init_nomemset       
0000020d  __aeabi_memcpy                
0000020d  __aeabi_memcpy4               
0000020d  __aeabi_memcpy8               
ffffffff  __binit__                     
ffffffff  __c_args__                    
UNDEFED   __mpu_init                    
2000fe00  __stack                       
00000411  _c_int00_noargs               
UNDEFED   _system_post_cinit            
000004d5  _system_pre_init              
000004d9  abort                         
ffffffff  binit                         
20000008  bytes                         
20000000  information_bytes             
00000000  interruptVectors              
000000e5  main                          
0000020d  memcpy                        
20000004  msg                           
000004e0  uartConfig                    


GLOBAL SYMBOLS: SORTED BY Symbol Address 

address   name                          
-------   ----                          
00000000  __TI_static_base__            
00000000  interruptVectors              
000000e5  main                          
00000200  __STACK_SIZE                  
0000020d  __aeabi_memcpy                
0000020d  __aeabi_memcpy4               
0000020d  __aeabi_memcpy8               
0000020d  memcpy                        
000002a9  SystemInit                    
00000321  __TI_decompress_lzss          
00000389  EUSCIA0_IRQHandler            
00000389  EUSCIA0_IRQHandler            
000003cd  __TI_auto_init_nobinit_nopinit
00000411  _c_int00_noargs               
00000449  CS_setDCOCenteredFrequency    
0000046d  UART_transmitData             
00000491  WDT_A_holdTimer               
000004a9  __TI_zero_init_nomemset       
000004bb  __TI_decompress_none          
000004c9  Reset_Handler                 
000004d5  _system_pre_init              
000004d9  C$$EXIT                       
000004d9  abort                         
000004dd  ADC14_IRQHandler              
000004dd  AES256_IRQHandler             
000004dd  BusFault_Handler              
000004dd  COMP_E0_IRQHandler            
000004dd  COMP_E1_IRQHandler            
000004dd  CS_IRQHandler                 
000004dd  DMA_ERR_IRQHandler            
000004dd  DMA_INT0_IRQHandler           
000004dd  DMA_INT1_IRQHandler           
000004dd  DMA_INT2_IRQHandler           
000004dd  DMA_INT3_IRQHandler           
000004dd  DebugMon_Handler              
000004dd  Default_Handler               
000004dd  EUSCIA1_IRQHandler            
000004dd  EUSCIA2_IRQHandler            
000004dd  EUSCIA3_IRQHandler            
000004dd  EUSCIB0_IRQHandler            
000004dd  EUSCIB1_IRQHandler            
000004dd  EUSCIB2_IRQHandler            
000004dd  EUSCIB3_IRQHandler            
000004dd  FLCTL_IRQHandler              
000004dd  FPU_IRQHandler                
000004dd  HardFault_Handler             
000004dd  MemManage_Handler             
000004dd  NMI_Handler                   
000004dd  PCM_IRQHandler                
000004dd  PORT1_IRQHandler              
000004dd  PORT2_IRQHandler              
000004dd  PORT3_IRQHandler              
000004dd  PORT4_IRQHandler              
000004dd  PORT5_IRQHandler              
000004dd  PORT6_IRQHandler              
000004dd  PSS_IRQHandler                
000004dd  PendSV_Handler                
000004dd  RTC_C_IRQHandler              
000004dd  SVC_Handler                   
000004dd  SysTick_Handler               
000004dd  T32_INT1_IRQHandler           
000004dd  T32_INT2_IRQHandler           
000004dd  T32_INTC_IRQHandler           
000004dd  TA0_0_IRQHandler              
000004dd  TA0_N_IRQHandler              
000004dd  TA1_0_IRQHandler              
000004dd  TA1_N_IRQHandler              
000004dd  TA2_0_IRQHandler              
000004dd  TA2_N_IRQHandler              
000004dd  TA3_0_IRQHandler              
000004dd  TA3_N_IRQHandler              
000004dd  UsageFault_Handler            
000004dd  WDT_A_IRQHandler              
000004e0  uartConfig                    
00000508  __TI_Handler_Table_Base       
00000514  __TI_Handler_Table_Limit      
00000528  __TI_CINIT_Base               
00000538  __TI_CINIT_Limit              
20000000  information_bytes             
20000004  msg                           
20000008  bytes                         
2000fe00  __stack                       
20010000  __STACK_END                   
4000480c  WDTCTL_SYM                    
ffffffff  __TI_pprof_out_hndl           
ffffffff  __TI_prof_data_size           
ffffffff  __TI_prof_data_start          
ffffffff  __binit__                     
ffffffff  __c_args__                    
ffffffff  binit                         
UNDEFED   __mpu_init                    
UNDEFED   _system_post_cinit            

[92 symbols]
