******************************************************************************
                  TI ARM Linker PC v18.1.1                     
******************************************************************************
>> Linked Sat May 12 13:26:15 2018

OUTPUT FILE NAME:   <uart_echo_rgb_temp.out>
ENTRY POINT SYMBOL: "_c_int00_noargs"  address: 00000919


MEMORY CONFIGURATION

         name            origin    length      used     unused   attr    fill
----------------------  --------  ---------  --------  --------  ----  --------
  MAIN                  00000000   00040000  00000c86  0003f37a  R  X
  INFO                  00200000   00004000  00000000  00004000  R  X
  SRAM_CODE             01000000   00010000  00000211  0000fdef  RW X
  SRAM_DATA             20000000   00010000  00000211  0000fdef  RW  


SEGMENT ALLOCATION MAP

run origin  load origin   length   init length attrs members
----------  ----------- ---------- ----------- ----- -------
00000000    00000000    00000c88   00000c88    r-x
  00000000    00000000    000000e4   000000e4    r-- .intvecs
  000000e4    000000e4    00000a94   00000a94    r-x .text
  00000b78    00000b78    000000de   000000de    r-- .const
  00000c58    00000c58    00000030   00000030    r-- .cinit
20000000    20000000    00000011   00000000    rw-
  20000000    20000000    00000010   00000000    rw- .bss
  20000010    20000010    00000001   00000000    rw- .data
2000fe00    2000fe00    00000200   00000000    rw-
  2000fe00    2000fe00    00000200   00000000    rw- .stack


SECTION ALLOCATION MAP

 output                                  attributes/
section   page    origin      length       input sections
--------  ----  ----------  ----------   ----------------
.intvecs   0    00000000    000000e4     
                  00000000    000000e4     startup_msp432p401r_ccs.obj (.intvecs:retain)

.text      0    000000e4    00000a94     
                  000000e4    00000160     uart_pc_echo_12mhz_brclk.obj (.text:main)
                  00000244    00000154     msp432p4xx_driverlib.lib : adc14_MSP432P4XX.obj (.text:_getIndexForMemRegister)
                  00000398    000000fc     rtsv7M4_T_le_v4SPD16_eabi.lib : fd_mul_t2.asm.obj (.text)
                  00000494    0000009c                                   : memcpy_t2.asm.obj (.text)
                  00000530    00000090     uart_pc_echo_12mhz_brclk.obj (.text:sendTemp)
                  000005c0    00000078     system_msp432p401r.obj (.text:SystemInit)
                  00000638    0000006c     msp432p4xx_driverlib.lib : adc14_MSP432P4XX.obj (.text:ADC14_configureConversionMemory)
                  000006a4    0000006c     uart_pc_echo_12mhz_brclk.obj (.text:RGB)
                  00000710    00000068     rtsv7M4_T_le_v4SPD16_eabi.lib : copy_decompress_lzss.c.obj (.text:decompress:lzss:__TI_decompress_lzss)
                  00000778    00000058     uart_pc_echo_12mhz_brclk.obj (.text:getTemp)
                  000007d0    00000048     rtsv7M4_T_le_v4SPD16_eabi.lib : fd_toi_t2.asm.obj (.text)
                  00000818    00000044     msp432p4xx_driverlib.lib : adc14_MSP432P4XX.obj (.text:ADC14_configureSingleSampleMode)
                  0000085c    00000044     rtsv7M4_T_le_v4SPD16_eabi.lib : autoinit.c.obj (.text:__TI_auto_init_nobinit_nopinit:__TI_auto_init_nobinit_nopinit)
                  000008a0    00000040     uart_pc_echo_12mhz_brclk.obj (.text:EUSCIA0_IRQHandler)
                  000008e0    00000038     msp432p4xx_driverlib.lib : adc14_MSP432P4XX.obj (.text:ADC14_initModule)
                  00000918    00000038     rtsv7M4_T_le_v4SPD16_eabi.lib : boot_cortex_m.c.obj (.text:_c_int00_noargs:_c_int00_noargs)
                  00000950    00000038                                   : fs_tod_t2.asm.obj (.text)
                  00000988    0000002c     msp432p4xx_driverlib.lib : adc14_MSP432P4XX.obj (.text:ADC14_enableConversion)
                  000009b4    0000002c                              : adc14_MSP432P4XX.obj (.text:ADC14_setSampleHoldTime)
                  000009e0    00000024                              : cs_MSP432P4XX.obj (.text:CS_setDCOCenteredFrequency)
                  00000a04    00000024                              : gpio_MSP432P4XX.obj (.text:GPIO_setAsOutputPin)
                  00000a28    00000024                              : uart_MSP432P4XX.obj (.text:UART_transmitData)
                  00000a4c    00000020                              : adc14_MSP432P4XX.obj (.text:ADC14_toggleConversionTrigger)
                  00000a6c    00000018                              : adc14_MSP432P4XX.obj (.text:ADC14_getResult)
                  00000a84    00000018                              : gpio_MSP432P4XX.obj (.text:GPIO_setOutputLowOnPin)
                  00000a9c    00000018                              : wdt_a_MSP432P4XX.obj (.text:WDT_A_holdTimer)
                  00000ab4    00000014                              : adc14_MSP432P4XX.obj (.text:ADCIsConversionRunning)
                  00000ac8    00000014                              : gpio_MSP432P4XX.obj (.text:GPIO_setOutputHighOnPin)
                  00000adc    00000014                              : gpio_MSP432P4XX.obj (.text:GPIO_toggleOutputOnPin)
                  00000af0    00000014                              : ref_a_MSP432P4XX.obj (.text:REF_A_setReferenceVoltage)
                  00000b04    00000012     rtsv7M4_T_le_v4SPD16_eabi.lib : copy_zero_init.c.obj (.text:decompress:ZI:__TI_zero_init_nomemset:__TI_zero_init_nomemset)
                  00000b16    00000002     startup_msp432p401r_ccs.obj (.text:Default_Handler)
                  00000b18    00000010     msp432p4xx_driverlib.lib : adc14_MSP432P4XX.obj (.text:ADC14_enableModule)
                  00000b28    00000010                              : ref_a_MSP432P4XX.obj (.text:REF_A_enableReferenceVoltage)
                  00000b38    00000010                              : ref_a_MSP432P4XX.obj (.text:REF_A_enableTempSensor)
                  00000b48    0000000e     rtsv7M4_T_le_v4SPD16_eabi.lib : copy_decompress_none.c.obj (.text:decompress:none:__TI_decompress_none)
                  00000b56    0000000c     startup_msp432p401r_ccs.obj (.text:Reset_Handler)
                  00000b62    00000002     --HOLE-- [fill = 0]
                  00000b64    0000000c     msp432p4xx_driverlib.lib : sysctl_MSP432P4XX.obj (.text:SysCtl_getTempCalibrationConstant)
                  00000b70    00000004     rtsv7M4_T_le_v4SPD16_eabi.lib : pre_init.c.obj (.text:_system_pre_init)
                  00000b74    00000004                                   : exit.c.obj (.text:abort:abort)

.const     0    00000b78    000000de     
                  00000b78    00000080     msp432p4xx_driverlib.lib : adc14_MSP432P4XX.obj (.const:_ctlRegs)
                  00000bf8    00000030                              : gpio_MSP432P4XX.obj (.const:GPIO_PORT_TO_BASE)
                  00000c28    00000024     uart_pc_echo_12mhz_brclk.obj (.const:uartConfig)
                  00000c4c    0000000a     uart_pc_echo_12mhz_brclk.obj (.const:.string:$P$T0$1)

.cinit     0    00000c58    00000030     
                  00000c58    0000000c     (__TI_handler_table)
                  00000c64    00000004     --HOLE-- [fill = 0]
                  00000c68    00000008     (.cinit..bss.load) [load image, compression = zero_init]
                  00000c70    00000005     (.cinit..data.load) [load image, compression = lzss]
                  00000c75    00000003     --HOLE-- [fill = 0]
                  00000c78    00000010     (__TI_cinit_table)

.init_array 
*          0    00000000    00000000     UNINITIALIZED

.binit     0    00000000    00000000     

.bss       0    20000000    00000010     UNINITIALIZED
                  20000000    00000004     (.common:cal30)
                  20000004    00000004     (.common:cal85)
                  20000008    00000004     (.common:calDifference)
                  2000000c    00000004     (.common:tempC)

.data      0    20000010    00000001     UNINITIALIZED
                  20000010    00000001     uart_pc_echo_12mhz_brclk.obj (.data)

.stack     0    2000fe00    00000200     UNINITIALIZED
                  2000fe00    00000004     rtsv7M4_T_le_v4SPD16_eabi.lib : boot_cortex_m.c.obj (.stack)
                  2000fe04    000001fc     --HOLE--

MODULE SUMMARY

       Module                         code   ro data   rw data
       ------                         ----   -------   -------
    .\
       uart_pc_echo_12mhz_brclk.obj   756    46        34     
       system_msp432p401r.obj         120    0         0      
    +--+------------------------------+------+---------+---------+
       Total:                         876    46        34     
                                                              
    .\ccs\
       startup_msp432p401r_ccs.obj    14     228       0      
    +--+------------------------------+------+---------+---------+
       Total:                         14     228       0      
                                                              
    C:/ti/simplelink_msp432p4_sdk_2_10_00_14/source/ti/devices/msp432p4xx/driverlib/ccs/msp432p4xx_driverlib.lib
       adc14_MSP432P4XX.obj           752    128       0      
       gpio_MSP432P4XX.obj            100    48        0      
       ref_a_MSP432P4XX.obj           52     0         0      
       cs_MSP432P4XX.obj              36     0         0      
       uart_MSP432P4XX.obj            36     0         0      
       wdt_a_MSP432P4XX.obj           24     0         0      
       sysctl_MSP432P4XX.obj          12     0         0      
    +--+------------------------------+------+---------+---------+
       Total:                         1012   176       0      
                                                              
    C:\ti\ccsv8\tools\compiler\ti-cgt-arm_18.1.1.LTS\lib\rtsv7M4_T_le_v4SPD16_eabi.lib
       fd_mul_t2.asm.obj              252    0         0      
       memcpy_t2.asm.obj              156    0         0      
       copy_decompress_lzss.c.obj     104    0         0      
       fd_toi_t2.asm.obj              72     0         0      
       autoinit.c.obj                 68     0         0      
       boot_cortex_m.c.obj            56     0         0      
       fs_tod_t2.asm.obj              56     0         0      
       copy_zero_init.c.obj           18     0         0      
       copy_decompress_none.c.obj     14     0         0      
       exit.c.obj                     4      0         0      
       pre_init.c.obj                 4      0         0      
    +--+------------------------------+------+---------+---------+
       Total:                         804    0         0      
                                                              
       Stack:                         0      0         1024   
       Linker Generated:              0      41        0      
    +--+------------------------------+------+---------+---------+
       Grand Total:                   2706   491       1058   


LINKER GENERATED COPY TABLES

__TI_cinit_table @ 00000c78 records: 2, size/record: 8, table size: 16
	.bss: load addr=00000c68, load size=00000008 bytes, run addr=20000000, run size=00000010 bytes, compression=zero_init
	.data: load addr=00000c70, load size=00000005 bytes, run addr=20000010, run size=00000001 bytes, compression=lzss


LINKER GENERATED HANDLER TABLE

__TI_handler_table @ 00000c58 records: 3, size/record: 4, table size: 12
	index: 0, handler: __TI_decompress_lzss
	index: 1, handler: __TI_decompress_none
	index: 2, handler: __TI_zero_init


GLOBAL SYMBOLS: SORTED ALPHABETICALLY BY Name 

address   name                             
-------   ----                             
00000b17  ADC14_IRQHandler                 
00000639  ADC14_configureConversionMemory  
00000819  ADC14_configureSingleSampleMode  
00000989  ADC14_enableConversion           
00000b19  ADC14_enableModule               
00000a6d  ADC14_getResult                  
000008e1  ADC14_initModule                 
000009b5  ADC14_setSampleHoldTime          
00000a4d  ADC14_toggleConversionTrigger    
00000b17  AES256_IRQHandler                
00000b17  BusFault_Handler                 
00000b75  C$$EXIT                          
00000b17  COMP_E0_IRQHandler               
00000b17  COMP_E1_IRQHandler               
00000b17  CS_IRQHandler                    
000009e1  CS_setDCOCenteredFrequency       
00000b17  DMA_ERR_IRQHandler               
00000b17  DMA_INT0_IRQHandler              
00000b17  DMA_INT1_IRQHandler              
00000b17  DMA_INT2_IRQHandler              
00000b17  DMA_INT3_IRQHandler              
00000b17  DebugMon_Handler                 
00000b17  Default_Handler                  
000008a1  EUSCIA0_IRQHandler               
000008a1  EUSCIA0_IRQHandler               
00000b17  EUSCIA1_IRQHandler               
00000b17  EUSCIA2_IRQHandler               
00000b17  EUSCIA3_IRQHandler               
00000b17  EUSCIB0_IRQHandler               
00000b17  EUSCIB1_IRQHandler               
00000b17  EUSCIB2_IRQHandler               
00000b17  EUSCIB3_IRQHandler               
00000b17  FLCTL_IRQHandler                 
00000b17  FPU_IRQHandler                   
00000a05  GPIO_setAsOutputPin              
00000ac9  GPIO_setOutputHighOnPin          
00000a85  GPIO_setOutputLowOnPin           
00000add  GPIO_toggleOutputOnPin           
00000b17  HardFault_Handler                
00000b17  MemManage_Handler                
00000b17  NMI_Handler                      
00000b17  PCM_IRQHandler                   
00000b17  PORT1_IRQHandler                 
00000b17  PORT2_IRQHandler                 
00000b17  PORT3_IRQHandler                 
00000b17  PORT4_IRQHandler                 
00000b17  PORT5_IRQHandler                 
00000b17  PORT6_IRQHandler                 
00000b17  PSS_IRQHandler                   
00000b17  PendSV_Handler                   
00000b29  REF_A_enableReferenceVoltage     
00000b39  REF_A_enableTempSensor           
00000af1  REF_A_setReferenceVoltage        
000006a5  RGB                              
00000b17  RTC_C_IRQHandler                 
00000b57  Reset_Handler                    
00000b17  SVC_Handler                      
00000b65  SysCtl_getTempCalibrationConstant
00000b17  SysTick_Handler                  
000005c1  SystemInit                       
00000b17  T32_INT1_IRQHandler              
00000b17  T32_INT2_IRQHandler              
00000b17  T32_INTC_IRQHandler              
00000b17  TA0_0_IRQHandler                 
00000b17  TA0_N_IRQHandler                 
00000b17  TA1_0_IRQHandler                 
00000b17  TA1_N_IRQHandler                 
00000b17  TA2_0_IRQHandler                 
00000b17  TA2_N_IRQHandler                 
00000b17  TA3_0_IRQHandler                 
00000b17  TA3_N_IRQHandler                 
00000a29  UART_transmitData                
00000b17  UsageFault_Handler               
4000480c  WDTCTL_SYM                       
00000b17  WDT_A_IRQHandler                 
00000a9d  WDT_A_holdTimer                  
20010000  __STACK_END                      
00000200  __STACK_SIZE                     
00000c78  __TI_CINIT_Base                  
00000c88  __TI_CINIT_Limit                 
00000c58  __TI_Handler_Table_Base          
00000c64  __TI_Handler_Table_Limit         
0000085d  __TI_auto_init_nobinit_nopinit   
00000711  __TI_decompress_lzss             
00000b49  __TI_decompress_none             
ffffffff  __TI_pprof_out_hndl              
ffffffff  __TI_prof_data_size              
ffffffff  __TI_prof_data_start             
00000000  __TI_static_base__               
00000b05  __TI_zero_init_nomemset          
000007d1  __aeabi_d2iz                     
00000399  __aeabi_dmul                     
00000951  __aeabi_f2d                      
00000495  __aeabi_memcpy                   
00000495  __aeabi_memcpy4                  
00000495  __aeabi_memcpy8                  
ffffffff  __binit__                        
ffffffff  __c_args__                       
UNDEFED   __mpu_init                       
2000fe00  __stack                          
00000919  _c_int00_noargs                  
UNDEFED   _system_post_cinit               
00000b71  _system_pre_init                 
00000b75  abort                            
ffffffff  binit                            
20000000  cal30                            
20000004  cal85                            
20000008  calDifference                    
20000010  color                            
00000779  getTemp                          
00000000  interruptVectors                 
000000e5  main                             
00000495  memcpy                           
00000531  sendTemp                         
2000000c  tempC                            
00000c28  uartConfig                       


GLOBAL SYMBOLS: SORTED BY Symbol Address 

address   name                             
-------   ----                             
00000000  __TI_static_base__               
00000000  interruptVectors                 
000000e5  main                             
00000200  __STACK_SIZE                     
00000399  __aeabi_dmul                     
00000495  __aeabi_memcpy                   
00000495  __aeabi_memcpy4                  
00000495  __aeabi_memcpy8                  
00000495  memcpy                           
00000531  sendTemp                         
000005c1  SystemInit                       
00000639  ADC14_configureConversionMemory  
000006a5  RGB                              
00000711  __TI_decompress_lzss             
00000779  getTemp                          
000007d1  __aeabi_d2iz                     
00000819  ADC14_configureSingleSampleMode  
0000085d  __TI_auto_init_nobinit_nopinit   
000008a1  EUSCIA0_IRQHandler               
000008a1  EUSCIA0_IRQHandler               
000008e1  ADC14_initModule                 
00000919  _c_int00_noargs                  
00000951  __aeabi_f2d                      
00000989  ADC14_enableConversion           
000009b5  ADC14_setSampleHoldTime          
000009e1  CS_setDCOCenteredFrequency       
00000a05  GPIO_setAsOutputPin              
00000a29  UART_transmitData                
00000a4d  ADC14_toggleConversionTrigger    
00000a6d  ADC14_getResult                  
00000a85  GPIO_setOutputLowOnPin           
00000a9d  WDT_A_holdTimer                  
00000ac9  GPIO_setOutputHighOnPin          
00000add  GPIO_toggleOutputOnPin           
00000af1  REF_A_setReferenceVoltage        
00000b05  __TI_zero_init_nomemset          
00000b17  ADC14_IRQHandler                 
00000b17  AES256_IRQHandler                
00000b17  BusFault_Handler                 
00000b17  COMP_E0_IRQHandler               
00000b17  COMP_E1_IRQHandler               
00000b17  CS_IRQHandler                    
00000b17  DMA_ERR_IRQHandler               
00000b17  DMA_INT0_IRQHandler              
00000b17  DMA_INT1_IRQHandler              
00000b17  DMA_INT2_IRQHandler              
00000b17  DMA_INT3_IRQHandler              
00000b17  DebugMon_Handler                 
00000b17  Default_Handler                  
00000b17  EUSCIA1_IRQHandler               
00000b17  EUSCIA2_IRQHandler               
00000b17  EUSCIA3_IRQHandler               
00000b17  EUSCIB0_IRQHandler               
00000b17  EUSCIB1_IRQHandler               
00000b17  EUSCIB2_IRQHandler               
00000b17  EUSCIB3_IRQHandler               
00000b17  FLCTL_IRQHandler                 
00000b17  FPU_IRQHandler                   
00000b17  HardFault_Handler                
00000b17  MemManage_Handler                
00000b17  NMI_Handler                      
00000b17  PCM_IRQHandler                   
00000b17  PORT1_IRQHandler                 
00000b17  PORT2_IRQHandler                 
00000b17  PORT3_IRQHandler                 
00000b17  PORT4_IRQHandler                 
00000b17  PORT5_IRQHandler                 
00000b17  PORT6_IRQHandler                 
00000b17  PSS_IRQHandler                   
00000b17  PendSV_Handler                   
00000b17  RTC_C_IRQHandler                 
00000b17  SVC_Handler                      
00000b17  SysTick_Handler                  
00000b17  T32_INT1_IRQHandler              
00000b17  T32_INT2_IRQHandler              
00000b17  T32_INTC_IRQHandler              
00000b17  TA0_0_IRQHandler                 
00000b17  TA0_N_IRQHandler                 
00000b17  TA1_0_IRQHandler                 
00000b17  TA1_N_IRQHandler                 
00000b17  TA2_0_IRQHandler                 
00000b17  TA2_N_IRQHandler                 
00000b17  TA3_0_IRQHandler                 
00000b17  TA3_N_IRQHandler                 
00000b17  UsageFault_Handler               
00000b17  WDT_A_IRQHandler                 
00000b19  ADC14_enableModule               
00000b29  REF_A_enableReferenceVoltage     
00000b39  REF_A_enableTempSensor           
00000b49  __TI_decompress_none             
00000b57  Reset_Handler                    
00000b65  SysCtl_getTempCalibrationConstant
00000b71  _system_pre_init                 
00000b75  C$$EXIT                          
00000b75  abort                            
00000c28  uartConfig                       
00000c58  __TI_Handler_Table_Base          
00000c64  __TI_Handler_Table_Limit         
00000c78  __TI_CINIT_Base                  
00000c88  __TI_CINIT_Limit                 
20000000  cal30                            
20000004  cal85                            
20000008  calDifference                    
2000000c  tempC                            
20000010  color                            
2000fe00  __stack                          
20010000  __STACK_END                      
4000480c  WDTCTL_SYM                       
ffffffff  __TI_pprof_out_hndl              
ffffffff  __TI_prof_data_size              
ffffffff  __TI_prof_data_start             
ffffffff  __binit__                        
ffffffff  __c_args__                       
ffffffff  binit                            
UNDEFED   __mpu_init                       
UNDEFED   _system_post_cinit               

[116 symbols]
