******************************************************************************
                  TI ARM Linker PC v18.1.1                     
******************************************************************************
>> Linked Thu Jun 14 16:42:24 2018

OUTPUT FILE NAME:   <uart_adc_P6_0.out>
ENTRY POINT SYMBOL: "_c_int00_noargs"  address: 000009f9


MEMORY CONFIGURATION

         name            origin    length      used     unused   attr    fill
----------------------  --------  ---------  --------  --------  ----  --------
  MAIN                  00000000   00040000  00000d2a  0003f2d6  R  X
  INFO                  00200000   00004000  00000000  00004000  R  X
  SRAM_CODE             01000000   00010000  0000020d  0000fdf3  RW X
  SRAM_DATA             20000000   00010000  0000020d  0000fdf3  RW  


SEGMENT ALLOCATION MAP

run origin  load origin   length   init length attrs members
----------  ----------- ---------- ----------- ----- -------
00000000    00000000    00000d30   00000d30    r-x
  00000000    00000000    000000e4   000000e4    r-- .intvecs
  000000e4    000000e4    00000b2e   00000b2e    r-x .text
  00000c14    00000c14    000000e8   000000e8    r-- .const
  00000d00    00000d00    00000030   00000030    r-- .cinit
20000000    20000000    0000000d   00000000    rw-
  20000000    20000000    0000000c   00000000    rw- .bss
  2000000c    2000000c    00000001   00000000    rw- .data
2000fe00    2000fe00    00000200   00000000    rw-
  2000fe00    2000fe00    00000200   00000000    rw- .stack


SECTION ALLOCATION MAP

 output                                  attributes/
section   page    origin      length       input sections
--------  ----  ----------  ----------   ----------------
.intvecs   0    00000000    000000e4     
                  00000000    000000e4     startup_msp432p401r_ccs.obj (.intvecs:retain)

.text      0    000000e4    00000b2e     
                  000000e4    00000154     msp432p4xx_driverlib.lib : adc14_MSP432P4XX.obj (.text:_getIndexForMemRegister)
                  00000238    0000012c     uart_pc_echo_12mhz_brclk.obj (.text:main)
                  00000364    000000fc     rtsv7M4_T_le_v4SPD16_eabi.lib : fd_mul_t2.asm.obj (.text)
                  00000460    000000c8     uart_pc_echo_12mhz_brclk.obj (.text:getVoltage)
                  00000528    0000009c     rtsv7M4_T_le_v4SPD16_eabi.lib : memcpy_t2.asm.obj (.text)
                  000005c4    00000090     uart_pc_echo_12mhz_brclk.obj (.text:sendTemp)
                  00000654    00000078     system_msp432p401r.obj (.text:SystemInit)
                  000006cc    0000006c     msp432p4xx_driverlib.lib : adc14_MSP432P4XX.obj (.text:ADC14_configureConversionMemory)
                  00000738    0000006c     uart_pc_echo_12mhz_brclk.obj (.text:RGB)
                  000007a4    00000068     rtsv7M4_T_le_v4SPD16_eabi.lib : copy_decompress_lzss.c.obj (.text:decompress:lzss:__TI_decompress_lzss)
                  0000080c    00000058     uart_pc_echo_12mhz_brclk.obj (.text:getTemp)
                  00000864    0000004c     msp432p4xx_driverlib.lib : gpio_MSP432P4XX.obj (.text:GPIO_setAsPeripheralModuleFunctionInputPin)
                  000008b0    00000048     rtsv7M4_T_le_v4SPD16_eabi.lib : fd_toi_t2.asm.obj (.text)
                  000008f8    00000044     msp432p4xx_driverlib.lib : adc14_MSP432P4XX.obj (.text:ADC14_configureSingleSampleMode)
                  0000093c    00000044     rtsv7M4_T_le_v4SPD16_eabi.lib : autoinit.c.obj (.text:__TI_auto_init_nobinit_nopinit:__TI_auto_init_nobinit_nopinit)
                  00000980    00000040     uart_pc_echo_12mhz_brclk.obj (.text:EUSCIA0_IRQHandler)
                  000009c0    00000038     msp432p4xx_driverlib.lib : adc14_MSP432P4XX.obj (.text:ADC14_initModule)
                  000009f8    00000038     rtsv7M4_T_le_v4SPD16_eabi.lib : boot_cortex_m.c.obj (.text:_c_int00_noargs:_c_int00_noargs)
                  00000a30    00000038                                   : fs_tod_t2.asm.obj (.text)
                  00000a68    0000002c     msp432p4xx_driverlib.lib : adc14_MSP432P4XX.obj (.text:ADC14_enableConversion)
                  00000a94    00000028                              : adc14_MSP432P4XX.obj (.text:ADC14_enableSampleTimer)
                  00000abc    00000024                              : cs_MSP432P4XX.obj (.text:CS_setDCOCenteredFrequency)
                  00000ae0    00000024                              : gpio_MSP432P4XX.obj (.text:GPIO_setAsOutputPin)
                  00000b04    00000024                              : uart_MSP432P4XX.obj (.text:UART_transmitData)
                  00000b28    00000020                              : adc14_MSP432P4XX.obj (.text:ADC14_toggleConversionTrigger)
                  00000b48    00000018                              : adc14_MSP432P4XX.obj (.text:ADC14_getResult)
                  00000b60    00000018                              : gpio_MSP432P4XX.obj (.text:GPIO_setOutputLowOnPin)
                  00000b78    00000018                              : wdt_a_MSP432P4XX.obj (.text:WDT_A_holdTimer)
                  00000b90    00000014                              : adc14_MSP432P4XX.obj (.text:ADCIsConversionRunning)
                  00000ba4    00000014                              : gpio_MSP432P4XX.obj (.text:GPIO_setOutputHighOnPin)
                  00000bb8    00000014                              : gpio_MSP432P4XX.obj (.text:GPIO_toggleOutputOnPin)
                  00000bcc    00000012     rtsv7M4_T_le_v4SPD16_eabi.lib : copy_zero_init.c.obj (.text:decompress:ZI:__TI_zero_init_nomemset:__TI_zero_init_nomemset)
                  00000bde    00000002     startup_msp432p401r_ccs.obj (.text:Default_Handler)
                  00000be0    00000010     msp432p4xx_driverlib.lib : adc14_MSP432P4XX.obj (.text:ADC14_enableModule)
                  00000bf0    0000000e     rtsv7M4_T_le_v4SPD16_eabi.lib : copy_decompress_none.c.obj (.text:decompress:none:__TI_decompress_none)
                  00000bfe    0000000c     startup_msp432p401r_ccs.obj (.text:Reset_Handler)
                  00000c0a    00000004     rtsv7M4_T_le_v4SPD16_eabi.lib : pre_init.c.obj (.text:_system_pre_init)
                  00000c0e    00000004                                   : exit.c.obj (.text:abort:abort)

.const     0    00000c14    000000e8     
                  00000c14    00000080     msp432p4xx_driverlib.lib : adc14_MSP432P4XX.obj (.const:_ctlRegs)
                  00000c94    00000030                              : gpio_MSP432P4XX.obj (.const:GPIO_PORT_TO_BASE)
                  00000cc4    00000024     uart_pc_echo_12mhz_brclk.obj (.const:uartConfig)
                  00000ce8    0000000a     uart_pc_echo_12mhz_brclk.obj (.const:.string:$P$T0$1)
                  00000cf2    0000000a     uart_pc_echo_12mhz_brclk.obj (.const:.string:$P$T1$2)

.cinit     0    00000d00    00000030     
                  00000d00    0000000c     (__TI_handler_table)
                  00000d0c    00000004     --HOLE-- [fill = 0]
                  00000d10    00000008     (.cinit..bss.load) [load image, compression = zero_init]
                  00000d18    00000005     (.cinit..data.load) [load image, compression = lzss]
                  00000d1d    00000003     --HOLE-- [fill = 0]
                  00000d20    00000010     (__TI_cinit_table)

.init_array 
*          0    00000000    00000000     UNINITIALIZED

.binit     0    00000000    00000000     

.bss       0    20000000    0000000c     UNINITIALIZED
                  20000000    00000004     (.common:cal30)
                  20000004    00000004     (.common:calDifference)
                  20000008    00000004     (.common:tempC)

.data      0    2000000c    00000001     UNINITIALIZED
                  2000000c    00000001     uart_pc_echo_12mhz_brclk.obj (.data)

.stack     0    2000fe00    00000200     UNINITIALIZED
                  2000fe00    00000004     rtsv7M4_T_le_v4SPD16_eabi.lib : boot_cortex_m.c.obj (.stack)
                  2000fe04    000001fc     --HOLE--

MODULE SUMMARY

       Module                         code   ro data   rw data
       ------                         ----   -------   -------
    .\
       uart_pc_echo_12mhz_brclk.obj   904    56        26     
       system_msp432p401r.obj         120    0         0      
    +--+------------------------------+------+---------+---------+
       Total:                         1024   56        26     
                                                              
    .\ccs\
       startup_msp432p401r_ccs.obj    14     228       0      
    +--+------------------------------+------+---------+---------+
       Total:                         14     228       0      
                                                              
    C:/ti/simplelink_msp432p4_sdk_2_10_00_14/source/ti/devices/msp432p4xx/driverlib/ccs/msp432p4xx_driverlib.lib
       adc14_MSP432P4XX.obj           748    128       0      
       gpio_MSP432P4XX.obj            176    48        0      
       cs_MSP432P4XX.obj              36     0         0      
       uart_MSP432P4XX.obj            36     0         0      
       wdt_a_MSP432P4XX.obj           24     0         0      
    +--+------------------------------+------+---------+---------+
       Total:                         1020   176       0      
                                                              
    C:\ti\ccsv8\tools\compiler\ti-cgt-arm_18.1.1.LTS\lib\rtsv7M4_T_le_v4SPD16_eabi.lib
       fd_mul_t2.asm.obj              252    0         0      
       memcpy_t2.asm.obj              156    0         0      
       copy_decompress_lzss.c.obj     104    0         0      
       fd_toi_t2.asm.obj              72     0         0      
       autoinit.c.obj                 68     0         0      
       boot_cortex_m.c.obj            56     0         0      
       fs_tod_t2.asm.obj              56     0         0      
       copy_zero_init.c.obj           18     0         0      
       copy_decompress_none.c.obj     14     0         0      
       exit.c.obj                     4      0         0      
       pre_init.c.obj                 4      0         0      
    +--+------------------------------+------+---------+---------+
       Total:                         804    0         0      
                                                              
       Stack:                         0      0         1024   
       Linker Generated:              0      41        0      
    +--+------------------------------+------+---------+---------+
       Grand Total:                   2862   501       1050   


LINKER GENERATED COPY TABLES

__TI_cinit_table @ 00000d20 records: 2, size/record: 8, table size: 16
	.bss: load addr=00000d10, load size=00000008 bytes, run addr=20000000, run size=0000000c bytes, compression=zero_init
	.data: load addr=00000d18, load size=00000005 bytes, run addr=2000000c, run size=00000001 bytes, compression=lzss


LINKER GENERATED HANDLER TABLE

__TI_handler_table @ 00000d00 records: 3, size/record: 4, table size: 12
	index: 0, handler: __TI_decompress_lzss
	index: 1, handler: __TI_decompress_none
	index: 2, handler: __TI_zero_init


GLOBAL SYMBOLS: SORTED ALPHABETICALLY BY Name 

address   name                                      
-------   ----                                      
00000bdf  ADC14_IRQHandler                          
000006cd  ADC14_configureConversionMemory           
000008f9  ADC14_configureSingleSampleMode           
00000a69  ADC14_enableConversion                    
00000be1  ADC14_enableModule                        
00000a95  ADC14_enableSampleTimer                   
00000b49  ADC14_getResult                           
000009c1  ADC14_initModule                          
00000b29  ADC14_toggleConversionTrigger             
00000bdf  AES256_IRQHandler                         
00000bdf  BusFault_Handler                          
00000c0f  C$$EXIT                                   
00000bdf  COMP_E0_IRQHandler                        
00000bdf  COMP_E1_IRQHandler                        
00000bdf  CS_IRQHandler                             
00000abd  CS_setDCOCenteredFrequency                
00000bdf  DMA_ERR_IRQHandler                        
00000bdf  DMA_INT0_IRQHandler                       
00000bdf  DMA_INT1_IRQHandler                       
00000bdf  DMA_INT2_IRQHandler                       
00000bdf  DMA_INT3_IRQHandler                       
00000bdf  DebugMon_Handler                          
00000bdf  Default_Handler                           
00000981  EUSCIA0_IRQHandler                        
00000981  EUSCIA0_IRQHandler                        
00000bdf  EUSCIA1_IRQHandler                        
00000bdf  EUSCIA2_IRQHandler                        
00000bdf  EUSCIA3_IRQHandler                        
00000bdf  EUSCIB0_IRQHandler                        
00000bdf  EUSCIB1_IRQHandler                        
00000bdf  EUSCIB2_IRQHandler                        
00000bdf  EUSCIB3_IRQHandler                        
00000bdf  FLCTL_IRQHandler                          
00000bdf  FPU_IRQHandler                            
00000ae1  GPIO_setAsOutputPin                       
00000865  GPIO_setAsPeripheralModuleFunctionInputPin
00000ba5  GPIO_setOutputHighOnPin                   
00000b61  GPIO_setOutputLowOnPin                    
00000bb9  GPIO_toggleOutputOnPin                    
00000bdf  HardFault_Handler                         
00000bdf  MemManage_Handler                         
00000bdf  NMI_Handler                               
00000bdf  PCM_IRQHandler                            
00000bdf  PORT1_IRQHandler                          
00000bdf  PORT2_IRQHandler                          
00000bdf  PORT3_IRQHandler                          
00000bdf  PORT4_IRQHandler                          
00000bdf  PORT5_IRQHandler                          
00000bdf  PORT6_IRQHandler                          
00000bdf  PSS_IRQHandler                            
00000bdf  PendSV_Handler                            
00000739  RGB                                       
00000bdf  RTC_C_IRQHandler                          
00000bff  Reset_Handler                             
00000bdf  SVC_Handler                               
00000bdf  SysTick_Handler                           
00000655  SystemInit                                
00000bdf  T32_INT1_IRQHandler                       
00000bdf  T32_INT2_IRQHandler                       
00000bdf  T32_INTC_IRQHandler                       
00000bdf  TA0_0_IRQHandler                          
00000bdf  TA0_N_IRQHandler                          
00000bdf  TA1_0_IRQHandler                          
00000bdf  TA1_N_IRQHandler                          
00000bdf  TA2_0_IRQHandler                          
00000bdf  TA2_N_IRQHandler                          
00000bdf  TA3_0_IRQHandler                          
00000bdf  TA3_N_IRQHandler                          
00000b05  UART_transmitData                         
00000bdf  UsageFault_Handler                        
4000480c  WDTCTL_SYM                                
00000bdf  WDT_A_IRQHandler                          
00000b79  WDT_A_holdTimer                           
20010000  __STACK_END                               
00000200  __STACK_SIZE                              
00000d20  __TI_CINIT_Base                           
00000d30  __TI_CINIT_Limit                          
00000d00  __TI_Handler_Table_Base                   
00000d0c  __TI_Handler_Table_Limit                  
0000093d  __TI_auto_init_nobinit_nopinit            
000007a5  __TI_decompress_lzss                      
00000bf1  __TI_decompress_none                      
ffffffff  __TI_pprof_out_hndl                       
ffffffff  __TI_prof_data_size                       
ffffffff  __TI_prof_data_start                      
00000000  __TI_static_base__                        
00000bcd  __TI_zero_init_nomemset                   
000008b1  __aeabi_d2iz                              
00000365  __aeabi_dmul                              
00000a31  __aeabi_f2d                               
00000529  __aeabi_memcpy                            
00000529  __aeabi_memcpy4                           
00000529  __aeabi_memcpy8                           
ffffffff  __binit__                                 
ffffffff  __c_args__                                
UNDEFED   __mpu_init                                
2000fe00  __stack                                   
000009f9  _c_int00_noargs                           
UNDEFED   _system_post_cinit                        
00000c0b  _system_pre_init                          
00000c0f  abort                                     
ffffffff  binit                                     
20000000  cal30                                     
20000004  calDifference                             
2000000c  color                                     
0000080d  getTemp                                   
00000461  getVoltage                                
00000000  interruptVectors                          
00000239  main                                      
00000529  memcpy                                    
000005c5  sendTemp                                  
20000008  tempC                                     
00000cc4  uartConfig                                


GLOBAL SYMBOLS: SORTED BY Symbol Address 

address   name                                      
-------   ----                                      
00000000  __TI_static_base__                        
00000000  interruptVectors                          
00000200  __STACK_SIZE                              
00000239  main                                      
00000365  __aeabi_dmul                              
00000461  getVoltage                                
00000529  __aeabi_memcpy                            
00000529  __aeabi_memcpy4                           
00000529  __aeabi_memcpy8                           
00000529  memcpy                                    
000005c5  sendTemp                                  
00000655  SystemInit                                
000006cd  ADC14_configureConversionMemory           
00000739  RGB                                       
000007a5  __TI_decompress_lzss                      
0000080d  getTemp                                   
00000865  GPIO_setAsPeripheralModuleFunctionInputPin
000008b1  __aeabi_d2iz                              
000008f9  ADC14_configureSingleSampleMode           
0000093d  __TI_auto_init_nobinit_nopinit            
00000981  EUSCIA0_IRQHandler                        
00000981  EUSCIA0_IRQHandler                        
000009c1  ADC14_initModule                          
000009f9  _c_int00_noargs                           
00000a31  __aeabi_f2d                               
00000a69  ADC14_enableConversion                    
00000a95  ADC14_enableSampleTimer                   
00000abd  CS_setDCOCenteredFrequency                
00000ae1  GPIO_setAsOutputPin                       
00000b05  UART_transmitData                         
00000b29  ADC14_toggleConversionTrigger             
00000b49  ADC14_getResult                           
00000b61  GPIO_setOutputLowOnPin                    
00000b79  WDT_A_holdTimer                           
00000ba5  GPIO_setOutputHighOnPin                   
00000bb9  GPIO_toggleOutputOnPin                    
00000bcd  __TI_zero_init_nomemset                   
00000bdf  ADC14_IRQHandler                          
00000bdf  AES256_IRQHandler                         
00000bdf  BusFault_Handler                          
00000bdf  COMP_E0_IRQHandler                        
00000bdf  COMP_E1_IRQHandler                        
00000bdf  CS_IRQHandler                             
00000bdf  DMA_ERR_IRQHandler                        
00000bdf  DMA_INT0_IRQHandler                       
00000bdf  DMA_INT1_IRQHandler                       
00000bdf  DMA_INT2_IRQHandler                       
00000bdf  DMA_INT3_IRQHandler                       
00000bdf  DebugMon_Handler                          
00000bdf  Default_Handler                           
00000bdf  EUSCIA1_IRQHandler                        
00000bdf  EUSCIA2_IRQHandler                        
00000bdf  EUSCIA3_IRQHandler                        
00000bdf  EUSCIB0_IRQHandler                        
00000bdf  EUSCIB1_IRQHandler                        
00000bdf  EUSCIB2_IRQHandler                        
00000bdf  EUSCIB3_IRQHandler                        
00000bdf  FLCTL_IRQHandler                          
00000bdf  FPU_IRQHandler                            
00000bdf  HardFault_Handler                         
00000bdf  MemManage_Handler                         
00000bdf  NMI_Handler                               
00000bdf  PCM_IRQHandler                            
00000bdf  PORT1_IRQHandler                          
00000bdf  PORT2_IRQHandler                          
00000bdf  PORT3_IRQHandler                          
00000bdf  PORT4_IRQHandler                          
00000bdf  PORT5_IRQHandler                          
00000bdf  PORT6_IRQHandler                          
00000bdf  PSS_IRQHandler                            
00000bdf  PendSV_Handler                            
00000bdf  RTC_C_IRQHandler                          
00000bdf  SVC_Handler                               
00000bdf  SysTick_Handler                           
00000bdf  T32_INT1_IRQHandler                       
00000bdf  T32_INT2_IRQHandler                       
00000bdf  T32_INTC_IRQHandler                       
00000bdf  TA0_0_IRQHandler                          
00000bdf  TA0_N_IRQHandler                          
00000bdf  TA1_0_IRQHandler                          
00000bdf  TA1_N_IRQHandler                          
00000bdf  TA2_0_IRQHandler                          
00000bdf  TA2_N_IRQHandler                          
00000bdf  TA3_0_IRQHandler                          
00000bdf  TA3_N_IRQHandler                          
00000bdf  UsageFault_Handler                        
00000bdf  WDT_A_IRQHandler                          
00000be1  ADC14_enableModule                        
00000bf1  __TI_decompress_none                      
00000bff  Reset_Handler                             
00000c0b  _system_pre_init                          
00000c0f  C$$EXIT                                   
00000c0f  abort                                     
00000cc4  uartConfig                                
00000d00  __TI_Handler_Table_Base                   
00000d0c  __TI_Handler_Table_Limit                  
00000d20  __TI_CINIT_Base                           
00000d30  __TI_CINIT_Limit                          
20000000  cal30                                     
20000004  calDifference                             
20000008  tempC                                     
2000000c  color                                     
2000fe00  __stack                                   
20010000  __STACK_END                               
4000480c  WDTCTL_SYM                                
ffffffff  __TI_pprof_out_hndl                       
ffffffff  __TI_prof_data_size                       
ffffffff  __TI_prof_data_start                      
ffffffff  __binit__                                 
ffffffff  __c_args__                                
ffffffff  binit                                     
UNDEFED   __mpu_init                                
UNDEFED   _system_post_cinit                        

[113 symbols]
