******************************************************************************
                  TI ARM Linker PC v18.1.1                     
******************************************************************************
>> Linked Fri Jun 15 14:22:44 2018

OUTPUT FILE NAME:   <uart_echo_signed_minus.out>
ENTRY POINT SYMBOL: "_c_int00_noargs"  address: 000003f1


MEMORY CONFIGURATION

         name            origin    length      used     unused   attr    fill
----------------------  --------  ---------  --------  --------  ----  --------
  MAIN                  00000000   00040000  00000512  0003faee  R  X
  INFO                  00200000   00004000  00000000  00004000  R  X
  SRAM_CODE             01000000   00010000  00000209  0000fdf7  RW X
  SRAM_DATA             20000000   00010000  00000209  0000fdf7  RW  


SEGMENT ALLOCATION MAP

run origin  load origin   length   init length attrs members
----------  ----------- ---------- ----------- ----- -------
00000000    00000000    00000518   00000518    r-x
  00000000    00000000    000000e4   000000e4    r-- .intvecs
  000000e4    000000e4    000003da   000003da    r-x .text
  000004c0    000004c0    00000024   00000024    r-- .const
  000004e8    000004e8    00000030   00000030    r-- .cinit
20000000    20000000    0000000c   00000000    rw-
  20000000    20000000    00000005   00000000    rw- .bss
  20000008    20000008    00000004   00000000    rw- .data
2000fe00    2000fe00    00000200   00000000    rw-
  2000fe00    2000fe00    00000200   00000000    rw- .stack


SECTION ALLOCATION MAP

 output                                  attributes/
section   page    origin      length       input sections
--------  ----  ----------  ----------   ----------------
.intvecs   0    00000000    000000e4     
                  00000000    000000e4     startup_msp432p401r_ccs.obj (.intvecs:retain)

.text      0    000000e4    000003da     
                  000000e4    00000108     signed_minus.obj (.text:main)
                  000001ec    0000009c     rtsv7M4_T_le_v4SPD16_eabi.lib : memcpy_t2.asm.obj (.text)
                  00000288    00000078     system_msp432p401r.obj (.text:SystemInit)
                  00000300    00000068     rtsv7M4_T_le_v4SPD16_eabi.lib : copy_decompress_lzss.c.obj (.text:decompress:lzss:__TI_decompress_lzss)
                  00000368    00000044     signed_minus.obj (.text:EUSCIA0_IRQHandler)
                  000003ac    00000044     rtsv7M4_T_le_v4SPD16_eabi.lib : autoinit.c.obj (.text:__TI_auto_init_nobinit_nopinit:__TI_auto_init_nobinit_nopinit)
                  000003f0    00000038                                   : boot_cortex_m.c.obj (.text:_c_int00_noargs:_c_int00_noargs)
                  00000428    00000024     msp432p4xx_driverlib.lib : cs_MSP432P4XX.obj (.text:CS_setDCOCenteredFrequency)
                  0000044c    00000024                              : uart_MSP432P4XX.obj (.text:UART_transmitData)
                  00000470    00000018                              : wdt_a_MSP432P4XX.obj (.text:WDT_A_holdTimer)
                  00000488    00000012     rtsv7M4_T_le_v4SPD16_eabi.lib : copy_zero_init.c.obj (.text:decompress:ZI:__TI_zero_init_nomemset:__TI_zero_init_nomemset)
                  0000049a    0000000e                                   : copy_decompress_none.c.obj (.text:decompress:none:__TI_decompress_none)
                  000004a8    0000000c     startup_msp432p401r_ccs.obj (.text:Reset_Handler)
                  000004b4    00000004     rtsv7M4_T_le_v4SPD16_eabi.lib : pre_init.c.obj (.text:_system_pre_init)
                  000004b8    00000004                                   : exit.c.obj (.text:abort:abort)
                  000004bc    00000002     startup_msp432p401r_ccs.obj (.text:Default_Handler)

.const     0    000004c0    00000024     
                  000004c0    00000024     signed_minus.obj (.const:uartConfig)

.cinit     0    000004e8    00000030     
                  000004e8    0000000c     (__TI_handler_table)
                  000004f4    00000004     --HOLE-- [fill = 0]
                  000004f8    00000008     (.cinit..bss.load) [load image, compression = zero_init]
                  00000500    00000007     (.cinit..data.load) [load image, compression = lzss]
                  00000507    00000001     --HOLE-- [fill = 0]
                  00000508    00000010     (__TI_cinit_table)

.init_array 
*          0    00000000    00000000     UNINITIALIZED

.binit     0    00000000    00000000     

.bss       0    20000000    00000005     UNINITIALIZED
                  20000000    00000004     (.common:information_bytes)
                  20000004    00000001     (.common:msg)

.data      0    20000008    00000004     UNINITIALIZED
                  20000008    00000004     signed_minus.obj (.data)

.stack     0    2000fe00    00000200     UNINITIALIZED
                  2000fe00    00000004     rtsv7M4_T_le_v4SPD16_eabi.lib : boot_cortex_m.c.obj (.stack)
                  2000fe04    000001fc     --HOLE--

MODULE SUMMARY

       Module                        code   ro data   rw data
       ------                        ----   -------   -------
    .\
       signed_minus.obj              332    36        18     
       system_msp432p401r.obj        120    0         0      
    +--+-----------------------------+------+---------+---------+
       Total:                        452    36        18     
                                                             
    .\ccs\
       startup_msp432p401r_ccs.obj   14     228       0      
    +--+-----------------------------+------+---------+---------+
       Total:                        14     228       0      
                                                             
    C:/ti/simplelink_msp432p4_sdk_2_10_00_14/source/ti/devices/msp432p4xx/driverlib/ccs/msp432p4xx_driverlib.lib
       cs_MSP432P4XX.obj             36     0         0      
       uart_MSP432P4XX.obj           36     0         0      
       wdt_a_MSP432P4XX.obj          24     0         0      
    +--+-----------------------------+------+---------+---------+
       Total:                        96     0         0      
                                                             
    C:\ti\ccsv8\tools\compiler\ti-cgt-arm_18.1.1.LTS\lib\rtsv7M4_T_le_v4SPD16_eabi.lib
       memcpy_t2.asm.obj             156    0         0      
       copy_decompress_lzss.c.obj    104    0         0      
       autoinit.c.obj                68     0         0      
       boot_cortex_m.c.obj           56     0         0      
       copy_zero_init.c.obj          18     0         0      
       copy_decompress_none.c.obj    14     0         0      
       exit.c.obj                    4      0         0      
       pre_init.c.obj                4      0         0      
    +--+-----------------------------+------+---------+---------+
       Total:                        424    0         0      
                                                             
       Stack:                        0      0         1024   
       Linker Generated:             0      43        0      
    +--+-----------------------------+------+---------+---------+
       Grand Total:                  986    307       1042   


LINKER GENERATED COPY TABLES

__TI_cinit_table @ 00000508 records: 2, size/record: 8, table size: 16
	.bss: load addr=000004f8, load size=00000008 bytes, run addr=20000000, run size=00000005 bytes, compression=zero_init
	.data: load addr=00000500, load size=00000007 bytes, run addr=20000008, run size=00000004 bytes, compression=lzss


LINKER GENERATED HANDLER TABLE

__TI_handler_table @ 000004e8 records: 3, size/record: 4, table size: 12
	index: 0, handler: __TI_decompress_lzss
	index: 1, handler: __TI_decompress_none
	index: 2, handler: __TI_zero_init


GLOBAL SYMBOLS: SORTED ALPHABETICALLY BY Name 

address   name                          
-------   ----                          
000004bd  ADC14_IRQHandler              
000004bd  AES256_IRQHandler             
000004bd  BusFault_Handler              
000004b9  C$$EXIT                       
000004bd  COMP_E0_IRQHandler            
000004bd  COMP_E1_IRQHandler            
000004bd  CS_IRQHandler                 
00000429  CS_setDCOCenteredFrequency    
000004bd  DMA_ERR_IRQHandler            
000004bd  DMA_INT0_IRQHandler           
000004bd  DMA_INT1_IRQHandler           
000004bd  DMA_INT2_IRQHandler           
000004bd  DMA_INT3_IRQHandler           
000004bd  DebugMon_Handler              
000004bd  Default_Handler               
00000369  EUSCIA0_IRQHandler            
00000369  EUSCIA0_IRQHandler            
000004bd  EUSCIA1_IRQHandler            
000004bd  EUSCIA2_IRQHandler            
000004bd  EUSCIA3_IRQHandler            
000004bd  EUSCIB0_IRQHandler            
000004bd  EUSCIB1_IRQHandler            
000004bd  EUSCIB2_IRQHandler            
000004bd  EUSCIB3_IRQHandler            
000004bd  FLCTL_IRQHandler              
000004bd  FPU_IRQHandler                
000004bd  HardFault_Handler             
000004bd  MemManage_Handler             
000004bd  NMI_Handler                   
000004bd  PCM_IRQHandler                
000004bd  PORT1_IRQHandler              
000004bd  PORT2_IRQHandler              
000004bd  PORT3_IRQHandler              
000004bd  PORT4_IRQHandler              
000004bd  PORT5_IRQHandler              
000004bd  PORT6_IRQHandler              
000004bd  PSS_IRQHandler                
000004bd  PendSV_Handler                
000004bd  RTC_C_IRQHandler              
000004a9  Reset_Handler                 
000004bd  SVC_Handler                   
000004bd  SysTick_Handler               
00000289  SystemInit                    
000004bd  T32_INT1_IRQHandler           
000004bd  T32_INT2_IRQHandler           
000004bd  T32_INTC_IRQHandler           
000004bd  TA0_0_IRQHandler              
000004bd  TA0_N_IRQHandler              
000004bd  TA1_0_IRQHandler              
000004bd  TA1_N_IRQHandler              
000004bd  TA2_0_IRQHandler              
000004bd  TA2_N_IRQHandler              
000004bd  TA3_0_IRQHandler              
000004bd  TA3_N_IRQHandler              
0000044d  UART_transmitData             
000004bd  UsageFault_Handler            
4000480c  WDTCTL_SYM                    
000004bd  WDT_A_IRQHandler              
00000471  WDT_A_holdTimer               
20010000  __STACK_END                   
00000200  __STACK_SIZE                  
00000508  __TI_CINIT_Base               
00000518  __TI_CINIT_Limit              
000004e8  __TI_Handler_Table_Base       
000004f4  __TI_Handler_Table_Limit      
000003ad  __TI_auto_init_nobinit_nopinit
00000301  __TI_decompress_lzss          
0000049b  __TI_decompress_none          
ffffffff  __TI_pprof_out_hndl           
ffffffff  __TI_prof_data_size           
ffffffff  __TI_prof_data_start          
00000000  __TI_static_base__            
00000489  __TI_zero_init_nomemset       
000001ed  __aeabi_memcpy                
000001ed  __aeabi_memcpy4               
000001ed  __aeabi_memcpy8               
ffffffff  __binit__                     
ffffffff  __c_args__                    
UNDEFED   __mpu_init                    
2000fe00  __stack                       
000003f1  _c_int00_noargs               
UNDEFED   _system_post_cinit            
000004b5  _system_pre_init              
000004b9  abort                         
ffffffff  binit                         
20000008  bytes                         
20000000  information_bytes             
00000000  interruptVectors              
000000e5  main                          
000001ed  memcpy                        
20000004  msg                           
000004c0  uartConfig                    


GLOBAL SYMBOLS: SORTED BY Symbol Address 

address   name                          
-------   ----                          
00000000  __TI_static_base__            
00000000  interruptVectors              
000000e5  main                          
000001ed  __aeabi_memcpy                
000001ed  __aeabi_memcpy4               
000001ed  __aeabi_memcpy8               
000001ed  memcpy                        
00000200  __STACK_SIZE                  
00000289  SystemInit                    
00000301  __TI_decompress_lzss          
00000369  EUSCIA0_IRQHandler            
00000369  EUSCIA0_IRQHandler            
000003ad  __TI_auto_init_nobinit_nopinit
000003f1  _c_int00_noargs               
00000429  CS_setDCOCenteredFrequency    
0000044d  UART_transmitData             
00000471  WDT_A_holdTimer               
00000489  __TI_zero_init_nomemset       
0000049b  __TI_decompress_none          
000004a9  Reset_Handler                 
000004b5  _system_pre_init              
000004b9  C$$EXIT                       
000004b9  abort                         
000004bd  ADC14_IRQHandler              
000004bd  AES256_IRQHandler             
000004bd  BusFault_Handler              
000004bd  COMP_E0_IRQHandler            
000004bd  COMP_E1_IRQHandler            
000004bd  CS_IRQHandler                 
000004bd  DMA_ERR_IRQHandler            
000004bd  DMA_INT0_IRQHandler           
000004bd  DMA_INT1_IRQHandler           
000004bd  DMA_INT2_IRQHandler           
000004bd  DMA_INT3_IRQHandler           
000004bd  DebugMon_Handler              
000004bd  Default_Handler               
000004bd  EUSCIA1_IRQHandler            
000004bd  EUSCIA2_IRQHandler            
000004bd  EUSCIA3_IRQHandler            
000004bd  EUSCIB0_IRQHandler            
000004bd  EUSCIB1_IRQHandler            
000004bd  EUSCIB2_IRQHandler            
000004bd  EUSCIB3_IRQHandler            
000004bd  FLCTL_IRQHandler              
000004bd  FPU_IRQHandler                
000004bd  HardFault_Handler             
000004bd  MemManage_Handler             
000004bd  NMI_Handler                   
000004bd  PCM_IRQHandler                
000004bd  PORT1_IRQHandler              
000004bd  PORT2_IRQHandler              
000004bd  PORT3_IRQHandler              
000004bd  PORT4_IRQHandler              
000004bd  PORT5_IRQHandler              
000004bd  PORT6_IRQHandler              
000004bd  PSS_IRQHandler                
000004bd  PendSV_Handler                
000004bd  RTC_C_IRQHandler              
000004bd  SVC_Handler                   
000004bd  SysTick_Handler               
000004bd  T32_INT1_IRQHandler           
000004bd  T32_INT2_IRQHandler           
000004bd  T32_INTC_IRQHandler           
000004bd  TA0_0_IRQHandler              
000004bd  TA0_N_IRQHandler              
000004bd  TA1_0_IRQHandler              
000004bd  TA1_N_IRQHandler              
000004bd  TA2_0_IRQHandler              
000004bd  TA2_N_IRQHandler              
000004bd  TA3_0_IRQHandler              
000004bd  TA3_N_IRQHandler              
000004bd  UsageFault_Handler            
000004bd  WDT_A_IRQHandler              
000004c0  uartConfig                    
000004e8  __TI_Handler_Table_Base       
000004f4  __TI_Handler_Table_Limit      
00000508  __TI_CINIT_Base               
00000518  __TI_CINIT_Limit              
20000000  information_bytes             
20000004  msg                           
20000008  bytes                         
2000fe00  __stack                       
20010000  __STACK_END                   
4000480c  WDTCTL_SYM                    
ffffffff  __TI_pprof_out_hndl           
ffffffff  __TI_prof_data_size           
ffffffff  __TI_prof_data_start          
ffffffff  __binit__                     
ffffffff  __c_args__                    
ffffffff  binit                         
UNDEFED   __mpu_init                    
UNDEFED   _system_post_cinit            

[92 symbols]
