******************************************************************************
                  TI ARM Linker PC v18.1.1                     
******************************************************************************
>> Linked Sun Jun 17 12:49:43 2018

OUTPUT FILE NAME:   <cmsis_dsplib_vibration_msp432p401r_MSP_EXP432P401R_nortos_ccs.out>
ENTRY POINT SYMBOL: "_c_int00_noargs"  address: 00003605


MEMORY CONFIGURATION

         name            origin    length      used     unused   attr    fill
----------------------  --------  ---------  --------  --------  ----  --------
  MAIN                  00000000   00040000  000037b8  0003c848  R  X
  INFO                  00200000   00004000  00000000  00004000  R  X
  SRAM_CODE             01000000   00010000  00005730  0000a8d0  RW X
  SRAM_DATA             20000000   00010000  00005730  0000a8d0  RW  


SEGMENT ALLOCATION MAP

run origin  load origin   length   init length attrs members
----------  ----------- ---------- ----------- ----- -------
00000000    00000000    000037b8   000037b8    r-x
  00000000    00000000    000000e4   000000e4    r-- .intvecs
  000000e4    000000e4    00001de4   00001de4    r-- .const
  00001ec8    00001ec8    00001838   00001838    r-x .text
  00003700    00003700    000000b8   000000b8    r-- .cinit
20000000    20000000    00005530   00000000    rw-
  20000000    20000000    00005400   00000000    rw- .bss
  20005400    20005400    00000130   00000000    rw- .data
2000fe00    2000fe00    00000200   00000000    rw-
  2000fe00    2000fe00    00000200   00000000    rw- .stack


SECTION ALLOCATION MAP

 output                                  attributes/
section   page    origin      length       input sections
--------  ----  ----------  ----------   ----------------
.intvecs   0    00000000    000000e4     
                  00000000    000000e4     startup_msp432p401r_ccs.obj (.intvecs:retain)

.const     0    000000e4    00001de4     
                  000000e4    00000c00     arm_cortexM4lf_math.a : arm_common_tables_ARM.obj (.const:twiddleCoef_1024_q15)
                  00000ce4    000007c0                           : arm_common_tables_ARM.obj (.const:armBitRevIndexTable_fixed_1024)
                  000014a4    00000600                           : arm_common_tables_ARM.obj (.const:twiddleCoef_512_q15)
                  00001aa4    000003c0                           : arm_common_tables_ARM.obj (.const:armBitRevIndexTable_fixed_512)
                  00001e64    0000001c     main.obj (.const:currentTime)
                  00001e80    00000018     main.obj (.const:upModeConfig)
                  00001e98    00000010     arm_cortexM4lf_math.a : arm_const_structs_ARM.obj (.const:arm_cfft_sR_q15_len1024)
                  00001ea8    00000010                           : arm_const_structs_ARM.obj (.const:arm_cfft_sR_q15_len512)
                  00001eb8    00000010     main.obj (.const:compareConfig)

.text      0    00001ec8    00001838     
                  00001ec8    00000880     main.obj (.text:main)
                  00002748    0000030e     arm_cortexM4lf_math.a : arm_cfft_radix4_q15_ARM.obj (.text:arm_radix4_butterfly_inverse_q15)
                  00002a56    0000030e                           : arm_cfft_radix4_q15_ARM.obj (.text:arm_radix4_butterfly_q15)
                  00002d64    000000d8                           : arm_sqrt_q15_ARM.obj (.text:arm_sqrt_q15)
                  00002e3c    000000d4     main.obj (.text:predictive_maintenance_setWakeTime)
                  00002f10    000000c0     arm_cortexM4lf_math.a : arm_bitreversal2_ARM.obj (.text)
                  00002fd0    000000b6                           : arm_cfft_q15_ARM.obj (.text:arm_cfft_q15)
                  00003086    000000a2                           : arm_cfft_q15_ARM.obj (.text:arm_cfft_radix4by2_inverse_q15)
                  00003128    000000a2                           : arm_cfft_q15_ARM.obj (.text:arm_cfft_radix4by2_q15)
                  000031ca    0000009c     rtsv7M4_T_le_v4SPD16_eabi.lib : memcpy_t2.asm.obj (.text)
                  00003266    00000098     arm_cortexM4lf_math.a : arm_cmplx_mag_q15_ARM.obj (.text:arm_cmplx_mag_q15)
                  000032fe    0000007a     rtsv7M4_T_le_v4SPD16_eabi.lib : memset_t2.asm.obj (.text)
                  00003378    00000078     system_msp432p401r.obj (.text:SystemInit)
                  000033f0    00000068     rtsv7M4_T_le_v4SPD16_eabi.lib : copy_decompress_lzss.c.obj (.text:decompress:lzss:__TI_decompress_lzss)
                  00003458    00000064     main.obj (.text:RTC_C_IRQHandler)
                  000034bc    00000064     msp432p4xx_driverlib.lib : rtc_c_MSP432P4XX.obj (.text:RTC_C_getCalendarTime)
                  00003520    00000058                              : rtc_c_MSP432P4XX.obj (.text:RTC_C_disableInterrupt)
                  00003578    00000048                              : rtc_c_MSP432P4XX.obj (.text:RTC_C_enableInterrupt)
                  000035c0    00000044     rtsv7M4_T_le_v4SPD16_eabi.lib : autoinit.c.obj (.text:__TI_auto_init_nobinit_nopinit:__TI_auto_init_nobinit_nopinit)
                  00003604    00000038                                   : boot_cortex_m.c.obj (.text:_c_int00_noargs:_c_int00_noargs)
                  0000363c    00000034     main.obj (.text:ADC14_IRQHandler)
                  00003670    00000030     main.obj (.text:DMA_INT0_IRQHandler)
                  000036a0    00000030     msp432p4xx_driverlib.lib : rtc_c_MSP432P4XX.obj (.text:RTC_C_definePrescaleEvent)
                  000036d0    0000000e     rtsv7M4_T_le_v4SPD16_eabi.lib : copy_decompress_none.c.obj (.text:decompress:none:__TI_decompress_none)
                  000036de    0000000c     startup_msp432p401r_ccs.obj (.text:Reset_Handler)
                  000036ea    0000000c     rtsv7M4_T_le_v4SPD16_eabi.lib : copy_zero_init.c.obj (.text:decompress:ZI:__TI_zero_init)
                  000036f6    00000004                                   : pre_init.c.obj (.text:_system_pre_init)
                  000036fa    00000004                                   : exit.c.obj (.text:abort:abort)
                  000036fe    00000002     startup_msp432p401r_ccs.obj (.text:Default_Handler)

.cinit     0    00003700    000000b8     
                  00003700    0000008d     (.cinit..data.load) [load image, compression = lzss]
                  0000378d    00000003     --HOLE-- [fill = 0]
                  00003790    0000000c     (__TI_handler_table)
                  0000379c    00000004     --HOLE-- [fill = 0]
                  000037a0    00000008     (.cinit..bss.load) [load image, compression = zero_init]
                  000037a8    00000010     (__TI_cinit_table)

.init_array 
*          0    00000000    00000000     UNINITIALIZED

.binit     0    00000000    00000000     

.bss       0    20000000    00005400     UNINITIALIZED
                  20000000    00001000     (.common:fftOutput)
                  20001000    00001000     (.common:ui32ABFArray)
                  20002000    00001000     (.common:ui32USFArray)
                  20003000    0000080c     (.common:ABFEnergyBin)
                  2000380c    0000080c     (.common:USFEnergyBin)
                  20004018    00000800     (.common:ui32SSFArray)
                  20004818    0000040c     (.common:SSFEnergyBin)
                  20004c24    000003dc     --HOLE--
                  20005000    00000400     (.common:controlTable)

.data      0    20005400    00000130     UNINITIALIZED
                  20005400    000000f0     main.obj (.data:TaskList)
                  200054f0    00000040     main.obj (.data)

.stack     0    2000fe00    00000200     UNINITIALIZED
                  2000fe00    00000004     rtsv7M4_T_le_v4SPD16_eabi.lib : boot_cortex_m.c.obj (.stack)
                  2000fe04    000001fc     --HOLE--

MODULE SUMMARY

       Module                        code   ro data   rw data
       ------                        ----   -------   -------
    .\
       main.obj                      2588   68        41640  
       system_msp432p401r.obj        120    0         0      
    +--+-----------------------------+------+---------+---------+
       Total:                        2708   68        41640  
                                                             
    .\ccs\
       startup_msp432p401r_ccs.obj   14     228       0      
    +--+-----------------------------+------+---------+---------+
       Total:                        14     228       0      
                                                             
    C:/ti/simplelink_msp432p4_sdk_2_10_00_14/source/third_party/CMSIS/DSP_Lib/lib/ccs/m4f/arm_cortexM4lf_math.a
       arm_common_tables_ARM.obj     0      7552      0      
       arm_cfft_radix4_q15_ARM.obj   1564   0         0      
       arm_cfft_q15_ARM.obj          506    0         0      
       arm_sqrt_q15_ARM.obj          216    0         0      
       arm_bitreversal2_ARM.obj      192    0         0      
       arm_cmplx_mag_q15_ARM.obj     152    0         0      
       arm_const_structs_ARM.obj     0      32        0      
    +--+-----------------------------+------+---------+---------+
       Total:                        2630   7584      0      
                                                             
    C:/ti/simplelink_msp432p4_sdk_2_10_00_14/source/ti/devices/msp432p4xx/driverlib/ccs/msp432p4xx_driverlib.lib
       rtc_c_MSP432P4XX.obj          308    0         0      
    +--+-----------------------------+------+---------+---------+
       Total:                        308    0         0      
                                                             
    C:\ti\ccsv8\tools\compiler\ti-cgt-arm_18.1.1.LTS\lib\rtsv7M4_T_le_v4SPD16_eabi.lib
       memcpy_t2.asm.obj             156    0         0      
       memset_t2.asm.obj             122    0         0      
       copy_decompress_lzss.c.obj    104    0         0      
       autoinit.c.obj                68     0         0      
       boot_cortex_m.c.obj           56     0         0      
       copy_decompress_none.c.obj    14     0         0      
       copy_zero_init.c.obj          12     0         0      
       exit.c.obj                    4      0         0      
       pre_init.c.obj                4      0         0      
    +--+-----------------------------+------+---------+---------+
       Total:                        540    0         0      
                                                             
       Stack:                        0      0         1024   
       Linker Generated:             0      177       0      
    +--+-----------------------------+------+---------+---------+
       Grand Total:                  6200   8057      42664  


LINKER GENERATED COPY TABLES

__TI_cinit_table @ 000037a8 records: 2, size/record: 8, table size: 16
	.data: load addr=00003700, load size=0000008d bytes, run addr=20005400, run size=00000130 bytes, compression=lzss
	.bss: load addr=000037a0, load size=00000008 bytes, run addr=20000000, run size=00005400 bytes, compression=zero_init


LINKER GENERATED HANDLER TABLE

__TI_handler_table @ 00003790 records: 3, size/record: 4, table size: 12
	index: 0, handler: __TI_decompress_lzss
	index: 1, handler: __TI_decompress_none
	index: 2, handler: __TI_zero_init


GLOBAL SYMBOLS: SORTED ALPHABETICALLY BY Name 

address   name                              
-------   ----                              
20003000  ABFEnergyBin                      
0000363d  ADC14_IRQHandler                  
0000363d  ADC14_IRQHandler                  
000036ff  AES256_IRQHandler                 
000036ff  BusFault_Handler                  
000036fb  C$$EXIT                           
000036ff  COMP_E0_IRQHandler                
000036ff  COMP_E1_IRQHandler                
000036ff  CS_IRQHandler                     
000036ff  DMA_ERR_IRQHandler                
00003671  DMA_INT0_IRQHandler               
00003671  DMA_INT0_IRQHandler               
000036ff  DMA_INT1_IRQHandler               
000036ff  DMA_INT2_IRQHandler               
000036ff  DMA_INT3_IRQHandler               
000036ff  DebugMon_Handler                  
000036ff  Default_Handler                   
000036ff  EUSCIA0_IRQHandler                
000036ff  EUSCIA1_IRQHandler                
000036ff  EUSCIA2_IRQHandler                
000036ff  EUSCIA3_IRQHandler                
000036ff  EUSCIB0_IRQHandler                
000036ff  EUSCIB1_IRQHandler                
000036ff  EUSCIB2_IRQHandler                
000036ff  EUSCIB3_IRQHandler                
000036ff  FLCTL_IRQHandler                  
000036ff  FPU_IRQHandler                    
000036ff  HardFault_Handler                 
000036ff  MemManage_Handler                 
000036ff  NMI_Handler                       
000036ff  PCM_IRQHandler                    
000036ff  PORT1_IRQHandler                  
000036ff  PORT2_IRQHandler                  
000036ff  PORT3_IRQHandler                  
000036ff  PORT4_IRQHandler                  
000036ff  PORT5_IRQHandler                  
000036ff  PORT6_IRQHandler                  
000036ff  PSS_IRQHandler                    
000036ff  PendSV_Handler                    
00003459  RTC_C_IRQHandler                  
00003459  RTC_C_IRQHandler                  
000036a1  RTC_C_definePrescaleEvent         
00003521  RTC_C_disableInterrupt            
00003579  RTC_C_enableInterrupt             
000034bd  RTC_C_getCalendarTime             
000036df  Reset_Handler                     
20004818  SSFEnergyBin                      
000036ff  SVC_Handler                       
000036ff  SysTick_Handler                   
00003379  SystemInit                        
000036ff  T32_INT1_IRQHandler               
000036ff  T32_INT2_IRQHandler               
000036ff  T32_INTC_IRQHandler               
000036ff  TA0_0_IRQHandler                  
000036ff  TA0_N_IRQHandler                  
000036ff  TA1_0_IRQHandler                  
000036ff  TA1_N_IRQHandler                  
000036ff  TA2_0_IRQHandler                  
000036ff  TA2_N_IRQHandler                  
000036ff  TA3_0_IRQHandler                  
000036ff  TA3_N_IRQHandler                  
20005400  TaskList                          
2000380c  USFEnergyBin                      
000036ff  UsageFault_Handler                
4000480c  WDTCTL_SYM                        
000036ff  WDT_A_IRQHandler                  
20010000  __STACK_END                       
00000200  __STACK_SIZE                      
000037a8  __TI_CINIT_Base                   
000037b8  __TI_CINIT_Limit                  
00003790  __TI_Handler_Table_Base           
0000379c  __TI_Handler_Table_Limit          
000035c1  __TI_auto_init_nobinit_nopinit    
000033f1  __TI_decompress_lzss              
000036d1  __TI_decompress_none              
ffffffff  __TI_pprof_out_hndl               
ffffffff  __TI_prof_data_size               
ffffffff  __TI_prof_data_start              
00000000  __TI_static_base__                
000036eb  __TI_zero_init                    
000032ff  __aeabi_memclr                    
000032ff  __aeabi_memclr4                   
000032ff  __aeabi_memclr8                   
000031cb  __aeabi_memcpy                    
000031cb  __aeabi_memcpy4                   
000031cb  __aeabi_memcpy8                   
00003301  __aeabi_memset                    
00003301  __aeabi_memset4                   
00003301  __aeabi_memset8                   
ffffffff  __binit__                         
ffffffff  __c_args__                        
UNDEFED   __mpu_init                        
2000fe00  __stack                           
00003605  _c_int00_noargs                   
UNDEFED   _system_post_cinit                
000036f7  _system_pre_init                  
000036fb  abort                             
00000ce4  armBitRevIndexTable_fixed_1024    
00001aa4  armBitRevIndexTable_fixed_512     
00002f7b  arm_bitreversal_16                
00002f11  arm_bitreversal_32                
00002fd1  arm_cfft_q15                      
00003087  arm_cfft_radix4by2_inverse_q15    
00003129  arm_cfft_radix4by2_q15            
00001e98  arm_cfft_sR_q15_len1024           
00001ea8  arm_cfft_sR_q15_len512            
00003267  arm_cmplx_mag_q15                 
00002749  arm_radix4_butterfly_inverse_q15  
00002a57  arm_radix4_butterfly_q15          
00002d65  arm_sqrt_q15                      
200054f8  avgWindowCounter                  
20005500  bProcessFFT                       
20005501  bSSFDataAcquired                  
ffffffff  binit                             
00001eb8  compareConfig                     
20005000  controlTable                      
00001e64  currentTime                       
20005508  doBitReverse                      
20000000  fftOutput                         
20005504  ifftFlag                          
200054fd  incMonitorCount                   
00000000  interruptVectors                  
00001ec9  main                              
000031cb  memcpy                            
00003307  memset                            
00002e3d  predictive_maintenance_setWakeTime
200054f4  set2minAlarm                      
200054f0  set5minAlarm                      
200054fa  setAlarmLED                       
200054fc  setMonitorMode                    
000000e4  twiddleCoef_1024_q15              
000014a4  twiddleCoef_512_q15               
200054fe  ui16SSFArrayIndex                 
20001000  ui32ABFArray                      
20004018  ui32SSFArray                      
20002000  ui32USFArray                      
00001e80  upModeConfig                      


GLOBAL SYMBOLS: SORTED BY Symbol Address 

address   name                              
-------   ----                              
00000000  __TI_static_base__                
00000000  interruptVectors                  
000000e4  twiddleCoef_1024_q15              
00000200  __STACK_SIZE                      
00000ce4  armBitRevIndexTable_fixed_1024    
000014a4  twiddleCoef_512_q15               
00001aa4  armBitRevIndexTable_fixed_512     
00001e64  currentTime                       
00001e80  upModeConfig                      
00001e98  arm_cfft_sR_q15_len1024           
00001ea8  arm_cfft_sR_q15_len512            
00001eb8  compareConfig                     
00001ec9  main                              
00002749  arm_radix4_butterfly_inverse_q15  
00002a57  arm_radix4_butterfly_q15          
00002d65  arm_sqrt_q15                      
00002e3d  predictive_maintenance_setWakeTime
00002f11  arm_bitreversal_32                
00002f7b  arm_bitreversal_16                
00002fd1  arm_cfft_q15                      
00003087  arm_cfft_radix4by2_inverse_q15    
00003129  arm_cfft_radix4by2_q15            
000031cb  __aeabi_memcpy                    
000031cb  __aeabi_memcpy4                   
000031cb  __aeabi_memcpy8                   
000031cb  memcpy                            
00003267  arm_cmplx_mag_q15                 
000032ff  __aeabi_memclr                    
000032ff  __aeabi_memclr4                   
000032ff  __aeabi_memclr8                   
00003301  __aeabi_memset                    
00003301  __aeabi_memset4                   
00003301  __aeabi_memset8                   
00003307  memset                            
00003379  SystemInit                        
000033f1  __TI_decompress_lzss              
00003459  RTC_C_IRQHandler                  
00003459  RTC_C_IRQHandler                  
000034bd  RTC_C_getCalendarTime             
00003521  RTC_C_disableInterrupt            
00003579  RTC_C_enableInterrupt             
000035c1  __TI_auto_init_nobinit_nopinit    
00003605  _c_int00_noargs                   
0000363d  ADC14_IRQHandler                  
0000363d  ADC14_IRQHandler                  
00003671  DMA_INT0_IRQHandler               
00003671  DMA_INT0_IRQHandler               
000036a1  RTC_C_definePrescaleEvent         
000036d1  __TI_decompress_none              
000036df  Reset_Handler                     
000036eb  __TI_zero_init                    
000036f7  _system_pre_init                  
000036fb  C$$EXIT                           
000036fb  abort                             
000036ff  AES256_IRQHandler                 
000036ff  BusFault_Handler                  
000036ff  COMP_E0_IRQHandler                
000036ff  COMP_E1_IRQHandler                
000036ff  CS_IRQHandler                     
000036ff  DMA_ERR_IRQHandler                
000036ff  DMA_INT1_IRQHandler               
000036ff  DMA_INT2_IRQHandler               
000036ff  DMA_INT3_IRQHandler               
000036ff  DebugMon_Handler                  
000036ff  Default_Handler                   
000036ff  EUSCIA0_IRQHandler                
000036ff  EUSCIA1_IRQHandler                
000036ff  EUSCIA2_IRQHandler                
000036ff  EUSCIA3_IRQHandler                
000036ff  EUSCIB0_IRQHandler                
000036ff  EUSCIB1_IRQHandler                
000036ff  EUSCIB2_IRQHandler                
000036ff  EUSCIB3_IRQHandler                
000036ff  FLCTL_IRQHandler                  
000036ff  FPU_IRQHandler                    
000036ff  HardFault_Handler                 
000036ff  MemManage_Handler                 
000036ff  NMI_Handler                       
000036ff  PCM_IRQHandler                    
000036ff  PORT1_IRQHandler                  
000036ff  PORT2_IRQHandler                  
000036ff  PORT3_IRQHandler                  
000036ff  PORT4_IRQHandler                  
000036ff  PORT5_IRQHandler                  
000036ff  PORT6_IRQHandler                  
000036ff  PSS_IRQHandler                    
000036ff  PendSV_Handler                    
000036ff  SVC_Handler                       
000036ff  SysTick_Handler                   
000036ff  T32_INT1_IRQHandler               
000036ff  T32_INT2_IRQHandler               
000036ff  T32_INTC_IRQHandler               
000036ff  TA0_0_IRQHandler                  
000036ff  TA0_N_IRQHandler                  
000036ff  TA1_0_IRQHandler                  
000036ff  TA1_N_IRQHandler                  
000036ff  TA2_0_IRQHandler                  
000036ff  TA2_N_IRQHandler                  
000036ff  TA3_0_IRQHandler                  
000036ff  TA3_N_IRQHandler                  
000036ff  UsageFault_Handler                
000036ff  WDT_A_IRQHandler                  
00003790  __TI_Handler_Table_Base           
0000379c  __TI_Handler_Table_Limit          
000037a8  __TI_CINIT_Base                   
000037b8  __TI_CINIT_Limit                  
20000000  fftOutput                         
20001000  ui32ABFArray                      
20002000  ui32USFArray                      
20003000  ABFEnergyBin                      
2000380c  USFEnergyBin                      
20004018  ui32SSFArray                      
20004818  SSFEnergyBin                      
20005000  controlTable                      
20005400  TaskList                          
200054f0  set5minAlarm                      
200054f4  set2minAlarm                      
200054f8  avgWindowCounter                  
200054fa  setAlarmLED                       
200054fc  setMonitorMode                    
200054fd  incMonitorCount                   
200054fe  ui16SSFArrayIndex                 
20005500  bProcessFFT                       
20005501  bSSFDataAcquired                  
20005504  ifftFlag                          
20005508  doBitReverse                      
2000fe00  __stack                           
20010000  __STACK_END                       
4000480c  WDTCTL_SYM                        
ffffffff  __TI_pprof_out_hndl               
ffffffff  __TI_prof_data_size               
ffffffff  __TI_prof_data_start              
ffffffff  __binit__                         
ffffffff  __c_args__                        
ffffffff  binit                             
UNDEFED   __mpu_init                        
UNDEFED   _system_post_cinit                

[137 symbols]
