******************************************************************************
                  TI ARM Linker PC v18.1.2                     
******************************************************************************
>> Linked Mon Jun 25 12:59:22 2018

OUTPUT FILE NAME:   <adc_timerA_uart.out>
ENTRY POINT SYMBOL: "_c_int00_noargs"  address: 000006d5


MEMORY CONFIGURATION

         name            origin    length      used     unused   attr    fill
----------------------  --------  ---------  --------  --------  ----  --------
  MAIN                  00000000   00040000  0000084e  0003f7b2  R  X
  INFO                  00200000   00004000  00000000  00004000  R  X
  SRAM_CODE             01000000   00010000  00000603  0000f9fd  RW X
  SRAM_DATA             20000000   00010000  00000603  0000f9fd  RW  


SEGMENT ALLOCATION MAP

run origin  load origin   length   init length attrs members
----------  ----------- ---------- ----------- ----- -------
00000000    00000000    00000850   00000850    r-x
  00000000    00000000    000000e4   000000e4    r-- .intvecs
  000000e4    000000e4    000006ee   000006ee    r-x .text
  000007d4    000007d4    0000004c   0000004c    r-- .const
  00000820    00000820    00000030   00000030    r-- .cinit
20000000    20000000    00000403   00000000    rw-
  20000000    20000000    00000400   00000000    rw- .bss
  20000400    20000400    00000003   00000000    rw- .data
2000fe00    2000fe00    00000200   00000000    rw-
  2000fe00    2000fe00    00000200   00000000    rw- .stack


SECTION ALLOCATION MAP

 output                                  attributes/
section   page    origin      length       input sections
--------  ----  ----------  ----------   ----------------
.intvecs   0    00000000    000000e4     
                  00000000    000000e4     startup_msp432p401r_ccs.obj (.intvecs:retain)

.text      0    000000e4    000006ee     
                  000000e4    000001e8     adc_timerA_uart.obj (.text:main)
                  000002cc    000000ac     adc_timerA_uart.obj (.text:average_preprocess)
                  00000378    0000009c     rtsv7M4_T_le_v4SPD16_eabi.lib : memcpy_t2.asm.obj (.text)
                  00000414    0000007a                                   : memset_t2.asm.obj (.text)
                  0000048e    00000002     startup_msp432p401r_ccs.obj (.text:Default_Handler)
                  00000490    00000078     system_msp432p401r.obj (.text:SystemInit)
                  00000508    00000068     rtsv7M4_T_le_v4SPD16_eabi.lib : copy_decompress_lzss.c.obj (.text:decompress:lzss:__TI_decompress_lzss)
                  00000570    00000054     adc_timerA_uart.obj (.text:ADC14_IRQHandler)
                  000005c4    00000054     adc_timerA_uart.obj (.text:sendReading)
                  00000618    00000044     rtsv7M4_T_le_v4SPD16_eabi.lib : autoinit.c.obj (.text:__TI_auto_init_nobinit_nopinit:__TI_auto_init_nobinit_nopinit)
                  0000065c    0000003c     adc_timerA_uart.obj (.text:EUSCIA0_IRQHandler)
                  00000698    0000003c     adc_timerA_uart.obj (.text:PORT1_IRQHandler)
                  000006d4    00000038     rtsv7M4_T_le_v4SPD16_eabi.lib : boot_cortex_m.c.obj (.text:_c_int00_noargs:_c_int00_noargs)
                  0000070c    00000034     msp432p4xx_driverlib.lib : cs.o (.text:CS_setDCOCenteredFrequency)
                  00000740    00000034                              : uart.o (.text:UART_transmitData)
                  00000774    00000030                              : cs.o (.text:CS_setReferenceOscillatorFrequency)
                  000007a4    0000000e     rtsv7M4_T_le_v4SPD16_eabi.lib : copy_decompress_none.c.obj (.text:decompress:none:__TI_decompress_none)
                  000007b2    0000000c     startup_msp432p401r_ccs.obj (.text:Reset_Handler)
                  000007be    0000000c     rtsv7M4_T_le_v4SPD16_eabi.lib : copy_zero_init.c.obj (.text:decompress:ZI:__TI_zero_init)
                  000007ca    00000004                                   : pre_init.c.obj (.text:_system_pre_init)
                  000007ce    00000004                                   : exit.c.obj (.text:abort:abort)

.const     0    000007d4    0000004c     
                  000007d4    00000024     adc_timerA_uart.obj (.const:uartConfig)
                  000007f8    00000018     adc_timerA_uart.obj (.const:upModeConfig)
                  00000810    00000010     adc_timerA_uart.obj (.const:compareConfig)

.cinit     0    00000820    00000030     
                  00000820    0000000c     (__TI_handler_table)
                  0000082c    00000004     --HOLE-- [fill = 0]
                  00000830    00000008     (.cinit..bss.load) [load image, compression = zero_init]
                  00000838    00000007     (.cinit..data.load) [load image, compression = lzss]
                  0000083f    00000001     --HOLE-- [fill = 0]
                  00000840    00000010     (__TI_cinit_table)

.init_array 
*          0    00000000    00000000     UNINITIALIZED

.binit     0    00000000    00000000     

.bss       0    20000000    00000400     UNINITIALIZED
                  20000000    00000400     (.common:resultsBuffer)

.data      0    20000400    00000003     UNINITIALIZED
                  20000400    00000003     adc_timerA_uart.obj (.data)

.stack     0    2000fe00    00000200     UNINITIALIZED
                  2000fe00    00000004     rtsv7M4_T_le_v4SPD16_eabi.lib : boot_cortex_m.c.obj (.stack)
                  2000fe04    000001fc     --HOLE--

MODULE SUMMARY

       Module                        code   ro data   rw data
       ------                        ----   -------   -------
    .\
       adc_timerA_uart.obj           948    76        2054   
       system_msp432p401r.obj        120    0         0      
    +--+-----------------------------+------+---------+---------+
       Total:                        1068   76        2054   
                                                             
    .\ccs\
       startup_msp432p401r_ccs.obj   14     228       0      
    +--+-----------------------------+------+---------+---------+
       Total:                        14     228       0      
                                                             
    C:/ti/simplelink_msp432p4_sdk_2_20_00_12/source/ti/devices/msp432p4xx/driverlib/ccs/msp432p4xx_driverlib.lib
       cs.o                          100    0         0      
       uart.o                        52     0         0      
    +--+-----------------------------+------+---------+---------+
       Total:                        152    0         0      
                                                             
    C:\ti\ccsv8\tools\compiler\ti-cgt-arm_18.1.2.LTS\lib\rtsv7M4_T_le_v4SPD16_eabi.lib
       memcpy_t2.asm.obj             156    0         0      
       memset_t2.asm.obj             122    0         0      
       copy_decompress_lzss.c.obj    104    0         0      
       autoinit.c.obj                68     0         0      
       boot_cortex_m.c.obj           56     0         0      
       copy_decompress_none.c.obj    14     0         0      
       copy_zero_init.c.obj          12     0         0      
       exit.c.obj                    4      0         0      
       pre_init.c.obj                4      0         0      
    +--+-----------------------------+------+---------+---------+
       Total:                        540    0         0      
                                                             
       Stack:                        0      0         1024   
       Linker Generated:             0      43        0      
    +--+-----------------------------+------+---------+---------+
       Grand Total:                  1774   347       3078   


LINKER GENERATED COPY TABLES

__TI_cinit_table @ 00000840 records: 2, size/record: 8, table size: 16
	.bss: load addr=00000830, load size=00000008 bytes, run addr=20000000, run size=00000400 bytes, compression=zero_init
	.data: load addr=00000838, load size=00000007 bytes, run addr=20000400, run size=00000003 bytes, compression=lzss


LINKER GENERATED HANDLER TABLE

__TI_handler_table @ 00000820 records: 3, size/record: 4, table size: 12
	index: 0, handler: __TI_decompress_lzss
	index: 1, handler: __TI_decompress_none
	index: 2, handler: __TI_zero_init


GLOBAL SYMBOLS: SORTED ALPHABETICALLY BY Name 

address   name                              
-------   ----                              
00000571  ADC14_IRQHandler                  
00000571  ADC14_IRQHandler                  
0000048f  AES256_IRQHandler                 
0000048f  BusFault_Handler                  
000007cf  C$$EXIT                           
0000048f  COMP_E0_IRQHandler                
0000048f  COMP_E1_IRQHandler                
0000048f  CS_IRQHandler                     
0000070d  CS_setDCOCenteredFrequency        
00000775  CS_setReferenceOscillatorFrequency
0000048f  DMA_ERR_IRQHandler                
0000048f  DMA_INT0_IRQHandler               
0000048f  DMA_INT1_IRQHandler               
0000048f  DMA_INT2_IRQHandler               
0000048f  DMA_INT3_IRQHandler               
0000048f  DebugMon_Handler                  
0000048f  Default_Handler                   
0000065d  EUSCIA0_IRQHandler                
0000065d  EUSCIA0_IRQHandler                
0000048f  EUSCIA1_IRQHandler                
0000048f  EUSCIA2_IRQHandler                
0000048f  EUSCIA3_IRQHandler                
0000048f  EUSCIB0_IRQHandler                
0000048f  EUSCIB1_IRQHandler                
0000048f  EUSCIB2_IRQHandler                
0000048f  EUSCIB3_IRQHandler                
0000048f  FLCTL_IRQHandler                  
0000048f  FPU_IRQHandler                    
0000048f  HardFault_Handler                 
0000048f  MemManage_Handler                 
0000048f  NMI_Handler                       
0000048f  PCM_IRQHandler                    
00000699  PORT1_IRQHandler                  
00000699  PORT1_IRQHandler                  
0000048f  PORT2_IRQHandler                  
0000048f  PORT3_IRQHandler                  
0000048f  PORT4_IRQHandler                  
0000048f  PORT5_IRQHandler                  
0000048f  PORT6_IRQHandler                  
0000048f  PSS_IRQHandler                    
0000048f  PendSV_Handler                    
0000048f  RTC_C_IRQHandler                  
000007b3  Reset_Handler                     
0000048f  SVC_Handler                       
0000048f  SysTick_Handler                   
00000491  SystemInit                        
0000048f  T32_INT1_IRQHandler               
0000048f  T32_INT2_IRQHandler               
0000048f  T32_INTC_IRQHandler               
0000048f  TA0_0_IRQHandler                  
0000048f  TA0_N_IRQHandler                  
0000048f  TA1_0_IRQHandler                  
0000048f  TA1_N_IRQHandler                  
0000048f  TA2_0_IRQHandler                  
0000048f  TA2_N_IRQHandler                  
0000048f  TA3_0_IRQHandler                  
0000048f  TA3_N_IRQHandler                  
00000741  UART_transmitData                 
0000048f  UsageFault_Handler                
4000480c  WDTCTL_SYM                        
0000048f  WDT_A_IRQHandler                  
20010000  __STACK_END                       
00000200  __STACK_SIZE                      
00000840  __TI_CINIT_Base                   
00000850  __TI_CINIT_Limit                  
00000820  __TI_Handler_Table_Base           
0000082c  __TI_Handler_Table_Limit          
00000619  __TI_auto_init_nobinit_nopinit    
00000509  __TI_decompress_lzss              
000007a5  __TI_decompress_none              
ffffffff  __TI_pprof_out_hndl               
ffffffff  __TI_prof_data_size               
ffffffff  __TI_prof_data_start              
00000000  __TI_static_base__                
000007bf  __TI_zero_init                    
00000415  __aeabi_memclr                    
00000415  __aeabi_memclr4                   
00000415  __aeabi_memclr8                   
00000379  __aeabi_memcpy                    
00000379  __aeabi_memcpy4                   
00000379  __aeabi_memcpy8                   
00000417  __aeabi_memset                    
00000417  __aeabi_memset4                   
00000417  __aeabi_memset8                   
ffffffff  __binit__                         
ffffffff  __c_args__                        
UNDEFED   __mpu_init                        
2000fe00  __stack                           
000006d5  _c_int00_noargs                   
UNDEFED   _system_post_cinit                
000007cb  _system_pre_init                  
000007cf  abort                             
000002cd  average_preprocess                
ffffffff  binit                             
00000810  compareConfig                     
00000000  interruptVectors                  
000000e5  main                              
00000379  memcpy                            
0000041d  memset                            
20000400  resPos                            
20000000  resultsBuffer                     
000005c5  sendReading                       
20000402  sendValues                        
000007d4  uartConfig                        
000007f8  upModeConfig                      


GLOBAL SYMBOLS: SORTED BY Symbol Address 

address   name                              
-------   ----                              
00000000  __TI_static_base__                
00000000  interruptVectors                  
000000e5  main                              
00000200  __STACK_SIZE                      
000002cd  average_preprocess                
00000379  __aeabi_memcpy                    
00000379  __aeabi_memcpy4                   
00000379  __aeabi_memcpy8                   
00000379  memcpy                            
00000415  __aeabi_memclr                    
00000415  __aeabi_memclr4                   
00000415  __aeabi_memclr8                   
00000417  __aeabi_memset                    
00000417  __aeabi_memset4                   
00000417  __aeabi_memset8                   
0000041d  memset                            
0000048f  AES256_IRQHandler                 
0000048f  BusFault_Handler                  
0000048f  COMP_E0_IRQHandler                
0000048f  COMP_E1_IRQHandler                
0000048f  CS_IRQHandler                     
0000048f  DMA_ERR_IRQHandler                
0000048f  DMA_INT0_IRQHandler               
0000048f  DMA_INT1_IRQHandler               
0000048f  DMA_INT2_IRQHandler               
0000048f  DMA_INT3_IRQHandler               
0000048f  DebugMon_Handler                  
0000048f  Default_Handler                   
0000048f  EUSCIA1_IRQHandler                
0000048f  EUSCIA2_IRQHandler                
0000048f  EUSCIA3_IRQHandler                
0000048f  EUSCIB0_IRQHandler                
0000048f  EUSCIB1_IRQHandler                
0000048f  EUSCIB2_IRQHandler                
0000048f  EUSCIB3_IRQHandler                
0000048f  FLCTL_IRQHandler                  
0000048f  FPU_IRQHandler                    
0000048f  HardFault_Handler                 
0000048f  MemManage_Handler                 
0000048f  NMI_Handler                       
0000048f  PCM_IRQHandler                    
0000048f  PORT2_IRQHandler                  
0000048f  PORT3_IRQHandler                  
0000048f  PORT4_IRQHandler                  
0000048f  PORT5_IRQHandler                  
0000048f  PORT6_IRQHandler                  
0000048f  PSS_IRQHandler                    
0000048f  PendSV_Handler                    
0000048f  RTC_C_IRQHandler                  
0000048f  SVC_Handler                       
0000048f  SysTick_Handler                   
0000048f  T32_INT1_IRQHandler               
0000048f  T32_INT2_IRQHandler               
0000048f  T32_INTC_IRQHandler               
0000048f  TA0_0_IRQHandler                  
0000048f  TA0_N_IRQHandler                  
0000048f  TA1_0_IRQHandler                  
0000048f  TA1_N_IRQHandler                  
0000048f  TA2_0_IRQHandler                  
0000048f  TA2_N_IRQHandler                  
0000048f  TA3_0_IRQHandler                  
0000048f  TA3_N_IRQHandler                  
0000048f  UsageFault_Handler                
0000048f  WDT_A_IRQHandler                  
00000491  SystemInit                        
00000509  __TI_decompress_lzss              
00000571  ADC14_IRQHandler                  
00000571  ADC14_IRQHandler                  
000005c5  sendReading                       
00000619  __TI_auto_init_nobinit_nopinit    
0000065d  EUSCIA0_IRQHandler                
0000065d  EUSCIA0_IRQHandler                
00000699  PORT1_IRQHandler                  
00000699  PORT1_IRQHandler                  
000006d5  _c_int00_noargs                   
0000070d  CS_setDCOCenteredFrequency        
00000741  UART_transmitData                 
00000775  CS_setReferenceOscillatorFrequency
000007a5  __TI_decompress_none              
000007b3  Reset_Handler                     
000007bf  __TI_zero_init                    
000007cb  _system_pre_init                  
000007cf  C$$EXIT                           
000007cf  abort                             
000007d4  uartConfig                        
000007f8  upModeConfig                      
00000810  compareConfig                     
00000820  __TI_Handler_Table_Base           
0000082c  __TI_Handler_Table_Limit          
00000840  __TI_CINIT_Base                   
00000850  __TI_CINIT_Limit                  
20000000  resultsBuffer                     
20000400  resPos                            
20000402  sendValues                        
2000fe00  __stack                           
20010000  __STACK_END                       
4000480c  WDTCTL_SYM                        
ffffffff  __TI_pprof_out_hndl               
ffffffff  __TI_prof_data_size               
ffffffff  __TI_prof_data_start              
ffffffff  __binit__                         
ffffffff  __c_args__                        
ffffffff  binit                             
UNDEFED   __mpu_init                        
UNDEFED   _system_post_cinit                

[105 symbols]
