******************************************************************************
                  TI ARM Linker PC v18.1.1                     
******************************************************************************
>> Linked Tue Aug  7 18:38:47 2018

OUTPUT FILE NAME:   <uart_FFT_kissFFT.out>
ENTRY POINT SYMBOL: "_c_int00_noargs"  address: 00005d5d


MEMORY CONFIGURATION

         name            origin    length      used     unused   attr    fill
----------------------  --------  ---------  --------  --------  ----  --------
  MAIN                  00000000   00040000  000065ac  00039a54  R  X
  INFO                  00200000   00004000  00000000  00004000  R  X
  SRAM_CODE             01000000   00010000  0000b385  00004c7b  RW X
  SRAM_DATA             20000000   00010000  0000b385  00004c7b  RW  


SEGMENT ALLOCATION MAP

run origin  load origin   length   init length attrs members
----------  ----------- ---------- ----------- ----- -------
00000000    00000000    000065b0   000065b0    r-x
  00000000    00000000    000000e4   000000e4    r-- .intvecs
  000000e8    000000e8    00006030   00006030    r-x .text
  00006118    00006118    00000400   00000400    r-- .const
  00006518    00006518    00000098   00000098    r-- .cinit
20000000    20000000    00006565   00000000    rw-
  20000000    20000000    000061a8   00000000    rw- .sysmem
  200061a8    200061a8    000001f0   00000000    rw- .data
  20006398    20006398    000001cd   00000000    rw- .bss
2000b1e0    2000b1e0    00004e20   00000000    rw-
  2000b1e0    2000b1e0    00004e20   00000000    rw- .stack


SECTION ALLOCATION MAP

 output                                  attributes/
section   page    origin      length       input sections
--------  ----  ----------  ----------   ----------------
.intvecs   0    00000000    000000e4     
                  00000000    000000e4     startup_msp432p401r_ccs.obj (.intvecs:retain)

.text      0    000000e8    00006030     
                  000000e8    00000a5e     rtsv7M4_T_le_v4SPD16_eabi.lib : _printfi.c.obj (.text:__TI_printfi)
                  00000b46    00000002     startup_msp432p401r_ccs.obj (.text:Default_Handler)
                  00000b48    00000738     rtsv7M4_T_le_v4SPD16_eabi.lib : k_rem_pio2.c.obj (.text:__kernel_rem_pio2)
                  00001280    00000624     kiss_fft.obj (.text:kf_bfly5)
                  000018a4    000005dc     rtsv7M4_T_le_v4SPD16_eabi.lib : s_cos.c.obj (.text:cos)
                  00001e80    000005c4                                   : s_sin.c.obj (.text:sin)
                  00002444    000003be     kiss_fft.obj (.text:kf_bfly4)
                  00002802    000002dc     kiss_fft.obj (.text:kf_bfly3)
                  00002ade    00000002     rtsv7M4_T_le_v4SPD16_eabi.lib : _lock.c.obj (.text:_nop)
                  00002ae0    00000270                                   : _printfi.c.obj (.text:_pconv_a)
                  00002d50    0000026c     kiss_fftr.obj (.text:kiss_fftr)
                  00002fbc    00000208     uart_FFT_kissFFT.obj (.text:main)
                  000031c4    000001e0     kiss_fftr.obj (.text:kiss_fftr_alloc)
                  000033a4    000001d6     kiss_fft.obj (.text:kf_bfly_generic)
                  0000357a    00000002     rtsv7M4_T_le_v4SPD16_eabi.lib : div0.asm.obj (.text)
                  0000357c    000001d0                                   : _printfi.c.obj (.text:_pconv_g)
                  0000374c    000001b6                                   : fd_add_t2.asm.obj (.text)
                  00003902    00000002     --HOLE-- [fill = 0]
                  00003904    0000018c     kiss_fft.obj (.text:kiss_fft_alloc)
                  00003a90    00000174     rtsv7M4_T_le_v4SPD16_eabi.lib : k_sin.c.obj (.text:__kernel_sin)
                  00003c04    0000016c                                   : k_cos.c.obj (.text:__kernel_cos)
                  00003d70    00000158                                   : e_sqrt.c.obj (.text:sqrt)
                  00003ec8    0000013c                                   : _printfi.c.obj (.text:_pconv_e)
                  00004004    00000136                                   : fd_div_t2.asm.obj (.text)
                  0000413a    00000002     --HOLE-- [fill = 0]
                  0000413c    00000120                                   : _printfi.c.obj (.text:fcvt)
                  0000425c    00000120     kiss_fft.obj (.text:kf_bfly2)
                  0000437c    00000114     rtsv7M4_T_le_v4SPD16_eabi.lib : fputs.c.obj (.text:fputs)
                  00004490    00000110                                   : s_scalbn.c.obj (.text:scalbn)
                  000045a0    000000fc     kiss_fft.obj (.text:kf_work)
                  0000469c    000000fc     rtsv7M4_T_le_v4SPD16_eabi.lib : fd_mul_t2.asm.obj (.text)
                  00004798    000000f8                                   : s_floor.c.obj (.text:floor)
                  00004890    000000dc                                   : setvbuf.c.obj (.text:setvbuf)
                  0000496c    00000004                                   : fprintf.c.obj (.text:_outc)
                  00004970    000000d8     QmathLib_CCS_MSP432.lib : _QNsqrt.obj (.text:_Qmag)
                  00004a48    000000d8     rtsv7M4_T_le_v4SPD16_eabi.lib : memory.c.obj (.text:free)
                  00004b20    000000d0     uart_FFT_kissFFT.obj (.text:STD)
                  00004bf0    000000b1     rtsv7M4_T_le_v4SPD16_eabi.lib : _printfi.c.obj (.text:_ltostr)
                  00004ca1    00000001     --HOLE-- [fill = 0]
                  00004ca2    000000a2     uart_FFT_kissFFT.obj (.text:RMS)
                  00004d44    0000009c     kiss_fft.obj (.text:kf_factor)
                  00004de0    0000009c     rtsv7M4_T_le_v4SPD16_eabi.lib : memcpy_t2.asm.obj (.text)
                  00004e7c    00000096                                   : ull_div_t2.asm.obj (.text)
                  00004f12    00000002     --HOLE-- [fill = 0]
                  00004f14    0000008c                                   : fputc.c.obj (.text:fputc)
                  00004fa0    00000086                                   : fd_cmp_t2.asm.obj (.text:__aeabi_cdcmple)
                  00005026    00000086                                   : fd_cmp_t2.asm.obj (.text:__aeabi_cdrcmple)
                  000050ac    00000084     uart_FFT_kissFFT.obj (.text:calc_mean)
                  00005130    0000007a     rtsv7M4_T_le_v4SPD16_eabi.lib : memset_t2.asm.obj (.text)
                  000051aa    00000002     --HOLE-- [fill = 0]
                  000051ac    00000078     system_msp432p401r.obj (.text:SystemInit)
                  00005224    00000078     rtsv7M4_T_le_v4SPD16_eabi.lib : memory.c.obj (.text:malloc)
                  0000529c    00000074                                   : fclose.c.obj (.text:__TI_closefile)
                  00005310    0000006e                                   : _printfi.c.obj (.text:_mcpy)
                  0000537e    0000006e                                   : fd_tos_t2.asm.obj (.text)
                  000053ec    00000068                                   : hostlseek.c.obj (.text:HOSTlseek)
                  00005454    00000068                                   : hostrename.c.obj (.text:HOSTrename)
                  000054bc    00000068                                   : copy_decompress_lzss.c.obj (.text:decompress:lzss:__TI_decompress_lzss)
                  00005524    00000068     kiss_fft.obj (.text:kiss_fft_stride)
                  0000558c    00000064     rtsv7M4_T_le_v4SPD16_eabi.lib : fprintf.c.obj (.text:fprintf)
                  000055f0    00000064                                   : s_frexp.c.obj (.text:frexp)
                  00005654    00000064                                   : fseek.c.obj (.text:fseek)
                  000056b8    00000062                                   : _io_perm.c.obj (.text:__TI_wrt_ok)
                  0000571a    00000002     --HOLE-- [fill = 0]
                  0000571c    00000060                                   : hostopen.c.obj (.text:HOSTopen)
                  0000577c    0000005c                                   : close.c.obj (.text:close)
                  000057d8    00000058                                   : hostread.c.obj (.text:HOSTread)
                  00005830    00000058                                   : hostwrite.c.obj (.text:HOSTwrite)
                  00005888    00000056                                   : _printfi.c.obj (.text:_pconv_f)
                  000058de    00000054                                   : ltoa.c.obj (.text:ltoa)
                  00005932    00000002     --HOLE-- [fill = 0]
                  00005934    00000054     uart_FFT_kissFFT.obj (.text:sendReading)
                  00005988    00000052     rtsv7M4_T_le_v4SPD16_eabi.lib : _printfi.c.obj (.text:_ecpy)
                  000059da    00000052     uart_FFT_kissFFT.obj (.text:max)
                  00005a2c    0000004c     rtsv7M4_T_le_v4SPD16_eabi.lib : fflush.c.obj (.text:__TI_doflush)
                  00005a78    0000004c                                   : atoi.c.obj (.text:atoi)
                  00005ac4    00000048                                   : exit.c.obj (.text:exit)
                  00005b0c    00000048                                   : fd_toi_t2.asm.obj (.text)
                  00005b54    00000044     uart_FFT_kissFFT.obj (.text:EUSCIA0_IRQHandler)
                  00005b98    00000044     rtsv7M4_T_le_v4SPD16_eabi.lib : hostclose.c.obj (.text:HOSTclose)
                  00005bdc    00000044                                   : hostunlink.c.obj (.text:HOSTunlink)
                  00005c20    00000044                                   : autoinit.c.obj (.text:__TI_auto_init_nobinit_nopinit:__TI_auto_init_nobinit_nopinit)
                  00005c64    00000044                                   : getdevice.c.obj (.text:getdevice)
                  00005ca8    0000003e                                   : _printfi.c.obj (.text:_fcpy)
                  00005ce6    00000002     --HOLE-- [fill = 0]
                  00005ce8    0000003c                                   : memory.c.obj (.text:minsert)
                  00005d24    00000038                                   : trgmsg.c.obj (.text:__TI_writemsg)
                  00005d5c    00000038                                   : boot_cortex_m.c.obj (.text:_c_int00_noargs:_c_int00_noargs)
                  00005d94    00000038                                   : memory.c.obj (.text:minit)
                  00005dcc    00000038                                   : fs_tod_t2.asm.obj (.text)
                  00005e04    00000036                                   : strncpy.c.obj (.text:strncpy)
                  00005e3a    00000002     --HOLE-- [fill = 0]
                  00005e3c    00000034                                   : fopen.c.obj (.text:__TI_cleanup)
                  00005e70    00000034                                   : trgmsg.c.obj (.text:__TI_readmsg)
                  00005ea4    00000030                                   : getdevice.c.obj (.text:finddevice)
                  00005ed4    0000002e                                   : i_tofd_t2.asm.obj (.text)
                  00005f02    00000002     --HOLE-- [fill = 0]
                  00005f04    0000002c                                   : unlink.c.obj (.text:unlink)
                  00005f30    00000028                                   : lseek.c.obj (.text:lseek)
                  00005f58    00000028                                   : memory.c.obj (.text:mremove)
                  00005f80    00000028                                   : write.c.obj (.text:write)
                  00005fa8    00000024     msp432p4xx_driverlib.lib : cs_MSP432P4XX.obj (.text:CS_setDCOCenteredFrequency)
                  00005fcc    00000024                              : uart_MSP432P4XX.obj (.text:UART_transmitData)
                  00005ff0    00000020     rtsv7M4_T_le_v4SPD16_eabi.lib : memchr.c.obj (.text:memchr)
                  00006010    0000001c                                   : memccpy.c.obj (.text:memccpy)
                  0000602c    00000018     msp432p4xx_driverlib.lib : wdt_a_MSP432P4XX.obj (.text:WDT_A_holdTimer)
                  00006044    00000018     rtsv7M4_T_le_v4SPD16_eabi.lib : strcmp.c.obj (.text:strcmp)
                  0000605c    00000016     kiss_fft.obj (.text:kiss_fft)
                  00006072    00000016     rtsv7M4_T_le_v4SPD16_eabi.lib : strchr.c.obj (.text:strchr)
                  00006088    00000014                                   : s_copysign.c.obj (.text:copysign)
                  0000609c    00000014                                   : strcpy.c.obj (.text:strcpy)
                  000060b0    00000014                                   : strlen.c.obj (.text:strlen)
                  000060c4    00000012                                   : copy_zero_init.c.obj (.text:decompress:ZI:__TI_zero_init_nomemset:__TI_zero_init_nomemset)
                  000060d6    00000012                                   : wcslen.c.obj (.text:wcslen)
                  000060e8    0000000e                                   : copy_decompress_none.c.obj (.text:decompress:none:__TI_decompress_none)
                  000060f6    0000000c     startup_msp432p401r_ccs.obj (.text:Reset_Handler)
                  00006102    00000002     --HOLE-- [fill = 0]
                  00006104    00000008     rtsv7M4_T_le_v4SPD16_eabi.lib : errno.c.obj (.text:__aeabi_errno_addr)
                  0000610c    00000004                                   : fprintf.c.obj (.text:_outs)
                  00006110    00000004                                   : pre_init.c.obj (.text:_system_pre_init)
                  00006114    00000004                                   : exit.c.obj (.text:abort:abort)

.const     0    00006118    00000400     
                  00006118    00000180     QmathLib_CCS_MSP432.lib : _QNtables.obj (.const:_Q16sqrt_coeffs)
                  00006298    00000158     rtsv7M4_T_le_v4SPD16_eabi.lib : k_rem_pio2.c.obj (.const:$O1$$)
                  000063f0    00000101                                   : ctype.c.obj (.const:.string:_ctypes_)
                  000064f1    00000003     --HOLE-- [fill = 0]
                  000064f4    00000024     uart_FFT_kissFFT.obj (.const:uartConfig)

.cinit     0    00006518    00000098     
                  00006518    00000070     (.cinit..data.load) [load image, compression = lzss]
                  00006588    0000000c     (__TI_handler_table)
                  00006594    00000004     --HOLE-- [fill = 0]
                  00006598    00000008     (.cinit..bss.load) [load image, compression = zero_init]
                  000065a0    00000010     (__TI_cinit_table)

.init_array 
*          0    00000000    00000000     UNINITIALIZED

.binit     0    00000000    00000000     

.sysmem    0    20000000    000061a8     UNINITIALIZED
                  20000000    00000008     rtsv7M4_T_le_v4SPD16_eabi.lib : memory.c.obj (.sysmem)
                  20000008    000061a0     --HOLE--

.data      0    200061a8    000001f0     UNINITIALIZED
                  200061a8    000000f0     rtsv7M4_T_le_v4SPD16_eabi.lib : defs.c.obj (.data:_ftable)
                  20006298    00000078                                   : write.c.obj (.data:_device)
                  20006310    00000050                                   : write.c.obj (.data:_stream)
                  20006360    00000010                                   : defs.c.obj (.data)
                  20006370    0000000c                                   : exit.c.obj (.data:$O1$$)
                  2000637c    0000000c                                   : memory.c.obj (.data:$O1$$)
                  20006388    00000008                                   : _lock.c.obj (.data:$O1$$)
                  20006390    00000004                                   : errno.c.obj (.data)
                  20006394    00000004     uart_FFT_kissFFT.obj (.data)

.bss       0    20006398    000001cd     UNINITIALIZED
                  20006398    00000120     rtsv7M4_T_le_v4SPD16_eabi.lib : trgmsg.c.obj (.bss:_CIOBUF_)
                  200064b8    000000a0     (.common:__TI_tmpnams)
                  20006558    00000008     (.common:parmbuf)
                  20006560    00000004     (.common:information_bytes)
                  20006564    00000001     (.common:msg)

.stack     0    2000b1e0    00004e20     UNINITIALIZED
                  2000b1e0    00000004     rtsv7M4_T_le_v4SPD16_eabi.lib : boot_cortex_m.c.obj (.stack)
                  2000b1e4    00004e1c     --HOLE--

MODULE SUMMARY

       Module                        code    ro data   rw data
       ------                        ----    -------   -------
    .\
       uart_FFT_kissFFT.obj          1256    36        18     
       system_msp432p401r.obj        120     0         0      
    +--+-----------------------------+-------+---------+---------+
       Total:                        1376    36        18     
                                                              
    .\ccs\
       startup_msp432p401r_ccs.obj   14      228       0      
    +--+-----------------------------+-------+---------+---------+
       Total:                        14      228       0      
                                                              
    .\kissFFT\
       kiss_fft.obj                  4950    0         0      
       kiss_fftr.obj                 1100    0         0      
    +--+-----------------------------+-------+---------+---------+
       Total:                        6050    0         0      
                                                              
    C:/ti/simplelink_msp432p4_sdk_2_10_00_14/source/ti/devices/msp432p4xx/driverlib/ccs/msp432p4xx_driverlib.lib
       cs_MSP432P4XX.obj             36      0         0      
       uart_MSP432P4XX.obj           36      0         0      
       wdt_a_MSP432P4XX.obj          24      0         0      
    +--+-----------------------------+-------+---------+---------+
       Total:                        96      0         0      
                                                              
    C:/ti/simplelink_msp432p4_sdk_2_10_00_14/source/ti/iqmathlib/ccs/QmathLib_CCS_MSP432.lib
       _QNtables.obj                 0       384       0      
       _QNsqrt.obj                   216     0         0      
    +--+-----------------------------+-------+---------+---------+
       Total:                        216     384       0      
                                                              
    C:\ti\ccsv8\tools\compiler\ti-cgt-arm_18.1.1.LTS\lib\rtsv7M4_T_le_v4SPD16_eabi.lib
       _printfi.c.obj                4863    0         0      
       k_rem_pio2.c.obj              1848    344       0      
       s_cos.c.obj                   1500    0         0      
       s_sin.c.obj                   1476    0         0      
       defs.c.obj                    0       0         832    
       trgmsg.c.obj                  108     0         576    
       memory.c.obj                  492     0         24     
       write.c.obj                   40      0         400    
       fd_add_t2.asm.obj             438     0         0      
       k_sin.c.obj                   372     0         0      
       k_cos.c.obj                   364     0         0      
       e_sqrt.c.obj                  344     0         0      
       fd_div_t2.asm.obj             310     0         0      
       fputs.c.obj                   276     0         0      
       s_scalbn.c.obj                272     0         0      
       fd_cmp_t2.asm.obj             268     0         0      
       ctype.c.obj                   0       257       0      
       fd_mul_t2.asm.obj             252     0         0      
       s_floor.c.obj                 248     0         0      
       setvbuf.c.obj                 220     0         0      
       memcpy_t2.asm.obj             156     0         0      
       ull_div_t2.asm.obj            150     0         0      
       fputc.c.obj                   140     0         0      
       memset_t2.asm.obj             122     0         0      
       fclose.c.obj                  116     0         0      
       getdevice.c.obj               116     0         0      
       hostopen.c.obj                96      0         16     
       fd_tos_t2.asm.obj             110     0         0      
       fprintf.c.obj                 108     0         0      
       copy_decompress_lzss.c.obj    104     0         0      
       hostlseek.c.obj               104     0         0      
       hostrename.c.obj              104     0         0      
       exit.c.obj                    76      0         24     
       fseek.c.obj                   100     0         0      
       s_frexp.c.obj                 100     0         0      
       _io_perm.c.obj                98      0         0      
       close.c.obj                   92      0         0      
       hostread.c.obj                88      0         0      
       hostwrite.c.obj               88      0         0      
       ltoa.c.obj                    84      0         0      
       atoi.c.obj                    76      0         0      
       fflush.c.obj                  76      0         0      
       fd_toi_t2.asm.obj             72      0         0      
       autoinit.c.obj                68      0         0      
       hostclose.c.obj               68      0         0      
       hostunlink.c.obj              68      0         0      
       boot_cortex_m.c.obj           56      0         0      
       fs_tod_t2.asm.obj             56      0         0      
       strncpy.c.obj                 54      0         0      
       fopen.c.obj                   52      0         0      
       i_tofd_t2.asm.obj             46      0         0      
       unlink.c.obj                  44      0         0      
       lseek.c.obj                   40      0         0      
       memchr.c.obj                  32      0         0      
       memccpy.c.obj                 28      0         0      
       strcmp.c.obj                  24      0         0      
       strchr.c.obj                  22      0         0      
       s_copysign.c.obj              20      0         0      
       strcpy.c.obj                  20      0         0      
       strlen.c.obj                  20      0         0      
       _lock.c.obj                   2       0         16     
       copy_zero_init.c.obj          18      0         0      
       wcslen.c.obj                  18      0         0      
       errno.c.obj                   8       0         8      
       copy_decompress_none.c.obj    14      0         0      
       pre_init.c.obj                4       0         0      
       div0.asm.obj                  2       0         0      
    +--+-----------------------------+-------+---------+---------+
       Total:                        16851   601       1896   
                                                              
       Heap:                         0       0         50000  
       Stack:                        0       0         40000  
       Linker Generated:             0       148       0      
    +--+-----------------------------+-------+---------+---------+
       Grand Total:                  24603   1397      91914  


LINKER GENERATED COPY TABLES

__TI_cinit_table @ 000065a0 records: 2, size/record: 8, table size: 16
	.data: load addr=00006518, load size=00000070 bytes, run addr=200061a8, run size=000001f0 bytes, compression=lzss
	.bss: load addr=00006598, load size=00000008 bytes, run addr=20006398, run size=000001cd bytes, compression=zero_init


LINKER GENERATED HANDLER TABLE

__TI_handler_table @ 00006588 records: 3, size/record: 4, table size: 12
	index: 0, handler: __TI_decompress_lzss
	index: 1, handler: __TI_decompress_none
	index: 2, handler: __TI_zero_init


GLOBAL SYMBOLS: SORTED ALPHABETICALLY BY Name 

address   name                           
-------   ----                           
00000b47  ADC14_IRQHandler               
00000b47  AES256_IRQHandler              
00000b47  BusFault_Handler               
00006115  C$$EXIT                        
00005d53  C$$IO$$                        
00000b47  COMP_E0_IRQHandler             
00000b47  COMP_E1_IRQHandler             
00000b47  CS_IRQHandler                  
00005fa9  CS_setDCOCenteredFrequency     
00000b47  DMA_ERR_IRQHandler             
00000b47  DMA_INT0_IRQHandler            
00000b47  DMA_INT1_IRQHandler            
00000b47  DMA_INT2_IRQHandler            
00000b47  DMA_INT3_IRQHandler            
00000b47  DebugMon_Handler               
00000b47  Default_Handler                
00005b55  EUSCIA0_IRQHandler             
00005b55  EUSCIA0_IRQHandler             
00000b47  EUSCIA1_IRQHandler             
00000b47  EUSCIA2_IRQHandler             
00000b47  EUSCIA3_IRQHandler             
00000b47  EUSCIB0_IRQHandler             
00000b47  EUSCIB1_IRQHandler             
00000b47  EUSCIB2_IRQHandler             
00000b47  EUSCIB3_IRQHandler             
00000b47  FLCTL_IRQHandler               
00000b47  FPU_IRQHandler                 
00005b99  HOSTclose                      
000053ed  HOSTlseek                      
0000571d  HOSTopen                       
000057d9  HOSTread                       
00005455  HOSTrename                     
00005bdd  HOSTunlink                     
00005831  HOSTwrite                      
00000b47  HardFault_Handler              
00000b47  MemManage_Handler              
00000b47  NMI_Handler                    
00000b47  PCM_IRQHandler                 
00000b47  PORT1_IRQHandler               
00000b47  PORT2_IRQHandler               
00000b47  PORT3_IRQHandler               
00000b47  PORT4_IRQHandler               
00000b47  PORT5_IRQHandler               
00000b47  PORT6_IRQHandler               
00000b47  PSS_IRQHandler                 
00000b47  PendSV_Handler                 
00004ca3  RMS                            
00000b47  RTC_C_IRQHandler               
000060f7  Reset_Handler                  
00004b21  STD                            
00000b47  SVC_Handler                    
00000b47  SysTick_Handler                
000051ad  SystemInit                     
00000b47  T32_INT1_IRQHandler            
00000b47  T32_INT2_IRQHandler            
00000b47  T32_INTC_IRQHandler            
00000b47  TA0_0_IRQHandler               
00000b47  TA0_N_IRQHandler               
00000b47  TA1_0_IRQHandler               
00000b47  TA1_N_IRQHandler               
00000b47  TA2_0_IRQHandler               
00000b47  TA2_N_IRQHandler               
00000b47  TA3_0_IRQHandler               
00000b47  TA3_N_IRQHandler               
00005fcd  UART_transmitData              
00000b47  UsageFault_Handler             
4000480c  WDTCTL_SYM                     
00000b47  WDT_A_IRQHandler               
0000602d  WDT_A_holdTimer                
00006118  _Q16sqrt_coeffs                
00004971  _Qmag                          
20006398  __CIOBUF_                      
20010000  __STACK_END                    
00004e20  __STACK_SIZE                   
000061a8  __SYSMEM_SIZE                  
000065a0  __TI_CINIT_Base                
000065b0  __TI_CINIT_Limit               
00006588  __TI_Handler_Table_Base        
00006594  __TI_Handler_Table_Limit       
00005c21  __TI_auto_init_nobinit_nopinit 
00005e3d  __TI_cleanup                   
20006370  __TI_cleanup_ptr               
0000529d  __TI_closefile                 
000054bd  __TI_decompress_lzss           
000060e9  __TI_decompress_none           
00005a2d  __TI_doflush                   
20006374  __TI_dtors_ptr                 
20006378  __TI_enable_exit_profile_output
20006360  __TI_ft_end                    
ffffffff  __TI_pprof_out_hndl            
000000e9  __TI_printfi                   
ffffffff  __TI_prof_data_size            
ffffffff  __TI_prof_data_start           
00005e71  __TI_readmsg                   
00000000  __TI_static_base__             
200064b8  __TI_tmpnams                   
00005d25  __TI_writemsg                  
000056b9  __TI_wrt_ok                    
000060c5  __TI_zero_init_nomemset        
00004fa1  __aeabi_cdcmpeq                
00004fa1  __aeabi_cdcmple                
00005027  __aeabi_cdrcmple               
0000537f  __aeabi_d2f                    
00005b0d  __aeabi_d2iz                   
00003757  __aeabi_dadd                   
00004005  __aeabi_ddiv                   
0000469d  __aeabi_dmul                   
0000374d  __aeabi_dsub                   
00006105  __aeabi_errno_addr             
00005dcd  __aeabi_f2d                    
00005ed5  __aeabi_i2d                    
0000357b  __aeabi_idiv0                  
0000357b  __aeabi_ldiv0                  
00005131  __aeabi_memclr                 
00005131  __aeabi_memclr4                
00005131  __aeabi_memclr8                
00004de1  __aeabi_memcpy                 
00004de1  __aeabi_memcpy4                
00004de1  __aeabi_memcpy8                
00005133  __aeabi_memset                 
00005133  __aeabi_memset4                
00005133  __aeabi_memset8                
2000636c  __aeabi_stderr                 
20006364  __aeabi_stdin                  
20006368  __aeabi_stdout                 
00004e7d  __aeabi_uldivmod               
ffffffff  __binit__                      
ffffffff  __c_args__                     
00003c05  __kernel_cos                   
00000b49  __kernel_rem_pio2              
00003a91  __kernel_sin                   
UNDEFED   __mpu_init                     
2000b1e0  __stack                        
00005d5d  _c_int00_noargs                
000063f0  _ctypes_                       
20006298  _device                        
200061a8  _ftable                        
20006388  _lock                          
00002adf  _nop                           
20006310  _stream                        
20000000  _sys_memory                    
UNDEFED   _system_post_cinit             
00006111  _system_pre_init               
2000638c  _unlock                        
00006115  abort                          
00005a79  atoi                           
ffffffff  binit                          
20006394  bytes                          
000050ad  calc_mean                      
0000577d  close                          
00006089  copysign                       
00006089  copysignl                      
000018a5  cos                            
000018a5  cosl                           
20006390  errno                          
00005ac5  exit                           
00005ea5  finddevice                     
00004799  floor                          
00004799  floorl                         
0000558d  fprintf                        
00004f15  fputc                          
0000437d  fputs                          
00004a49  free                           
000055f1  frexp                          
000055f1  frexpl                         
00005655  fseek                          
00005c65  getdevice                      
20006560  information_bytes              
00000000  interruptVectors               
0000605d  kiss_fft                       
00003905  kiss_fft_alloc                 
00005525  kiss_fft_stride                
00002d51  kiss_fftr                      
000031c5  kiss_fftr_alloc                
00004491  ldexp                          
00004491  ldexpl                         
00005f31  lseek                          
000058df  ltoa                           
00002fbd  main                           
00005225  malloc                         
000059db  max                            
00006011  memccpy                        
00005ff1  memchr                         
00004de1  memcpy                         
00005139  memset                         
00005d95  minit                          
20006564  msg                            
20006558  parmbuf                        
00004f15  putc                           
00005f05  remove                         
00004491  scalbn                         
00004491  scalbnl                        
00005935  sendReading                    
00004891  setvbuf                        
00001e81  sin                            
00001e81  sinl                           
00003d71  sqrt                           
00003d71  sqrtl                          
00006073  strchr                         
00006045  strcmp                         
0000609d  strcpy                         
000060b1  strlen                         
00005e05  strncpy                        
000064f4  uartConfig                     
00005f05  unlink                         
000060d7  wcslen                         
00005f81  write                          


GLOBAL SYMBOLS: SORTED BY Symbol Address 

address   name                           
-------   ----                           
00000000  __TI_static_base__             
00000000  interruptVectors               
000000e9  __TI_printfi                   
00000b47  ADC14_IRQHandler               
00000b47  AES256_IRQHandler              
00000b47  BusFault_Handler               
00000b47  COMP_E0_IRQHandler             
00000b47  COMP_E1_IRQHandler             
00000b47  CS_IRQHandler                  
00000b47  DMA_ERR_IRQHandler             
00000b47  DMA_INT0_IRQHandler            
00000b47  DMA_INT1_IRQHandler            
00000b47  DMA_INT2_IRQHandler            
00000b47  DMA_INT3_IRQHandler            
00000b47  DebugMon_Handler               
00000b47  Default_Handler                
00000b47  EUSCIA1_IRQHandler             
00000b47  EUSCIA2_IRQHandler             
00000b47  EUSCIA3_IRQHandler             
00000b47  EUSCIB0_IRQHandler             
00000b47  EUSCIB1_IRQHandler             
00000b47  EUSCIB2_IRQHandler             
00000b47  EUSCIB3_IRQHandler             
00000b47  FLCTL_IRQHandler               
00000b47  FPU_IRQHandler                 
00000b47  HardFault_Handler              
00000b47  MemManage_Handler              
00000b47  NMI_Handler                    
00000b47  PCM_IRQHandler                 
00000b47  PORT1_IRQHandler               
00000b47  PORT2_IRQHandler               
00000b47  PORT3_IRQHandler               
00000b47  PORT4_IRQHandler               
00000b47  PORT5_IRQHandler               
00000b47  PORT6_IRQHandler               
00000b47  PSS_IRQHandler                 
00000b47  PendSV_Handler                 
00000b47  RTC_C_IRQHandler               
00000b47  SVC_Handler                    
00000b47  SysTick_Handler                
00000b47  T32_INT1_IRQHandler            
00000b47  T32_INT2_IRQHandler            
00000b47  T32_INTC_IRQHandler            
00000b47  TA0_0_IRQHandler               
00000b47  TA0_N_IRQHandler               
00000b47  TA1_0_IRQHandler               
00000b47  TA1_N_IRQHandler               
00000b47  TA2_0_IRQHandler               
00000b47  TA2_N_IRQHandler               
00000b47  TA3_0_IRQHandler               
00000b47  TA3_N_IRQHandler               
00000b47  UsageFault_Handler             
00000b47  WDT_A_IRQHandler               
00000b49  __kernel_rem_pio2              
000018a5  cos                            
000018a5  cosl                           
00001e81  sin                            
00001e81  sinl                           
00002adf  _nop                           
00002d51  kiss_fftr                      
00002fbd  main                           
000031c5  kiss_fftr_alloc                
0000357b  __aeabi_idiv0                  
0000357b  __aeabi_ldiv0                  
0000374d  __aeabi_dsub                   
00003757  __aeabi_dadd                   
00003905  kiss_fft_alloc                 
00003a91  __kernel_sin                   
00003c05  __kernel_cos                   
00003d71  sqrt                           
00003d71  sqrtl                          
00004005  __aeabi_ddiv                   
0000437d  fputs                          
00004491  ldexp                          
00004491  ldexpl                         
00004491  scalbn                         
00004491  scalbnl                        
0000469d  __aeabi_dmul                   
00004799  floor                          
00004799  floorl                         
00004891  setvbuf                        
00004971  _Qmag                          
00004a49  free                           
00004b21  STD                            
00004ca3  RMS                            
00004de1  __aeabi_memcpy                 
00004de1  __aeabi_memcpy4                
00004de1  __aeabi_memcpy8                
00004de1  memcpy                         
00004e20  __STACK_SIZE                   
00004e7d  __aeabi_uldivmod               
00004f15  fputc                          
00004f15  putc                           
00004fa1  __aeabi_cdcmpeq                
00004fa1  __aeabi_cdcmple                
00005027  __aeabi_cdrcmple               
000050ad  calc_mean                      
00005131  __aeabi_memclr                 
00005131  __aeabi_memclr4                
00005131  __aeabi_memclr8                
00005133  __aeabi_memset                 
00005133  __aeabi_memset4                
00005133  __aeabi_memset8                
00005139  memset                         
000051ad  SystemInit                     
00005225  malloc                         
0000529d  __TI_closefile                 
0000537f  __aeabi_d2f                    
000053ed  HOSTlseek                      
00005455  HOSTrename                     
000054bd  __TI_decompress_lzss           
00005525  kiss_fft_stride                
0000558d  fprintf                        
000055f1  frexp                          
000055f1  frexpl                         
00005655  fseek                          
000056b9  __TI_wrt_ok                    
0000571d  HOSTopen                       
0000577d  close                          
000057d9  HOSTread                       
00005831  HOSTwrite                      
000058df  ltoa                           
00005935  sendReading                    
000059db  max                            
00005a2d  __TI_doflush                   
00005a79  atoi                           
00005ac5  exit                           
00005b0d  __aeabi_d2iz                   
00005b55  EUSCIA0_IRQHandler             
00005b55  EUSCIA0_IRQHandler             
00005b99  HOSTclose                      
00005bdd  HOSTunlink                     
00005c21  __TI_auto_init_nobinit_nopinit 
00005c65  getdevice                      
00005d25  __TI_writemsg                  
00005d53  C$$IO$$                        
00005d5d  _c_int00_noargs                
00005d95  minit                          
00005dcd  __aeabi_f2d                    
00005e05  strncpy                        
00005e3d  __TI_cleanup                   
00005e71  __TI_readmsg                   
00005ea5  finddevice                     
00005ed5  __aeabi_i2d                    
00005f05  remove                         
00005f05  unlink                         
00005f31  lseek                          
00005f81  write                          
00005fa9  CS_setDCOCenteredFrequency     
00005fcd  UART_transmitData              
00005ff1  memchr                         
00006011  memccpy                        
0000602d  WDT_A_holdTimer                
00006045  strcmp                         
0000605d  kiss_fft                       
00006073  strchr                         
00006089  copysign                       
00006089  copysignl                      
0000609d  strcpy                         
000060b1  strlen                         
000060c5  __TI_zero_init_nomemset        
000060d7  wcslen                         
000060e9  __TI_decompress_none           
000060f7  Reset_Handler                  
00006105  __aeabi_errno_addr             
00006111  _system_pre_init               
00006115  C$$EXIT                        
00006115  abort                          
00006118  _Q16sqrt_coeffs                
000061a8  __SYSMEM_SIZE                  
000063f0  _ctypes_                       
000064f4  uartConfig                     
00006588  __TI_Handler_Table_Base        
00006594  __TI_Handler_Table_Limit       
000065a0  __TI_CINIT_Base                
000065b0  __TI_CINIT_Limit               
20000000  _sys_memory                    
200061a8  _ftable                        
20006298  _device                        
20006310  _stream                        
20006360  __TI_ft_end                    
20006364  __aeabi_stdin                  
20006368  __aeabi_stdout                 
2000636c  __aeabi_stderr                 
20006370  __TI_cleanup_ptr               
20006374  __TI_dtors_ptr                 
20006378  __TI_enable_exit_profile_output
20006388  _lock                          
2000638c  _unlock                        
20006390  errno                          
20006394  bytes                          
20006398  __CIOBUF_                      
200064b8  __TI_tmpnams                   
20006558  parmbuf                        
20006560  information_bytes              
20006564  msg                            
2000b1e0  __stack                        
20010000  __STACK_END                    
4000480c  WDTCTL_SYM                     
ffffffff  __TI_pprof_out_hndl            
ffffffff  __TI_prof_data_size            
ffffffff  __TI_prof_data_start           
ffffffff  __binit__                      
ffffffff  __c_args__                     
ffffffff  binit                          
UNDEFED   __mpu_init                     
UNDEFED   _system_post_cinit             

[207 symbols]
