******************************************************************************
                  TI ARM Linker PC v18.1.1                     
******************************************************************************
>> Linked Thu Jun 14 19:09:57 2018

OUTPUT FILE NAME:   <iqmathlib_ex3_fft_MSP_EXP432P401R_nortos_ccs.out>
ENTRY POINT SYMBOL: "_c_int00_noargs"  address: 00003575


MEMORY CONFIGURATION

         name            origin    length      used     unused   attr    fill
----------------------  --------  ---------  --------  --------  ----  --------
  MAIN                  00000000   00040000  000040ce  0003bf32  R  X
  INFO                  00200000   00004000  00000000  00004000  R  X
  SRAM_CODE             01000000   00010000  00000f58  0000f0a8  RW X
  SRAM_DATA             20000000   00010000  00000f58  0000f0a8  RW  


SEGMENT ALLOCATION MAP

run origin  load origin   length   init length attrs members
----------  ----------- ---------- ----------- ----- -------
00000000    00000000    000040d8   000040d8    r-x
  00000000    00000000    000000e4   000000e4    r-- .intvecs
  000000e8    000000e8    0000379c   0000379c    r-x .text
  00003884    00003884    000007b6   000007b6    r-- .const
  00004040    00004040    00000098   00000098    r-- .cinit
20000000    20000000    00000d58   00000000    rw-
  20000000    20000000    00000800   00000000    rw- .sysmem
  20000800    20000800    0000036c   00000000    rw- .bss
  20000b6c    20000b6c    000001ec   00000000    rw- .data
2000fe00    2000fe00    00000200   00000000    rw-
  2000fe00    2000fe00    00000200   00000000    rw- .stack


SECTION ALLOCATION MAP

 output                                  attributes/
section   page    origin      length       input sections
--------  ----  ----------  ----------   ----------------
.intvecs   0    00000000    000000e4     
                  00000000    000000e4     startup_msp432p401r_ccs.obj (.intvecs:retain)

.text      0    000000e8    0000379c     
                  000000e8    00000a5e     rtsv7M4_T_le_v4SPD16_eabi.lib : _printfi.c.obj (.text:__TI_printfi)
                  00000b46    00000002     startup_msp432p401r_ccs.obj (.text:Default_Handler)
                  00000b48    00000270     rtsv7M4_T_le_v4SPD16_eabi.lib : _printfi.c.obj (.text:_pconv_a)
                  00000db8    0000024c     iqmathlib_ex3_fft.obj (.text:main)
                  00001004    00000004     rtsv7M4_T_le_v4SPD16_eabi.lib : printf.c.obj (.text:_outc)
                  00001008    0000020e     QmathLib_CCS_MSP432.lib : _QNtoa.obj (.text:_Q12toa)
                  00001216    00000002     rtsv7M4_T_le_v4SPD16_eabi.lib : _lock.c.obj (.text:_nop)
                  00001218    0000020e     QmathLib_CCS_MSP432.lib : _QNtoa.obj (.text:_Q1toa)
                  00001426    00000002     rtsv7M4_T_le_v4SPD16_eabi.lib : div0.asm.obj (.text)
                  00001428    000001d4     iqmathlib_ex3_fft.obj (.text:cFFT)
                  000015fc    000001d0     rtsv7M4_T_le_v4SPD16_eabi.lib : _printfi.c.obj (.text:_pconv_g)
                  000017cc    000001b6                                   : fd_add_t2.asm.obj (.text)
                  00001982    00000002     --HOLE-- [fill = 0]
                  00001984    0000013c                                   : _printfi.c.obj (.text:_pconv_e)
                  00001ac0    00000136                                   : fd_div_t2.asm.obj (.text)
                  00001bf6    00000002     --HOLE-- [fill = 0]
                  00001bf8    00000120                                   : _printfi.c.obj (.text:fcvt)
                  00001d18    00000114                                   : fputs.c.obj (.text:fputs)
                  00001e2c    00000110                                   : s_scalbn.c.obj (.text:scalbn)
                  00001f3c    000000fc                                   : fd_mul_t2.asm.obj (.text)
                  00002038    000000ee     QmathLib_CCS_MSP432.lib : _QNdiv.obj (.text:_Q12div)
                  00002126    00000002     --HOLE-- [fill = 0]
                  00002128    000000e8     iqmathlib_ex3_fft.obj (.text:cBitReverse)
                  00002210    000000de     QmathLib_CCS_MSP432.lib : _QNsin_cos.obj (.text:_Q12cos)
                  000022ee    00000002     --HOLE-- [fill = 0]
                  000022f0    000000de                             : _QNsin_cos.obj (.text:_Q12sin)
                  000023ce    00000002     --HOLE-- [fill = 0]
                  000023d0    000000dc     rtsv7M4_T_le_v4SPD16_eabi.lib : setvbuf.c.obj (.text:setvbuf)
                  000024ac    00000004                                   : printf.c.obj (.text:_outs)
                  000024b0    000000d8     QmathLib_CCS_MSP432.lib : _QNsqrt.obj (.text:_Qmag)
                  00002588    000000d8     rtsv7M4_T_le_v4SPD16_eabi.lib : memory.c.obj (.text:free)
                  00002660    000000b8     QmathLib_CCS_MSP432.lib : _QNatan2.obj (.text:_Q12atan2)
                  00002718    000000b1     rtsv7M4_T_le_v4SPD16_eabi.lib : _printfi.c.obj (.text:_ltostr)
                  000027c9    00000001     --HOLE-- [fill = 0]
                  000027ca    0000009c                                   : memcpy_t2.asm.obj (.text)
                  00002866    00000096                                   : ull_div_t2.asm.obj (.text)
                  000028fc    0000008c                                   : fputc.c.obj (.text:fputc)
                  00002988    00000086                                   : fd_cmp_t2.asm.obj (.text:__aeabi_cdcmple)
                  00002a0e    00000086                                   : fd_cmp_t2.asm.obj (.text:__aeabi_cdrcmple)
                  00002a94    0000007a                                   : memset_t2.asm.obj (.text)
                  00002b0e    00000002     --HOLE-- [fill = 0]
                  00002b10    00000078     system_msp432p401r.obj (.text:SystemInit)
                  00002b88    00000078     rtsv7M4_T_le_v4SPD16_eabi.lib : memory.c.obj (.text:malloc)
                  00002c00    00000074                                   : fclose.c.obj (.text:__TI_closefile)
                  00002c74    00000004                                   : pre_init.c.obj (.text:_system_pre_init)
                  00002c78    0000006e     QmathLib_CCS_MSP432.lib : _QNdiv.obj (.text:_UQ15div)
                  00002ce6    0000006e     rtsv7M4_T_le_v4SPD16_eabi.lib : _printfi.c.obj (.text:_mcpy)
                  00002d54    00000068                                   : hostlseek.c.obj (.text:HOSTlseek)
                  00002dbc    00000068                                   : hostrename.c.obj (.text:HOSTrename)
                  00002e24    00000068                                   : copy_decompress_lzss.c.obj (.text:decompress:lzss:__TI_decompress_lzss)
                  00002e8c    00000068                                   : printf.c.obj (.text:printf)
                  00002ef4    00000064                                   : s_frexp.c.obj (.text:frexp)
                  00002f58    00000064                                   : fseek.c.obj (.text:fseek)
                  00002fbc    00000062                                   : _io_perm.c.obj (.text:__TI_wrt_ok)
                  0000301e    00000002     --HOLE-- [fill = 0]
                  00003020    00000060                                   : hostopen.c.obj (.text:HOSTopen)
                  00003080    0000005c                                   : close.c.obj (.text:close)
                  000030dc    00000058                                   : hostread.c.obj (.text:HOSTread)
                  00003134    00000058                                   : hostwrite.c.obj (.text:HOSTwrite)
                  0000318c    00000056                                   : _printfi.c.obj (.text:_pconv_f)
                  000031e2    00000054                                   : ltoa.c.obj (.text:ltoa)
                  00003236    00000052                                   : _printfi.c.obj (.text:_ecpy)
                  00003288    0000004c                                   : fflush.c.obj (.text:__TI_doflush)
                  000032d4    0000004c                                   : atoi.c.obj (.text:atoi)
                  00003320    00000048                                   : exit.c.obj (.text:exit)
                  00003368    00000048                                   : fd_toi_t2.asm.obj (.text)
                  000033b0    00000044                                   : hostclose.c.obj (.text:HOSTclose)
                  000033f4    00000044                                   : hostunlink.c.obj (.text:HOSTunlink)
                  00003438    00000044                                   : autoinit.c.obj (.text:__TI_auto_init_nobinit_nopinit:__TI_auto_init_nobinit_nopinit)
                  0000347c    00000044                                   : getdevice.c.obj (.text:getdevice)
                  000034c0    0000003e                                   : _printfi.c.obj (.text:_fcpy)
                  000034fe    00000002     --HOLE-- [fill = 0]
                  00003500    0000003c                                   : memory.c.obj (.text:minsert)
                  0000353c    00000038                                   : trgmsg.c.obj (.text:__TI_writemsg)
                  00003574    00000038                                   : boot_cortex_m.c.obj (.text:_c_int00_noargs:_c_int00_noargs)
                  000035ac    00000038                                   : memory.c.obj (.text:minit)
                  000035e4    00000036                                   : strncpy.c.obj (.text:strncpy)
                  0000361a    00000002     --HOLE-- [fill = 0]
                  0000361c    00000034                                   : fopen.c.obj (.text:__TI_cleanup)
                  00003650    00000034                                   : trgmsg.c.obj (.text:__TI_readmsg)
                  00003684    00000030                                   : getdevice.c.obj (.text:finddevice)
                  000036b4    0000002e                                   : i_tofd_t2.asm.obj (.text)
                  000036e2    00000002     --HOLE-- [fill = 0]
                  000036e4    0000002c                                   : unlink.c.obj (.text:unlink)
                  00003710    00000028                                   : lseek.c.obj (.text:lseek)
                  00003738    00000028                                   : memory.c.obj (.text:mremove)
                  00003760    00000028                                   : write.c.obj (.text:write)
                  00003788    00000020                                   : memchr.c.obj (.text:memchr)
                  000037a8    0000001c                                   : memccpy.c.obj (.text:memccpy)
                  000037c4    00000018                                   : strcmp.c.obj (.text:strcmp)
                  000037dc    00000016                                   : strchr.c.obj (.text:strchr)
                  000037f2    00000014                                   : s_copysign.c.obj (.text:copysign)
                  00003806    00000014                                   : strcpy.c.obj (.text:strcpy)
                  0000381a    00000014                                   : strlen.c.obj (.text:strlen)
                  0000382e    00000012                                   : copy_zero_init.c.obj (.text:decompress:ZI:__TI_zero_init_nomemset:__TI_zero_init_nomemset)
                  00003840    00000012                                   : wcslen.c.obj (.text:wcslen)
                  00003852    0000000e                                   : copy_decompress_none.c.obj (.text:decompress:none:__TI_decompress_none)
                  00003860    0000000c     startup_msp432p401r_ccs.obj (.text:Reset_Handler)
                  0000386c    00000004     rtsv7M4_T_le_v4SPD16_eabi.lib : exit.c.obj (.text:abort:abort)
                  00003870    0000000a     QmathLib_CCS_MSP432.lib : _QNmpy.obj (.text:_Q12mpy)
                  0000387a    00000002     --HOLE-- [fill = 0]
                  0000387c    00000008     rtsv7M4_T_le_v4SPD16_eabi.lib : errno.c.obj (.text:__aeabi_errno_addr)

.const     0    00003884    000007b6     
                  00003884    00000200     QmathLib_CCS_MSP432.lib : _QNtables.obj (.const:_Q16div_coeffs)
                  00003a84    00000180                             : _QNtables.obj (.const:_Q16sqrt_coeffs)
                  00003c04    00000108                             : _QNtables.obj (.const:_Q16atan_coeffs)
                  00003d0c    00000101     rtsv7M4_T_le_v4SPD16_eabi.lib : ctype.c.obj (.const:.string:_ctypes_)
                  00003e0d    00000100     iqmathlib_ex3_fft.obj (.const:.string:ui8BitRevLUT)
                  00003f0d    00000003     --HOLE-- [fill = 0]
                  00003f10    0000006c     QmathLib_CCS_MSP432.lib : _QNtables.obj (.const:_QNCosLookup)
                  00003f7c    0000006c                             : _QNtables.obj (.const:_QNSinLookup)
                  00003fe8    00000040                             : _QNtables.obj (.const:_QNCos2Lookup)
                  00004028    00000012     iqmathlib_ex3_fft.obj (.const:signals)

.cinit     0    00004040    00000098     
                  00004040    00000071     (.cinit..data.load) [load image, compression = lzss]
                  000040b1    00000003     --HOLE-- [fill = 0]
                  000040b4    0000000c     (__TI_handler_table)
                  000040c0    00000008     (.cinit..bss.load) [load image, compression = zero_init]
                  000040c8    00000010     (__TI_cinit_table)

.init_array 
*          0    00000000    00000000     UNINITIALIZED

.binit     0    00000000    00000000     

.sysmem    0    20000000    00000800     UNINITIALIZED
                  20000000    00000008     rtsv7M4_T_le_v4SPD16_eabi.lib : memory.c.obj (.sysmem)
                  20000008    000007f8     --HOLE--

.bss       0    20000800    0000036c     UNINITIALIZED
                  20000800    00000120     rtsv7M4_T_le_v4SPD16_eabi.lib : trgmsg.c.obj (.bss:_CIOBUF_)
                  20000920    00000100     (.common:qInput)
                  20000a20    000000a0     (.common:__TI_tmpnams)
                  20000ac0    00000040     (.common:qMag)
                  20000b00    00000040     (.common:qPhase)
                  20000b40    0000000c     (.common:cFrequencyBuffer)
                  20000b4c    0000000c     (.common:cMagBuffer)
                  20000b58    0000000c     (.common:cPhaseBuffer)
                  20000b64    00000008     (.common:parmbuf)

.data      0    20000b6c    000001ec     UNINITIALIZED
                  20000b6c    000000f0     rtsv7M4_T_le_v4SPD16_eabi.lib : defs.c.obj (.data:_ftable)
                  20000c5c    00000078                                   : write.c.obj (.data:_device)
                  20000cd4    00000050                                   : write.c.obj (.data:_stream)
                  20000d24    00000010                                   : defs.c.obj (.data)
                  20000d34    0000000c                                   : exit.c.obj (.data:$O1$$)
                  20000d40    0000000c                                   : memory.c.obj (.data:$O1$$)
                  20000d4c    00000008                                   : _lock.c.obj (.data:$O1$$)
                  20000d54    00000004                                   : errno.c.obj (.data)

.stack     0    2000fe00    00000200     UNINITIALIZED
                  2000fe00    00000004     rtsv7M4_T_le_v4SPD16_eabi.lib : boot_cortex_m.c.obj (.stack)
                  2000fe04    000001fc     --HOLE--

MODULE SUMMARY

       Module                        code    ro data   rw data
       ------                        ----    -------   -------
    .\
       iqmathlib_ex3_fft.obj         1288    274       840    
       system_msp432p401r.obj        120     0         0      
    +--+-----------------------------+-------+---------+---------+
       Total:                        1408    274       840    
                                                              
    .\ccs\
       startup_msp432p401r_ccs.obj   14      228       0      
    +--+-----------------------------+-------+---------+---------+
       Total:                        14      228       0      
                                                              
    C:/ti/simplelink_msp432p4_sdk_2_10_00_14/source/ti/iqmathlib/ccs/QmathLib_CCS_MSP432.lib
       _QNtables.obj                 0       1440      0      
       _QNtoa.obj                    1052    0         0      
       _QNsin_cos.obj                444     0         0      
       _QNdiv.obj                    348     0         0      
       _QNsqrt.obj                   216     0         0      
       _QNatan2.obj                  184     0         0      
       _QNmpy.obj                    10      0         0      
    +--+-----------------------------+-------+---------+---------+
       Total:                        2254    1440      0      
                                                              
    C:\ti\ccsv8\tools\compiler\ti-cgt-arm_18.1.1.LTS\lib\rtsv7M4_T_le_v4SPD16_eabi.lib
       _printfi.c.obj                4863    0         0      
       defs.c.obj                    0       0         832    
       trgmsg.c.obj                  108     0         576    
       memory.c.obj                  492     0         24     
       write.c.obj                   40      0         400    
       fd_add_t2.asm.obj             438     0         0      
       fd_div_t2.asm.obj             310     0         0      
       fputs.c.obj                   276     0         0      
       s_scalbn.c.obj                272     0         0      
       fd_cmp_t2.asm.obj             268     0         0      
       ctype.c.obj                   0       257       0      
       fd_mul_t2.asm.obj             252     0         0      
       setvbuf.c.obj                 220     0         0      
       memcpy_t2.asm.obj             156     0         0      
       ull_div_t2.asm.obj            150     0         0      
       fputc.c.obj                   140     0         0      
       memset_t2.asm.obj             122     0         0      
       fclose.c.obj                  116     0         0      
       getdevice.c.obj               116     0         0      
       hostopen.c.obj                96      0         16     
       printf.c.obj                  112     0         0      
       copy_decompress_lzss.c.obj    104     0         0      
       hostlseek.c.obj               104     0         0      
       hostrename.c.obj              104     0         0      
       exit.c.obj                    76      0         24     
       fseek.c.obj                   100     0         0      
       s_frexp.c.obj                 100     0         0      
       _io_perm.c.obj                98      0         0      
       close.c.obj                   92      0         0      
       hostread.c.obj                88      0         0      
       hostwrite.c.obj               88      0         0      
       ltoa.c.obj                    84      0         0      
       atoi.c.obj                    76      0         0      
       fflush.c.obj                  76      0         0      
       fd_toi_t2.asm.obj             72      0         0      
       autoinit.c.obj                68      0         0      
       hostclose.c.obj               68      0         0      
       hostunlink.c.obj              68      0         0      
       boot_cortex_m.c.obj           56      0         0      
       strncpy.c.obj                 54      0         0      
       fopen.c.obj                   52      0         0      
       i_tofd_t2.asm.obj             46      0         0      
       unlink.c.obj                  44      0         0      
       lseek.c.obj                   40      0         0      
       memchr.c.obj                  32      0         0      
       memccpy.c.obj                 28      0         0      
       strcmp.c.obj                  24      0         0      
       strchr.c.obj                  22      0         0      
       s_copysign.c.obj              20      0         0      
       strcpy.c.obj                  20      0         0      
       strlen.c.obj                  20      0         0      
       _lock.c.obj                   2       0         16     
       copy_zero_init.c.obj          18      0         0      
       wcslen.c.obj                  18      0         0      
       errno.c.obj                   8       0         8      
       copy_decompress_none.c.obj    14      0         0      
       pre_init.c.obj                4       0         0      
       div0.asm.obj                  2       0         0      
    +--+-----------------------------+-------+---------+---------+
       Total:                        10537   257       1896   
                                                              
       Heap:                         0       0         4096   
       Stack:                        0       0         1024   
       Linker Generated:             0       149       0      
    +--+-----------------------------+-------+---------+---------+
       Grand Total:                  14213   2348      7856   


LINKER GENERATED COPY TABLES

__TI_cinit_table @ 000040c8 records: 2, size/record: 8, table size: 16
	.data: load addr=00004040, load size=00000071 bytes, run addr=20000b6c, run size=000001ec bytes, compression=lzss
	.bss: load addr=000040c0, load size=00000008 bytes, run addr=20000800, run size=0000036c bytes, compression=zero_init


LINKER GENERATED HANDLER TABLE

__TI_handler_table @ 000040b4 records: 3, size/record: 4, table size: 12
	index: 0, handler: __TI_decompress_lzss
	index: 1, handler: __TI_decompress_none
	index: 2, handler: __TI_zero_init


GLOBAL SYMBOLS: SORTED ALPHABETICALLY BY Name 

address   name                           
-------   ----                           
00000b47  ADC14_IRQHandler               
00000b47  AES256_IRQHandler              
00000b47  BusFault_Handler               
0000386d  C$$EXIT                        
0000356b  C$$IO$$                        
00000b47  COMP_E0_IRQHandler             
00000b47  COMP_E1_IRQHandler             
00000b47  CS_IRQHandler                  
00000b47  DMA_ERR_IRQHandler             
00000b47  DMA_INT0_IRQHandler            
00000b47  DMA_INT1_IRQHandler            
00000b47  DMA_INT2_IRQHandler            
00000b47  DMA_INT3_IRQHandler            
00000b47  DebugMon_Handler               
00000b47  Default_Handler                
00000b47  EUSCIA0_IRQHandler             
00000b47  EUSCIA1_IRQHandler             
00000b47  EUSCIA2_IRQHandler             
00000b47  EUSCIA3_IRQHandler             
00000b47  EUSCIB0_IRQHandler             
00000b47  EUSCIB1_IRQHandler             
00000b47  EUSCIB2_IRQHandler             
00000b47  EUSCIB3_IRQHandler             
00000b47  FLCTL_IRQHandler               
00000b47  FPU_IRQHandler                 
000033b1  HOSTclose                      
00002d55  HOSTlseek                      
00003021  HOSTopen                       
000030dd  HOSTread                       
00002dbd  HOSTrename                     
000033f5  HOSTunlink                     
00003135  HOSTwrite                      
00000b47  HardFault_Handler              
00000b47  MemManage_Handler              
00000b47  NMI_Handler                    
00000b47  PCM_IRQHandler                 
00000b47  PORT1_IRQHandler               
00000b47  PORT2_IRQHandler               
00000b47  PORT3_IRQHandler               
00000b47  PORT4_IRQHandler               
00000b47  PORT5_IRQHandler               
00000b47  PORT6_IRQHandler               
00000b47  PSS_IRQHandler                 
00000b47  PendSV_Handler                 
00000b47  RTC_C_IRQHandler               
00003861  Reset_Handler                  
00000b47  SVC_Handler                    
00000b47  SysTick_Handler                
00002b11  SystemInit                     
00000b47  T32_INT1_IRQHandler            
00000b47  T32_INT2_IRQHandler            
00000b47  T32_INTC_IRQHandler            
00000b47  TA0_0_IRQHandler               
00000b47  TA0_N_IRQHandler               
00000b47  TA1_0_IRQHandler               
00000b47  TA1_N_IRQHandler               
00000b47  TA2_0_IRQHandler               
00000b47  TA2_N_IRQHandler               
00000b47  TA3_0_IRQHandler               
00000b47  TA3_N_IRQHandler               
00000b47  UsageFault_Handler             
4000480c  WDTCTL_SYM                     
00000b47  WDT_A_IRQHandler               
00002661  _Q12atan2                      
00002211  _Q12cos                        
00002039  _Q12div                        
00003871  _Q12mpy                        
000022f1  _Q12sin                        
00001009  _Q12toa                        
00003c04  _Q16atan_coeffs                
00003884  _Q16div_coeffs                 
00003a84  _Q16sqrt_coeffs                
00001219  _Q1toa                         
00003fe8  _QNCos2Lookup                  
00003f10  _QNCosLookup                   
00003f7c  _QNSinLookup                   
000024b1  _Qmag                          
00002c79  _UQ15div                       
20000800  __CIOBUF_                      
20010000  __STACK_END                    
00000200  __STACK_SIZE                   
00000800  __SYSMEM_SIZE                  
000040c8  __TI_CINIT_Base                
000040d8  __TI_CINIT_Limit               
000040b4  __TI_Handler_Table_Base        
000040c0  __TI_Handler_Table_Limit       
00003439  __TI_auto_init_nobinit_nopinit 
0000361d  __TI_cleanup                   
20000d34  __TI_cleanup_ptr               
00002c01  __TI_closefile                 
00002e25  __TI_decompress_lzss           
00003853  __TI_decompress_none           
00003289  __TI_doflush                   
20000d38  __TI_dtors_ptr                 
20000d3c  __TI_enable_exit_profile_output
20000d24  __TI_ft_end                    
ffffffff  __TI_pprof_out_hndl            
000000e9  __TI_printfi                   
ffffffff  __TI_prof_data_size            
ffffffff  __TI_prof_data_start           
00003651  __TI_readmsg                   
00000000  __TI_static_base__             
20000a20  __TI_tmpnams                   
0000353d  __TI_writemsg                  
00002fbd  __TI_wrt_ok                    
0000382f  __TI_zero_init_nomemset        
00002989  __aeabi_cdcmpeq                
00002989  __aeabi_cdcmple                
00002a0f  __aeabi_cdrcmple               
00003369  __aeabi_d2iz                   
000017d7  __aeabi_dadd                   
00001ac1  __aeabi_ddiv                   
00001f3d  __aeabi_dmul                   
000017cd  __aeabi_dsub                   
0000387d  __aeabi_errno_addr             
000036b5  __aeabi_i2d                    
00001427  __aeabi_idiv0                  
00001427  __aeabi_ldiv0                  
00002a95  __aeabi_memclr                 
00002a95  __aeabi_memclr4                
00002a95  __aeabi_memclr8                
000027cb  __aeabi_memcpy                 
000027cb  __aeabi_memcpy4                
000027cb  __aeabi_memcpy8                
00002a97  __aeabi_memset                 
00002a97  __aeabi_memset4                
00002a97  __aeabi_memset8                
20000d30  __aeabi_stderr                 
20000d28  __aeabi_stdin                  
20000d2c  __aeabi_stdout                 
00002867  __aeabi_uldivmod               
ffffffff  __binit__                      
ffffffff  __c_args__                     
UNDEFED   __mpu_init                     
2000fe00  __stack                        
00003575  _c_int00_noargs                
00003d0c  _ctypes_                       
20000c5c  _device                        
20000b6c  _ftable                        
20000d4c  _lock                          
00001217  _nop                           
20000cd4  _stream                        
20000000  _sys_memory                    
UNDEFED   _system_post_cinit             
00002c75  _system_pre_init               
20000d50  _unlock                        
0000386d  abort                          
000032d5  atoi                           
ffffffff  binit                          
00002129  cBitReverse                    
00001429  cFFT                           
20000b40  cFrequencyBuffer               
20000b4c  cMagBuffer                     
20000b58  cPhaseBuffer                   
00003081  close                          
000037f3  copysign                       
000037f3  copysignl                      
20000d54  errno                          
00003321  exit                           
00003685  finddevice                     
000028fd  fputc                          
00001d19  fputs                          
00002589  free                           
00002ef5  frexp                          
00002ef5  frexpl                         
00002f59  fseek                          
0000347d  getdevice                      
00000000  interruptVectors               
00001e2d  ldexp                          
00001e2d  ldexpl                         
00003711  lseek                          
000031e3  ltoa                           
00000db9  main                           
00002b89  malloc                         
000037a9  memccpy                        
00003789  memchr                         
000027cb  memcpy                         
00002a9d  memset                         
000035ad  minit                          
20000b64  parmbuf                        
00002e8d  printf                         
000028fd  putc                           
20000920  qInput                         
20000ac0  qMag                           
20000b00  qPhase                         
000036e5  remove                         
00001e2d  scalbn                         
00001e2d  scalbnl                        
000023d1  setvbuf                        
00004028  signals                        
000037dd  strchr                         
000037c5  strcmp                         
00003807  strcpy                         
0000381b  strlen                         
000035e5  strncpy                        
00003e0d  ui8BitRevLUT                   
000036e5  unlink                         
00003841  wcslen                         
00003761  write                          


GLOBAL SYMBOLS: SORTED BY Symbol Address 

address   name                           
-------   ----                           
00000000  __TI_static_base__             
00000000  interruptVectors               
000000e9  __TI_printfi                   
00000200  __STACK_SIZE                   
00000800  __SYSMEM_SIZE                  
00000b47  ADC14_IRQHandler               
00000b47  AES256_IRQHandler              
00000b47  BusFault_Handler               
00000b47  COMP_E0_IRQHandler             
00000b47  COMP_E1_IRQHandler             
00000b47  CS_IRQHandler                  
00000b47  DMA_ERR_IRQHandler             
00000b47  DMA_INT0_IRQHandler            
00000b47  DMA_INT1_IRQHandler            
00000b47  DMA_INT2_IRQHandler            
00000b47  DMA_INT3_IRQHandler            
00000b47  DebugMon_Handler               
00000b47  Default_Handler                
00000b47  EUSCIA0_IRQHandler             
00000b47  EUSCIA1_IRQHandler             
00000b47  EUSCIA2_IRQHandler             
00000b47  EUSCIA3_IRQHandler             
00000b47  EUSCIB0_IRQHandler             
00000b47  EUSCIB1_IRQHandler             
00000b47  EUSCIB2_IRQHandler             
00000b47  EUSCIB3_IRQHandler             
00000b47  FLCTL_IRQHandler               
00000b47  FPU_IRQHandler                 
00000b47  HardFault_Handler              
00000b47  MemManage_Handler              
00000b47  NMI_Handler                    
00000b47  PCM_IRQHandler                 
00000b47  PORT1_IRQHandler               
00000b47  PORT2_IRQHandler               
00000b47  PORT3_IRQHandler               
00000b47  PORT4_IRQHandler               
00000b47  PORT5_IRQHandler               
00000b47  PORT6_IRQHandler               
00000b47  PSS_IRQHandler                 
00000b47  PendSV_Handler                 
00000b47  RTC_C_IRQHandler               
00000b47  SVC_Handler                    
00000b47  SysTick_Handler                
00000b47  T32_INT1_IRQHandler            
00000b47  T32_INT2_IRQHandler            
00000b47  T32_INTC_IRQHandler            
00000b47  TA0_0_IRQHandler               
00000b47  TA0_N_IRQHandler               
00000b47  TA1_0_IRQHandler               
00000b47  TA1_N_IRQHandler               
00000b47  TA2_0_IRQHandler               
00000b47  TA2_N_IRQHandler               
00000b47  TA3_0_IRQHandler               
00000b47  TA3_N_IRQHandler               
00000b47  UsageFault_Handler             
00000b47  WDT_A_IRQHandler               
00000db9  main                           
00001009  _Q12toa                        
00001217  _nop                           
00001219  _Q1toa                         
00001427  __aeabi_idiv0                  
00001427  __aeabi_ldiv0                  
00001429  cFFT                           
000017cd  __aeabi_dsub                   
000017d7  __aeabi_dadd                   
00001ac1  __aeabi_ddiv                   
00001d19  fputs                          
00001e2d  ldexp                          
00001e2d  ldexpl                         
00001e2d  scalbn                         
00001e2d  scalbnl                        
00001f3d  __aeabi_dmul                   
00002039  _Q12div                        
00002129  cBitReverse                    
00002211  _Q12cos                        
000022f1  _Q12sin                        
000023d1  setvbuf                        
000024b1  _Qmag                          
00002589  free                           
00002661  _Q12atan2                      
000027cb  __aeabi_memcpy                 
000027cb  __aeabi_memcpy4                
000027cb  __aeabi_memcpy8                
000027cb  memcpy                         
00002867  __aeabi_uldivmod               
000028fd  fputc                          
000028fd  putc                           
00002989  __aeabi_cdcmpeq                
00002989  __aeabi_cdcmple                
00002a0f  __aeabi_cdrcmple               
00002a95  __aeabi_memclr                 
00002a95  __aeabi_memclr4                
00002a95  __aeabi_memclr8                
00002a97  __aeabi_memset                 
00002a97  __aeabi_memset4                
00002a97  __aeabi_memset8                
00002a9d  memset                         
00002b11  SystemInit                     
00002b89  malloc                         
00002c01  __TI_closefile                 
00002c75  _system_pre_init               
00002c79  _UQ15div                       
00002d55  HOSTlseek                      
00002dbd  HOSTrename                     
00002e25  __TI_decompress_lzss           
00002e8d  printf                         
00002ef5  frexp                          
00002ef5  frexpl                         
00002f59  fseek                          
00002fbd  __TI_wrt_ok                    
00003021  HOSTopen                       
00003081  close                          
000030dd  HOSTread                       
00003135  HOSTwrite                      
000031e3  ltoa                           
00003289  __TI_doflush                   
000032d5  atoi                           
00003321  exit                           
00003369  __aeabi_d2iz                   
000033b1  HOSTclose                      
000033f5  HOSTunlink                     
00003439  __TI_auto_init_nobinit_nopinit 
0000347d  getdevice                      
0000353d  __TI_writemsg                  
0000356b  C$$IO$$                        
00003575  _c_int00_noargs                
000035ad  minit                          
000035e5  strncpy                        
0000361d  __TI_cleanup                   
00003651  __TI_readmsg                   
00003685  finddevice                     
000036b5  __aeabi_i2d                    
000036e5  remove                         
000036e5  unlink                         
00003711  lseek                          
00003761  write                          
00003789  memchr                         
000037a9  memccpy                        
000037c5  strcmp                         
000037dd  strchr                         
000037f3  copysign                       
000037f3  copysignl                      
00003807  strcpy                         
0000381b  strlen                         
0000382f  __TI_zero_init_nomemset        
00003841  wcslen                         
00003853  __TI_decompress_none           
00003861  Reset_Handler                  
0000386d  C$$EXIT                        
0000386d  abort                          
00003871  _Q12mpy                        
0000387d  __aeabi_errno_addr             
00003884  _Q16div_coeffs                 
00003a84  _Q16sqrt_coeffs                
00003c04  _Q16atan_coeffs                
00003d0c  _ctypes_                       
00003e0d  ui8BitRevLUT                   
00003f10  _QNCosLookup                   
00003f7c  _QNSinLookup                   
00003fe8  _QNCos2Lookup                  
00004028  signals                        
000040b4  __TI_Handler_Table_Base        
000040c0  __TI_Handler_Table_Limit       
000040c8  __TI_CINIT_Base                
000040d8  __TI_CINIT_Limit               
20000000  _sys_memory                    
20000800  __CIOBUF_                      
20000920  qInput                         
20000a20  __TI_tmpnams                   
20000ac0  qMag                           
20000b00  qPhase                         
20000b40  cFrequencyBuffer               
20000b4c  cMagBuffer                     
20000b58  cPhaseBuffer                   
20000b64  parmbuf                        
20000b6c  _ftable                        
20000c5c  _device                        
20000cd4  _stream                        
20000d24  __TI_ft_end                    
20000d28  __aeabi_stdin                  
20000d2c  __aeabi_stdout                 
20000d30  __aeabi_stderr                 
20000d34  __TI_cleanup_ptr               
20000d38  __TI_dtors_ptr                 
20000d3c  __TI_enable_exit_profile_output
20000d4c  _lock                          
20000d50  _unlock                        
20000d54  errno                          
2000fe00  __stack                        
20010000  __STACK_END                    
4000480c  WDTCTL_SYM                     
ffffffff  __TI_pprof_out_hndl            
ffffffff  __TI_prof_data_size            
ffffffff  __TI_prof_data_start           
ffffffff  __binit__                      
ffffffff  __c_args__                     
ffffffff  binit                          
UNDEFED   __mpu_init                     
UNDEFED   _system_post_cinit             

[199 symbols]
