******************************************************************************
                  TI ARM Linker PC v18.1.1                     
******************************************************************************
>> Linked Thu Jun 14 16:42:17 2018

OUTPUT FILE NAME:   <adc14_single_channel_external_reference_MSP_EXP432P401R_nortos_ccs.out>
ENTRY POINT SYMBOL: "_c_int00_noargs"  address: 000004f1


MEMORY CONFIGURATION

         name            origin    length      used     unused   attr    fill
----------------------  --------  ---------  --------  --------  ----  --------
  MAIN                  00000000   00040000  000007f4  0003f80c  R  X
  INFO                  00200000   00004000  00000000  00004000  R  X
  SRAM_CODE             01000000   00010000  00000202  0000fdfe  RW X
  SRAM_DATA             20000000   00010000  00000202  0000fdfe  RW  


SEGMENT ALLOCATION MAP

run origin  load origin   length   init length attrs members
----------  ----------- ---------- ----------- ----- -------
00000000    00000000    000007f4   000007f4    r-x
  00000000    00000000    000000e4   000000e4    r-- .intvecs
  000000e4    000000e4    00000644   00000644    r-x .text
  00000728    00000728    000000b8   000000b8    r-- .const
  000007e0    000007e0    00000014   00000014    r-- .cinit
20000000    20000000    00000002   00000000    rw-
  20000000    20000000    00000002   00000000    rw- .bss
2000fe00    2000fe00    00000200   00000000    rw-
  2000fe00    2000fe00    00000200   00000000    rw- .stack


SECTION ALLOCATION MAP

 output                                  attributes/
section   page    origin      length       input sections
--------  ----  ----------  ----------   ----------------
.intvecs   0    00000000    000000e4     
                  00000000    000000e4     startup_msp432p401r_ccs.obj (.intvecs:retain)

.text      0    000000e4    00000644     
                  000000e4    00000154     msp432p4xx_driverlib.lib : adc14_MSP432P4XX.obj (.text:_getIndexForMemRegister)
                  00000238    00000078     system_msp432p401r.obj (.text:SystemInit)
                  000002b0    0000006c     msp432p4xx_driverlib.lib : adc14_MSP432P4XX.obj (.text:ADC14_configureConversionMemory)
                  0000031c    00000064                              : interrupt_MSP432P4XX.obj (.text:Interrupt_enableInterrupt)
                  00000380    00000062     adc14_single_channel_external_reference.obj (.text:main)
                  000003e2    00000002     startup_msp432p401r_ccs.obj (.text:Default_Handler)
                  000003e4    0000004c     msp432p4xx_driverlib.lib : gpio_MSP432P4XX.obj (.text:GPIO_setAsPeripheralModuleFunctionInputPin)
                  00000430    00000044                              : adc14_MSP432P4XX.obj (.text:ADC14_configureSingleSampleMode)
                  00000474    00000044     rtsv7M4_T_le_v4SPD16_eabi.lib : autoinit.c.obj (.text:__TI_auto_init_nobinit_nopinit:__TI_auto_init_nobinit_nopinit)
                  000004b8    00000038     msp432p4xx_driverlib.lib : adc14_MSP432P4XX.obj (.text:ADC14_initModule)
                  000004f0    00000038     rtsv7M4_T_le_v4SPD16_eabi.lib : boot_cortex_m.c.obj (.text:_c_int00_noargs:_c_int00_noargs)
                  00000528    00000034     adc14_single_channel_external_reference.obj (.text:ADC14_IRQHandler)
                  0000055c    0000002c     msp432p4xx_driverlib.lib : adc14_MSP432P4XX.obj (.text:ADC14_enableConversion)
                  00000588    00000028                              : adc14_MSP432P4XX.obj (.text:ADC14_enableSampleTimer)
                  000005b0    00000028                              : adc14_MSP432P4XX.obj (.text:ADC14_getEnabledInterruptStatus)
                  000005d8    00000028                              : pcm_MSP432P4XX.obj (.text:PCM_gotoLPM0)
                  00000600    00000020                              : adc14_MSP432P4XX.obj (.text:ADC14_enableInterrupt)
                  00000620    00000020                              : adc14_MSP432P4XX.obj (.text:ADC14_toggleConversionTrigger)
                  00000640    0000001c                              : adc14_MSP432P4XX.obj (.text:ADC14_clearInterruptFlag)
                  0000065c    0000001c                              : adc14_MSP432P4XX.obj (.text:ADC14_getInterruptStatus)
                  00000678    00000018                              : adc14_MSP432P4XX.obj (.text:ADC14_getResult)
                  00000690    00000018                              : wdt_a_MSP432P4XX.obj (.text:WDT_A_holdTimer)
                  000006a8    00000014                              : adc14_MSP432P4XX.obj (.text:ADCIsConversionRunning)
                  000006bc    00000014                              : interrupt_MSP432P4XX.obj (.text:Interrupt_enableSleepOnIsrExit)
                  000006d0    00000012     rtsv7M4_T_le_v4SPD16_eabi.lib : copy_zero_init.c.obj (.text:decompress:ZI:__TI_zero_init_nomemset:__TI_zero_init_nomemset)
                  000006e2    00000002     --HOLE-- [fill = 0]
                  000006e4    00000010     msp432p4xx_driverlib.lib : adc14_MSP432P4XX.obj (.text:ADC14_enableModule)
                  000006f4    00000010                              : interrupt_MSP432P4XX.obj (.text:Interrupt_enableMaster)
                  00000704    0000000c                              : cpu_MSP432P4XX.obj (.text:CPU_cpsie)
                  00000710    0000000c     startup_msp432p401r_ccs.obj (.text:Reset_Handler)
                  0000071c    00000004     msp432p4xx_driverlib.lib : cpu_MSP432P4XX.obj (.text:CPU_wfi)
                  00000720    00000004     rtsv7M4_T_le_v4SPD16_eabi.lib : pre_init.c.obj (.text:_system_pre_init)
                  00000724    00000004                                   : exit.c.obj (.text:abort:abort)

.const     0    00000728    000000b8     
                  00000728    00000080     msp432p4xx_driverlib.lib : adc14_MSP432P4XX.obj (.const:_ctlRegs)
                  000007a8    00000030                              : gpio_MSP432P4XX.obj (.const:GPIO_PORT_TO_BASE)
                  000007d8    00000008                              : interrupt_MSP432P4XX.obj (.const:g_pulEnRegs)

.cinit     0    000007e0    00000014     
                  000007e0    00000008     (.cinit..bss.load) [load image, compression = zero_init]
                  000007e8    00000004     (__TI_handler_table)
                  000007ec    00000008     (__TI_cinit_table)

.init_array 
*          0    00000000    00000000     UNINITIALIZED

.binit     0    00000000    00000000     

.bss       0    20000000    00000002     UNINITIALIZED
                  20000000    00000002     (.common:adcResult)

.stack     0    2000fe00    00000200     UNINITIALIZED
                  2000fe00    00000004     rtsv7M4_T_le_v4SPD16_eabi.lib : boot_cortex_m.c.obj (.stack)
                  2000fe04    000001fc     --HOLE--

MODULE SUMMARY

       Module                                        code   ro data   rw data
       ------                                        ----   -------   -------
    .\
       adc14_single_channel_external_reference.obj   150    0         4      
       system_msp432p401r.obj                        120    0         0      
    +--+---------------------------------------------+------+---------+---------+
       Total:                                        270    0         4      
                                                                             
    .\ccs\
       startup_msp432p401r_ccs.obj                   14     228       0      
    +--+---------------------------------------------+------+---------+---------+
       Total:                                        14     228       0      
                                                                             
    C:/ti/simplelink_msp432p4_sdk_2_10_00_14/source/ti/devices/msp432p4xx/driverlib/ccs/msp432p4xx_driverlib.lib
       adc14_MSP432P4XX.obj                          876    128       0      
       interrupt_MSP432P4XX.obj                      136    8         0      
       gpio_MSP432P4XX.obj                           76     48        0      
       pcm_MSP432P4XX.obj                            40     0         0      
       wdt_a_MSP432P4XX.obj                          24     0         0      
       cpu_MSP432P4XX.obj                            16     0         0      
    +--+---------------------------------------------+------+---------+---------+
       Total:                                        1168   184       0      
                                                                             
    C:\ti\ccsv8\tools\compiler\ti-cgt-arm_18.1.1.LTS\lib\rtsv7M4_T_le_v4SPD16_eabi.lib
       autoinit.c.obj                                68     0         0      
       boot_cortex_m.c.obj                           56     0         0      
       copy_zero_init.c.obj                          18     0         0      
       exit.c.obj                                    4      0         0      
       pre_init.c.obj                                4      0         0      
    +--+---------------------------------------------+------+---------+---------+
       Total:                                        150    0         0      
                                                                             
       Stack:                                        0      0         1024   
       Linker Generated:                             0      20        0      
    +--+---------------------------------------------+------+---------+---------+
       Grand Total:                                  1602   432       1028   


LINKER GENERATED COPY TABLES

__TI_cinit_table @ 000007ec records: 1, size/record: 8, table size: 8
	.bss: load addr=000007e0, load size=00000008 bytes, run addr=20000000, run size=00000002 bytes, compression=zero_init


LINKER GENERATED HANDLER TABLE

__TI_handler_table @ 000007e8 records: 1, size/record: 4, table size: 4
	index: 0, handler: __TI_zero_init


GLOBAL SYMBOLS: SORTED ALPHABETICALLY BY Name 

address   name                                      
-------   ----                                      
00000529  ADC14_IRQHandler                          
00000529  ADC14_IRQHandler                          
00000641  ADC14_clearInterruptFlag                  
000002b1  ADC14_configureConversionMemory           
00000431  ADC14_configureSingleSampleMode           
0000055d  ADC14_enableConversion                    
00000601  ADC14_enableInterrupt                     
000006e5  ADC14_enableModule                        
00000589  ADC14_enableSampleTimer                   
000005b1  ADC14_getEnabledInterruptStatus           
0000065d  ADC14_getInterruptStatus                  
00000679  ADC14_getResult                           
000004b9  ADC14_initModule                          
00000621  ADC14_toggleConversionTrigger             
000003e3  AES256_IRQHandler                         
000003e3  BusFault_Handler                          
00000725  C$$EXIT                                   
000003e3  COMP_E0_IRQHandler                        
000003e3  COMP_E1_IRQHandler                        
00000705  CPU_cpsie                                 
0000071d  CPU_wfi                                   
000003e3  CS_IRQHandler                             
000003e3  DMA_ERR_IRQHandler                        
000003e3  DMA_INT0_IRQHandler                       
000003e3  DMA_INT1_IRQHandler                       
000003e3  DMA_INT2_IRQHandler                       
000003e3  DMA_INT3_IRQHandler                       
000003e3  DebugMon_Handler                          
000003e3  Default_Handler                           
000003e3  EUSCIA0_IRQHandler                        
000003e3  EUSCIA1_IRQHandler                        
000003e3  EUSCIA2_IRQHandler                        
000003e3  EUSCIA3_IRQHandler                        
000003e3  EUSCIB0_IRQHandler                        
000003e3  EUSCIB1_IRQHandler                        
000003e3  EUSCIB2_IRQHandler                        
000003e3  EUSCIB3_IRQHandler                        
000003e3  FLCTL_IRQHandler                          
000003e3  FPU_IRQHandler                            
000003e5  GPIO_setAsPeripheralModuleFunctionInputPin
000003e3  HardFault_Handler                         
0000031d  Interrupt_enableInterrupt                 
000006f5  Interrupt_enableMaster                    
000006bd  Interrupt_enableSleepOnIsrExit            
000003e3  MemManage_Handler                         
000003e3  NMI_Handler                               
000003e3  PCM_IRQHandler                            
000005d9  PCM_gotoLPM0                              
000003e3  PORT1_IRQHandler                          
000003e3  PORT2_IRQHandler                          
000003e3  PORT3_IRQHandler                          
000003e3  PORT4_IRQHandler                          
000003e3  PORT5_IRQHandler                          
000003e3  PORT6_IRQHandler                          
000003e3  PSS_IRQHandler                            
000003e3  PendSV_Handler                            
000003e3  RTC_C_IRQHandler                          
00000711  Reset_Handler                             
000003e3  SVC_Handler                               
000003e3  SysTick_Handler                           
00000239  SystemInit                                
000003e3  T32_INT1_IRQHandler                       
000003e3  T32_INT2_IRQHandler                       
000003e3  T32_INTC_IRQHandler                       
000003e3  TA0_0_IRQHandler                          
000003e3  TA0_N_IRQHandler                          
000003e3  TA1_0_IRQHandler                          
000003e3  TA1_N_IRQHandler                          
000003e3  TA2_0_IRQHandler                          
000003e3  TA2_N_IRQHandler                          
000003e3  TA3_0_IRQHandler                          
000003e3  TA3_N_IRQHandler                          
000003e3  UsageFault_Handler                        
4000480c  WDTCTL_SYM                                
000003e3  WDT_A_IRQHandler                          
00000691  WDT_A_holdTimer                           
20010000  __STACK_END                               
00000200  __STACK_SIZE                              
000007ec  __TI_CINIT_Base                           
000007f4  __TI_CINIT_Limit                          
000007e8  __TI_Handler_Table_Base                   
000007ec  __TI_Handler_Table_Limit                  
00000475  __TI_auto_init_nobinit_nopinit            
ffffffff  __TI_pprof_out_hndl                       
ffffffff  __TI_prof_data_size                       
ffffffff  __TI_prof_data_start                      
00000000  __TI_static_base__                        
000006d1  __TI_zero_init_nomemset                   
ffffffff  __binit__                                 
ffffffff  __c_args__                                
UNDEFED   __mpu_init                                
2000fe00  __stack                                   
000004f1  _c_int00_noargs                           
UNDEFED   _system_post_cinit                        
00000721  _system_pre_init                          
00000725  abort                                     
20000000  adcResult                                 
ffffffff  binit                                     
00000000  interruptVectors                          
00000381  main                                      


GLOBAL SYMBOLS: SORTED BY Symbol Address 

address   name                                      
-------   ----                                      
00000000  __TI_static_base__                        
00000000  interruptVectors                          
00000200  __STACK_SIZE                              
00000239  SystemInit                                
000002b1  ADC14_configureConversionMemory           
0000031d  Interrupt_enableInterrupt                 
00000381  main                                      
000003e3  AES256_IRQHandler                         
000003e3  BusFault_Handler                          
000003e3  COMP_E0_IRQHandler                        
000003e3  COMP_E1_IRQHandler                        
000003e3  CS_IRQHandler                             
000003e3  DMA_ERR_IRQHandler                        
000003e3  DMA_INT0_IRQHandler                       
000003e3  DMA_INT1_IRQHandler                       
000003e3  DMA_INT2_IRQHandler                       
000003e3  DMA_INT3_IRQHandler                       
000003e3  DebugMon_Handler                          
000003e3  Default_Handler                           
000003e3  EUSCIA0_IRQHandler                        
000003e3  EUSCIA1_IRQHandler                        
000003e3  EUSCIA2_IRQHandler                        
000003e3  EUSCIA3_IRQHandler                        
000003e3  EUSCIB0_IRQHandler                        
000003e3  EUSCIB1_IRQHandler                        
000003e3  EUSCIB2_IRQHandler                        
000003e3  EUSCIB3_IRQHandler                        
000003e3  FLCTL_IRQHandler                          
000003e3  FPU_IRQHandler                            
000003e3  HardFault_Handler                         
000003e3  MemManage_Handler                         
000003e3  NMI_Handler                               
000003e3  PCM_IRQHandler                            
000003e3  PORT1_IRQHandler                          
000003e3  PORT2_IRQHandler                          
000003e3  PORT3_IRQHandler                          
000003e3  PORT4_IRQHandler                          
000003e3  PORT5_IRQHandler                          
000003e3  PORT6_IRQHandler                          
000003e3  PSS_IRQHandler                            
000003e3  PendSV_Handler                            
000003e3  RTC_C_IRQHandler                          
000003e3  SVC_Handler                               
000003e3  SysTick_Handler                           
000003e3  T32_INT1_IRQHandler                       
000003e3  T32_INT2_IRQHandler                       
000003e3  T32_INTC_IRQHandler                       
000003e3  TA0_0_IRQHandler                          
000003e3  TA0_N_IRQHandler                          
000003e3  TA1_0_IRQHandler                          
000003e3  TA1_N_IRQHandler                          
000003e3  TA2_0_IRQHandler                          
000003e3  TA2_N_IRQHandler                          
000003e3  TA3_0_IRQHandler                          
000003e3  TA3_N_IRQHandler                          
000003e3  UsageFault_Handler                        
000003e3  WDT_A_IRQHandler                          
000003e5  GPIO_setAsPeripheralModuleFunctionInputPin
00000431  ADC14_configureSingleSampleMode           
00000475  __TI_auto_init_nobinit_nopinit            
000004b9  ADC14_initModule                          
000004f1  _c_int00_noargs                           
00000529  ADC14_IRQHandler                          
00000529  ADC14_IRQHandler                          
0000055d  ADC14_enableConversion                    
00000589  ADC14_enableSampleTimer                   
000005b1  ADC14_getEnabledInterruptStatus           
000005d9  PCM_gotoLPM0                              
00000601  ADC14_enableInterrupt                     
00000621  ADC14_toggleConversionTrigger             
00000641  ADC14_clearInterruptFlag                  
0000065d  ADC14_getInterruptStatus                  
00000679  ADC14_getResult                           
00000691  WDT_A_holdTimer                           
000006bd  Interrupt_enableSleepOnIsrExit            
000006d1  __TI_zero_init_nomemset                   
000006e5  ADC14_enableModule                        
000006f5  Interrupt_enableMaster                    
00000705  CPU_cpsie                                 
00000711  Reset_Handler                             
0000071d  CPU_wfi                                   
00000721  _system_pre_init                          
00000725  C$$EXIT                                   
00000725  abort                                     
000007e8  __TI_Handler_Table_Base                   
000007ec  __TI_CINIT_Base                           
000007ec  __TI_Handler_Table_Limit                  
000007f4  __TI_CINIT_Limit                          
20000000  adcResult                                 
2000fe00  __stack                                   
20010000  __STACK_END                               
4000480c  WDTCTL_SYM                                
ffffffff  __TI_pprof_out_hndl                       
ffffffff  __TI_prof_data_size                       
ffffffff  __TI_prof_data_start                      
ffffffff  __binit__                                 
ffffffff  __c_args__                                
ffffffff  binit                                     
UNDEFED   __mpu_init                                
UNDEFED   _system_post_cinit                        

[100 symbols]
