******************************************************************************
                  TI ARM Linker PC v18.1.1                     
******************************************************************************
>> Linked Wed Jul 25 16:45:46 2018

OUTPUT FILE NAME:   <rtc.out>
ENTRY POINT SYMBOL: "_c_int00_noargs"  address: 00000575


MEMORY CONFIGURATION

         name            origin    length      used     unused   attr    fill
----------------------  --------  ---------  --------  --------  ----  --------
  MAIN                  00000000   00040000  00000700  0003f900  R  X
  INFO                  00200000   00004000  00000000  00004000  R  X
  SRAM_CODE             01000000   00010000  00000201  0000fdff  RW X
  SRAM_DATA             20000000   00010000  00000201  0000fdff  RW  


SEGMENT ALLOCATION MAP

run origin  load origin   length   init length attrs members
----------  ----------- ---------- ----------- ----- -------
00000000    00000000    00000708   00000708    r-x
  00000000    00000000    000000e4   000000e4    r-- .intvecs
  000000e4    000000e4    000005ba   000005ba    r-x .text
  000006a0    000006a0    0000004a   0000004a    r-- .const
  000006f0    000006f0    00000018   00000018    r-- .cinit
20000000    20000000    00000001   00000000    rw-
  20000000    20000000    00000001   00000000    rw- .data
2000fe00    2000fe00    00000200   00000000    rw-
  2000fe00    2000fe00    00000200   00000000    rw- .stack


SECTION ALLOCATION MAP

 output                                  attributes/
section   page    origin      length       input sections
--------  ----  ----------  ----------   ----------------
.intvecs   0    00000000    000000e4     
                  00000000    000000e4     startup_msp432p401r_ccs.obj (.intvecs:retain)

.text      0    000000e4    000005ba     
                  000000e4    00000140     pcm_lpm35_rtc_wakeup.obj (.text:main)
                  00000224    0000009c     msp432p4xx_driverlib.lib : cs_MSP432P4XX.obj (.text:CS_startLFXTWithTimeout)
                  000002c0    0000009c     rtsv7M4_T_le_v4SPD16_eabi.lib : memcpy_t2.asm.obj (.text)
                  0000035c    00000078     system_msp432p401r.obj (.text:SystemInit)
                  000003d4    00000068     rtsv7M4_T_le_v4SPD16_eabi.lib : copy_decompress_lzss.c.obj (.text:decompress:lzss:__TI_decompress_lzss)
                  0000043c    00000064     msp432p4xx_driverlib.lib : rtc_c_MSP432P4XX.obj (.text:RTC_C_getCalendarTime)
                  000004a0    00000048                              : rtc_c_MSP432P4XX.obj (.text:RTC_C_enableInterrupt)
                  000004e8    00000048     pcm_lpm35_rtc_wakeup.obj (.text:sendASCII)
                  00000530    00000044     rtsv7M4_T_le_v4SPD16_eabi.lib : autoinit.c.obj (.text:__TI_auto_init_nobinit_nopinit:__TI_auto_init_nobinit_nopinit)
                  00000574    00000038                                   : boot_cortex_m.c.obj (.text:_c_int00_noargs:_c_int00_noargs)
                  000005ac    0000002c     msp432p4xx_driverlib.lib : rtc_c_MSP432P4XX.obj (.text:RTC_C_setCalendarEvent)
                  000005d8    00000024                              : cs_MSP432P4XX.obj (.text:CS_setDCOCenteredFrequency)
                  000005fc    00000024     pcm_lpm35_rtc_wakeup.obj (.text:RTC_C_IRQHandler)
                  00000620    00000024     msp432p4xx_driverlib.lib : uart_MSP432P4XX.obj (.text:UART_transmitData)
                  00000644    00000010                              : sysctl_a_MSP432P4XX.obj (.text:SysCtl_A_disableNMISource)
                  00000654    00000010                              : sysctl_a_MSP432P4XX.obj (.text:SysCtl_A_enableNMISource)
                  00000664    00000010                              : sysctl_a_MSP432P4XX.obj (.text:SysCtl_A_getNMISourceStatus)
                  00000674    0000000e     rtsv7M4_T_le_v4SPD16_eabi.lib : copy_decompress_none.c.obj (.text:decompress:none:__TI_decompress_none)
                  00000682    0000000c     startup_msp432p401r_ccs.obj (.text:Reset_Handler)
                  0000068e    00000006     msp432p4xx_driverlib.lib : cs_MSP432P4XX.obj (.text:CS_startLFXT)
                  00000694    00000004     rtsv7M4_T_le_v4SPD16_eabi.lib : pre_init.c.obj (.text:_system_pre_init)
                  00000698    00000004                                   : exit.c.obj (.text:abort:abort)
                  0000069c    00000002     startup_msp432p401r_ccs.obj (.text:Default_Handler)

.const     0    000006a0    0000004a     
                  000006a0    00000024     pcm_lpm35_rtc_wakeup.obj (.const:uartConfig)
                  000006c4    0000001c     pcm_lpm35_rtc_wakeup.obj (.const:calendarTime)
                  000006e0    0000000a     pcm_lpm35_rtc_wakeup.obj (.const:.string:$P$T0$1)

.cinit     0    000006f0    00000018     
                  000006f0    00000008     (__TI_handler_table)
                  000006f8    00000005     (.cinit..data.load) [load image, compression = lzss]
                  000006fd    00000003     --HOLE-- [fill = 0]
                  00000700    00000008     (__TI_cinit_table)

.init_array 
*          0    00000000    00000000     UNINITIALIZED

.binit     0    00000000    00000000     

.data      0    20000000    00000001     UNINITIALIZED
                  20000000    00000001     pcm_lpm35_rtc_wakeup.obj (.data)

.stack     0    2000fe00    00000200     UNINITIALIZED
                  2000fe00    00000004     rtsv7M4_T_le_v4SPD16_eabi.lib : boot_cortex_m.c.obj (.stack)
                  2000fe04    000001fc     --HOLE--

MODULE SUMMARY

       Module                        code   ro data   rw data
       ------                        ----   -------   -------
    .\
       pcm_lpm35_rtc_wakeup.obj      428    74        2      
       system_msp432p401r.obj        120    0         0      
    +--+-----------------------------+------+---------+---------+
       Total:                        548    74        2      
                                                             
    .\ccs\
       startup_msp432p401r_ccs.obj   14     228       0      
    +--+-----------------------------+------+---------+---------+
       Total:                        14     228       0      
                                                             
    C:/ti/simplelink_msp432p4_sdk_2_10_00_14/source/ti/devices/msp432p4xx/driverlib/ccs/msp432p4xx_driverlib.lib
       rtc_c_MSP432P4XX.obj          216    0         0      
       cs_MSP432P4XX.obj             198    0         0      
       sysctl_a_MSP432P4XX.obj       48     0         0      
       uart_MSP432P4XX.obj           36     0         0      
    +--+-----------------------------+------+---------+---------+
       Total:                        498    0         0      
                                                             
    C:\ti\ccsv8\tools\compiler\ti-cgt-arm_18.1.1.LTS\lib\rtsv7M4_T_le_v4SPD16_eabi.lib
       memcpy_t2.asm.obj             156    0         0      
       copy_decompress_lzss.c.obj    104    0         0      
       autoinit.c.obj                68     0         0      
       boot_cortex_m.c.obj           56     0         0      
       copy_decompress_none.c.obj    14     0         0      
       exit.c.obj                    4      0         0      
       pre_init.c.obj                4      0         0      
    +--+-----------------------------+------+---------+---------+
       Total:                        406    0         0      
                                                             
       Stack:                        0      0         1024   
       Linker Generated:             0      21        0      
    +--+-----------------------------+------+---------+---------+
       Grand Total:                  1466   323       1026   


LINKER GENERATED COPY TABLES

__TI_cinit_table @ 00000700 records: 1, size/record: 8, table size: 8
	.data: load addr=000006f8, load size=00000005 bytes, run addr=20000000, run size=00000001 bytes, compression=lzss


LINKER GENERATED HANDLER TABLE

__TI_handler_table @ 000006f0 records: 2, size/record: 4, table size: 8
	index: 0, handler: __TI_decompress_lzss
	index: 1, handler: __TI_decompress_none


GLOBAL SYMBOLS: SORTED ALPHABETICALLY BY Name 

address   name                          
-------   ----                          
0000069d  ADC14_IRQHandler              
0000069d  AES256_IRQHandler             
0000069d  BusFault_Handler              
00000699  C$$EXIT                       
0000069d  COMP_E0_IRQHandler            
0000069d  COMP_E1_IRQHandler            
0000069d  CS_IRQHandler                 
000005d9  CS_setDCOCenteredFrequency    
0000068f  CS_startLFXT                  
00000225  CS_startLFXTWithTimeout       
0000069d  DMA_ERR_IRQHandler            
0000069d  DMA_INT0_IRQHandler           
0000069d  DMA_INT1_IRQHandler           
0000069d  DMA_INT2_IRQHandler           
0000069d  DMA_INT3_IRQHandler           
0000069d  DebugMon_Handler              
0000069d  Default_Handler               
0000069d  EUSCIA0_IRQHandler            
0000069d  EUSCIA1_IRQHandler            
0000069d  EUSCIA2_IRQHandler            
0000069d  EUSCIA3_IRQHandler            
0000069d  EUSCIB0_IRQHandler            
0000069d  EUSCIB1_IRQHandler            
0000069d  EUSCIB2_IRQHandler            
0000069d  EUSCIB3_IRQHandler            
0000069d  FLCTL_IRQHandler              
0000069d  FPU_IRQHandler                
0000069d  HardFault_Handler             
0000069d  MemManage_Handler             
0000069d  NMI_Handler                   
0000069d  PCM_IRQHandler                
0000069d  PORT1_IRQHandler              
0000069d  PORT2_IRQHandler              
0000069d  PORT3_IRQHandler              
0000069d  PORT4_IRQHandler              
0000069d  PORT5_IRQHandler              
0000069d  PORT6_IRQHandler              
0000069d  PSS_IRQHandler                
0000069d  PendSV_Handler                
000005fd  RTC_C_IRQHandler              
000005fd  RTC_C_IRQHandler              
000004a1  RTC_C_enableInterrupt         
0000043d  RTC_C_getCalendarTime         
000005ad  RTC_C_setCalendarEvent        
00000683  Reset_Handler                 
0000069d  SVC_Handler                   
00000645  SysCtl_A_disableNMISource     
00000655  SysCtl_A_enableNMISource      
00000665  SysCtl_A_getNMISourceStatus   
0000069d  SysTick_Handler               
0000035d  SystemInit                    
0000069d  T32_INT1_IRQHandler           
0000069d  T32_INT2_IRQHandler           
0000069d  T32_INTC_IRQHandler           
0000069d  TA0_0_IRQHandler              
0000069d  TA0_N_IRQHandler              
0000069d  TA1_0_IRQHandler              
0000069d  TA1_N_IRQHandler              
0000069d  TA2_0_IRQHandler              
0000069d  TA2_N_IRQHandler              
0000069d  TA3_0_IRQHandler              
0000069d  TA3_N_IRQHandler              
00000621  UART_transmitData             
0000069d  UsageFault_Handler            
4000480c  WDTCTL_SYM                    
0000069d  WDT_A_IRQHandler              
20010000  __STACK_END                   
00000200  __STACK_SIZE                  
00000700  __TI_CINIT_Base               
00000708  __TI_CINIT_Limit              
000006f0  __TI_Handler_Table_Base       
000006f8  __TI_Handler_Table_Limit      
00000531  __TI_auto_init_nobinit_nopinit
000003d5  __TI_decompress_lzss          
00000675  __TI_decompress_none          
ffffffff  __TI_pprof_out_hndl           
ffffffff  __TI_prof_data_size           
ffffffff  __TI_prof_data_start          
00000000  __TI_static_base__            
000002c1  __aeabi_memcpy                
000002c1  __aeabi_memcpy4               
000002c1  __aeabi_memcpy8               
ffffffff  __binit__                     
ffffffff  __c_args__                    
UNDEFED   __mpu_init                    
2000fe00  __stack                       
00000575  _c_int00_noargs               
UNDEFED   _system_post_cinit            
00000695  _system_pre_init              
00000699  abort                         
ffffffff  binit                         
000006c4  calendarTime                  
00000000  interruptVectors              
000000e5  main                          
000002c1  memcpy                        
000004e9  sendASCII                     
20000000  timeSend                      
000006a0  uartConfig                    


GLOBAL SYMBOLS: SORTED BY Symbol Address 

address   name                          
-------   ----                          
00000000  __TI_static_base__            
00000000  interruptVectors              
000000e5  main                          
00000200  __STACK_SIZE                  
00000225  CS_startLFXTWithTimeout       
000002c1  __aeabi_memcpy                
000002c1  __aeabi_memcpy4               
000002c1  __aeabi_memcpy8               
000002c1  memcpy                        
0000035d  SystemInit                    
000003d5  __TI_decompress_lzss          
0000043d  RTC_C_getCalendarTime         
000004a1  RTC_C_enableInterrupt         
000004e9  sendASCII                     
00000531  __TI_auto_init_nobinit_nopinit
00000575  _c_int00_noargs               
000005ad  RTC_C_setCalendarEvent        
000005d9  CS_setDCOCenteredFrequency    
000005fd  RTC_C_IRQHandler              
000005fd  RTC_C_IRQHandler              
00000621  UART_transmitData             
00000645  SysCtl_A_disableNMISource     
00000655  SysCtl_A_enableNMISource      
00000665  SysCtl_A_getNMISourceStatus   
00000675  __TI_decompress_none          
00000683  Reset_Handler                 
0000068f  CS_startLFXT                  
00000695  _system_pre_init              
00000699  C$$EXIT                       
00000699  abort                         
0000069d  ADC14_IRQHandler              
0000069d  AES256_IRQHandler             
0000069d  BusFault_Handler              
0000069d  COMP_E0_IRQHandler            
0000069d  COMP_E1_IRQHandler            
0000069d  CS_IRQHandler                 
0000069d  DMA_ERR_IRQHandler            
0000069d  DMA_INT0_IRQHandler           
0000069d  DMA_INT1_IRQHandler           
0000069d  DMA_INT2_IRQHandler           
0000069d  DMA_INT3_IRQHandler           
0000069d  DebugMon_Handler              
0000069d  Default_Handler               
0000069d  EUSCIA0_IRQHandler            
0000069d  EUSCIA1_IRQHandler            
0000069d  EUSCIA2_IRQHandler            
0000069d  EUSCIA3_IRQHandler            
0000069d  EUSCIB0_IRQHandler            
0000069d  EUSCIB1_IRQHandler            
0000069d  EUSCIB2_IRQHandler            
0000069d  EUSCIB3_IRQHandler            
0000069d  FLCTL_IRQHandler              
0000069d  FPU_IRQHandler                
0000069d  HardFault_Handler             
0000069d  MemManage_Handler             
0000069d  NMI_Handler                   
0000069d  PCM_IRQHandler                
0000069d  PORT1_IRQHandler              
0000069d  PORT2_IRQHandler              
0000069d  PORT3_IRQHandler              
0000069d  PORT4_IRQHandler              
0000069d  PORT5_IRQHandler              
0000069d  PORT6_IRQHandler              
0000069d  PSS_IRQHandler                
0000069d  PendSV_Handler                
0000069d  SVC_Handler                   
0000069d  SysTick_Handler               
0000069d  T32_INT1_IRQHandler           
0000069d  T32_INT2_IRQHandler           
0000069d  T32_INTC_IRQHandler           
0000069d  TA0_0_IRQHandler              
0000069d  TA0_N_IRQHandler              
0000069d  TA1_0_IRQHandler              
0000069d  TA1_N_IRQHandler              
0000069d  TA2_0_IRQHandler              
0000069d  TA2_N_IRQHandler              
0000069d  TA3_0_IRQHandler              
0000069d  TA3_N_IRQHandler              
0000069d  UsageFault_Handler            
0000069d  WDT_A_IRQHandler              
000006a0  uartConfig                    
000006c4  calendarTime                  
000006f0  __TI_Handler_Table_Base       
000006f8  __TI_Handler_Table_Limit      
00000700  __TI_CINIT_Base               
00000708  __TI_CINIT_Limit              
20000000  timeSend                      
2000fe00  __stack                       
20010000  __STACK_END                   
4000480c  WDTCTL_SYM                    
ffffffff  __TI_pprof_out_hndl           
ffffffff  __TI_prof_data_size           
ffffffff  __TI_prof_data_start          
ffffffff  __binit__                     
ffffffff  __c_args__                    
ffffffff  binit                         
UNDEFED   __mpu_init                    
UNDEFED   _system_post_cinit            

[98 symbols]
