******************************************************************************
                  TI ARM Linker PC v18.1.2                     
******************************************************************************
>> Linked Mon Jul 30 13:43:33 2018

OUTPUT FILE NAME:   <adc_timerA_uart.out>
ENTRY POINT SYMBOL: "_c_int00_noargs"  address: 00000939


MEMORY CONFIGURATION

         name            origin    length      used     unused   attr    fill
----------------------  --------  ---------  --------  --------  ----  --------
  MAIN                  00000000   00040000  00000c64  0003f39c  R  X
  INFO                  00200000   00004000  00000000  00004000  R  X
  SRAM_CODE             01000000   00010000  00000223  0000fddd  RW X
  SRAM_DATA             20000000   00010000  00000223  0000fddd  RW  


SEGMENT ALLOCATION MAP

run origin  load origin   length   init length attrs members
----------  ----------- ---------- ----------- ----- -------
00000000    00000000    00000c68   00000c68    r-x
  00000000    00000000    000000e4   000000e4    r-- .intvecs
  000000e4    000000e4    00000a7c   00000a7c    r-x .text
  00000b60    00000b60    000000d4   000000d4    r-- .const
  00000c38    00000c38    00000030   00000030    r-- .cinit
20000000    20000000    00000023   00000000    rw-
  20000000    20000000    00000020   00000000    rw- .bss
  20000020    20000020    00000003   00000000    rw- .data
2000fe00    2000fe00    00000200   00000000    rw-
  2000fe00    2000fe00    00000200   00000000    rw- .stack


SECTION ALLOCATION MAP

 output                                  attributes/
section   page    origin      length       input sections
--------  ----  ----------  ----------   ----------------
.intvecs   0    00000000    000000e4     
                  00000000    000000e4     startup_msp432p401r_ccs.obj (.intvecs:retain)

.text      0    000000e4    00000a7c     
                  000000e4    00000160     msp432p4xx_driverlib.lib : adc14.o (.text:_getIndexForMemRegister)
                  00000244    00000160     adc_timerA_uart.obj (.text:main)
                  000003a4    000000a4     msp432p4xx_driverlib.lib : adc14.o (.text:ADC14_configureConversionMemory)
                  00000448    0000009c     rtsv7M4_T_le_v4SPD16_eabi.lib : memcpy_t2.asm.obj (.text)
                  000004e4    0000009a     adc_timerA_uart.obj (.text:configure_analog)
                  0000057e    00000002     startup_msp432p401r_ccs.obj (.text:Default_Handler)
                  00000580    00000080     msp432p4xx_driverlib.lib : interrupt.o (.text:Interrupt_disableInterrupt)
                  00000600    00000078     system_msp432p401r.obj (.text:SystemInit)
                  00000678    00000068     rtsv7M4_T_le_v4SPD16_eabi.lib : copy_decompress_lzss.c.obj (.text:decompress:lzss:__TI_decompress_lzss)
                  000006e0    00000058     msp432p4xx_driverlib.lib : adc14.o (.text:ADC14_configureSingleSampleMode)
                  00000738    00000054     adc_timerA_uart.obj (.text:ADC14_IRQHandler)
                  0000078c    00000054     msp432p4xx_driverlib.lib : adc14.o (.text:ADC14_initModule)
                  000007e0    00000054     adc_timerA_uart.obj (.text:sendReading)
                  00000834    00000048     msp432p4xx_driverlib.lib : adc14.o (.text:ADC14_setSampleHoldTrigger)
                  0000087c    00000044     rtsv7M4_T_le_v4SPD16_eabi.lib : autoinit.c.obj (.text:__TI_auto_init_nobinit_nopinit:__TI_auto_init_nobinit_nopinit)
                  000008c0    0000003c     adc_timerA_uart.obj (.text:EUSCIA0_IRQHandler)
                  000008fc    0000003c     adc_timerA_uart.obj (.text:PORT1_IRQHandler)
                  00000938    00000038     rtsv7M4_T_le_v4SPD16_eabi.lib : boot_cortex_m.c.obj (.text:_c_int00_noargs:_c_int00_noargs)
                  00000970    00000034     msp432p4xx_driverlib.lib : cs.o (.text:CS_setDCOCenteredFrequency)
                  000009a4    00000034                              : uart.o (.text:UART_transmitData)
                  000009d8    00000030                              : adc14.o (.text:ADC14_disableInterrupt)
                  00000a08    00000030                              : adc14.o (.text:ADC14_enableInterrupt)
                  00000a38    00000030                              : adc14.o (.text:ADC14_setSampleHoldTime)
                  00000a68    00000030                              : cs.o (.text:CS_setReferenceOscillatorFrequency)
                  00000a98    00000028                              : adc14.o (.text:ADC14_enableConversion)
                  00000ac0    00000020                              : adc14.o (.text:ADC14_setResolution)
                  00000ae0    0000001c                              : adc14.o (.text:ADC14_disableModule)
                  00000afc    00000012     rtsv7M4_T_le_v4SPD16_eabi.lib : copy_zero_init.c.obj (.text:decompress:ZI:__TI_zero_init_nomemset:__TI_zero_init_nomemset)
                  00000b0e    00000002     --HOLE-- [fill = 0]
                  00000b10    00000010     msp432p4xx_driverlib.lib : adc14.o (.text:ADC14_disableConversion)
                  00000b20    00000010                              : adc14.o (.text:ADCIsConversionRunning)
                  00000b30    0000000e     rtsv7M4_T_le_v4SPD16_eabi.lib : copy_decompress_none.c.obj (.text:decompress:none:__TI_decompress_none)
                  00000b3e    00000002     --HOLE-- [fill = 0]
                  00000b40    0000000c     msp432p4xx_driverlib.lib : adc14.o (.text:ADC14_enableModule)
                  00000b4c    0000000c     startup_msp432p401r_ccs.obj (.text:Reset_Handler)
                  00000b58    00000004     rtsv7M4_T_le_v4SPD16_eabi.lib : pre_init.c.obj (.text:_system_pre_init)
                  00000b5c    00000004                                   : exit.c.obj (.text:abort:abort)

.const     0    00000b60    000000d4     
                  00000b60    00000080     msp432p4xx_driverlib.lib : adc14.o (.const:_ctlRegs)
                  00000be0    00000024     adc_timerA_uart.obj (.const:uartConfig)
                  00000c04    00000018     adc_timerA_uart.obj (.const:upModeConfig)
                  00000c1c    00000010     adc_timerA_uart.obj (.const:compareConfig)
                  00000c2c    00000008     msp432p4xx_driverlib.lib : interrupt.o (.const:g_pulDisRegs)

.cinit     0    00000c38    00000030     
                  00000c38    0000000c     (__TI_handler_table)
                  00000c44    00000004     --HOLE-- [fill = 0]
                  00000c48    00000008     (.cinit..bss.load) [load image, compression = zero_init]
                  00000c50    00000007     (.cinit..data.load) [load image, compression = lzss]
                  00000c57    00000001     --HOLE-- [fill = 0]
                  00000c58    00000010     (__TI_cinit_table)

.init_array 
*          0    00000000    00000000     UNINITIALIZED

.binit     0    00000000    00000000     

.bss       0    20000000    00000020     UNINITIALIZED
                  20000000    00000020     (.common:resultsBuffer)

.data      0    20000020    00000003     UNINITIALIZED
                  20000020    00000003     adc_timerA_uart.obj (.data)

.stack     0    2000fe00    00000200     UNINITIALIZED
                  2000fe00    00000004     rtsv7M4_T_le_v4SPD16_eabi.lib : boot_cortex_m.c.obj (.stack)
                  2000fe04    000001fc     --HOLE--

MODULE SUMMARY

       Module                        code   ro data   rw data
       ------                        ----   -------   -------
    .\
       adc_timerA_uart.obj           794    76        70     
       system_msp432p401r.obj        120    0         0      
    +--+-----------------------------+------+---------+---------+
       Total:                        914    76        70     
                                                             
    .\ccs\
       startup_msp432p401r_ccs.obj   14     228       0      
    +--+-----------------------------+------+---------+---------+
       Total:                        14     228       0      
                                                             
    C:/ti/simplelink_msp432p4_sdk_2_20_00_12/source/ti/devices/msp432p4xx/driverlib/ccs/msp432p4xx_driverlib.lib
       adc14.o                       1048   128       0      
       interrupt.o                   128    8         0      
       cs.o                          100    0         0      
       uart.o                        52     0         0      
    +--+-----------------------------+------+---------+---------+
       Total:                        1328   136       0      
                                                             
    C:\ti\ccsv8\tools\compiler\ti-cgt-arm_18.1.2.LTS\lib\rtsv7M4_T_le_v4SPD16_eabi.lib
       memcpy_t2.asm.obj             156    0         0      
       copy_decompress_lzss.c.obj    104    0         0      
       autoinit.c.obj                68     0         0      
       boot_cortex_m.c.obj           56     0         0      
       copy_zero_init.c.obj          18     0         0      
       copy_decompress_none.c.obj    14     0         0      
       exit.c.obj                    4      0         0      
       pre_init.c.obj                4      0         0      
    +--+-----------------------------+------+---------+---------+
       Total:                        424    0         0      
                                                             
       Stack:                        0      0         1024   
       Linker Generated:             0      43        0      
    +--+-----------------------------+------+---------+---------+
       Grand Total:                  2680   483       1094   


LINKER GENERATED COPY TABLES

__TI_cinit_table @ 00000c58 records: 2, size/record: 8, table size: 16
	.bss: load addr=00000c48, load size=00000008 bytes, run addr=20000000, run size=00000020 bytes, compression=zero_init
	.data: load addr=00000c50, load size=00000007 bytes, run addr=20000020, run size=00000003 bytes, compression=lzss


LINKER GENERATED HANDLER TABLE

__TI_handler_table @ 00000c38 records: 3, size/record: 4, table size: 12
	index: 0, handler: __TI_decompress_lzss
	index: 1, handler: __TI_decompress_none
	index: 2, handler: __TI_zero_init


GLOBAL SYMBOLS: SORTED ALPHABETICALLY BY Name 

address   name                              
-------   ----                              
00000739  ADC14_IRQHandler                  
00000739  ADC14_IRQHandler                  
000003a5  ADC14_configureConversionMemory   
000006e1  ADC14_configureSingleSampleMode   
00000b11  ADC14_disableConversion           
000009d9  ADC14_disableInterrupt            
00000ae1  ADC14_disableModule               
00000a99  ADC14_enableConversion            
00000a09  ADC14_enableInterrupt             
00000b41  ADC14_enableModule                
0000078d  ADC14_initModule                  
00000ac1  ADC14_setResolution               
00000a39  ADC14_setSampleHoldTime           
00000835  ADC14_setSampleHoldTrigger        
0000057f  AES256_IRQHandler                 
0000057f  BusFault_Handler                  
00000b5d  C$$EXIT                           
0000057f  COMP_E0_IRQHandler                
0000057f  COMP_E1_IRQHandler                
0000057f  CS_IRQHandler                     
00000971  CS_setDCOCenteredFrequency        
00000a69  CS_setReferenceOscillatorFrequency
0000057f  DMA_ERR_IRQHandler                
0000057f  DMA_INT0_IRQHandler               
0000057f  DMA_INT1_IRQHandler               
0000057f  DMA_INT2_IRQHandler               
0000057f  DMA_INT3_IRQHandler               
0000057f  DebugMon_Handler                  
0000057f  Default_Handler                   
000008c1  EUSCIA0_IRQHandler                
000008c1  EUSCIA0_IRQHandler                
0000057f  EUSCIA1_IRQHandler                
0000057f  EUSCIA2_IRQHandler                
0000057f  EUSCIA3_IRQHandler                
0000057f  EUSCIB0_IRQHandler                
0000057f  EUSCIB1_IRQHandler                
0000057f  EUSCIB2_IRQHandler                
0000057f  EUSCIB3_IRQHandler                
0000057f  FLCTL_IRQHandler                  
0000057f  FPU_IRQHandler                    
0000057f  HardFault_Handler                 
00000581  Interrupt_disableInterrupt        
0000057f  MemManage_Handler                 
0000057f  NMI_Handler                       
0000057f  PCM_IRQHandler                    
000008fd  PORT1_IRQHandler                  
000008fd  PORT1_IRQHandler                  
0000057f  PORT2_IRQHandler                  
0000057f  PORT3_IRQHandler                  
0000057f  PORT4_IRQHandler                  
0000057f  PORT5_IRQHandler                  
0000057f  PORT6_IRQHandler                  
0000057f  PSS_IRQHandler                    
0000057f  PendSV_Handler                    
0000057f  RTC_C_IRQHandler                  
00000b4d  Reset_Handler                     
0000057f  SVC_Handler                       
0000057f  SysTick_Handler                   
00000601  SystemInit                        
0000057f  T32_INT1_IRQHandler               
0000057f  T32_INT2_IRQHandler               
0000057f  T32_INTC_IRQHandler               
0000057f  TA0_0_IRQHandler                  
0000057f  TA0_N_IRQHandler                  
0000057f  TA1_0_IRQHandler                  
0000057f  TA1_N_IRQHandler                  
0000057f  TA2_0_IRQHandler                  
0000057f  TA2_N_IRQHandler                  
0000057f  TA3_0_IRQHandler                  
0000057f  TA3_N_IRQHandler                  
000009a5  UART_transmitData                 
0000057f  UsageFault_Handler                
4000480c  WDTCTL_SYM                        
0000057f  WDT_A_IRQHandler                  
20010000  __STACK_END                       
00000200  __STACK_SIZE                      
00000c58  __TI_CINIT_Base                   
00000c68  __TI_CINIT_Limit                  
00000c38  __TI_Handler_Table_Base           
00000c44  __TI_Handler_Table_Limit          
0000087d  __TI_auto_init_nobinit_nopinit    
00000679  __TI_decompress_lzss              
00000b31  __TI_decompress_none              
ffffffff  __TI_pprof_out_hndl               
ffffffff  __TI_prof_data_size               
ffffffff  __TI_prof_data_start              
00000000  __TI_static_base__                
00000afd  __TI_zero_init_nomemset           
00000449  __aeabi_memcpy                    
00000449  __aeabi_memcpy4                   
00000449  __aeabi_memcpy8                   
ffffffff  __binit__                         
ffffffff  __c_args__                        
UNDEFED   __mpu_init                        
2000fe00  __stack                           
00000939  _c_int00_noargs                   
UNDEFED   _system_post_cinit                
00000b59  _system_pre_init                  
00000b5d  abort                             
ffffffff  binit                             
00000c1c  compareConfig                     
000004e5  configure_analog                  
00000000  interruptVectors                  
00000245  main                              
00000449  memcpy                            
20000020  resPos                            
20000000  resultsBuffer                     
000007e1  sendReading                       
20000022  stateCounter                      
00000be0  uartConfig                        
00000c04  upModeConfig                      


GLOBAL SYMBOLS: SORTED BY Symbol Address 

address   name                              
-------   ----                              
00000000  __TI_static_base__                
00000000  interruptVectors                  
00000200  __STACK_SIZE                      
00000245  main                              
000003a5  ADC14_configureConversionMemory   
00000449  __aeabi_memcpy                    
00000449  __aeabi_memcpy4                   
00000449  __aeabi_memcpy8                   
00000449  memcpy                            
000004e5  configure_analog                  
0000057f  AES256_IRQHandler                 
0000057f  BusFault_Handler                  
0000057f  COMP_E0_IRQHandler                
0000057f  COMP_E1_IRQHandler                
0000057f  CS_IRQHandler                     
0000057f  DMA_ERR_IRQHandler                
0000057f  DMA_INT0_IRQHandler               
0000057f  DMA_INT1_IRQHandler               
0000057f  DMA_INT2_IRQHandler               
0000057f  DMA_INT3_IRQHandler               
0000057f  DebugMon_Handler                  
0000057f  Default_Handler                   
0000057f  EUSCIA1_IRQHandler                
0000057f  EUSCIA2_IRQHandler                
0000057f  EUSCIA3_IRQHandler                
0000057f  EUSCIB0_IRQHandler                
0000057f  EUSCIB1_IRQHandler                
0000057f  EUSCIB2_IRQHandler                
0000057f  EUSCIB3_IRQHandler                
0000057f  FLCTL_IRQHandler                  
0000057f  FPU_IRQHandler                    
0000057f  HardFault_Handler                 
0000057f  MemManage_Handler                 
0000057f  NMI_Handler                       
0000057f  PCM_IRQHandler                    
0000057f  PORT2_IRQHandler                  
0000057f  PORT3_IRQHandler                  
0000057f  PORT4_IRQHandler                  
0000057f  PORT5_IRQHandler                  
0000057f  PORT6_IRQHandler                  
0000057f  PSS_IRQHandler                    
0000057f  PendSV_Handler                    
0000057f  RTC_C_IRQHandler                  
0000057f  SVC_Handler                       
0000057f  SysTick_Handler                   
0000057f  T32_INT1_IRQHandler               
0000057f  T32_INT2_IRQHandler               
0000057f  T32_INTC_IRQHandler               
0000057f  TA0_0_IRQHandler                  
0000057f  TA0_N_IRQHandler                  
0000057f  TA1_0_IRQHandler                  
0000057f  TA1_N_IRQHandler                  
0000057f  TA2_0_IRQHandler                  
0000057f  TA2_N_IRQHandler                  
0000057f  TA3_0_IRQHandler                  
0000057f  TA3_N_IRQHandler                  
0000057f  UsageFault_Handler                
0000057f  WDT_A_IRQHandler                  
00000581  Interrupt_disableInterrupt        
00000601  SystemInit                        
00000679  __TI_decompress_lzss              
000006e1  ADC14_configureSingleSampleMode   
00000739  ADC14_IRQHandler                  
00000739  ADC14_IRQHandler                  
0000078d  ADC14_initModule                  
000007e1  sendReading                       
00000835  ADC14_setSampleHoldTrigger        
0000087d  __TI_auto_init_nobinit_nopinit    
000008c1  EUSCIA0_IRQHandler                
000008c1  EUSCIA0_IRQHandler                
000008fd  PORT1_IRQHandler                  
000008fd  PORT1_IRQHandler                  
00000939  _c_int00_noargs                   
00000971  CS_setDCOCenteredFrequency        
000009a5  UART_transmitData                 
000009d9  ADC14_disableInterrupt            
00000a09  ADC14_enableInterrupt             
00000a39  ADC14_setSampleHoldTime           
00000a69  CS_setReferenceOscillatorFrequency
00000a99  ADC14_enableConversion            
00000ac1  ADC14_setResolution               
00000ae1  ADC14_disableModule               
00000afd  __TI_zero_init_nomemset           
00000b11  ADC14_disableConversion           
00000b31  __TI_decompress_none              
00000b41  ADC14_enableModule                
00000b4d  Reset_Handler                     
00000b59  _system_pre_init                  
00000b5d  C$$EXIT                           
00000b5d  abort                             
00000be0  uartConfig                        
00000c04  upModeConfig                      
00000c1c  compareConfig                     
00000c38  __TI_Handler_Table_Base           
00000c44  __TI_Handler_Table_Limit          
00000c58  __TI_CINIT_Base                   
00000c68  __TI_CINIT_Limit                  
20000000  resultsBuffer                     
20000020  resPos                            
20000022  stateCounter                      
2000fe00  __stack                           
20010000  __STACK_END                       
4000480c  WDTCTL_SYM                        
ffffffff  __TI_pprof_out_hndl               
ffffffff  __TI_prof_data_size               
ffffffff  __TI_prof_data_start              
ffffffff  __binit__                         
ffffffff  __c_args__                        
ffffffff  binit                             
UNDEFED   __mpu_init                        
UNDEFED   _system_post_cinit                

[111 symbols]
