******************************************************************************
                  TI ARM Linker PC v18.1.1                     
******************************************************************************
>> Linked Mon Jul 30 13:12:26 2018

OUTPUT FILE NAME:   <uart_adc_multi.out>
ENTRY POINT SYMBOL: "_c_int00_noargs"  address: 00000945


MEMORY CONFIGURATION

         name            origin    length      used     unused   attr    fill
----------------------  --------  ---------  --------  --------  ----  --------
  MAIN                  00000000   00040000  00000cc6  0003f33a  R  X
  INFO                  00200000   00004000  00000000  00004000  R  X
  SRAM_CODE             01000000   00010000  00000204  0000fdfc  RW X
  SRAM_DATA             20000000   00010000  00000204  0000fdfc  RW  


SEGMENT ALLOCATION MAP

run origin  load origin   length   init length attrs members
----------  ----------- ---------- ----------- ----- -------
00000000    00000000    00000cc8   00000cc8    r-x
  00000000    00000000    000000e4   000000e4    r-- .intvecs
  000000e4    000000e4    00000ac2   00000ac2    r-x .text
  00000ba8    00000ba8    000000f0   000000f0    r-- .const
  00000c98    00000c98    00000030   00000030    r-- .cinit
20000000    20000000    00000004   00000000    rw-
  20000000    20000000    00000003   00000000    rw- .bss
  20000003    20000003    00000001   00000000    rw- .data
2000fe00    2000fe00    00000200   00000000    rw-
  2000fe00    2000fe00    00000200   00000000    rw- .stack


SECTION ALLOCATION MAP

 output                                  attributes/
section   page    origin      length       input sections
--------  ----  ----------  ----------   ----------------
.intvecs   0    00000000    000000e4     
                  00000000    000000e4     startup_msp432p401r_ccs.obj (.intvecs:retain)

.text      0    000000e4    00000ac2     
                  000000e4    00000154     msp432p4xx_driverlib.lib : adc14_MSP432P4XX.obj (.text:_getIndexForMemRegister)
                  00000238    00000128     uart_adc_multi.obj (.text:main)
                  00000360    000000e4     uart_adc_multi.obj (.text:getVoltage)
                  00000444    0000009c     rtsv7M4_T_le_v4SPD16_eabi.lib : memcpy_t2.asm.obj (.text)
                  000004e0    00000098     uart_adc_multi.obj (.text:configure_analog)
                  00000578    00000078     system_msp432p401r.obj (.text:SystemInit)
                  000005f0    0000006c     msp432p4xx_driverlib.lib : adc14_MSP432P4XX.obj (.text:ADC14_configureConversionMemory)
                  0000065c    0000006c     uart_adc_multi.obj (.text:RGB)
                  000006c8    00000068     rtsv7M4_T_le_v4SPD16_eabi.lib : copy_decompress_lzss.c.obj (.text:decompress:lzss:__TI_decompress_lzss)
                  00000730    00000064     msp432p4xx_driverlib.lib : interrupt_MSP432P4XX.obj (.text:Interrupt_disableInterrupt)
                  00000794    00000064                              : interrupt_MSP432P4XX.obj (.text:Interrupt_enableInterrupt)
                  000007f8    0000004c                              : gpio_MSP432P4XX.obj (.text:GPIO_setAsPeripheralModuleFunctionInputPin)
                  00000844    00000044                              : adc14_MSP432P4XX.obj (.text:ADC14_configureSingleSampleMode)
                  00000888    00000044     rtsv7M4_T_le_v4SPD16_eabi.lib : autoinit.c.obj (.text:__TI_auto_init_nobinit_nopinit:__TI_auto_init_nobinit_nopinit)
                  000008cc    00000040     uart_adc_multi.obj (.text:EUSCIA0_IRQHandler)
                  0000090c    00000038     msp432p4xx_driverlib.lib : adc14_MSP432P4XX.obj (.text:ADC14_initModule)
                  00000944    00000038     rtsv7M4_T_le_v4SPD16_eabi.lib : boot_cortex_m.c.obj (.text:_c_int00_noargs:_c_int00_noargs)
                  0000097c    0000002c     msp432p4xx_driverlib.lib : adc14_MSP432P4XX.obj (.text:ADC14_enableConversion)
                  000009a8    00000028     uart_adc_multi.obj (.text:ADC14_IRQHandler)
                  000009d0    00000028     msp432p4xx_driverlib.lib : adc14_MSP432P4XX.obj (.text:ADC14_enableSampleTimer)
                  000009f8    00000024                              : cs_MSP432P4XX.obj (.text:CS_setDCOCenteredFrequency)
                  00000a1c    00000024                              : gpio_MSP432P4XX.obj (.text:GPIO_setAsOutputPin)
                  00000a40    00000024                              : uart_MSP432P4XX.obj (.text:UART_transmitData)
                  00000a64    00000020                              : adc14_MSP432P4XX.obj (.text:ADC14_disableInterrupt)
                  00000a84    00000020                              : adc14_MSP432P4XX.obj (.text:ADC14_disableModule)
                  00000aa4    00000020                              : adc14_MSP432P4XX.obj (.text:ADC14_enableInterrupt)
                  00000ac4    00000020                              : adc14_MSP432P4XX.obj (.text:ADC14_toggleConversionTrigger)
                  00000ae4    00000018                              : gpio_MSP432P4XX.obj (.text:GPIO_setOutputLowOnPin)
                  00000afc    00000018                              : wdt_a_MSP432P4XX.obj (.text:WDT_A_holdTimer)
                  00000b14    00000014                              : adc14_MSP432P4XX.obj (.text:ADCIsConversionRunning)
                  00000b28    00000014                              : gpio_MSP432P4XX.obj (.text:GPIO_setOutputHighOnPin)
                  00000b3c    00000014                              : gpio_MSP432P4XX.obj (.text:GPIO_toggleOutputOnPin)
                  00000b50    00000012     rtsv7M4_T_le_v4SPD16_eabi.lib : copy_zero_init.c.obj (.text:decompress:ZI:__TI_zero_init_nomemset:__TI_zero_init_nomemset)
                  00000b62    00000002     startup_msp432p401r_ccs.obj (.text:Default_Handler)
                  00000b64    00000010     msp432p4xx_driverlib.lib : adc14_MSP432P4XX.obj (.text:ADC14_disableConversion)
                  00000b74    00000010                              : adc14_MSP432P4XX.obj (.text:ADC14_enableModule)
                  00000b84    0000000e     rtsv7M4_T_le_v4SPD16_eabi.lib : copy_decompress_none.c.obj (.text:decompress:none:__TI_decompress_none)
                  00000b92    0000000c     startup_msp432p401r_ccs.obj (.text:Reset_Handler)
                  00000b9e    00000004     rtsv7M4_T_le_v4SPD16_eabi.lib : pre_init.c.obj (.text:_system_pre_init)
                  00000ba2    00000004                                   : exit.c.obj (.text:abort:abort)

.const     0    00000ba8    000000f0     
                  00000ba8    00000080     msp432p4xx_driverlib.lib : adc14_MSP432P4XX.obj (.const:_ctlRegs)
                  00000c28    00000030                              : gpio_MSP432P4XX.obj (.const:GPIO_PORT_TO_BASE)
                  00000c58    00000024     uart_adc_multi.obj (.const:uartConfig)
                  00000c7c    0000000a     uart_adc_multi.obj (.const:.string:$P$T0$1)
                  00000c86    00000002     --HOLE-- [fill = 0]
                  00000c88    00000008     msp432p4xx_driverlib.lib : interrupt_MSP432P4XX.obj (.const:g_pulDisRegs)
                  00000c90    00000008                              : interrupt_MSP432P4XX.obj (.const:g_pulEnRegs)

.cinit     0    00000c98    00000030     
                  00000c98    0000000c     (__TI_handler_table)
                  00000ca4    00000004     --HOLE-- [fill = 0]
                  00000ca8    00000008     (.cinit..bss.load) [load image, compression = zero_init]
                  00000cb0    00000005     (.cinit..data.load) [load image, compression = lzss]
                  00000cb5    00000003     --HOLE-- [fill = 0]
                  00000cb8    00000010     (__TI_cinit_table)

.init_array 
*          0    00000000    00000000     UNINITIALIZED

.binit     0    00000000    00000000     

.bss       0    20000000    00000003     UNINITIALIZED
                  20000000    00000002     (.common:ADC_value)
                  20000002    00000001     (.common:ADC_ready)

.data      0    20000003    00000001     UNINITIALIZED
                  20000003    00000001     uart_adc_multi.obj (.data)

.stack     0    2000fe00    00000200     UNINITIALIZED
                  2000fe00    00000004     rtsv7M4_T_le_v4SPD16_eabi.lib : boot_cortex_m.c.obj (.stack)
                  2000fe04    000001fc     --HOLE--

MODULE SUMMARY

       Module                        code   ro data   rw data
       ------                        ----   -------   -------
    .\
       uart_adc_multi.obj            888    46        8      
       system_msp432p401r.obj        120    0         0      
    +--+-----------------------------+------+---------+---------+
       Total:                        1008   46        8      
                                                             
    .\ccs\
       startup_msp432p401r_ccs.obj   14     228       0      
    +--+-----------------------------+------+---------+---------+
       Total:                        14     228       0      
                                                             
    C:/ti/simplelink_msp432p4_sdk_2_10_00_14/source/ti/devices/msp432p4xx/driverlib/ccs/msp432p4xx_driverlib.lib
       adc14_MSP432P4XX.obj          836    128       0      
       gpio_MSP432P4XX.obj           176    48        0      
       interrupt_MSP432P4XX.obj      200    16        0      
       cs_MSP432P4XX.obj             36     0         0      
       uart_MSP432P4XX.obj           36     0         0      
       wdt_a_MSP432P4XX.obj          24     0         0      
    +--+-----------------------------+------+---------+---------+
       Total:                        1308   192       0      
                                                             
    C:\ti\ccsv8\tools\compiler\ti-cgt-arm_18.1.1.LTS\lib\rtsv7M4_T_le_v4SPD16_eabi.lib
       memcpy_t2.asm.obj             156    0         0      
       copy_decompress_lzss.c.obj    104    0         0      
       autoinit.c.obj                68     0         0      
       boot_cortex_m.c.obj           56     0         0      
       copy_zero_init.c.obj          18     0         0      
       copy_decompress_none.c.obj    14     0         0      
       exit.c.obj                    4      0         0      
       pre_init.c.obj                4      0         0      
    +--+-----------------------------+------+---------+---------+
       Total:                        424    0         0      
                                                             
       Stack:                        0      0         1024   
       Linker Generated:             0      41        0      
    +--+-----------------------------+------+---------+---------+
       Grand Total:                  2754   507       1032   


LINKER GENERATED COPY TABLES

__TI_cinit_table @ 00000cb8 records: 2, size/record: 8, table size: 16
	.bss: load addr=00000ca8, load size=00000008 bytes, run addr=20000000, run size=00000003 bytes, compression=zero_init
	.data: load addr=00000cb0, load size=00000005 bytes, run addr=20000003, run size=00000001 bytes, compression=lzss


LINKER GENERATED HANDLER TABLE

__TI_handler_table @ 00000c98 records: 3, size/record: 4, table size: 12
	index: 0, handler: __TI_decompress_lzss
	index: 1, handler: __TI_decompress_none
	index: 2, handler: __TI_zero_init


GLOBAL SYMBOLS: SORTED ALPHABETICALLY BY Name 

address   name                                      
-------   ----                                      
000009a9  ADC14_IRQHandler                          
000009a9  ADC14_IRQHandler                          
000005f1  ADC14_configureConversionMemory           
00000845  ADC14_configureSingleSampleMode           
00000b65  ADC14_disableConversion                   
00000a65  ADC14_disableInterrupt                    
00000a85  ADC14_disableModule                       
0000097d  ADC14_enableConversion                    
00000aa5  ADC14_enableInterrupt                     
00000b75  ADC14_enableModule                        
000009d1  ADC14_enableSampleTimer                   
0000090d  ADC14_initModule                          
00000ac5  ADC14_toggleConversionTrigger             
20000002  ADC_ready                                 
20000000  ADC_value                                 
00000b63  AES256_IRQHandler                         
00000b63  BusFault_Handler                          
00000ba3  C$$EXIT                                   
00000b63  COMP_E0_IRQHandler                        
00000b63  COMP_E1_IRQHandler                        
00000b63  CS_IRQHandler                             
000009f9  CS_setDCOCenteredFrequency                
00000b63  DMA_ERR_IRQHandler                        
00000b63  DMA_INT0_IRQHandler                       
00000b63  DMA_INT1_IRQHandler                       
00000b63  DMA_INT2_IRQHandler                       
00000b63  DMA_INT3_IRQHandler                       
00000b63  DebugMon_Handler                          
00000b63  Default_Handler                           
000008cd  EUSCIA0_IRQHandler                        
000008cd  EUSCIA0_IRQHandler                        
00000b63  EUSCIA1_IRQHandler                        
00000b63  EUSCIA2_IRQHandler                        
00000b63  EUSCIA3_IRQHandler                        
00000b63  EUSCIB0_IRQHandler                        
00000b63  EUSCIB1_IRQHandler                        
00000b63  EUSCIB2_IRQHandler                        
00000b63  EUSCIB3_IRQHandler                        
00000b63  FLCTL_IRQHandler                          
00000b63  FPU_IRQHandler                            
00000a1d  GPIO_setAsOutputPin                       
000007f9  GPIO_setAsPeripheralModuleFunctionInputPin
00000b29  GPIO_setOutputHighOnPin                   
00000ae5  GPIO_setOutputLowOnPin                    
00000b3d  GPIO_toggleOutputOnPin                    
00000b63  HardFault_Handler                         
00000731  Interrupt_disableInterrupt                
00000795  Interrupt_enableInterrupt                 
00000b63  MemManage_Handler                         
00000b63  NMI_Handler                               
00000b63  PCM_IRQHandler                            
00000b63  PORT1_IRQHandler                          
00000b63  PORT2_IRQHandler                          
00000b63  PORT3_IRQHandler                          
00000b63  PORT4_IRQHandler                          
00000b63  PORT5_IRQHandler                          
00000b63  PORT6_IRQHandler                          
00000b63  PSS_IRQHandler                            
00000b63  PendSV_Handler                            
0000065d  RGB                                       
00000b63  RTC_C_IRQHandler                          
00000b93  Reset_Handler                             
00000b63  SVC_Handler                               
00000b63  SysTick_Handler                           
00000579  SystemInit                                
00000b63  T32_INT1_IRQHandler                       
00000b63  T32_INT2_IRQHandler                       
00000b63  T32_INTC_IRQHandler                       
00000b63  TA0_0_IRQHandler                          
00000b63  TA0_N_IRQHandler                          
00000b63  TA1_0_IRQHandler                          
00000b63  TA1_N_IRQHandler                          
00000b63  TA2_0_IRQHandler                          
00000b63  TA2_N_IRQHandler                          
00000b63  TA3_0_IRQHandler                          
00000b63  TA3_N_IRQHandler                          
00000a41  UART_transmitData                         
00000b63  UsageFault_Handler                        
4000480c  WDTCTL_SYM                                
00000b63  WDT_A_IRQHandler                          
00000afd  WDT_A_holdTimer                           
20010000  __STACK_END                               
00000200  __STACK_SIZE                              
00000cb8  __TI_CINIT_Base                           
00000cc8  __TI_CINIT_Limit                          
00000c98  __TI_Handler_Table_Base                   
00000ca4  __TI_Handler_Table_Limit                  
00000889  __TI_auto_init_nobinit_nopinit            
000006c9  __TI_decompress_lzss                      
00000b85  __TI_decompress_none                      
ffffffff  __TI_pprof_out_hndl                       
ffffffff  __TI_prof_data_size                       
ffffffff  __TI_prof_data_start                      
00000000  __TI_static_base__                        
00000b51  __TI_zero_init_nomemset                   
00000445  __aeabi_memcpy                            
00000445  __aeabi_memcpy4                           
00000445  __aeabi_memcpy8                           
ffffffff  __binit__                                 
ffffffff  __c_args__                                
UNDEFED   __mpu_init                                
2000fe00  __stack                                   
00000945  _c_int00_noargs                           
UNDEFED   _system_post_cinit                        
00000b9f  _system_pre_init                          
00000ba3  abort                                     
ffffffff  binit                                     
20000003  color                                     
000004e1  configure_analog                          
00000361  getVoltage                                
00000000  interruptVectors                          
00000239  main                                      
00000445  memcpy                                    
00000c58  uartConfig                                


GLOBAL SYMBOLS: SORTED BY Symbol Address 

address   name                                      
-------   ----                                      
00000000  __TI_static_base__                        
00000000  interruptVectors                          
00000200  __STACK_SIZE                              
00000239  main                                      
00000361  getVoltage                                
00000445  __aeabi_memcpy                            
00000445  __aeabi_memcpy4                           
00000445  __aeabi_memcpy8                           
00000445  memcpy                                    
000004e1  configure_analog                          
00000579  SystemInit                                
000005f1  ADC14_configureConversionMemory           
0000065d  RGB                                       
000006c9  __TI_decompress_lzss                      
00000731  Interrupt_disableInterrupt                
00000795  Interrupt_enableInterrupt                 
000007f9  GPIO_setAsPeripheralModuleFunctionInputPin
00000845  ADC14_configureSingleSampleMode           
00000889  __TI_auto_init_nobinit_nopinit            
000008cd  EUSCIA0_IRQHandler                        
000008cd  EUSCIA0_IRQHandler                        
0000090d  ADC14_initModule                          
00000945  _c_int00_noargs                           
0000097d  ADC14_enableConversion                    
000009a9  ADC14_IRQHandler                          
000009a9  ADC14_IRQHandler                          
000009d1  ADC14_enableSampleTimer                   
000009f9  CS_setDCOCenteredFrequency                
00000a1d  GPIO_setAsOutputPin                       
00000a41  UART_transmitData                         
00000a65  ADC14_disableInterrupt                    
00000a85  ADC14_disableModule                       
00000aa5  ADC14_enableInterrupt                     
00000ac5  ADC14_toggleConversionTrigger             
00000ae5  GPIO_setOutputLowOnPin                    
00000afd  WDT_A_holdTimer                           
00000b29  GPIO_setOutputHighOnPin                   
00000b3d  GPIO_toggleOutputOnPin                    
00000b51  __TI_zero_init_nomemset                   
00000b63  AES256_IRQHandler                         
00000b63  BusFault_Handler                          
00000b63  COMP_E0_IRQHandler                        
00000b63  COMP_E1_IRQHandler                        
00000b63  CS_IRQHandler                             
00000b63  DMA_ERR_IRQHandler                        
00000b63  DMA_INT0_IRQHandler                       
00000b63  DMA_INT1_IRQHandler                       
00000b63  DMA_INT2_IRQHandler                       
00000b63  DMA_INT3_IRQHandler                       
00000b63  DebugMon_Handler                          
00000b63  Default_Handler                           
00000b63  EUSCIA1_IRQHandler                        
00000b63  EUSCIA2_IRQHandler                        
00000b63  EUSCIA3_IRQHandler                        
00000b63  EUSCIB0_IRQHandler                        
00000b63  EUSCIB1_IRQHandler                        
00000b63  EUSCIB2_IRQHandler                        
00000b63  EUSCIB3_IRQHandler                        
00000b63  FLCTL_IRQHandler                          
00000b63  FPU_IRQHandler                            
00000b63  HardFault_Handler                         
00000b63  MemManage_Handler                         
00000b63  NMI_Handler                               
00000b63  PCM_IRQHandler                            
00000b63  PORT1_IRQHandler                          
00000b63  PORT2_IRQHandler                          
00000b63  PORT3_IRQHandler                          
00000b63  PORT4_IRQHandler                          
00000b63  PORT5_IRQHandler                          
00000b63  PORT6_IRQHandler                          
00000b63  PSS_IRQHandler                            
00000b63  PendSV_Handler                            
00000b63  RTC_C_IRQHandler                          
00000b63  SVC_Handler                               
00000b63  SysTick_Handler                           
00000b63  T32_INT1_IRQHandler                       
00000b63  T32_INT2_IRQHandler                       
00000b63  T32_INTC_IRQHandler                       
00000b63  TA0_0_IRQHandler                          
00000b63  TA0_N_IRQHandler                          
00000b63  TA1_0_IRQHandler                          
00000b63  TA1_N_IRQHandler                          
00000b63  TA2_0_IRQHandler                          
00000b63  TA2_N_IRQHandler                          
00000b63  TA3_0_IRQHandler                          
00000b63  TA3_N_IRQHandler                          
00000b63  UsageFault_Handler                        
00000b63  WDT_A_IRQHandler                          
00000b65  ADC14_disableConversion                   
00000b75  ADC14_enableModule                        
00000b85  __TI_decompress_none                      
00000b93  Reset_Handler                             
00000b9f  _system_pre_init                          
00000ba3  C$$EXIT                                   
00000ba3  abort                                     
00000c58  uartConfig                                
00000c98  __TI_Handler_Table_Base                   
00000ca4  __TI_Handler_Table_Limit                  
00000cb8  __TI_CINIT_Base                           
00000cc8  __TI_CINIT_Limit                          
20000000  ADC_value                                 
20000002  ADC_ready                                 
20000003  color                                     
2000fe00  __stack                                   
20010000  __STACK_END                               
4000480c  WDTCTL_SYM                                
ffffffff  __TI_pprof_out_hndl                       
ffffffff  __TI_prof_data_size                       
ffffffff  __TI_prof_data_start                      
ffffffff  __binit__                                 
ffffffff  __c_args__                                
ffffffff  binit                                     
UNDEFED   __mpu_init                                
UNDEFED   _system_post_cinit                        

[114 symbols]
