******************************************************************************
                  TI ARM Linker PC v18.1.1                     
******************************************************************************
>> Linked Mon Jul 30 12:47:36 2018

OUTPUT FILE NAME:   <uart_adc_multi.out>
ENTRY POINT SYMBOL: "_c_int00_noargs"  address: 0000083d


MEMORY CONFIGURATION

         name            origin    length      used     unused   attr    fill
----------------------  --------  ---------  --------  --------  ----  --------
  MAIN                  00000000   00040000  00000b30  0003f4d0  R  X
  INFO                  00200000   00004000  00000000  00004000  R  X
  SRAM_CODE             01000000   00010000  00000201  0000fdff  RW X
  SRAM_DATA             20000000   00010000  00000201  0000fdff  RW  


SEGMENT ALLOCATION MAP

run origin  load origin   length   init length attrs members
----------  ----------- ---------- ----------- ----- -------
00000000    00000000    00000b38   00000b38    r-x
  00000000    00000000    000000e4   000000e4    r-- .intvecs
  000000e4    000000e4    00000956   00000956    r-x .text
  00000a3c    00000a3c    000000de   000000de    r-- .const
  00000b20    00000b20    00000018   00000018    r-- .cinit
20000000    20000000    00000001   00000000    rw-
  20000000    20000000    00000001   00000000    rw- .data
2000fe00    2000fe00    00000200   00000000    rw-
  2000fe00    2000fe00    00000200   00000000    rw- .stack


SECTION ALLOCATION MAP

 output                                  attributes/
section   page    origin      length       input sections
--------  ----  ----------  ----------   ----------------
.intvecs   0    00000000    000000e4     
                  00000000    000000e4     startup_msp432p401r_ccs.obj (.intvecs:retain)

.text      0    000000e4    00000956     
                  000000e4    00000154     msp432p4xx_driverlib.lib : adc14_MSP432P4XX.obj (.text:_getIndexForMemRegister)
                  00000238    00000128     uart_adc_multi.obj (.text:main)
                  00000360    000000c8     uart_adc_multi.obj (.text:getVoltage)
                  00000428    0000009c     rtsv7M4_T_le_v4SPD16_eabi.lib : memcpy_t2.asm.obj (.text)
                  000004c4    00000078     system_msp432p401r.obj (.text:SystemInit)
                  0000053c    00000072     uart_adc_multi.obj (.text:configure_analog)
                  000005ae    00000002     startup_msp432p401r_ccs.obj (.text:Default_Handler)
                  000005b0    0000006c     msp432p4xx_driverlib.lib : adc14_MSP432P4XX.obj (.text:ADC14_configureConversionMemory)
                  0000061c    0000006c     uart_adc_multi.obj (.text:RGB)
                  00000688    00000068     rtsv7M4_T_le_v4SPD16_eabi.lib : copy_decompress_lzss.c.obj (.text:decompress:lzss:__TI_decompress_lzss)
                  000006f0    0000004c     msp432p4xx_driverlib.lib : gpio_MSP432P4XX.obj (.text:GPIO_setAsPeripheralModuleFunctionInputPin)
                  0000073c    00000044                              : adc14_MSP432P4XX.obj (.text:ADC14_configureSingleSampleMode)
                  00000780    00000044     rtsv7M4_T_le_v4SPD16_eabi.lib : autoinit.c.obj (.text:__TI_auto_init_nobinit_nopinit:__TI_auto_init_nobinit_nopinit)
                  000007c4    00000040     uart_adc_multi.obj (.text:EUSCIA0_IRQHandler)
                  00000804    00000038     msp432p4xx_driverlib.lib : adc14_MSP432P4XX.obj (.text:ADC14_initModule)
                  0000083c    00000038     rtsv7M4_T_le_v4SPD16_eabi.lib : boot_cortex_m.c.obj (.text:_c_int00_noargs:_c_int00_noargs)
                  00000874    0000002c     msp432p4xx_driverlib.lib : adc14_MSP432P4XX.obj (.text:ADC14_enableConversion)
                  000008a0    00000028                              : adc14_MSP432P4XX.obj (.text:ADC14_enableSampleTimer)
                  000008c8    00000024                              : cs_MSP432P4XX.obj (.text:CS_setDCOCenteredFrequency)
                  000008ec    00000024                              : gpio_MSP432P4XX.obj (.text:GPIO_setAsOutputPin)
                  00000910    00000024                              : uart_MSP432P4XX.obj (.text:UART_transmitData)
                  00000934    00000020                              : adc14_MSP432P4XX.obj (.text:ADC14_disableModule)
                  00000954    00000020                              : adc14_MSP432P4XX.obj (.text:ADC14_toggleConversionTrigger)
                  00000974    00000018                              : adc14_MSP432P4XX.obj (.text:ADC14_getResult)
                  0000098c    00000018                              : gpio_MSP432P4XX.obj (.text:GPIO_setOutputLowOnPin)
                  000009a4    00000018                              : wdt_a_MSP432P4XX.obj (.text:WDT_A_holdTimer)
                  000009bc    00000014                              : adc14_MSP432P4XX.obj (.text:ADCIsConversionRunning)
                  000009d0    00000014                              : gpio_MSP432P4XX.obj (.text:GPIO_setOutputHighOnPin)
                  000009e4    00000014                              : gpio_MSP432P4XX.obj (.text:GPIO_toggleOutputOnPin)
                  000009f8    00000010                              : adc14_MSP432P4XX.obj (.text:ADC14_disableConversion)
                  00000a08    00000010                              : adc14_MSP432P4XX.obj (.text:ADC14_enableModule)
                  00000a18    0000000e     rtsv7M4_T_le_v4SPD16_eabi.lib : copy_decompress_none.c.obj (.text:decompress:none:__TI_decompress_none)
                  00000a26    0000000c     startup_msp432p401r_ccs.obj (.text:Reset_Handler)
                  00000a32    00000004     rtsv7M4_T_le_v4SPD16_eabi.lib : pre_init.c.obj (.text:_system_pre_init)
                  00000a36    00000004                                   : exit.c.obj (.text:abort:abort)

.const     0    00000a3c    000000de     
                  00000a3c    00000080     msp432p4xx_driverlib.lib : adc14_MSP432P4XX.obj (.const:_ctlRegs)
                  00000abc    00000030                              : gpio_MSP432P4XX.obj (.const:GPIO_PORT_TO_BASE)
                  00000aec    00000024     uart_adc_multi.obj (.const:uartConfig)
                  00000b10    0000000a     uart_adc_multi.obj (.const:.string:$P$T0$1)

.cinit     0    00000b20    00000018     
                  00000b20    00000008     (__TI_handler_table)
                  00000b28    00000005     (.cinit..data.load) [load image, compression = lzss]
                  00000b2d    00000003     --HOLE-- [fill = 0]
                  00000b30    00000008     (__TI_cinit_table)

.init_array 
*          0    00000000    00000000     UNINITIALIZED

.binit     0    00000000    00000000     

.data      0    20000000    00000001     UNINITIALIZED
                  20000000    00000001     uart_adc_multi.obj (.data)

.stack     0    2000fe00    00000200     UNINITIALIZED
                  2000fe00    00000004     rtsv7M4_T_le_v4SPD16_eabi.lib : boot_cortex_m.c.obj (.stack)
                  2000fe04    000001fc     --HOLE--

MODULE SUMMARY

       Module                        code   ro data   rw data
       ------                        ----   -------   -------
    .\
       uart_adc_multi.obj            782    46        2      
       system_msp432p401r.obj        120    0         0      
    +--+-----------------------------+------+---------+---------+
       Total:                        902    46        2      
                                                             
    .\ccs\
       startup_msp432p401r_ccs.obj   14     228       0      
    +--+-----------------------------+------+---------+---------+
       Total:                        14     228       0      
                                                             
    C:/ti/simplelink_msp432p4_sdk_2_10_00_14/source/ti/devices/msp432p4xx/driverlib/ccs/msp432p4xx_driverlib.lib
       adc14_MSP432P4XX.obj          796    128       0      
       gpio_MSP432P4XX.obj           176    48        0      
       cs_MSP432P4XX.obj             36     0         0      
       uart_MSP432P4XX.obj           36     0         0      
       wdt_a_MSP432P4XX.obj          24     0         0      
    +--+-----------------------------+------+---------+---------+
       Total:                        1068   176       0      
                                                             
    C:\ti\ccsv8\tools\compiler\ti-cgt-arm_18.1.1.LTS\lib\rtsv7M4_T_le_v4SPD16_eabi.lib
       memcpy_t2.asm.obj             156    0         0      
       copy_decompress_lzss.c.obj    104    0         0      
       autoinit.c.obj                68     0         0      
       boot_cortex_m.c.obj           56     0         0      
       copy_decompress_none.c.obj    14     0         0      
       exit.c.obj                    4      0         0      
       pre_init.c.obj                4      0         0      
    +--+-----------------------------+------+---------+---------+
       Total:                        406    0         0      
                                                             
       Stack:                        0      0         1024   
       Linker Generated:             0      21        0      
    +--+-----------------------------+------+---------+---------+
       Grand Total:                  2390   471       1026   


LINKER GENERATED COPY TABLES

__TI_cinit_table @ 00000b30 records: 1, size/record: 8, table size: 8
	.data: load addr=00000b28, load size=00000005 bytes, run addr=20000000, run size=00000001 bytes, compression=lzss


LINKER GENERATED HANDLER TABLE

__TI_handler_table @ 00000b20 records: 2, size/record: 4, table size: 8
	index: 0, handler: __TI_decompress_lzss
	index: 1, handler: __TI_decompress_none


GLOBAL SYMBOLS: SORTED ALPHABETICALLY BY Name 

address   name                                      
-------   ----                                      
000005af  ADC14_IRQHandler                          
000005b1  ADC14_configureConversionMemory           
0000073d  ADC14_configureSingleSampleMode           
000009f9  ADC14_disableConversion                   
00000935  ADC14_disableModule                       
00000875  ADC14_enableConversion                    
00000a09  ADC14_enableModule                        
000008a1  ADC14_enableSampleTimer                   
00000975  ADC14_getResult                           
00000805  ADC14_initModule                          
00000955  ADC14_toggleConversionTrigger             
000005af  AES256_IRQHandler                         
000005af  BusFault_Handler                          
00000a37  C$$EXIT                                   
000005af  COMP_E0_IRQHandler                        
000005af  COMP_E1_IRQHandler                        
000005af  CS_IRQHandler                             
000008c9  CS_setDCOCenteredFrequency                
000005af  DMA_ERR_IRQHandler                        
000005af  DMA_INT0_IRQHandler                       
000005af  DMA_INT1_IRQHandler                       
000005af  DMA_INT2_IRQHandler                       
000005af  DMA_INT3_IRQHandler                       
000005af  DebugMon_Handler                          
000005af  Default_Handler                           
000007c5  EUSCIA0_IRQHandler                        
000007c5  EUSCIA0_IRQHandler                        
000005af  EUSCIA1_IRQHandler                        
000005af  EUSCIA2_IRQHandler                        
000005af  EUSCIA3_IRQHandler                        
000005af  EUSCIB0_IRQHandler                        
000005af  EUSCIB1_IRQHandler                        
000005af  EUSCIB2_IRQHandler                        
000005af  EUSCIB3_IRQHandler                        
000005af  FLCTL_IRQHandler                          
000005af  FPU_IRQHandler                            
000008ed  GPIO_setAsOutputPin                       
000006f1  GPIO_setAsPeripheralModuleFunctionInputPin
000009d1  GPIO_setOutputHighOnPin                   
0000098d  GPIO_setOutputLowOnPin                    
000009e5  GPIO_toggleOutputOnPin                    
000005af  HardFault_Handler                         
000005af  MemManage_Handler                         
000005af  NMI_Handler                               
000005af  PCM_IRQHandler                            
000005af  PORT1_IRQHandler                          
000005af  PORT2_IRQHandler                          
000005af  PORT3_IRQHandler                          
000005af  PORT4_IRQHandler                          
000005af  PORT5_IRQHandler                          
000005af  PORT6_IRQHandler                          
000005af  PSS_IRQHandler                            
000005af  PendSV_Handler                            
0000061d  RGB                                       
000005af  RTC_C_IRQHandler                          
00000a27  Reset_Handler                             
000005af  SVC_Handler                               
000005af  SysTick_Handler                           
000004c5  SystemInit                                
000005af  T32_INT1_IRQHandler                       
000005af  T32_INT2_IRQHandler                       
000005af  T32_INTC_IRQHandler                       
000005af  TA0_0_IRQHandler                          
000005af  TA0_N_IRQHandler                          
000005af  TA1_0_IRQHandler                          
000005af  TA1_N_IRQHandler                          
000005af  TA2_0_IRQHandler                          
000005af  TA2_N_IRQHandler                          
000005af  TA3_0_IRQHandler                          
000005af  TA3_N_IRQHandler                          
00000911  UART_transmitData                         
000005af  UsageFault_Handler                        
4000480c  WDTCTL_SYM                                
000005af  WDT_A_IRQHandler                          
000009a5  WDT_A_holdTimer                           
20010000  __STACK_END                               
00000200  __STACK_SIZE                              
00000b30  __TI_CINIT_Base                           
00000b38  __TI_CINIT_Limit                          
00000b20  __TI_Handler_Table_Base                   
00000b28  __TI_Handler_Table_Limit                  
00000781  __TI_auto_init_nobinit_nopinit            
00000689  __TI_decompress_lzss                      
00000a19  __TI_decompress_none                      
ffffffff  __TI_pprof_out_hndl                       
ffffffff  __TI_prof_data_size                       
ffffffff  __TI_prof_data_start                      
00000000  __TI_static_base__                        
00000429  __aeabi_memcpy                            
00000429  __aeabi_memcpy4                           
00000429  __aeabi_memcpy8                           
ffffffff  __binit__                                 
ffffffff  __c_args__                                
UNDEFED   __mpu_init                                
2000fe00  __stack                                   
0000083d  _c_int00_noargs                           
UNDEFED   _system_post_cinit                        
00000a33  _system_pre_init                          
00000a37  abort                                     
ffffffff  binit                                     
20000000  color                                     
0000053d  configure_analog                          
00000361  getVoltage                                
00000000  interruptVectors                          
00000239  main                                      
00000429  memcpy                                    
00000aec  uartConfig                                


GLOBAL SYMBOLS: SORTED BY Symbol Address 

address   name                                      
-------   ----                                      
00000000  __TI_static_base__                        
00000000  interruptVectors                          
00000200  __STACK_SIZE                              
00000239  main                                      
00000361  getVoltage                                
00000429  __aeabi_memcpy                            
00000429  __aeabi_memcpy4                           
00000429  __aeabi_memcpy8                           
00000429  memcpy                                    
000004c5  SystemInit                                
0000053d  configure_analog                          
000005af  ADC14_IRQHandler                          
000005af  AES256_IRQHandler                         
000005af  BusFault_Handler                          
000005af  COMP_E0_IRQHandler                        
000005af  COMP_E1_IRQHandler                        
000005af  CS_IRQHandler                             
000005af  DMA_ERR_IRQHandler                        
000005af  DMA_INT0_IRQHandler                       
000005af  DMA_INT1_IRQHandler                       
000005af  DMA_INT2_IRQHandler                       
000005af  DMA_INT3_IRQHandler                       
000005af  DebugMon_Handler                          
000005af  Default_Handler                           
000005af  EUSCIA1_IRQHandler                        
000005af  EUSCIA2_IRQHandler                        
000005af  EUSCIA3_IRQHandler                        
000005af  EUSCIB0_IRQHandler                        
000005af  EUSCIB1_IRQHandler                        
000005af  EUSCIB2_IRQHandler                        
000005af  EUSCIB3_IRQHandler                        
000005af  FLCTL_IRQHandler                          
000005af  FPU_IRQHandler                            
000005af  HardFault_Handler                         
000005af  MemManage_Handler                         
000005af  NMI_Handler                               
000005af  PCM_IRQHandler                            
000005af  PORT1_IRQHandler                          
000005af  PORT2_IRQHandler                          
000005af  PORT3_IRQHandler                          
000005af  PORT4_IRQHandler                          
000005af  PORT5_IRQHandler                          
000005af  PORT6_IRQHandler                          
000005af  PSS_IRQHandler                            
000005af  PendSV_Handler                            
000005af  RTC_C_IRQHandler                          
000005af  SVC_Handler                               
000005af  SysTick_Handler                           
000005af  T32_INT1_IRQHandler                       
000005af  T32_INT2_IRQHandler                       
000005af  T32_INTC_IRQHandler                       
000005af  TA0_0_IRQHandler                          
000005af  TA0_N_IRQHandler                          
000005af  TA1_0_IRQHandler                          
000005af  TA1_N_IRQHandler                          
000005af  TA2_0_IRQHandler                          
000005af  TA2_N_IRQHandler                          
000005af  TA3_0_IRQHandler                          
000005af  TA3_N_IRQHandler                          
000005af  UsageFault_Handler                        
000005af  WDT_A_IRQHandler                          
000005b1  ADC14_configureConversionMemory           
0000061d  RGB                                       
00000689  __TI_decompress_lzss                      
000006f1  GPIO_setAsPeripheralModuleFunctionInputPin
0000073d  ADC14_configureSingleSampleMode           
00000781  __TI_auto_init_nobinit_nopinit            
000007c5  EUSCIA0_IRQHandler                        
000007c5  EUSCIA0_IRQHandler                        
00000805  ADC14_initModule                          
0000083d  _c_int00_noargs                           
00000875  ADC14_enableConversion                    
000008a1  ADC14_enableSampleTimer                   
000008c9  CS_setDCOCenteredFrequency                
000008ed  GPIO_setAsOutputPin                       
00000911  UART_transmitData                         
00000935  ADC14_disableModule                       
00000955  ADC14_toggleConversionTrigger             
00000975  ADC14_getResult                           
0000098d  GPIO_setOutputLowOnPin                    
000009a5  WDT_A_holdTimer                           
000009d1  GPIO_setOutputHighOnPin                   
000009e5  GPIO_toggleOutputOnPin                    
000009f9  ADC14_disableConversion                   
00000a09  ADC14_enableModule                        
00000a19  __TI_decompress_none                      
00000a27  Reset_Handler                             
00000a33  _system_pre_init                          
00000a37  C$$EXIT                                   
00000a37  abort                                     
00000aec  uartConfig                                
00000b20  __TI_Handler_Table_Base                   
00000b28  __TI_Handler_Table_Limit                  
00000b30  __TI_CINIT_Base                           
00000b38  __TI_CINIT_Limit                          
20000000  color                                     
2000fe00  __stack                                   
20010000  __STACK_END                               
4000480c  WDTCTL_SYM                                
ffffffff  __TI_pprof_out_hndl                       
ffffffff  __TI_prof_data_size                       
ffffffff  __TI_prof_data_start                      
ffffffff  __binit__                                 
ffffffff  __c_args__                                
ffffffff  binit                                     
UNDEFED   __mpu_init                                
UNDEFED   _system_post_cinit                        

[107 symbols]
