******************************************************************************
                  TI ARM Linker PC v18.1.2                     
******************************************************************************
>> Linked Sun Aug 19 15:02:23 2018

OUTPUT FILE NAME:   <adc_FFT_Multi_Trigger_NMEA.out>
ENTRY POINT SYMBOL: "_c_int00_noargs"  address: 00005d09


MEMORY CONFIGURATION

         name            origin    length      used     unused   attr    fill
----------------------  --------  ---------  --------  --------  ----  --------
  MAIN                  00000000   00040000  0000688e  00039772  R  X
  INFO                  00200000   00004000  00000000  00004000  R  X
  SRAM_CODE             01000000   00010000  00007124  00008edc  RW X
  SRAM_DATA             20000000   00010000  00007124  00008edc  RW  


SEGMENT ALLOCATION MAP

run origin  load origin   length   init length attrs members
----------  ----------- ---------- ----------- ----- -------
00000000    00000000    00006898   00006898    r-x
  00000000    00000000    000000e4   000000e4    r-- .intvecs
  000000e8    000000e8    00006202   00006202    r-x .text
  000062f0    000062f0    00000510   00000510    r-- .const
  00006800    00006800    00000098   00000098    r-- .cinit
20000000    20000000    00006924   00000000    rw-
  20000000    20000000    00006568   00000000    rw- .sysmem
  20006568    20006568    000001f0   00000000    rw- .data
  20006758    20006758    000001cc   00000000    rw- .bss
2000f800    2000f800    00000800   00000000    rw-
  2000f800    2000f800    00000800   00000000    rw- .stack


SECTION ALLOCATION MAP

 output                                  attributes/
section   page    origin      length       input sections
--------  ----  ----------  ----------   ----------------
.intvecs   0    00000000    000000e4     
                  00000000    000000e4     startup_msp432p401r_ccs.obj (.intvecs:retain)

.text      0    000000e8    00006202     
                  000000e8    00000a5e     rtsv7M4_T_le_v4SPD16_eabi.lib : _printfi.c.obj (.text:__TI_printfi)
                  00000b46    00000002     startup_msp432p401r_ccs.obj (.text:Default_Handler)
                  00000b48    00000738     rtsv7M4_T_le_v4SPD16_eabi.lib : k_rem_pio2.c.obj (.text:__kernel_rem_pio2)
                  00001280    000005dc                                   : s_cos.c.obj (.text:cos)
                  0000185c    000005c4                                   : s_sin.c.obj (.text:sin)
                  00001e20    0000045a     kiss_fft.obj (.text:kf_bfly5)
                  0000227a    00000002     rtsv7M4_T_le_v4SPD16_eabi.lib : _lock.c.obj (.text:_nop)
                  0000227c    00000328     adc_FFT_Multi_Trigger_NMEA.obj (.text:main)
                  000025a4    0000027e     kiss_fft.obj (.text:kf_bfly4)
                  00002822    00000002     rtsv7M4_T_le_v4SPD16_eabi.lib : div0.asm.obj (.text)
                  00002824    00000270                                   : _printfi.c.obj (.text:_pconv_a)
                  00002a94    00000234     adc_FFT_Multi_Trigger_NMEA.obj (.text:sendNMEA)
                  00002cc8    000001d4     kiss_fft.obj (.text:kf_bfly3)
                  00002e9c    000001d0     rtsv7M4_T_le_v4SPD16_eabi.lib : _printfi.c.obj (.text:_pconv_g)
                  0000306c    000001b6                                   : fd_add_t2.asm.obj (.text)
                  00003222    00000002     --HOLE-- [fill = 0]
                  00003224    000001a8     kiss_fftr.obj (.text:kiss_fftr)
                  000033cc    0000017c     kiss_fftr.obj (.text:kiss_fftr_alloc)
                  00003548    00000174     rtsv7M4_T_le_v4SPD16_eabi.lib : k_sin.c.obj (.text:__kernel_sin)
                  000036bc    0000016c                                   : k_cos.c.obj (.text:__kernel_cos)
                  00003828    00000160     msp432p4xx_driverlib.lib : adc14.o (.text:_getIndexForMemRegister)
                  00003988    00000158     rtsv7M4_T_le_v4SPD16_eabi.lib : e_sqrt.c.obj (.text:sqrt)
                  00003ae0    0000013c                                   : _printfi.c.obj (.text:_pconv_e)
                  00003c1c    00000136                                   : fd_div_t2.asm.obj (.text)
                  00003d52    00000002     --HOLE-- [fill = 0]
                  00003d54    00000120                                   : _printfi.c.obj (.text:fcvt)
                  00003e74    00000118     kiss_fft.obj (.text:kf_bfly_generic)
                  00003f8c    00000114     rtsv7M4_T_le_v4SPD16_eabi.lib : fputs.c.obj (.text:fputs)
                  000040a0    00000110                                   : s_scalbn.c.obj (.text:scalbn)
                  000041b0    0000010c     kiss_fft.obj (.text:kiss_fft_alloc)
                  000042bc    000000fc     rtsv7M4_T_le_v4SPD16_eabi.lib : fd_mul_t2.asm.obj (.text)
                  000043b8    000000f8                                   : s_floor.c.obj (.text:floor)
                  000044b0    000000dc                                   : setvbuf.c.obj (.text:setvbuf)
                  0000458c    00000004                                   : fprintf.c.obj (.text:_outc)
                  00004590    000000d8     QmathLib_CCS_MSP432.lib : _QNsqrt.obj (.text:_Qmag)
                  00004668    000000d8     rtsv7M4_T_le_v4SPD16_eabi.lib : memory.c.obj (.text:free)
                  00004740    000000ce     kiss_fft.obj (.text:kf_work)
                  0000480e    000000c0     kiss_fft.obj (.text:kf_bfly2)
                  000048ce    00000002     --HOLE-- [fill = 0]
                  000048d0    000000b1     rtsv7M4_T_le_v4SPD16_eabi.lib : _printfi.c.obj (.text:_ltostr)
                  00004981    00000003     --HOLE-- [fill = 0]
                  00004984    000000a4     msp432p4xx_driverlib.lib : adc14.o (.text:ADC14_configureConversionMemory)
                  00004a28    0000009c     rtsv7M4_T_le_v4SPD16_eabi.lib : memcpy_t2.asm.obj (.text)
                  00004ac4    00000096                                   : ull_div_t2.asm.obj (.text)
                  00004b5a    00000002     --HOLE-- [fill = 0]
                  00004b5c    0000008c                                   : fputc.c.obj (.text:fputc)
                  00004be8    00000086                                   : fd_cmp_t2.asm.obj (.text:__aeabi_cdcmple)
                  00004c6e    00000086                                   : fd_cmp_t2.asm.obj (.text:__aeabi_cdrcmple)
                  00004cf4    00000080     msp432p4xx_driverlib.lib : interrupt.o (.text:Interrupt_disableInterrupt)
                  00004d74    00000080                              : interrupt.o (.text:Interrupt_enableInterrupt)
                  00004df4    0000007e     adc_FFT_Multi_Trigger_NMEA.obj (.text:STD)
                  00004e72    0000007a     rtsv7M4_T_le_v4SPD16_eabi.lib : memset_t2.asm.obj (.text)
                  00004eec    00000078                                   : memory.c.obj (.text:malloc)
                  00004f64    00000076     adc_FFT_Multi_Trigger_NMEA.obj (.text:configure_analog)
                  00004fda    00000002     --HOLE-- [fill = 0]
                  00004fdc    00000074     rtsv7M4_T_le_v4SPD16_eabi.lib : fclose.c.obj (.text:__TI_closefile)
                  00005050    0000006e                                   : _printfi.c.obj (.text:_mcpy)
                  000050be    0000006e     kiss_fft.obj (.text:kf_factor)
                  0000512c    0000006e     rtsv7M4_T_le_v4SPD16_eabi.lib : fd_tos_t2.asm.obj (.text)
                  0000519a    00000002     --HOLE-- [fill = 0]
                  0000519c    00000068                                   : hostlseek.c.obj (.text:HOSTlseek)
                  00005204    00000068                                   : hostrename.c.obj (.text:HOSTrename)
                  0000526c    00000068                                   : copy_decompress_lzss.c.obj (.text:decompress:lzss:__TI_decompress_lzss)
                  000052d4    00000066     adc_FFT_Multi_Trigger_NMEA.obj (.text:RMS)
                  0000533a    00000002     --HOLE-- [fill = 0]
                  0000533c    00000064     system_msp432p401r.obj (.text:SystemInit)
                  000053a0    00000064     rtsv7M4_T_le_v4SPD16_eabi.lib : fprintf.c.obj (.text:fprintf)
                  00005404    00000064                                   : s_frexp.c.obj (.text:frexp)
                  00005468    00000064                                   : fseek.c.obj (.text:fseek)
                  000054cc    00000062                                   : _io_perm.c.obj (.text:__TI_wrt_ok)
                  0000552e    00000002     --HOLE-- [fill = 0]
                  00005530    00000060                                   : hostopen.c.obj (.text:HOSTopen)
                  00005590    0000005c     adc_FFT_Multi_Trigger_NMEA.obj (.text:average_preprocess)
                  000055ec    0000005c     rtsv7M4_T_le_v4SPD16_eabi.lib : close.c.obj (.text:close)
                  00005648    00000058     adc_FFT_Multi_Trigger_NMEA.obj (.text:ADC14_IRQHandler)
                  000056a0    00000058     msp432p4xx_driverlib.lib : adc14.o (.text:ADC14_configureSingleSampleMode)
                  000056f8    00000058     rtsv7M4_T_le_v4SPD16_eabi.lib : hostread.c.obj (.text:HOSTread)
                  00005750    00000058                                   : hostwrite.c.obj (.text:HOSTwrite)
                  000057a8    00000056                                   : _printfi.c.obj (.text:_pconv_f)
                  000057fe    00000056     kiss_fft.obj (.text:kiss_fft_stride)
                  00005854    00000054     msp432p4xx_driverlib.lib : adc14.o (.text:ADC14_initModule)
                  000058a8    00000054     rtsv7M4_T_le_v4SPD16_eabi.lib : ltoa.c.obj (.text:ltoa)
                  000058fc    00000052                                   : _printfi.c.obj (.text:_ecpy)
                  0000594e    0000004c                                   : fflush.c.obj (.text:__TI_doflush)
                  0000599a    00000002     --HOLE-- [fill = 0]
                  0000599c    0000004c                                   : atoi.c.obj (.text:atoi)
                  000059e8    00000048     msp432p4xx_driverlib.lib : adc14.o (.text:ADC14_setSampleHoldTrigger)
                  00005a30    00000048     rtsv7M4_T_le_v4SPD16_eabi.lib : exit.c.obj (.text:exit)
                  00005a78    00000048                                   : fd_toi_t2.asm.obj (.text)
                  00005ac0    00000044                                   : hostclose.c.obj (.text:HOSTclose)
                  00005b04    00000044                                   : hostunlink.c.obj (.text:HOSTunlink)
                  00005b48    00000044                                   : autoinit.c.obj (.text:__TI_auto_init_nobinit_nopinit:__TI_auto_init_nobinit_nopinit)
                  00005b8c    00000044     adc_FFT_Multi_Trigger_NMEA.obj (.text:calc_mean)
                  00005bd0    00000044     rtsv7M4_T_le_v4SPD16_eabi.lib : getdevice.c.obj (.text:getdevice)
                  00005c14    00000040     msp432p4xx_driverlib.lib : gpio.o (.text:GPIO_setAsOutputPin)
                  00005c54    0000003e     rtsv7M4_T_le_v4SPD16_eabi.lib : _printfi.c.obj (.text:_fcpy)
                  00005c92    00000002     --HOLE-- [fill = 0]
                  00005c94    0000003c                                   : memory.c.obj (.text:minsert)
                  00005cd0    00000038                                   : trgmsg.c.obj (.text:__TI_writemsg)
                  00005d08    00000038                                   : boot_cortex_m.c.obj (.text:_c_int00_noargs:_c_int00_noargs)
                  00005d40    00000038                                   : memory.c.obj (.text:minit)
                  00005d78    00000038                                   : fs_tod_t2.asm.obj (.text)
                  00005db0    00000036                                   : strncpy.c.obj (.text:strncpy)
                  00005de6    00000002     --HOLE-- [fill = 0]
                  00005de8    00000034     msp432p4xx_driverlib.lib : cs.o (.text:CS_setDCOCenteredFrequency)
                  00005e1c    00000034                              : uart.o (.text:UART_transmitData)
                  00005e50    00000034     rtsv7M4_T_le_v4SPD16_eabi.lib : fopen.c.obj (.text:__TI_cleanup)
                  00005e84    00000034                                   : trgmsg.c.obj (.text:__TI_readmsg)
                  00005eb8    00000030     msp432p4xx_driverlib.lib : adc14.o (.text:ADC14_disableInterrupt)
                  00005ee8    00000030                              : adc14.o (.text:ADC14_enableInterrupt)
                  00005f18    00000030                              : adc14.o (.text:ADC14_setSampleHoldTime)
                  00005f48    00000030                              : cs.o (.text:CS_setReferenceOscillatorFrequency)
                  00005f78    00000030     rtsv7M4_T_le_v4SPD16_eabi.lib : getdevice.c.obj (.text:finddevice)
                  00005fa8    0000002e                                   : i_tofd_t2.asm.obj (.text)
                  00005fd6    00000002     --HOLE-- [fill = 0]
                  00005fd8    0000002c                                   : unlink.c.obj (.text:unlink)
                  00006004    00000028     msp432p4xx_driverlib.lib : adc14.o (.text:ADC14_enableConversion)
                  0000602c    00000028     adc_FFT_Multi_Trigger_NMEA.obj (.text:EUSCIA0_IRQHandler)
                  00006054    00000028     msp432p4xx_driverlib.lib : gpio.o (.text:GPIO_setOutputHighOnPin)
                  0000607c    00000028                              : gpio.o (.text:GPIO_setOutputLowOnPin)
                  000060a4    00000028     rtsv7M4_T_le_v4SPD16_eabi.lib : lseek.c.obj (.text:lseek)
                  000060cc    00000028                                   : memory.c.obj (.text:mremove)
                  000060f4    00000028                                   : write.c.obj (.text:write)
                  0000611c    00000026     adc_FFT_Multi_Trigger_NMEA.obj (.text:max_index)
                  00006142    00000002     --HOLE-- [fill = 0]
                  00006144    00000020     msp432p4xx_driverlib.lib : adc14.o (.text:ADC14_setResolution)
                  00006164    00000020     rtsv7M4_T_le_v4SPD16_eabi.lib : memchr.c.obj (.text:memchr)
                  00006184    0000001e     adc_FFT_Multi_Trigger_NMEA.obj (.text:PORT1_IRQHandler)
                  000061a2    00000002     --HOLE-- [fill = 0]
                  000061a4    0000001c     msp432p4xx_driverlib.lib : adc14.o (.text:ADC14_disableModule)
                  000061c0    0000001c     adc_FFT_Multi_Trigger_NMEA.obj (.text:max)
                  000061dc    0000001c     rtsv7M4_T_le_v4SPD16_eabi.lib : memccpy.c.obj (.text:memccpy)
                  000061f8    00000018                                   : strcmp.c.obj (.text:strcmp)
                  00006210    00000016                                   : strchr.c.obj (.text:strchr)
                  00006226    00000014                                   : s_copysign.c.obj (.text:copysign)
                  0000623a    00000014                                   : strcpy.c.obj (.text:strcpy)
                  0000624e    00000014                                   : strlen.c.obj (.text:strlen)
                  00006262    00000012                                   : copy_zero_init.c.obj (.text:decompress:ZI:__TI_zero_init_nomemset:__TI_zero_init_nomemset)
                  00006274    00000012                                   : wcslen.c.obj (.text:wcslen)
                  00006286    00000002     --HOLE-- [fill = 0]
                  00006288    00000010     msp432p4xx_driverlib.lib : adc14.o (.text:ADC14_disableConversion)
                  00006298    00000010                              : adc14.o (.text:ADCIsConversionRunning)
                  000062a8    0000000e     rtsv7M4_T_le_v4SPD16_eabi.lib : copy_decompress_none.c.obj (.text:decompress:none:__TI_decompress_none)
                  000062b6    00000002     --HOLE-- [fill = 0]
                  000062b8    0000000c     msp432p4xx_driverlib.lib : adc14.o (.text:ADC14_enableModule)
                  000062c4    0000000c     startup_msp432p401r_ccs.obj (.text:Reset_Handler)
                  000062d0    00000008     rtsv7M4_T_le_v4SPD16_eabi.lib : errno.c.obj (.text:__aeabi_errno_addr)
                  000062d8    00000006     kiss_fft.obj (.text:kiss_fft)
                  000062de    00000004     rtsv7M4_T_le_v4SPD16_eabi.lib : fprintf.c.obj (.text:_outs)
                  000062e2    00000004                                   : pre_init.c.obj (.text:_system_pre_init)
                  000062e6    00000004                                   : exit.c.obj (.text:abort:abort)

.const     0    000062f0    00000510     
                  000062f0    00000180     QmathLib_CCS_MSP432.lib : _QNtables.obj (.const:_Q16sqrt_coeffs)
                  00006470    00000158     rtsv7M4_T_le_v4SPD16_eabi.lib : k_rem_pio2.c.obj (.const:$O1$$)
                  000065c8    00000101                                   : ctype.c.obj (.const:.string:_ctypes_)
                  000066c9    00000003     --HOLE-- [fill = 0]
                  000066cc    00000080     msp432p4xx_driverlib.lib : adc14.o (.const:_ctlRegs)
                  0000674c    00000030                              : gpio.o (.const:GPIO_PORT_TO_BASE)
                  0000677c    00000024     adc_FFT_Multi_Trigger_NMEA.obj (.const:uartConfig)
                  000067a0    00000018     adc_FFT_Multi_Trigger_NMEA.obj (.const:upModeConfig_M)
                  000067b8    00000018     adc_FFT_Multi_Trigger_NMEA.obj (.const:upModeConfig_V)
                  000067d0    00000010     adc_FFT_Multi_Trigger_NMEA.obj (.const:compareConfig_M)
                  000067e0    00000010     adc_FFT_Multi_Trigger_NMEA.obj (.const:compareConfig_V)
                  000067f0    00000008     msp432p4xx_driverlib.lib : interrupt.o (.const:g_pulDisRegs)
                  000067f8    00000008                              : interrupt.o (.const:g_pulEnRegs)

.cinit     0    00006800    00000098     
                  00006800    00000072     (.cinit..data.load) [load image, compression = lzss]
                  00006872    00000002     --HOLE-- [fill = 0]
                  00006874    0000000c     (__TI_handler_table)
                  00006880    00000008     (.cinit..bss.load) [load image, compression = zero_init]
                  00006888    00000010     (__TI_cinit_table)

.init_array 
*          0    00000000    00000000     UNINITIALIZED

.binit     0    00000000    00000000     

.sysmem    0    20000000    00006568     UNINITIALIZED
                  20000000    00000008     rtsv7M4_T_le_v4SPD16_eabi.lib : memory.c.obj (.sysmem)
                  20000008    00006560     --HOLE--

.data      0    20006568    000001f0     UNINITIALIZED
                  20006568    000000f0     rtsv7M4_T_le_v4SPD16_eabi.lib : defs.c.obj (.data:_ftable)
                  20006658    00000078                                   : write.c.obj (.data:_device)
                  200066d0    00000050                                   : write.c.obj (.data:_stream)
                  20006720    00000010                                   : defs.c.obj (.data)
                  20006730    0000000c                                   : exit.c.obj (.data:$O1$$)
                  2000673c    0000000c                                   : memory.c.obj (.data:$O1$$)
                  20006748    00000008                                   : _lock.c.obj (.data:$O1$$)
                  20006750    00000004     adc_FFT_Multi_Trigger_NMEA.obj (.data)
                  20006754    00000004     rtsv7M4_T_le_v4SPD16_eabi.lib : errno.c.obj (.data)

.bss       0    20006758    000001cc     UNINITIALIZED
                  20006758    00000120     rtsv7M4_T_le_v4SPD16_eabi.lib : trgmsg.c.obj (.bss:_CIOBUF_)
                  20006878    000000a0     (.common:__TI_tmpnams)
                  20006918    00000008     (.common:parmbuf)
                  20006920    00000004     (.common:information_bytes)

.stack     0    2000f800    00000800     UNINITIALIZED
                  2000f800    00000004     rtsv7M4_T_le_v4SPD16_eabi.lib : boot_cortex_m.c.obj (.stack)
                  2000f804    000007fc     --HOLE--

MODULE SUMMARY

       Module                           code    ro data   rw data
       ------                           ----    -------   -------
    .\
       adc_FFT_Multi_Trigger_NMEA.obj   2102    116       16     
       system_msp432p401r.obj           100     0         0      
    +--+--------------------------------+-------+---------+---------+
       Total:                           2202    116       16     
                                                                 
    .\ccs\
       startup_msp432p401r_ccs.obj      14      228       0      
    +--+--------------------------------+-------+---------+---------+
       Total:                           14      228       0      
                                                                 
    .\kissFFT\
       kiss_fft.obj                     3368    0         0      
       kiss_fftr.obj                    804     0         0      
    +--+--------------------------------+-------+---------+---------+
       Total:                           4172    0         0      
                                                                 
    C:/ti/simplelink_msp432p4_sdk_2_20_00_12/source/ti/devices/msp432p4xx/driverlib/ccs/msp432p4xx_driverlib.lib
       adc14.o                          1048    128       0      
       interrupt.o                      256     16        0      
       gpio.o                           144     48        0      
       cs.o                             100     0         0      
       uart.o                           52      0         0      
    +--+--------------------------------+-------+---------+---------+
       Total:                           1600    192       0      
                                                                 
    C:/ti/simplelink_msp432p4_sdk_2_20_00_12/source/ti/iqmathlib/ccs/QmathLib_CCS_MSP432.lib
       _QNtables.obj                    0       384       0      
       _QNsqrt.obj                      216     0         0      
    +--+--------------------------------+-------+---------+---------+
       Total:                           216     384       0      
                                                                 
    C:\ti\ccsv8\tools\compiler\ti-cgt-arm_18.1.2.LTS\lib\rtsv7M4_T_le_v4SPD16_eabi.lib
       _printfi.c.obj                   4863    0         0      
       k_rem_pio2.c.obj                 1848    344       0      
       s_cos.c.obj                      1500    0         0      
       s_sin.c.obj                      1476    0         0      
       defs.c.obj                       0       0         832    
       trgmsg.c.obj                     108     0         576    
       memory.c.obj                     492     0         24     
       write.c.obj                      40      0         400    
       fd_add_t2.asm.obj                438     0         0      
       k_sin.c.obj                      372     0         0      
       k_cos.c.obj                      364     0         0      
       e_sqrt.c.obj                     344     0         0      
       fd_div_t2.asm.obj                310     0         0      
       fputs.c.obj                      276     0         0      
       s_scalbn.c.obj                   272     0         0      
       fd_cmp_t2.asm.obj                268     0         0      
       ctype.c.obj                      0       257       0      
       fd_mul_t2.asm.obj                252     0         0      
       s_floor.c.obj                    248     0         0      
       setvbuf.c.obj                    220     0         0      
       memcpy_t2.asm.obj                156     0         0      
       ull_div_t2.asm.obj               150     0         0      
       fputc.c.obj                      140     0         0      
       memset_t2.asm.obj                122     0         0      
       fclose.c.obj                     116     0         0      
       getdevice.c.obj                  116     0         0      
       hostopen.c.obj                   96      0         16     
       fd_tos_t2.asm.obj                110     0         0      
       fprintf.c.obj                    108     0         0      
       copy_decompress_lzss.c.obj       104     0         0      
       hostlseek.c.obj                  104     0         0      
       hostrename.c.obj                 104     0         0      
       exit.c.obj                       76      0         24     
       fseek.c.obj                      100     0         0      
       s_frexp.c.obj                    100     0         0      
       _io_perm.c.obj                   98      0         0      
       close.c.obj                      92      0         0      
       hostread.c.obj                   88      0         0      
       hostwrite.c.obj                  88      0         0      
       ltoa.c.obj                       84      0         0      
       atoi.c.obj                       76      0         0      
       fflush.c.obj                     76      0         0      
       fd_toi_t2.asm.obj                72      0         0      
       autoinit.c.obj                   68      0         0      
       hostclose.c.obj                  68      0         0      
       hostunlink.c.obj                 68      0         0      
       boot_cortex_m.c.obj              56      0         0      
       fs_tod_t2.asm.obj                56      0         0      
       strncpy.c.obj                    54      0         0      
       fopen.c.obj                      52      0         0      
       i_tofd_t2.asm.obj                46      0         0      
       unlink.c.obj                     44      0         0      
       lseek.c.obj                      40      0         0      
       memchr.c.obj                     32      0         0      
       memccpy.c.obj                    28      0         0      
       strcmp.c.obj                     24      0         0      
       strchr.c.obj                     22      0         0      
       s_copysign.c.obj                 20      0         0      
       strcpy.c.obj                     20      0         0      
       strlen.c.obj                     20      0         0      
       _lock.c.obj                      2       0         16     
       copy_zero_init.c.obj             18      0         0      
       wcslen.c.obj                     18      0         0      
       errno.c.obj                      8       0         8      
       copy_decompress_none.c.obj       14      0         0      
       pre_init.c.obj                   4       0         0      
       div0.asm.obj                     2       0         0      
    +--+--------------------------------+-------+---------+---------+
       Total:                           16851   601       1896   
                                                                 
       Heap:                            0       0         51920  
       Stack:                           0       0         4096   
       Linker Generated:                0       150       0      
    +--+--------------------------------+-------+---------+---------+
       Grand Total:                     25055   1671      57928  


LINKER GENERATED COPY TABLES

__TI_cinit_table @ 00006888 records: 2, size/record: 8, table size: 16
	.data: load addr=00006800, load size=00000072 bytes, run addr=20006568, run size=000001f0 bytes, compression=lzss
	.bss: load addr=00006880, load size=00000008 bytes, run addr=20006758, run size=000001cc bytes, compression=zero_init


LINKER GENERATED HANDLER TABLE

__TI_handler_table @ 00006874 records: 3, size/record: 4, table size: 12
	index: 0, handler: __TI_decompress_lzss
	index: 1, handler: __TI_decompress_none
	index: 2, handler: __TI_zero_init


GLOBAL SYMBOLS: SORTED ALPHABETICALLY BY Name 

address   name                              
-------   ----                              
00005649  ADC14_IRQHandler                  
00005649  ADC14_IRQHandler                  
00004985  ADC14_configureConversionMemory   
000056a1  ADC14_configureSingleSampleMode   
00006289  ADC14_disableConversion           
00005eb9  ADC14_disableInterrupt            
000061a5  ADC14_disableModule               
00006005  ADC14_enableConversion            
00005ee9  ADC14_enableInterrupt             
000062b9  ADC14_enableModule                
00005855  ADC14_initModule                  
00006145  ADC14_setResolution               
00005f19  ADC14_setSampleHoldTime           
000059e9  ADC14_setSampleHoldTrigger        
00000b47  AES256_IRQHandler                 
00000b47  BusFault_Handler                  
000062e7  C$$EXIT                           
00005cff  C$$IO$$                           
00000b47  COMP_E0_IRQHandler                
00000b47  COMP_E1_IRQHandler                
00000b47  CS_IRQHandler                     
00005de9  CS_setDCOCenteredFrequency        
00005f49  CS_setReferenceOscillatorFrequency
00000b47  DMA_ERR_IRQHandler                
00000b47  DMA_INT0_IRQHandler               
00000b47  DMA_INT1_IRQHandler               
00000b47  DMA_INT2_IRQHandler               
00000b47  DMA_INT3_IRQHandler               
00000b47  DebugMon_Handler                  
00000b47  Default_Handler                   
0000602d  EUSCIA0_IRQHandler                
0000602d  EUSCIA0_IRQHandler                
00000b47  EUSCIA1_IRQHandler                
00000b47  EUSCIA2_IRQHandler                
00000b47  EUSCIA3_IRQHandler                
00000b47  EUSCIB0_IRQHandler                
00000b47  EUSCIB1_IRQHandler                
00000b47  EUSCIB2_IRQHandler                
00000b47  EUSCIB3_IRQHandler                
00000b47  FLCTL_IRQHandler                  
00000b47  FPU_IRQHandler                    
00005c15  GPIO_setAsOutputPin               
00006055  GPIO_setOutputHighOnPin           
0000607d  GPIO_setOutputLowOnPin            
00005ac1  HOSTclose                         
0000519d  HOSTlseek                         
00005531  HOSTopen                          
000056f9  HOSTread                          
00005205  HOSTrename                        
00005b05  HOSTunlink                        
00005751  HOSTwrite                         
00000b47  HardFault_Handler                 
00004cf5  Interrupt_disableInterrupt        
00004d75  Interrupt_enableInterrupt         
00000b47  MemManage_Handler                 
00000b47  NMI_Handler                       
00000b47  PCM_IRQHandler                    
00006185  PORT1_IRQHandler                  
00006185  PORT1_IRQHandler                  
00000b47  PORT2_IRQHandler                  
00000b47  PORT3_IRQHandler                  
00000b47  PORT4_IRQHandler                  
00000b47  PORT5_IRQHandler                  
00000b47  PORT6_IRQHandler                  
00000b47  PSS_IRQHandler                    
00000b47  PendSV_Handler                    
000052d5  RMS                               
00000b47  RTC_C_IRQHandler                  
000062c5  Reset_Handler                     
00004df5  STD                               
00000b47  SVC_Handler                       
00000b47  SysTick_Handler                   
0000533d  SystemInit                        
00000b47  T32_INT1_IRQHandler               
00000b47  T32_INT2_IRQHandler               
00000b47  T32_INTC_IRQHandler               
00000b47  TA0_0_IRQHandler                  
00000b47  TA0_N_IRQHandler                  
00000b47  TA1_0_IRQHandler                  
00000b47  TA1_N_IRQHandler                  
00000b47  TA2_0_IRQHandler                  
00000b47  TA2_N_IRQHandler                  
00000b47  TA3_0_IRQHandler                  
00000b47  TA3_N_IRQHandler                  
00005e1d  UART_transmitData                 
00000b47  UsageFault_Handler                
4000480c  WDTCTL_SYM                        
00000b47  WDT_A_IRQHandler                  
000062f0  _Q16sqrt_coeffs                   
00004591  _Qmag                             
20006758  __CIOBUF_                         
20010000  __STACK_END                       
00000800  __STACK_SIZE                      
00006568  __SYSMEM_SIZE                     
00006888  __TI_CINIT_Base                   
00006898  __TI_CINIT_Limit                  
00006874  __TI_Handler_Table_Base           
00006880  __TI_Handler_Table_Limit          
00005b49  __TI_auto_init_nobinit_nopinit    
00005e51  __TI_cleanup                      
20006730  __TI_cleanup_ptr                  
00004fdd  __TI_closefile                    
0000526d  __TI_decompress_lzss              
000062a9  __TI_decompress_none              
0000594f  __TI_doflush                      
20006734  __TI_dtors_ptr                    
20006738  __TI_enable_exit_profile_output   
20006720  __TI_ft_end                       
ffffffff  __TI_pprof_out_hndl               
000000e9  __TI_printfi                      
ffffffff  __TI_prof_data_size               
ffffffff  __TI_prof_data_start              
00005e85  __TI_readmsg                      
00000000  __TI_static_base__                
20006878  __TI_tmpnams                      
00005cd1  __TI_writemsg                     
000054cd  __TI_wrt_ok                       
00006263  __TI_zero_init_nomemset           
00004be9  __aeabi_cdcmpeq                   
00004be9  __aeabi_cdcmple                   
00004c6f  __aeabi_cdrcmple                  
0000512d  __aeabi_d2f                       
00005a79  __aeabi_d2iz                      
00003077  __aeabi_dadd                      
00003c1d  __aeabi_ddiv                      
000042bd  __aeabi_dmul                      
0000306d  __aeabi_dsub                      
000062d1  __aeabi_errno_addr                
00005d79  __aeabi_f2d                       
00005fa9  __aeabi_i2d                       
00002823  __aeabi_idiv0                     
00002823  __aeabi_ldiv0                     
00004e73  __aeabi_memclr                    
00004e73  __aeabi_memclr4                   
00004e73  __aeabi_memclr8                   
00004a29  __aeabi_memcpy                    
00004a29  __aeabi_memcpy4                   
00004a29  __aeabi_memcpy8                   
00004e75  __aeabi_memset                    
00004e75  __aeabi_memset4                   
00004e75  __aeabi_memset8                   
2000672c  __aeabi_stderr                    
20006724  __aeabi_stdin                     
20006728  __aeabi_stdout                    
00004ac5  __aeabi_uldivmod                  
ffffffff  __binit__                         
ffffffff  __c_args__                        
000036bd  __kernel_cos                      
00000b49  __kernel_rem_pio2                 
00003549  __kernel_sin                      
UNDEFED   __mpu_init                        
2000f800  __stack                           
00005d09  _c_int00_noargs                   
000065c8  _ctypes_                          
20006658  _device                           
20006568  _ftable                           
20006748  _lock                             
0000227b  _nop                              
200066d0  _stream                           
20000000  _sys_memory                       
UNDEFED   _system_post_cinit                
000062e3  _system_pre_init                  
2000674c  _unlock                           
000062e7  abort                             
0000599d  atoi                              
00005591  average_preprocess                
ffffffff  binit                             
00005b8d  calc_mean                         
000055ed  close                             
000067d0  compareConfig_M                   
000067e0  compareConfig_V                   
00004f65  configure_analog                  
00006227  copysign                          
00006227  copysignl                         
00001281  cos                               
00001281  cosl                              
20006753  enableReads                       
20006754  errno                             
00005a31  exit                              
00005f79  finddevice                        
000043b9  floor                             
000043b9  floorl                            
000053a1  fprintf                           
00004b5d  fputc                             
00003f8d  fputs                             
00004669  free                              
00005405  frexp                             
00005405  frexpl                            
00005469  fseek                             
00005bd1  getdevice                         
20006920  information_bytes                 
00000000  interruptVectors                  
000062d9  kiss_fft                          
000041b1  kiss_fft_alloc                    
000057ff  kiss_fft_stride                   
00003225  kiss_fftr                         
000033cd  kiss_fftr_alloc                   
000040a1  ldexp                             
000040a1  ldexpl                            
000060a5  lseek                             
000058a9  ltoa                              
0000227d  main                              
00004eed  malloc                            
000061c1  max                               
0000611d  max_index                         
000061dd  memccpy                           
00006165  memchr                            
00004a29  memcpy                            
00004e7b  memset                            
00005d41  minit                             
20006918  parmbuf                           
00004b5d  putc                              
00005fd9  remove                            
20006750  resPos                            
000040a1  scalbn                            
000040a1  scalbnl                           
00002a95  sendNMEA                          
000044b1  setvbuf                           
0000185d  sin                               
0000185d  sinl                              
00003989  sqrt                              
00003989  sqrtl                             
20006752  stateCounter                      
00006211  strchr                            
000061f9  strcmp                            
0000623b  strcpy                            
0000624f  strlen                            
00005db1  strncpy                           
0000677c  uartConfig                        
00005fd9  unlink                            
000067a0  upModeConfig_M                    
000067b8  upModeConfig_V                    
00006275  wcslen                            
000060f5  write                             


GLOBAL SYMBOLS: SORTED BY Symbol Address 

address   name                              
-------   ----                              
00000000  __TI_static_base__                
00000000  interruptVectors                  
000000e9  __TI_printfi                      
00000800  __STACK_SIZE                      
00000b47  AES256_IRQHandler                 
00000b47  BusFault_Handler                  
00000b47  COMP_E0_IRQHandler                
00000b47  COMP_E1_IRQHandler                
00000b47  CS_IRQHandler                     
00000b47  DMA_ERR_IRQHandler                
00000b47  DMA_INT0_IRQHandler               
00000b47  DMA_INT1_IRQHandler               
00000b47  DMA_INT2_IRQHandler               
00000b47  DMA_INT3_IRQHandler               
00000b47  DebugMon_Handler                  
00000b47  Default_Handler                   
00000b47  EUSCIA1_IRQHandler                
00000b47  EUSCIA2_IRQHandler                
00000b47  EUSCIA3_IRQHandler                
00000b47  EUSCIB0_IRQHandler                
00000b47  EUSCIB1_IRQHandler                
00000b47  EUSCIB2_IRQHandler                
00000b47  EUSCIB3_IRQHandler                
00000b47  FLCTL_IRQHandler                  
00000b47  FPU_IRQHandler                    
00000b47  HardFault_Handler                 
00000b47  MemManage_Handler                 
00000b47  NMI_Handler                       
00000b47  PCM_IRQHandler                    
00000b47  PORT2_IRQHandler                  
00000b47  PORT3_IRQHandler                  
00000b47  PORT4_IRQHandler                  
00000b47  PORT5_IRQHandler                  
00000b47  PORT6_IRQHandler                  
00000b47  PSS_IRQHandler                    
00000b47  PendSV_Handler                    
00000b47  RTC_C_IRQHandler                  
00000b47  SVC_Handler                       
00000b47  SysTick_Handler                   
00000b47  T32_INT1_IRQHandler               
00000b47  T32_INT2_IRQHandler               
00000b47  T32_INTC_IRQHandler               
00000b47  TA0_0_IRQHandler                  
00000b47  TA0_N_IRQHandler                  
00000b47  TA1_0_IRQHandler                  
00000b47  TA1_N_IRQHandler                  
00000b47  TA2_0_IRQHandler                  
00000b47  TA2_N_IRQHandler                  
00000b47  TA3_0_IRQHandler                  
00000b47  TA3_N_IRQHandler                  
00000b47  UsageFault_Handler                
00000b47  WDT_A_IRQHandler                  
00000b49  __kernel_rem_pio2                 
00001281  cos                               
00001281  cosl                              
0000185d  sin                               
0000185d  sinl                              
0000227b  _nop                              
0000227d  main                              
00002823  __aeabi_idiv0                     
00002823  __aeabi_ldiv0                     
00002a95  sendNMEA                          
0000306d  __aeabi_dsub                      
00003077  __aeabi_dadd                      
00003225  kiss_fftr                         
000033cd  kiss_fftr_alloc                   
00003549  __kernel_sin                      
000036bd  __kernel_cos                      
00003989  sqrt                              
00003989  sqrtl                             
00003c1d  __aeabi_ddiv                      
00003f8d  fputs                             
000040a1  ldexp                             
000040a1  ldexpl                            
000040a1  scalbn                            
000040a1  scalbnl                           
000041b1  kiss_fft_alloc                    
000042bd  __aeabi_dmul                      
000043b9  floor                             
000043b9  floorl                            
000044b1  setvbuf                           
00004591  _Qmag                             
00004669  free                              
00004985  ADC14_configureConversionMemory   
00004a29  __aeabi_memcpy                    
00004a29  __aeabi_memcpy4                   
00004a29  __aeabi_memcpy8                   
00004a29  memcpy                            
00004ac5  __aeabi_uldivmod                  
00004b5d  fputc                             
00004b5d  putc                              
00004be9  __aeabi_cdcmpeq                   
00004be9  __aeabi_cdcmple                   
00004c6f  __aeabi_cdrcmple                  
00004cf5  Interrupt_disableInterrupt        
00004d75  Interrupt_enableInterrupt         
00004df5  STD                               
00004e73  __aeabi_memclr                    
00004e73  __aeabi_memclr4                   
00004e73  __aeabi_memclr8                   
00004e75  __aeabi_memset                    
00004e75  __aeabi_memset4                   
00004e75  __aeabi_memset8                   
00004e7b  memset                            
00004eed  malloc                            
00004f65  configure_analog                  
00004fdd  __TI_closefile                    
0000512d  __aeabi_d2f                       
0000519d  HOSTlseek                         
00005205  HOSTrename                        
0000526d  __TI_decompress_lzss              
000052d5  RMS                               
0000533d  SystemInit                        
000053a1  fprintf                           
00005405  frexp                             
00005405  frexpl                            
00005469  fseek                             
000054cd  __TI_wrt_ok                       
00005531  HOSTopen                          
00005591  average_preprocess                
000055ed  close                             
00005649  ADC14_IRQHandler                  
00005649  ADC14_IRQHandler                  
000056a1  ADC14_configureSingleSampleMode   
000056f9  HOSTread                          
00005751  HOSTwrite                         
000057ff  kiss_fft_stride                   
00005855  ADC14_initModule                  
000058a9  ltoa                              
0000594f  __TI_doflush                      
0000599d  atoi                              
000059e9  ADC14_setSampleHoldTrigger        
00005a31  exit                              
00005a79  __aeabi_d2iz                      
00005ac1  HOSTclose                         
00005b05  HOSTunlink                        
00005b49  __TI_auto_init_nobinit_nopinit    
00005b8d  calc_mean                         
00005bd1  getdevice                         
00005c15  GPIO_setAsOutputPin               
00005cd1  __TI_writemsg                     
00005cff  C$$IO$$                           
00005d09  _c_int00_noargs                   
00005d41  minit                             
00005d79  __aeabi_f2d                       
00005db1  strncpy                           
00005de9  CS_setDCOCenteredFrequency        
00005e1d  UART_transmitData                 
00005e51  __TI_cleanup                      
00005e85  __TI_readmsg                      
00005eb9  ADC14_disableInterrupt            
00005ee9  ADC14_enableInterrupt             
00005f19  ADC14_setSampleHoldTime           
00005f49  CS_setReferenceOscillatorFrequency
00005f79  finddevice                        
00005fa9  __aeabi_i2d                       
00005fd9  remove                            
00005fd9  unlink                            
00006005  ADC14_enableConversion            
0000602d  EUSCIA0_IRQHandler                
0000602d  EUSCIA0_IRQHandler                
00006055  GPIO_setOutputHighOnPin           
0000607d  GPIO_setOutputLowOnPin            
000060a5  lseek                             
000060f5  write                             
0000611d  max_index                         
00006145  ADC14_setResolution               
00006165  memchr                            
00006185  PORT1_IRQHandler                  
00006185  PORT1_IRQHandler                  
000061a5  ADC14_disableModule               
000061c1  max                               
000061dd  memccpy                           
000061f9  strcmp                            
00006211  strchr                            
00006227  copysign                          
00006227  copysignl                         
0000623b  strcpy                            
0000624f  strlen                            
00006263  __TI_zero_init_nomemset           
00006275  wcslen                            
00006289  ADC14_disableConversion           
000062a9  __TI_decompress_none              
000062b9  ADC14_enableModule                
000062c5  Reset_Handler                     
000062d1  __aeabi_errno_addr                
000062d9  kiss_fft                          
000062e3  _system_pre_init                  
000062e7  C$$EXIT                           
000062e7  abort                             
000062f0  _Q16sqrt_coeffs                   
00006568  __SYSMEM_SIZE                     
000065c8  _ctypes_                          
0000677c  uartConfig                        
000067a0  upModeConfig_M                    
000067b8  upModeConfig_V                    
000067d0  compareConfig_M                   
000067e0  compareConfig_V                   
00006874  __TI_Handler_Table_Base           
00006880  __TI_Handler_Table_Limit          
00006888  __TI_CINIT_Base                   
00006898  __TI_CINIT_Limit                  
20000000  _sys_memory                       
20006568  _ftable                           
20006658  _device                           
200066d0  _stream                           
20006720  __TI_ft_end                       
20006724  __aeabi_stdin                     
20006728  __aeabi_stdout                    
2000672c  __aeabi_stderr                    
20006730  __TI_cleanup_ptr                  
20006734  __TI_dtors_ptr                    
20006738  __TI_enable_exit_profile_output   
20006748  _lock                             
2000674c  _unlock                           
20006750  resPos                            
20006752  stateCounter                      
20006753  enableReads                       
20006754  errno                             
20006758  __CIOBUF_                         
20006878  __TI_tmpnams                      
20006918  parmbuf                           
20006920  information_bytes                 
2000f800  __stack                           
20010000  __STACK_END                       
4000480c  WDTCTL_SYM                        
ffffffff  __TI_pprof_out_hndl               
ffffffff  __TI_prof_data_size               
ffffffff  __TI_prof_data_start              
ffffffff  __binit__                         
ffffffff  __c_args__                        
ffffffff  binit                             
UNDEFED   __mpu_init                        
UNDEFED   _system_post_cinit                

[234 symbols]
