******************************************************************************
                  TI ARM Linker PC v18.1.2                     
******************************************************************************
>> Linked Tue Jul 31 11:18:34 2018

OUTPUT FILE NAME:   <adc_FFT_Multi.out>
ENTRY POINT SYMBOL: "_c_int00_noargs"  address: 00005971


MEMORY CONFIGURATION

         name            origin    length      used     unused   attr    fill
----------------------  --------  ---------  --------  --------  ----  --------
  MAIN                  00000000   00040000  00006462  00039b9e  R  X
  INFO                  00200000   00004000  00000000  00004000  R  X
  SRAM_CODE             01000000   00010000  00007123  00008edd  RW X
  SRAM_DATA             20000000   00010000  00007123  00008edd  RW  


SEGMENT ALLOCATION MAP

run origin  load origin   length   init length attrs members
----------  ----------- ---------- ----------- ----- -------
00000000    00000000    00006468   00006468    r-x
  00000000    00000000    000000e4   000000e4    r-- .intvecs
  000000e8    000000e8    00005e2e   00005e2e    r-x .text
  00005f18    00005f18    000004b8   000004b8    r-- .const
  000063d0    000063d0    00000098   00000098    r-- .cinit
20000000    20000000    00006923   00000000    rw-
  20000000    20000000    00006568   00000000    rw- .sysmem
  20006568    20006568    000001ec   00000000    rw- .data
  20006754    20006754    000001cf   00000000    rw- .bss
2000f800    2000f800    00000800   00000000    rw-
  2000f800    2000f800    00000800   00000000    rw- .stack


SECTION ALLOCATION MAP

 output                                  attributes/
section   page    origin      length       input sections
--------  ----  ----------  ----------   ----------------
.intvecs   0    00000000    000000e4     
                  00000000    000000e4     startup_msp432p401r_ccs.obj (.intvecs:retain)

.text      0    000000e8    00005e2e     
                  000000e8    00000a5e     rtsv7M4_T_le_v4SPD16_eabi.lib : _printfi.c.obj (.text:__TI_printfi)
                  00000b46    00000002     startup_msp432p401r_ccs.obj (.text:Default_Handler)
                  00000b48    00000738     rtsv7M4_T_le_v4SPD16_eabi.lib : k_rem_pio2.c.obj (.text:__kernel_rem_pio2)
                  00001280    000005dc                                   : s_cos.c.obj (.text:cos)
                  0000185c    000005c4                                   : s_sin.c.obj (.text:sin)
                  00001e20    0000045a     kiss_fft.obj (.text:kf_bfly5)
                  0000227a    0000027e     kiss_fft.obj (.text:kf_bfly4)
                  000024f8    00000270     rtsv7M4_T_le_v4SPD16_eabi.lib : _printfi.c.obj (.text:_pconv_a)
                  00002768    00000208     adc_FFT_Multi.obj (.text:main)
                  00002970    000001d4     kiss_fft.obj (.text:kf_bfly3)
                  00002b44    000001d0     rtsv7M4_T_le_v4SPD16_eabi.lib : _printfi.c.obj (.text:_pconv_g)
                  00002d14    000001b6                                   : fd_add_t2.asm.obj (.text)
                  00002eca    00000002                                   : _lock.c.obj (.text:_nop)
                  00002ecc    000001a8     kiss_fftr.obj (.text:kiss_fftr)
                  00003074    0000017c     kiss_fftr.obj (.text:kiss_fftr_alloc)
                  000031f0    00000174     rtsv7M4_T_le_v4SPD16_eabi.lib : k_sin.c.obj (.text:__kernel_sin)
                  00003364    0000016c                                   : k_cos.c.obj (.text:__kernel_cos)
                  000034d0    00000160     msp432p4xx_driverlib.lib : adc14.o (.text:_getIndexForMemRegister)
                  00003630    00000158     rtsv7M4_T_le_v4SPD16_eabi.lib : e_sqrt.c.obj (.text:sqrt)
                  00003788    0000013c                                   : _printfi.c.obj (.text:_pconv_e)
                  000038c4    00000136                                   : fd_div_t2.asm.obj (.text)
                  000039fa    00000002                                   : div0.asm.obj (.text)
                  000039fc    00000120                                   : _printfi.c.obj (.text:fcvt)
                  00003b1c    00000118     kiss_fft.obj (.text:kf_bfly_generic)
                  00003c34    00000114     rtsv7M4_T_le_v4SPD16_eabi.lib : fputs.c.obj (.text:fputs)
                  00003d48    00000110                                   : s_scalbn.c.obj (.text:scalbn)
                  00003e58    0000010c     kiss_fft.obj (.text:kiss_fft_alloc)
                  00003f64    000000fc     rtsv7M4_T_le_v4SPD16_eabi.lib : fd_mul_t2.asm.obj (.text)
                  00004060    000000f8                                   : s_floor.c.obj (.text:floor)
                  00004158    000000dc                                   : setvbuf.c.obj (.text:setvbuf)
                  00004234    00000004                                   : fprintf.c.obj (.text:_outc)
                  00004238    000000d8     QmathLib_CCS_MSP432.lib : _QNsqrt.obj (.text:_Qmag)
                  00004310    000000d8     rtsv7M4_T_le_v4SPD16_eabi.lib : memory.c.obj (.text:free)
                  000043e8    000000ce     kiss_fft.obj (.text:kf_work)
                  000044b6    000000c0     kiss_fft.obj (.text:kf_bfly2)
                  00004576    00000002     --HOLE-- [fill = 0]
                  00004578    000000b1     rtsv7M4_T_le_v4SPD16_eabi.lib : _printfi.c.obj (.text:_ltostr)
                  00004629    00000003     --HOLE-- [fill = 0]
                  0000462c    000000a4     msp432p4xx_driverlib.lib : adc14.o (.text:ADC14_configureConversionMemory)
                  000046d0    0000009c     rtsv7M4_T_le_v4SPD16_eabi.lib : memcpy_t2.asm.obj (.text)
                  0000476c    00000096                                   : ull_div_t2.asm.obj (.text)
                  00004802    00000002     --HOLE-- [fill = 0]
                  00004804    0000008c                                   : fputc.c.obj (.text:fputc)
                  00004890    00000086                                   : fd_cmp_t2.asm.obj (.text:__aeabi_cdcmple)
                  00004916    00000086                                   : fd_cmp_t2.asm.obj (.text:__aeabi_cdrcmple)
                  0000499c    00000080     msp432p4xx_driverlib.lib : interrupt.o (.text:Interrupt_disableInterrupt)
                  00004a1c    00000080                              : interrupt.o (.text:Interrupt_enableInterrupt)
                  00004a9c    0000007e     adc_FFT_Multi.obj (.text:STD)
                  00004b1a    0000007a     rtsv7M4_T_le_v4SPD16_eabi.lib : memset_t2.asm.obj (.text)
                  00004b94    00000078                                   : memory.c.obj (.text:malloc)
                  00004c0c    00000076     adc_FFT_Multi.obj (.text:configure_analog)
                  00004c82    00000002     --HOLE-- [fill = 0]
                  00004c84    00000074     rtsv7M4_T_le_v4SPD16_eabi.lib : fclose.c.obj (.text:__TI_closefile)
                  00004cf8    0000006e                                   : _printfi.c.obj (.text:_mcpy)
                  00004d66    0000006e     kiss_fft.obj (.text:kf_factor)
                  00004dd4    0000006e     rtsv7M4_T_le_v4SPD16_eabi.lib : fd_tos_t2.asm.obj (.text)
                  00004e42    00000002     --HOLE-- [fill = 0]
                  00004e44    00000068                                   : hostlseek.c.obj (.text:HOSTlseek)
                  00004eac    00000068                                   : hostrename.c.obj (.text:HOSTrename)
                  00004f14    00000068                                   : copy_decompress_lzss.c.obj (.text:decompress:lzss:__TI_decompress_lzss)
                  00004f7c    00000066     adc_FFT_Multi.obj (.text:RMS)
                  00004fe2    00000002     --HOLE-- [fill = 0]
                  00004fe4    00000064     system_msp432p401r.obj (.text:SystemInit)
                  00005048    00000064     rtsv7M4_T_le_v4SPD16_eabi.lib : fprintf.c.obj (.text:fprintf)
                  000050ac    00000064                                   : s_frexp.c.obj (.text:frexp)
                  00005110    00000064                                   : fseek.c.obj (.text:fseek)
                  00005174    00000062                                   : _io_perm.c.obj (.text:__TI_wrt_ok)
                  000051d6    00000002     --HOLE-- [fill = 0]
                  000051d8    00000060                                   : hostopen.c.obj (.text:HOSTopen)
                  00005238    0000005c     adc_FFT_Multi.obj (.text:average_preprocess)
                  00005294    0000005c     rtsv7M4_T_le_v4SPD16_eabi.lib : close.c.obj (.text:close)
                  000052f0    00000058     adc_FFT_Multi.obj (.text:ADC14_IRQHandler)
                  00005348    00000058     msp432p4xx_driverlib.lib : adc14.o (.text:ADC14_configureSingleSampleMode)
                  000053a0    00000058     rtsv7M4_T_le_v4SPD16_eabi.lib : hostread.c.obj (.text:HOSTread)
                  000053f8    00000058                                   : hostwrite.c.obj (.text:HOSTwrite)
                  00005450    00000056                                   : _printfi.c.obj (.text:_pconv_f)
                  000054a6    00000056     kiss_fft.obj (.text:kiss_fft_stride)
                  000054fc    00000054     msp432p4xx_driverlib.lib : adc14.o (.text:ADC14_initModule)
                  00005550    00000054     rtsv7M4_T_le_v4SPD16_eabi.lib : ltoa.c.obj (.text:ltoa)
                  000055a4    00000052                                   : _printfi.c.obj (.text:_ecpy)
                  000055f6    0000004c                                   : fflush.c.obj (.text:__TI_doflush)
                  00005642    00000002     --HOLE-- [fill = 0]
                  00005644    0000004c                                   : atoi.c.obj (.text:atoi)
                  00005690    00000048     msp432p4xx_driverlib.lib : adc14.o (.text:ADC14_setSampleHoldTrigger)
                  000056d8    00000048     rtsv7M4_T_le_v4SPD16_eabi.lib : exit.c.obj (.text:exit)
                  00005720    00000048                                   : fd_toi_t2.asm.obj (.text)
                  00005768    00000044                                   : hostclose.c.obj (.text:HOSTclose)
                  000057ac    00000044                                   : hostunlink.c.obj (.text:HOSTunlink)
                  000057f0    00000044                                   : autoinit.c.obj (.text:__TI_auto_init_nobinit_nopinit:__TI_auto_init_nobinit_nopinit)
                  00005834    00000044     adc_FFT_Multi.obj (.text:calc_mean)
                  00005878    00000044     rtsv7M4_T_le_v4SPD16_eabi.lib : getdevice.c.obj (.text:getdevice)
                  000058bc    0000003e                                   : _printfi.c.obj (.text:_fcpy)
                  000058fa    00000002     --HOLE-- [fill = 0]
                  000058fc    0000003c                                   : memory.c.obj (.text:minsert)
                  00005938    00000038                                   : trgmsg.c.obj (.text:__TI_writemsg)
                  00005970    00000038                                   : boot_cortex_m.c.obj (.text:_c_int00_noargs:_c_int00_noargs)
                  000059a8    00000038                                   : memory.c.obj (.text:minit)
                  000059e0    00000038                                   : fs_tod_t2.asm.obj (.text)
                  00005a18    00000036                                   : strncpy.c.obj (.text:strncpy)
                  00005a4e    00000002     --HOLE-- [fill = 0]
                  00005a50    00000034     msp432p4xx_driverlib.lib : cs.o (.text:CS_setDCOCenteredFrequency)
                  00005a84    00000034                              : uart.o (.text:UART_transmitData)
                  00005ab8    00000034     rtsv7M4_T_le_v4SPD16_eabi.lib : fopen.c.obj (.text:__TI_cleanup)
                  00005aec    00000034                                   : trgmsg.c.obj (.text:__TI_readmsg)
                  00005b20    00000032     adc_FFT_Multi.obj (.text:PORT1_IRQHandler)
                  00005b52    00000002     --HOLE-- [fill = 0]
                  00005b54    00000030     msp432p4xx_driverlib.lib : adc14.o (.text:ADC14_disableInterrupt)
                  00005b84    00000030                              : adc14.o (.text:ADC14_enableInterrupt)
                  00005bb4    00000030                              : adc14.o (.text:ADC14_setSampleHoldTime)
                  00005be4    00000030                              : cs.o (.text:CS_setReferenceOscillatorFrequency)
                  00005c14    00000030     adc_FFT_Multi.obj (.text:EUSCIA0_IRQHandler)
                  00005c44    00000030     rtsv7M4_T_le_v4SPD16_eabi.lib : getdevice.c.obj (.text:finddevice)
                  00005c74    0000002e                                   : i_tofd_t2.asm.obj (.text)
                  00005ca2    00000002     --HOLE-- [fill = 0]
                  00005ca4    0000002c                                   : unlink.c.obj (.text:unlink)
                  00005cd0    00000028     msp432p4xx_driverlib.lib : adc14.o (.text:ADC14_enableConversion)
                  00005cf8    00000028     rtsv7M4_T_le_v4SPD16_eabi.lib : lseek.c.obj (.text:lseek)
                  00005d20    00000028                                   : memory.c.obj (.text:mremove)
                  00005d48    00000028                                   : write.c.obj (.text:write)
                  00005d70    00000020     msp432p4xx_driverlib.lib : adc14.o (.text:ADC14_setResolution)
                  00005d90    00000020     rtsv7M4_T_le_v4SPD16_eabi.lib : memchr.c.obj (.text:memchr)
                  00005db0    00000020     adc_FFT_Multi.obj (.text:sendReading)
                  00005dd0    0000001c     msp432p4xx_driverlib.lib : adc14.o (.text:ADC14_disableModule)
                  00005dec    0000001c     adc_FFT_Multi.obj (.text:max)
                  00005e08    0000001c     rtsv7M4_T_le_v4SPD16_eabi.lib : memccpy.c.obj (.text:memccpy)
                  00005e24    00000018                                   : strcmp.c.obj (.text:strcmp)
                  00005e3c    00000016                                   : strchr.c.obj (.text:strchr)
                  00005e52    00000014                                   : s_copysign.c.obj (.text:copysign)
                  00005e66    00000014                                   : strcpy.c.obj (.text:strcpy)
                  00005e7a    00000014                                   : strlen.c.obj (.text:strlen)
                  00005e8e    00000012                                   : copy_zero_init.c.obj (.text:decompress:ZI:__TI_zero_init_nomemset:__TI_zero_init_nomemset)
                  00005ea0    00000012                                   : wcslen.c.obj (.text:wcslen)
                  00005eb2    00000002     --HOLE-- [fill = 0]
                  00005eb4    00000010     msp432p4xx_driverlib.lib : adc14.o (.text:ADC14_disableConversion)
                  00005ec4    00000010                              : adc14.o (.text:ADCIsConversionRunning)
                  00005ed4    0000000e     rtsv7M4_T_le_v4SPD16_eabi.lib : copy_decompress_none.c.obj (.text:decompress:none:__TI_decompress_none)
                  00005ee2    00000002     --HOLE-- [fill = 0]
                  00005ee4    0000000c     msp432p4xx_driverlib.lib : adc14.o (.text:ADC14_enableModule)
                  00005ef0    0000000c     startup_msp432p401r_ccs.obj (.text:Reset_Handler)
                  00005efc    00000008     rtsv7M4_T_le_v4SPD16_eabi.lib : errno.c.obj (.text:__aeabi_errno_addr)
                  00005f04    00000006     kiss_fft.obj (.text:kiss_fft)
                  00005f0a    00000004     rtsv7M4_T_le_v4SPD16_eabi.lib : fprintf.c.obj (.text:_outs)
                  00005f0e    00000004                                   : pre_init.c.obj (.text:_system_pre_init)
                  00005f12    00000004                                   : exit.c.obj (.text:abort:abort)

.const     0    00005f18    000004b8     
                  00005f18    00000180     QmathLib_CCS_MSP432.lib : _QNtables.obj (.const:_Q16sqrt_coeffs)
                  00006098    00000158     rtsv7M4_T_le_v4SPD16_eabi.lib : k_rem_pio2.c.obj (.const:$O1$$)
                  000061f0    00000101                                   : ctype.c.obj (.const:.string:_ctypes_)
                  000062f1    00000003     --HOLE-- [fill = 0]
                  000062f4    00000080     msp432p4xx_driverlib.lib : adc14.o (.const:_ctlRegs)
                  00006374    00000024     adc_FFT_Multi.obj (.const:uartConfig)
                  00006398    00000018     adc_FFT_Multi.obj (.const:upModeConfig)
                  000063b0    00000010     adc_FFT_Multi.obj (.const:compareConfig)
                  000063c0    00000008     msp432p4xx_driverlib.lib : interrupt.o (.const:g_pulDisRegs)
                  000063c8    00000008                              : interrupt.o (.const:g_pulEnRegs)

.cinit     0    000063d0    00000098     
                  000063d0    00000071     (.cinit..data.load) [load image, compression = lzss]
                  00006441    00000003     --HOLE-- [fill = 0]
                  00006444    0000000c     (__TI_handler_table)
                  00006450    00000008     (.cinit..bss.load) [load image, compression = zero_init]
                  00006458    00000010     (__TI_cinit_table)

.init_array 
*          0    00000000    00000000     UNINITIALIZED

.binit     0    00000000    00000000     

.sysmem    0    20000000    00006568     UNINITIALIZED
                  20000000    00000008     rtsv7M4_T_le_v4SPD16_eabi.lib : memory.c.obj (.sysmem)
                  20000008    00006560     --HOLE--

.data      0    20006568    000001ec     UNINITIALIZED
                  20006568    000000f0     rtsv7M4_T_le_v4SPD16_eabi.lib : defs.c.obj (.data:_ftable)
                  20006658    00000078                                   : write.c.obj (.data:_device)
                  200066d0    00000050                                   : write.c.obj (.data:_stream)
                  20006720    00000010                                   : defs.c.obj (.data)
                  20006730    0000000c                                   : exit.c.obj (.data:$O1$$)
                  2000673c    0000000c                                   : memory.c.obj (.data:$O1$$)
                  20006748    00000008                                   : _lock.c.obj (.data:$O1$$)
                  20006750    00000004                                   : errno.c.obj (.data)

.bss       0    20006754    000001cf     UNINITIALIZED
                  20006754    00000120     rtsv7M4_T_le_v4SPD16_eabi.lib : trgmsg.c.obj (.bss:_CIOBUF_)
                  20006874    000000a0     (.common:__TI_tmpnams)
                  20006914    00000008     (.common:parmbuf)
                  2000691c    00000004     (.common:information_bytes)
                  20006920    00000002     (.common:resPos)
                  20006922    00000001     (.common:stateCounter)

.stack     0    2000f800    00000800     UNINITIALIZED
                  2000f800    00000004     rtsv7M4_T_le_v4SPD16_eabi.lib : boot_cortex_m.c.obj (.stack)
                  2000f804    000007fc     --HOLE--

MODULE SUMMARY

       Module                        code    ro data   rw data
       ------                        ----    -------   -------
    .\
       adc_FFT_Multi.obj             1272    76        14     
       system_msp432p401r.obj        100     0         0      
    +--+-----------------------------+-------+---------+---------+
       Total:                        1372    76        14     
                                                              
    .\ccs\
       startup_msp432p401r_ccs.obj   14      228       0      
    +--+-----------------------------+-------+---------+---------+
       Total:                        14      228       0      
                                                              
    .\kissFFT\
       kiss_fft.obj                  3368    0         0      
       kiss_fftr.obj                 804     0         0      
    +--+-----------------------------+-------+---------+---------+
       Total:                        4172    0         0      
                                                              
    C:/ti/simplelink_msp432p4_sdk_2_20_00_12/source/ti/devices/msp432p4xx/driverlib/ccs/msp432p4xx_driverlib.lib
       adc14.o                       1048    128       0      
       interrupt.o                   256     16        0      
       cs.o                          100     0         0      
       uart.o                        52      0         0      
    +--+-----------------------------+-------+---------+---------+
       Total:                        1456    144       0      
                                                              
    C:/ti/simplelink_msp432p4_sdk_2_20_00_12/source/ti/iqmathlib/ccs/QmathLib_CCS_MSP432.lib
       _QNtables.obj                 0       384       0      
       _QNsqrt.obj                   216     0         0      
    +--+-----------------------------+-------+---------+---------+
       Total:                        216     384       0      
                                                              
    C:\ti\ccsv8\tools\compiler\ti-cgt-arm_18.1.2.LTS\lib\rtsv7M4_T_le_v4SPD16_eabi.lib
       _printfi.c.obj                4863    0         0      
       k_rem_pio2.c.obj              1848    344       0      
       s_cos.c.obj                   1500    0         0      
       s_sin.c.obj                   1476    0         0      
       defs.c.obj                    0       0         832    
       trgmsg.c.obj                  108     0         576    
       memory.c.obj                  492     0         24     
       write.c.obj                   40      0         400    
       fd_add_t2.asm.obj             438     0         0      
       k_sin.c.obj                   372     0         0      
       k_cos.c.obj                   364     0         0      
       e_sqrt.c.obj                  344     0         0      
       fd_div_t2.asm.obj             310     0         0      
       fputs.c.obj                   276     0         0      
       s_scalbn.c.obj                272     0         0      
       fd_cmp_t2.asm.obj             268     0         0      
       ctype.c.obj                   0       257       0      
       fd_mul_t2.asm.obj             252     0         0      
       s_floor.c.obj                 248     0         0      
       setvbuf.c.obj                 220     0         0      
       memcpy_t2.asm.obj             156     0         0      
       ull_div_t2.asm.obj            150     0         0      
       fputc.c.obj                   140     0         0      
       memset_t2.asm.obj             122     0         0      
       fclose.c.obj                  116     0         0      
       getdevice.c.obj               116     0         0      
       hostopen.c.obj                96      0         16     
       fd_tos_t2.asm.obj             110     0         0      
       fprintf.c.obj                 108     0         0      
       copy_decompress_lzss.c.obj    104     0         0      
       hostlseek.c.obj               104     0         0      
       hostrename.c.obj              104     0         0      
       exit.c.obj                    76      0         24     
       fseek.c.obj                   100     0         0      
       s_frexp.c.obj                 100     0         0      
       _io_perm.c.obj                98      0         0      
       close.c.obj                   92      0         0      
       hostread.c.obj                88      0         0      
       hostwrite.c.obj               88      0         0      
       ltoa.c.obj                    84      0         0      
       atoi.c.obj                    76      0         0      
       fflush.c.obj                  76      0         0      
       fd_toi_t2.asm.obj             72      0         0      
       autoinit.c.obj                68      0         0      
       hostclose.c.obj               68      0         0      
       hostunlink.c.obj              68      0         0      
       boot_cortex_m.c.obj           56      0         0      
       fs_tod_t2.asm.obj             56      0         0      
       strncpy.c.obj                 54      0         0      
       fopen.c.obj                   52      0         0      
       i_tofd_t2.asm.obj             46      0         0      
       unlink.c.obj                  44      0         0      
       lseek.c.obj                   40      0         0      
       memchr.c.obj                  32      0         0      
       memccpy.c.obj                 28      0         0      
       strcmp.c.obj                  24      0         0      
       strchr.c.obj                  22      0         0      
       s_copysign.c.obj              20      0         0      
       strcpy.c.obj                  20      0         0      
       strlen.c.obj                  20      0         0      
       _lock.c.obj                   2       0         16     
       copy_zero_init.c.obj          18      0         0      
       wcslen.c.obj                  18      0         0      
       errno.c.obj                   8       0         8      
       copy_decompress_none.c.obj    14      0         0      
       pre_init.c.obj                4       0         0      
       div0.asm.obj                  2       0         0      
    +--+-----------------------------+-------+---------+---------+
       Total:                        16851   601       1896   
                                                              
       Heap:                         0       0         51920  
       Stack:                        0       0         4096   
       Linker Generated:             0       149       0      
    +--+-----------------------------+-------+---------+---------+
       Grand Total:                  24081   1582      57926  


LINKER GENERATED COPY TABLES

__TI_cinit_table @ 00006458 records: 2, size/record: 8, table size: 16
	.data: load addr=000063d0, load size=00000071 bytes, run addr=20006568, run size=000001ec bytes, compression=lzss
	.bss: load addr=00006450, load size=00000008 bytes, run addr=20006754, run size=000001cf bytes, compression=zero_init


LINKER GENERATED HANDLER TABLE

__TI_handler_table @ 00006444 records: 3, size/record: 4, table size: 12
	index: 0, handler: __TI_decompress_lzss
	index: 1, handler: __TI_decompress_none
	index: 2, handler: __TI_zero_init


GLOBAL SYMBOLS: SORTED ALPHABETICALLY BY Name 

address   name                              
-------   ----                              
000052f1  ADC14_IRQHandler                  
000052f1  ADC14_IRQHandler                  
0000462d  ADC14_configureConversionMemory   
00005349  ADC14_configureSingleSampleMode   
00005eb5  ADC14_disableConversion           
00005b55  ADC14_disableInterrupt            
00005dd1  ADC14_disableModule               
00005cd1  ADC14_enableConversion            
00005b85  ADC14_enableInterrupt             
00005ee5  ADC14_enableModule                
000054fd  ADC14_initModule                  
00005d71  ADC14_setResolution               
00005bb5  ADC14_setSampleHoldTime           
00005691  ADC14_setSampleHoldTrigger        
00000b47  AES256_IRQHandler                 
00000b47  BusFault_Handler                  
00005f13  C$$EXIT                           
00005967  C$$IO$$                           
00000b47  COMP_E0_IRQHandler                
00000b47  COMP_E1_IRQHandler                
00000b47  CS_IRQHandler                     
00005a51  CS_setDCOCenteredFrequency        
00005be5  CS_setReferenceOscillatorFrequency
00000b47  DMA_ERR_IRQHandler                
00000b47  DMA_INT0_IRQHandler               
00000b47  DMA_INT1_IRQHandler               
00000b47  DMA_INT2_IRQHandler               
00000b47  DMA_INT3_IRQHandler               
00000b47  DebugMon_Handler                  
00000b47  Default_Handler                   
00005c15  EUSCIA0_IRQHandler                
00005c15  EUSCIA0_IRQHandler                
00000b47  EUSCIA1_IRQHandler                
00000b47  EUSCIA2_IRQHandler                
00000b47  EUSCIA3_IRQHandler                
00000b47  EUSCIB0_IRQHandler                
00000b47  EUSCIB1_IRQHandler                
00000b47  EUSCIB2_IRQHandler                
00000b47  EUSCIB3_IRQHandler                
00000b47  FLCTL_IRQHandler                  
00000b47  FPU_IRQHandler                    
00005769  HOSTclose                         
00004e45  HOSTlseek                         
000051d9  HOSTopen                          
000053a1  HOSTread                          
00004ead  HOSTrename                        
000057ad  HOSTunlink                        
000053f9  HOSTwrite                         
00000b47  HardFault_Handler                 
0000499d  Interrupt_disableInterrupt        
00004a1d  Interrupt_enableInterrupt         
00000b47  MemManage_Handler                 
00000b47  NMI_Handler                       
00000b47  PCM_IRQHandler                    
00005b21  PORT1_IRQHandler                  
00005b21  PORT1_IRQHandler                  
00000b47  PORT2_IRQHandler                  
00000b47  PORT3_IRQHandler                  
00000b47  PORT4_IRQHandler                  
00000b47  PORT5_IRQHandler                  
00000b47  PORT6_IRQHandler                  
00000b47  PSS_IRQHandler                    
00000b47  PendSV_Handler                    
00004f7d  RMS                               
00000b47  RTC_C_IRQHandler                  
00005ef1  Reset_Handler                     
00004a9d  STD                               
00000b47  SVC_Handler                       
00000b47  SysTick_Handler                   
00004fe5  SystemInit                        
00000b47  T32_INT1_IRQHandler               
00000b47  T32_INT2_IRQHandler               
00000b47  T32_INTC_IRQHandler               
00000b47  TA0_0_IRQHandler                  
00000b47  TA0_N_IRQHandler                  
00000b47  TA1_0_IRQHandler                  
00000b47  TA1_N_IRQHandler                  
00000b47  TA2_0_IRQHandler                  
00000b47  TA2_N_IRQHandler                  
00000b47  TA3_0_IRQHandler                  
00000b47  TA3_N_IRQHandler                  
00005a85  UART_transmitData                 
00000b47  UsageFault_Handler                
4000480c  WDTCTL_SYM                        
00000b47  WDT_A_IRQHandler                  
00005f18  _Q16sqrt_coeffs                   
00004239  _Qmag                             
20006754  __CIOBUF_                         
20010000  __STACK_END                       
00000800  __STACK_SIZE                      
00006568  __SYSMEM_SIZE                     
00006458  __TI_CINIT_Base                   
00006468  __TI_CINIT_Limit                  
00006444  __TI_Handler_Table_Base           
00006450  __TI_Handler_Table_Limit          
000057f1  __TI_auto_init_nobinit_nopinit    
00005ab9  __TI_cleanup                      
20006730  __TI_cleanup_ptr                  
00004c85  __TI_closefile                    
00004f15  __TI_decompress_lzss              
00005ed5  __TI_decompress_none              
000055f7  __TI_doflush                      
20006734  __TI_dtors_ptr                    
20006738  __TI_enable_exit_profile_output   
20006720  __TI_ft_end                       
ffffffff  __TI_pprof_out_hndl               
000000e9  __TI_printfi                      
ffffffff  __TI_prof_data_size               
ffffffff  __TI_prof_data_start              
00005aed  __TI_readmsg                      
00000000  __TI_static_base__                
20006874  __TI_tmpnams                      
00005939  __TI_writemsg                     
00005175  __TI_wrt_ok                       
00005e8f  __TI_zero_init_nomemset           
00004891  __aeabi_cdcmpeq                   
00004891  __aeabi_cdcmple                   
00004917  __aeabi_cdrcmple                  
00004dd5  __aeabi_d2f                       
00005721  __aeabi_d2iz                      
00002d1f  __aeabi_dadd                      
000038c5  __aeabi_ddiv                      
00003f65  __aeabi_dmul                      
00002d15  __aeabi_dsub                      
00005efd  __aeabi_errno_addr                
000059e1  __aeabi_f2d                       
00005c75  __aeabi_i2d                       
000039fb  __aeabi_idiv0                     
000039fb  __aeabi_ldiv0                     
00004b1b  __aeabi_memclr                    
00004b1b  __aeabi_memclr4                   
00004b1b  __aeabi_memclr8                   
000046d1  __aeabi_memcpy                    
000046d1  __aeabi_memcpy4                   
000046d1  __aeabi_memcpy8                   
00004b1d  __aeabi_memset                    
00004b1d  __aeabi_memset4                   
00004b1d  __aeabi_memset8                   
2000672c  __aeabi_stderr                    
20006724  __aeabi_stdin                     
20006728  __aeabi_stdout                    
0000476d  __aeabi_uldivmod                  
ffffffff  __binit__                         
ffffffff  __c_args__                        
00003365  __kernel_cos                      
00000b49  __kernel_rem_pio2                 
000031f1  __kernel_sin                      
UNDEFED   __mpu_init                        
2000f800  __stack                           
00005971  _c_int00_noargs                   
000061f0  _ctypes_                          
20006658  _device                           
20006568  _ftable                           
20006748  _lock                             
00002ecb  _nop                              
200066d0  _stream                           
20000000  _sys_memory                       
UNDEFED   _system_post_cinit                
00005f0f  _system_pre_init                  
2000674c  _unlock                           
00005f13  abort                             
00005645  atoi                              
00005239  average_preprocess                
ffffffff  binit                             
00005835  calc_mean                         
00005295  close                             
000063b0  compareConfig                     
00004c0d  configure_analog                  
00005e53  copysign                          
00005e53  copysignl                         
00001281  cos                               
00001281  cosl                              
20006750  errno                             
000056d9  exit                              
00005c45  finddevice                        
00004061  floor                             
00004061  floorl                            
00005049  fprintf                           
00004805  fputc                             
00003c35  fputs                             
00004311  free                              
000050ad  frexp                             
000050ad  frexpl                            
00005111  fseek                             
00005879  getdevice                         
2000691c  information_bytes                 
00000000  interruptVectors                  
00005f05  kiss_fft                          
00003e59  kiss_fft_alloc                    
000054a7  kiss_fft_stride                   
00002ecd  kiss_fftr                         
00003075  kiss_fftr_alloc                   
00003d49  ldexp                             
00003d49  ldexpl                            
00005cf9  lseek                             
00005551  ltoa                              
00002769  main                              
00004b95  malloc                            
00005ded  max                               
00005e09  memccpy                           
00005d91  memchr                            
000046d1  memcpy                            
00004b23  memset                            
000059a9  minit                             
20006914  parmbuf                           
00004805  putc                              
00005ca5  remove                            
20006920  resPos                            
00003d49  scalbn                            
00003d49  scalbnl                           
00005db1  sendReading                       
00004159  setvbuf                           
0000185d  sin                               
0000185d  sinl                              
00003631  sqrt                              
00003631  sqrtl                             
20006922  stateCounter                      
00005e3d  strchr                            
00005e25  strcmp                            
00005e67  strcpy                            
00005e7b  strlen                            
00005a19  strncpy                           
00006374  uartConfig                        
00005ca5  unlink                            
00006398  upModeConfig                      
00005ea1  wcslen                            
00005d49  write                             


GLOBAL SYMBOLS: SORTED BY Symbol Address 

address   name                              
-------   ----                              
00000000  __TI_static_base__                
00000000  interruptVectors                  
000000e9  __TI_printfi                      
00000800  __STACK_SIZE                      
00000b47  AES256_IRQHandler                 
00000b47  BusFault_Handler                  
00000b47  COMP_E0_IRQHandler                
00000b47  COMP_E1_IRQHandler                
00000b47  CS_IRQHandler                     
00000b47  DMA_ERR_IRQHandler                
00000b47  DMA_INT0_IRQHandler               
00000b47  DMA_INT1_IRQHandler               
00000b47  DMA_INT2_IRQHandler               
00000b47  DMA_INT3_IRQHandler               
00000b47  DebugMon_Handler                  
00000b47  Default_Handler                   
00000b47  EUSCIA1_IRQHandler                
00000b47  EUSCIA2_IRQHandler                
00000b47  EUSCIA3_IRQHandler                
00000b47  EUSCIB0_IRQHandler                
00000b47  EUSCIB1_IRQHandler                
00000b47  EUSCIB2_IRQHandler                
00000b47  EUSCIB3_IRQHandler                
00000b47  FLCTL_IRQHandler                  
00000b47  FPU_IRQHandler                    
00000b47  HardFault_Handler                 
00000b47  MemManage_Handler                 
00000b47  NMI_Handler                       
00000b47  PCM_IRQHandler                    
00000b47  PORT2_IRQHandler                  
00000b47  PORT3_IRQHandler                  
00000b47  PORT4_IRQHandler                  
00000b47  PORT5_IRQHandler                  
00000b47  PORT6_IRQHandler                  
00000b47  PSS_IRQHandler                    
00000b47  PendSV_Handler                    
00000b47  RTC_C_IRQHandler                  
00000b47  SVC_Handler                       
00000b47  SysTick_Handler                   
00000b47  T32_INT1_IRQHandler               
00000b47  T32_INT2_IRQHandler               
00000b47  T32_INTC_IRQHandler               
00000b47  TA0_0_IRQHandler                  
00000b47  TA0_N_IRQHandler                  
00000b47  TA1_0_IRQHandler                  
00000b47  TA1_N_IRQHandler                  
00000b47  TA2_0_IRQHandler                  
00000b47  TA2_N_IRQHandler                  
00000b47  TA3_0_IRQHandler                  
00000b47  TA3_N_IRQHandler                  
00000b47  UsageFault_Handler                
00000b47  WDT_A_IRQHandler                  
00000b49  __kernel_rem_pio2                 
00001281  cos                               
00001281  cosl                              
0000185d  sin                               
0000185d  sinl                              
00002769  main                              
00002d15  __aeabi_dsub                      
00002d1f  __aeabi_dadd                      
00002ecb  _nop                              
00002ecd  kiss_fftr                         
00003075  kiss_fftr_alloc                   
000031f1  __kernel_sin                      
00003365  __kernel_cos                      
00003631  sqrt                              
00003631  sqrtl                             
000038c5  __aeabi_ddiv                      
000039fb  __aeabi_idiv0                     
000039fb  __aeabi_ldiv0                     
00003c35  fputs                             
00003d49  ldexp                             
00003d49  ldexpl                            
00003d49  scalbn                            
00003d49  scalbnl                           
00003e59  kiss_fft_alloc                    
00003f65  __aeabi_dmul                      
00004061  floor                             
00004061  floorl                            
00004159  setvbuf                           
00004239  _Qmag                             
00004311  free                              
0000462d  ADC14_configureConversionMemory   
000046d1  __aeabi_memcpy                    
000046d1  __aeabi_memcpy4                   
000046d1  __aeabi_memcpy8                   
000046d1  memcpy                            
0000476d  __aeabi_uldivmod                  
00004805  fputc                             
00004805  putc                              
00004891  __aeabi_cdcmpeq                   
00004891  __aeabi_cdcmple                   
00004917  __aeabi_cdrcmple                  
0000499d  Interrupt_disableInterrupt        
00004a1d  Interrupt_enableInterrupt         
00004a9d  STD                               
00004b1b  __aeabi_memclr                    
00004b1b  __aeabi_memclr4                   
00004b1b  __aeabi_memclr8                   
00004b1d  __aeabi_memset                    
00004b1d  __aeabi_memset4                   
00004b1d  __aeabi_memset8                   
00004b23  memset                            
00004b95  malloc                            
00004c0d  configure_analog                  
00004c85  __TI_closefile                    
00004dd5  __aeabi_d2f                       
00004e45  HOSTlseek                         
00004ead  HOSTrename                        
00004f15  __TI_decompress_lzss              
00004f7d  RMS                               
00004fe5  SystemInit                        
00005049  fprintf                           
000050ad  frexp                             
000050ad  frexpl                            
00005111  fseek                             
00005175  __TI_wrt_ok                       
000051d9  HOSTopen                          
00005239  average_preprocess                
00005295  close                             
000052f1  ADC14_IRQHandler                  
000052f1  ADC14_IRQHandler                  
00005349  ADC14_configureSingleSampleMode   
000053a1  HOSTread                          
000053f9  HOSTwrite                         
000054a7  kiss_fft_stride                   
000054fd  ADC14_initModule                  
00005551  ltoa                              
000055f7  __TI_doflush                      
00005645  atoi                              
00005691  ADC14_setSampleHoldTrigger        
000056d9  exit                              
00005721  __aeabi_d2iz                      
00005769  HOSTclose                         
000057ad  HOSTunlink                        
000057f1  __TI_auto_init_nobinit_nopinit    
00005835  calc_mean                         
00005879  getdevice                         
00005939  __TI_writemsg                     
00005967  C$$IO$$                           
00005971  _c_int00_noargs                   
000059a9  minit                             
000059e1  __aeabi_f2d                       
00005a19  strncpy                           
00005a51  CS_setDCOCenteredFrequency        
00005a85  UART_transmitData                 
00005ab9  __TI_cleanup                      
00005aed  __TI_readmsg                      
00005b21  PORT1_IRQHandler                  
00005b21  PORT1_IRQHandler                  
00005b55  ADC14_disableInterrupt            
00005b85  ADC14_enableInterrupt             
00005bb5  ADC14_setSampleHoldTime           
00005be5  CS_setReferenceOscillatorFrequency
00005c15  EUSCIA0_IRQHandler                
00005c15  EUSCIA0_IRQHandler                
00005c45  finddevice                        
00005c75  __aeabi_i2d                       
00005ca5  remove                            
00005ca5  unlink                            
00005cd1  ADC14_enableConversion            
00005cf9  lseek                             
00005d49  write                             
00005d71  ADC14_setResolution               
00005d91  memchr                            
00005db1  sendReading                       
00005dd1  ADC14_disableModule               
00005ded  max                               
00005e09  memccpy                           
00005e25  strcmp                            
00005e3d  strchr                            
00005e53  copysign                          
00005e53  copysignl                         
00005e67  strcpy                            
00005e7b  strlen                            
00005e8f  __TI_zero_init_nomemset           
00005ea1  wcslen                            
00005eb5  ADC14_disableConversion           
00005ed5  __TI_decompress_none              
00005ee5  ADC14_enableModule                
00005ef1  Reset_Handler                     
00005efd  __aeabi_errno_addr                
00005f05  kiss_fft                          
00005f0f  _system_pre_init                  
00005f13  C$$EXIT                           
00005f13  abort                             
00005f18  _Q16sqrt_coeffs                   
000061f0  _ctypes_                          
00006374  uartConfig                        
00006398  upModeConfig                      
000063b0  compareConfig                     
00006444  __TI_Handler_Table_Base           
00006450  __TI_Handler_Table_Limit          
00006458  __TI_CINIT_Base                   
00006468  __TI_CINIT_Limit                  
00006568  __SYSMEM_SIZE                     
20000000  _sys_memory                       
20006568  _ftable                           
20006658  _device                           
200066d0  _stream                           
20006720  __TI_ft_end                       
20006724  __aeabi_stdin                     
20006728  __aeabi_stdout                    
2000672c  __aeabi_stderr                    
20006730  __TI_cleanup_ptr                  
20006734  __TI_dtors_ptr                    
20006738  __TI_enable_exit_profile_output   
20006748  _lock                             
2000674c  _unlock                           
20006750  errno                             
20006754  __CIOBUF_                         
20006874  __TI_tmpnams                      
20006914  parmbuf                           
2000691c  information_bytes                 
20006920  resPos                            
20006922  stateCounter                      
2000f800  __stack                           
20010000  __STACK_END                       
4000480c  WDTCTL_SYM                        
ffffffff  __TI_pprof_out_hndl               
ffffffff  __TI_prof_data_size               
ffffffff  __TI_prof_data_start              
ffffffff  __binit__                         
ffffffff  __c_args__                        
ffffffff  binit                             
UNDEFED   __mpu_init                        
UNDEFED   _system_post_cinit                

[227 symbols]
