******************************************************************************
                  TI ARM Linker PC v18.1.1                     
******************************************************************************
>> Linked Mon Jun 18 20:20:32 2018

OUTPUT FILE NAME:   <uart_FFT_csv.out>
ENTRY POINT SYMBOL: "_c_int00_noargs"  address: 00000aed


MEMORY CONFIGURATION

         name            origin    length      used     unused   attr    fill
----------------------  --------  ---------  --------  --------  ----  --------
  MAIN                  00000000   00040000  00000fa2  0003f05e  R  X
  INFO                  00200000   00004000  00000000  00004000  R  X
  SRAM_CODE             01000000   00010000  00002a09  0000d5f7  RW X
  SRAM_DATA             20000000   00010000  00002a09  0000d5f7  RW  


SEGMENT ALLOCATION MAP

run origin  load origin   length   init length attrs members
----------  ----------- ---------- ----------- ----- -------
00000000    00000000    00000fa8   00000fa8    r-x
  00000000    00000000    000000e4   000000e4    r-- .intvecs
  000000e8    000000e8    00000ad2   00000ad2    r-x .text
  00000bbc    00000bbc    000003bc   000003bc    r-- .const
  00000f78    00000f78    00000030   00000030    r-- .cinit
20000000    20000000    0000280c   00000000    rw-
  20000000    20000000    00002805   00000000    rw- .bss
  20002808    20002808    00000004   00000000    rw- .data
2000fe00    2000fe00    00000200   00000000    rw-
  2000fe00    2000fe00    00000200   00000000    rw- .stack


SECTION ALLOCATION MAP

 output                                  attributes/
section   page    origin      length       input sections
--------  ----  ----------  ----------   ----------------
.intvecs   0    00000000    000000e4     
                  00000000    000000e4     startup_msp432p401r_ccs.obj (.intvecs:retain)

.text      0    000000e8    00000ad2     
                  000000e8    000001fc     uart_FFT_csv.obj (.text:cFFT)
                  000002e4    000001d0     uart_FFT_csv.obj (.text:main)
                  000004b4    00000108     uart_FFT_csv.obj (.text:cBitReverse3)
                  000005bc    00000004     rtsv7M4_T_le_v4SPD16_eabi.lib : pre_init.c.obj (.text:_system_pre_init)
                  000005c0    000000de     QmathLib_CCS_MSP432.lib : _QNsin_cos.obj (.text:_Q12cos)
                  0000069e    00000002     startup_msp432p401r_ccs.obj (.text:Default_Handler)
                  000006a0    000000de     QmathLib_CCS_MSP432.lib : _QNsin_cos.obj (.text:_Q12sin)
                  0000077e    00000002     --HOLE-- [fill = 0]
                  00000780    000000d8                             : _QNsqrt.obj (.text:_Qmag)
                  00000858    0000009c     rtsv7M4_T_le_v4SPD16_eabi.lib : memcpy_t2.asm.obj (.text)
                  000008f4    0000007a                                   : memset_t2.asm.obj (.text)
                  0000096e    00000002     --HOLE-- [fill = 0]
                  00000970    00000078     system_msp432p401r.obj (.text:SystemInit)
                  000009e8    00000068     rtsv7M4_T_le_v4SPD16_eabi.lib : copy_decompress_lzss.c.obj (.text:decompress:lzss:__TI_decompress_lzss)
                  00000a50    00000058     uart_FFT_csv.obj (.text:EUSCIA0_IRQHandler)
                  00000aa8    00000044     rtsv7M4_T_le_v4SPD16_eabi.lib : autoinit.c.obj (.text:__TI_auto_init_nobinit_nopinit:__TI_auto_init_nobinit_nopinit)
                  00000aec    00000038                                   : boot_cortex_m.c.obj (.text:_c_int00_noargs:_c_int00_noargs)
                  00000b24    00000024     msp432p4xx_driverlib.lib : cs_MSP432P4XX.obj (.text:CS_setDCOCenteredFrequency)
                  00000b48    00000024                              : uart_MSP432P4XX.obj (.text:UART_transmitData)
                  00000b6c    00000018                              : wdt_a_MSP432P4XX.obj (.text:WDT_A_holdTimer)
                  00000b84    0000000e     rtsv7M4_T_le_v4SPD16_eabi.lib : copy_decompress_none.c.obj (.text:decompress:none:__TI_decompress_none)
                  00000b92    0000000c     startup_msp432p401r_ccs.obj (.text:Reset_Handler)
                  00000b9e    0000000c     rtsv7M4_T_le_v4SPD16_eabi.lib : copy_zero_init.c.obj (.text:decompress:ZI:__TI_zero_init)
                  00000baa    00000004                                   : exit.c.obj (.text:abort:abort)
                  00000bae    00000002     --HOLE-- [fill = 0]
                  00000bb0    0000000a     QmathLib_CCS_MSP432.lib : _QNmpy.obj (.text:_Q12mpy)

.const     0    00000bbc    000003bc     
                  00000bbc    00000180     QmathLib_CCS_MSP432.lib : _QNtables.obj (.const:_Q16sqrt_coeffs)
                  00000d3c    00000100     uart_FFT_csv.obj (.const:.string:ui8BitRevLUT)
                  00000e3c    0000006c     QmathLib_CCS_MSP432.lib : _QNtables.obj (.const:_QNCosLookup)
                  00000ea8    0000006c                             : _QNtables.obj (.const:_QNSinLookup)
                  00000f14    00000040                             : _QNtables.obj (.const:_QNCos2Lookup)
                  00000f54    00000024     uart_FFT_csv.obj (.const:uartConfig)

.cinit     0    00000f78    00000030     
                  00000f78    0000000c     (__TI_handler_table)
                  00000f84    00000004     --HOLE-- [fill = 0]
                  00000f88    00000008     (.cinit..bss.load) [load image, compression = zero_init]
                  00000f90    00000007     (.cinit..data.load) [load image, compression = lzss]
                  00000f97    00000001     --HOLE-- [fill = 0]
                  00000f98    00000010     (__TI_cinit_table)

.init_array 
*          0    00000000    00000000     UNINITIALIZED

.binit     0    00000000    00000000     

.bss       0    20000000    00002805     UNINITIALIZED
                  20000000    00002000     (.common:qInput)
                  20002000    00000800     (.common:qMag)
                  20002800    00000004     (.common:information_bytes)
                  20002804    00000001     (.common:msg)

.data      0    20002808    00000004     UNINITIALIZED
                  20002808    00000004     uart_FFT_csv.obj (.data)

.stack     0    2000fe00    00000200     UNINITIALIZED
                  2000fe00    00000004     rtsv7M4_T_le_v4SPD16_eabi.lib : boot_cortex_m.c.obj (.stack)
                  2000fe04    000001fc     --HOLE--

MODULE SUMMARY

       Module                        code   ro data   rw data
       ------                        ----   -------   -------
    .\
       uart_FFT_csv.obj              1324   292       20498  
       system_msp432p401r.obj        120    0         0      
    +--+-----------------------------+------+---------+---------+
       Total:                        1444   292       20498  
                                                             
    .\ccs\
       startup_msp432p401r_ccs.obj   14     228       0      
    +--+-----------------------------+------+---------+---------+
       Total:                        14     228       0      
                                                             
    C:/ti/simplelink_msp432p4_sdk_2_10_00_14/source/ti/devices/msp432p4xx/driverlib/ccs/msp432p4xx_driverlib.lib
       cs_MSP432P4XX.obj             36     0         0      
       uart_MSP432P4XX.obj           36     0         0      
       wdt_a_MSP432P4XX.obj          24     0         0      
    +--+-----------------------------+------+---------+---------+
       Total:                        96     0         0      
                                                             
    C:/ti/simplelink_msp432p4_sdk_2_10_00_14/source/ti/iqmathlib/ccs/QmathLib_CCS_MSP432.lib
       _QNtables.obj                 0      664       0      
       _QNsin_cos.obj                444    0         0      
       _QNsqrt.obj                   216    0         0      
       _QNmpy.obj                    10     0         0      
    +--+-----------------------------+------+---------+---------+
       Total:                        670    664       0      
                                                             
    C:\ti\ccsv8\tools\compiler\ti-cgt-arm_18.1.1.LTS\lib\rtsv7M4_T_le_v4SPD16_eabi.lib
       memcpy_t2.asm.obj             156    0         0      
       memset_t2.asm.obj             122    0         0      
       copy_decompress_lzss.c.obj    104    0         0      
       autoinit.c.obj                68     0         0      
       boot_cortex_m.c.obj           56     0         0      
       copy_decompress_none.c.obj    14     0         0      
       copy_zero_init.c.obj          12     0         0      
       exit.c.obj                    4      0         0      
       pre_init.c.obj                4      0         0      
    +--+-----------------------------+------+---------+---------+
       Total:                        540    0         0      
                                                             
       Stack:                        0      0         1024   
       Linker Generated:             0      43        0      
    +--+-----------------------------+------+---------+---------+
       Grand Total:                  2764   1227      21522  


LINKER GENERATED COPY TABLES

__TI_cinit_table @ 00000f98 records: 2, size/record: 8, table size: 16
	.bss: load addr=00000f88, load size=00000008 bytes, run addr=20000000, run size=00002805 bytes, compression=zero_init
	.data: load addr=00000f90, load size=00000007 bytes, run addr=20002808, run size=00000004 bytes, compression=lzss


LINKER GENERATED HANDLER TABLE

__TI_handler_table @ 00000f78 records: 3, size/record: 4, table size: 12
	index: 0, handler: __TI_decompress_lzss
	index: 1, handler: __TI_decompress_none
	index: 2, handler: __TI_zero_init


GLOBAL SYMBOLS: SORTED ALPHABETICALLY BY Name 

address   name                          
-------   ----                          
0000069f  ADC14_IRQHandler              
0000069f  AES256_IRQHandler             
0000069f  BusFault_Handler              
00000bab  C$$EXIT                       
0000069f  COMP_E0_IRQHandler            
0000069f  COMP_E1_IRQHandler            
0000069f  CS_IRQHandler                 
00000b25  CS_setDCOCenteredFrequency    
0000069f  DMA_ERR_IRQHandler            
0000069f  DMA_INT0_IRQHandler           
0000069f  DMA_INT1_IRQHandler           
0000069f  DMA_INT2_IRQHandler           
0000069f  DMA_INT3_IRQHandler           
0000069f  DebugMon_Handler              
0000069f  Default_Handler               
00000a51  EUSCIA0_IRQHandler            
00000a51  EUSCIA0_IRQHandler            
0000069f  EUSCIA1_IRQHandler            
0000069f  EUSCIA2_IRQHandler            
0000069f  EUSCIA3_IRQHandler            
0000069f  EUSCIB0_IRQHandler            
0000069f  EUSCIB1_IRQHandler            
0000069f  EUSCIB2_IRQHandler            
0000069f  EUSCIB3_IRQHandler            
0000069f  FLCTL_IRQHandler              
0000069f  FPU_IRQHandler                
0000069f  HardFault_Handler             
0000069f  MemManage_Handler             
0000069f  NMI_Handler                   
0000069f  PCM_IRQHandler                
0000069f  PORT1_IRQHandler              
0000069f  PORT2_IRQHandler              
0000069f  PORT3_IRQHandler              
0000069f  PORT4_IRQHandler              
0000069f  PORT5_IRQHandler              
0000069f  PORT6_IRQHandler              
0000069f  PSS_IRQHandler                
0000069f  PendSV_Handler                
0000069f  RTC_C_IRQHandler              
00000b93  Reset_Handler                 
0000069f  SVC_Handler                   
0000069f  SysTick_Handler               
00000971  SystemInit                    
0000069f  T32_INT1_IRQHandler           
0000069f  T32_INT2_IRQHandler           
0000069f  T32_INTC_IRQHandler           
0000069f  TA0_0_IRQHandler              
0000069f  TA0_N_IRQHandler              
0000069f  TA1_0_IRQHandler              
0000069f  TA1_N_IRQHandler              
0000069f  TA2_0_IRQHandler              
0000069f  TA2_N_IRQHandler              
0000069f  TA3_0_IRQHandler              
0000069f  TA3_N_IRQHandler              
00000b49  UART_transmitData             
0000069f  UsageFault_Handler            
4000480c  WDTCTL_SYM                    
0000069f  WDT_A_IRQHandler              
00000b6d  WDT_A_holdTimer               
000005c1  _Q12cos                       
00000bb1  _Q12mpy                       
000006a1  _Q12sin                       
00000bbc  _Q16sqrt_coeffs               
00000f14  _QNCos2Lookup                 
00000e3c  _QNCosLookup                  
00000ea8  _QNSinLookup                  
00000781  _Qmag                         
20010000  __STACK_END                   
00000200  __STACK_SIZE                  
00000f98  __TI_CINIT_Base               
00000fa8  __TI_CINIT_Limit              
00000f78  __TI_Handler_Table_Base       
00000f84  __TI_Handler_Table_Limit      
00000aa9  __TI_auto_init_nobinit_nopinit
000009e9  __TI_decompress_lzss          
00000b85  __TI_decompress_none          
ffffffff  __TI_pprof_out_hndl           
ffffffff  __TI_prof_data_size           
ffffffff  __TI_prof_data_start          
00000000  __TI_static_base__            
00000b9f  __TI_zero_init                
000008f5  __aeabi_memclr                
000008f5  __aeabi_memclr4               
000008f5  __aeabi_memclr8               
00000859  __aeabi_memcpy                
00000859  __aeabi_memcpy4               
00000859  __aeabi_memcpy8               
000008f7  __aeabi_memset                
000008f7  __aeabi_memset4               
000008f7  __aeabi_memset8               
ffffffff  __binit__                     
ffffffff  __c_args__                    
UNDEFED   __mpu_init                    
2000fe00  __stack                       
00000aed  _c_int00_noargs               
UNDEFED   _system_post_cinit            
000005bd  _system_pre_init              
00000bab  abort                         
ffffffff  binit                         
20002808  bytes                         
000004b5  cBitReverse3                  
000000e9  cFFT                          
20002800  information_bytes             
00000000  interruptVectors              
000002e5  main                          
00000859  memcpy                        
000008fd  memset                        
20002804  msg                           
20000000  qInput                        
20002000  qMag                          
00000f54  uartConfig                    
00000d3c  ui8BitRevLUT                  


GLOBAL SYMBOLS: SORTED BY Symbol Address 

address   name                          
-------   ----                          
00000000  __TI_static_base__            
00000000  interruptVectors              
000000e9  cFFT                          
00000200  __STACK_SIZE                  
000002e5  main                          
000004b5  cBitReverse3                  
000005bd  _system_pre_init              
000005c1  _Q12cos                       
0000069f  ADC14_IRQHandler              
0000069f  AES256_IRQHandler             
0000069f  BusFault_Handler              
0000069f  COMP_E0_IRQHandler            
0000069f  COMP_E1_IRQHandler            
0000069f  CS_IRQHandler                 
0000069f  DMA_ERR_IRQHandler            
0000069f  DMA_INT0_IRQHandler           
0000069f  DMA_INT1_IRQHandler           
0000069f  DMA_INT2_IRQHandler           
0000069f  DMA_INT3_IRQHandler           
0000069f  DebugMon_Handler              
0000069f  Default_Handler               
0000069f  EUSCIA1_IRQHandler            
0000069f  EUSCIA2_IRQHandler            
0000069f  EUSCIA3_IRQHandler            
0000069f  EUSCIB0_IRQHandler            
0000069f  EUSCIB1_IRQHandler            
0000069f  EUSCIB2_IRQHandler            
0000069f  EUSCIB3_IRQHandler            
0000069f  FLCTL_IRQHandler              
0000069f  FPU_IRQHandler                
0000069f  HardFault_Handler             
0000069f  MemManage_Handler             
0000069f  NMI_Handler                   
0000069f  PCM_IRQHandler                
0000069f  PORT1_IRQHandler              
0000069f  PORT2_IRQHandler              
0000069f  PORT3_IRQHandler              
0000069f  PORT4_IRQHandler              
0000069f  PORT5_IRQHandler              
0000069f  PORT6_IRQHandler              
0000069f  PSS_IRQHandler                
0000069f  PendSV_Handler                
0000069f  RTC_C_IRQHandler              
0000069f  SVC_Handler                   
0000069f  SysTick_Handler               
0000069f  T32_INT1_IRQHandler           
0000069f  T32_INT2_IRQHandler           
0000069f  T32_INTC_IRQHandler           
0000069f  TA0_0_IRQHandler              
0000069f  TA0_N_IRQHandler              
0000069f  TA1_0_IRQHandler              
0000069f  TA1_N_IRQHandler              
0000069f  TA2_0_IRQHandler              
0000069f  TA2_N_IRQHandler              
0000069f  TA3_0_IRQHandler              
0000069f  TA3_N_IRQHandler              
0000069f  UsageFault_Handler            
0000069f  WDT_A_IRQHandler              
000006a1  _Q12sin                       
00000781  _Qmag                         
00000859  __aeabi_memcpy                
00000859  __aeabi_memcpy4               
00000859  __aeabi_memcpy8               
00000859  memcpy                        
000008f5  __aeabi_memclr                
000008f5  __aeabi_memclr4               
000008f5  __aeabi_memclr8               
000008f7  __aeabi_memset                
000008f7  __aeabi_memset4               
000008f7  __aeabi_memset8               
000008fd  memset                        
00000971  SystemInit                    
000009e9  __TI_decompress_lzss          
00000a51  EUSCIA0_IRQHandler            
00000a51  EUSCIA0_IRQHandler            
00000aa9  __TI_auto_init_nobinit_nopinit
00000aed  _c_int00_noargs               
00000b25  CS_setDCOCenteredFrequency    
00000b49  UART_transmitData             
00000b6d  WDT_A_holdTimer               
00000b85  __TI_decompress_none          
00000b93  Reset_Handler                 
00000b9f  __TI_zero_init                
00000bab  C$$EXIT                       
00000bab  abort                         
00000bb1  _Q12mpy                       
00000bbc  _Q16sqrt_coeffs               
00000d3c  ui8BitRevLUT                  
00000e3c  _QNCosLookup                  
00000ea8  _QNSinLookup                  
00000f14  _QNCos2Lookup                 
00000f54  uartConfig                    
00000f78  __TI_Handler_Table_Base       
00000f84  __TI_Handler_Table_Limit      
00000f98  __TI_CINIT_Base               
00000fa8  __TI_CINIT_Limit              
20000000  qInput                        
20002000  qMag                          
20002800  information_bytes             
20002804  msg                           
20002808  bytes                         
2000fe00  __stack                       
20010000  __STACK_END                   
4000480c  WDTCTL_SYM                    
ffffffff  __TI_pprof_out_hndl           
ffffffff  __TI_prof_data_size           
ffffffff  __TI_prof_data_start          
ffffffff  __binit__                     
ffffffff  __c_args__                    
ffffffff  binit                         
UNDEFED   __mpu_init                    
UNDEFED   _system_post_cinit            

[112 symbols]
