******************************************************************************
                  TI ARM Linker PC v18.1.1                     
******************************************************************************
>> Linked Sat May 12 15:49:13 2018

OUTPUT FILE NAME:   <pcm_lpm35_rtc_wakeup_MSP_EXP432P401R_nortos_ccs.out>
ENTRY POINT SYMBOL: "_c_int00_noinit_noargs"  address: 000002d5


MEMORY CONFIGURATION

         name            origin    length      used     unused   attr    fill
----------------------  --------  ---------  --------  --------  ----  --------
  MAIN                  00000000   00040000  00000404  0003fbfc  R  X
  INFO                  00200000   00004000  00000000  00004000  R  X
  SRAM_CODE             01000000   00010000  00000200  0000fe00  RW X
  SRAM_DATA             20000000   00010000  00000200  0000fe00  RW  


SEGMENT ALLOCATION MAP

run origin  load origin   length   init length attrs members
----------  ----------- ---------- ----------- ----- -------
00000000    00000000    00000404   00000404    r-x
  00000000    00000000    000000e4   000000e4    r-- .intvecs
  000000e4    000000e4    000002e0   000002e0    r-x .text
  000003c4    000003c4    00000040   00000040    r-- .const
2000fe00    2000fe00    00000200   00000000    rw-
  2000fe00    2000fe00    00000200   00000000    rw- .stack


SECTION ALLOCATION MAP

 output                                  attributes/
section   page    origin      length       input sections
--------  ----  ----------  ----------   ----------------
.intvecs   0    00000000    000000e4     
                  00000000    000000e4     startup_msp432p401r_ccs.obj (.intvecs:retain)

.text      0    000000e4    000002e0     
                  000000e4    000000dc     pcm_lpm35_rtc_wakeup.obj (.text:main)
                  000001c0    0000009c     msp432p4xx_driverlib.lib : cs_MSP432P4XX.obj (.text:CS_startLFXTWithTimeout)
                  0000025c    00000078     system_msp432p401r.obj (.text:SystemInit)
                  000002d4    00000030     rtsv7M4_T_le_v4SPD16_eabi.lib : boot_cortex_m.c.obj (.text:_c_int00_noinit_noargs:_c_int00_noinit_noargs)
                  00000304    0000002c     pcm_lpm35_rtc_wakeup.obj (.text:RTC_C_IRQHandler)
                  00000330    00000024     msp432p4xx_driverlib.lib : cs_MSP432P4XX.obj (.text:CS_setDCOCenteredFrequency)
                  00000354    00000024                              : uart_MSP432P4XX.obj (.text:UART_transmitData)
                  00000378    00000010                              : sysctl_a_MSP432P4XX.obj (.text:SysCtl_A_disableNMISource)
                  00000388    00000010                              : sysctl_a_MSP432P4XX.obj (.text:SysCtl_A_enableNMISource)
                  00000398    00000010                              : sysctl_a_MSP432P4XX.obj (.text:SysCtl_A_getNMISourceStatus)
                  000003a8    0000000c     startup_msp432p401r_ccs.obj (.text:Reset_Handler)
                  000003b4    00000006     msp432p4xx_driverlib.lib : cs_MSP432P4XX.obj (.text:CS_startLFXT)
                  000003ba    00000004     rtsv7M4_T_le_v4SPD16_eabi.lib : pre_init.c.obj (.text:_system_pre_init)
                  000003be    00000004                                   : exit.c.obj (.text:abort:abort)
                  000003c2    00000002     startup_msp432p401r_ccs.obj (.text:Default_Handler)

.const     0    000003c4    00000040     
                  000003c4    00000024     pcm_lpm35_rtc_wakeup.obj (.const:uartConfig)
                  000003e8    0000001c     pcm_lpm35_rtc_wakeup.obj (.const:calendarTime)

.cinit     0    00000000    00000000     UNINITIALIZED

.init_array 
*          0    00000000    00000000     UNINITIALIZED

.binit     0    00000000    00000000     

.stack     0    2000fe00    00000200     UNINITIALIZED
                  2000fe00    00000004     rtsv7M4_T_le_v4SPD16_eabi.lib : boot_cortex_m.c.obj (.stack)
                  2000fe04    000001fc     --HOLE--

MODULE SUMMARY

       Module                        code   ro data   rw data
       ------                        ----   -------   -------
    .\
       pcm_lpm35_rtc_wakeup.obj      264    64        0      
       system_msp432p401r.obj        120    0         0      
    +--+-----------------------------+------+---------+---------+
       Total:                        384    64        0      
                                                             
    .\ccs\
       startup_msp432p401r_ccs.obj   14     228       0      
    +--+-----------------------------+------+---------+---------+
       Total:                        14     228       0      
                                                             
    C:/ti/simplelink_msp432p4_sdk_2_10_00_14/source/ti/devices/msp432p4xx/driverlib/ccs/msp432p4xx_driverlib.lib
       cs_MSP432P4XX.obj             198    0         0      
       sysctl_a_MSP432P4XX.obj       48     0         0      
       uart_MSP432P4XX.obj           36     0         0      
    +--+-----------------------------+------+---------+---------+
       Total:                        282    0         0      
                                                             
    C:\ti\ccsv8\tools\compiler\ti-cgt-arm_18.1.1.LTS\lib\rtsv7M4_T_le_v4SPD16_eabi.lib
       boot_cortex_m.c.obj           48     0         0      
       exit.c.obj                    4      0         0      
       pre_init.c.obj                4      0         0      
    +--+-----------------------------+------+---------+---------+
       Total:                        56     0         0      
                                                             
       Stack:                        0      0         1024   
    +--+-----------------------------+------+---------+---------+
       Grand Total:                  736    292       1024   


GLOBAL SYMBOLS: SORTED ALPHABETICALLY BY Name 

address   name                       
-------   ----                       
000003c3  ADC14_IRQHandler           
000003c3  AES256_IRQHandler          
000003c3  BusFault_Handler           
000003bf  C$$EXIT                    
000003c3  COMP_E0_IRQHandler         
000003c3  COMP_E1_IRQHandler         
000003c3  CS_IRQHandler              
00000331  CS_setDCOCenteredFrequency 
000003b5  CS_startLFXT               
000001c1  CS_startLFXTWithTimeout    
000003c3  DMA_ERR_IRQHandler         
000003c3  DMA_INT0_IRQHandler        
000003c3  DMA_INT1_IRQHandler        
000003c3  DMA_INT2_IRQHandler        
000003c3  DMA_INT3_IRQHandler        
000003c3  DebugMon_Handler           
000003c3  Default_Handler            
000003c3  EUSCIA0_IRQHandler         
000003c3  EUSCIA1_IRQHandler         
000003c3  EUSCIA2_IRQHandler         
000003c3  EUSCIA3_IRQHandler         
000003c3  EUSCIB0_IRQHandler         
000003c3  EUSCIB1_IRQHandler         
000003c3  EUSCIB2_IRQHandler         
000003c3  EUSCIB3_IRQHandler         
000003c3  FLCTL_IRQHandler           
000003c3  FPU_IRQHandler             
000003c3  HardFault_Handler          
000003c3  MemManage_Handler          
000003c3  NMI_Handler                
000003c3  PCM_IRQHandler             
000003c3  PORT1_IRQHandler           
000003c3  PORT2_IRQHandler           
000003c3  PORT3_IRQHandler           
000003c3  PORT4_IRQHandler           
000003c3  PORT5_IRQHandler           
000003c3  PORT6_IRQHandler           
000003c3  PSS_IRQHandler             
000003c3  PendSV_Handler             
00000305  RTC_C_IRQHandler           
00000305  RTC_C_IRQHandler           
000003a9  Reset_Handler              
000003c3  SVC_Handler                
00000379  SysCtl_A_disableNMISource  
00000389  SysCtl_A_enableNMISource   
00000399  SysCtl_A_getNMISourceStatus
000003c3  SysTick_Handler            
0000025d  SystemInit                 
000003c3  T32_INT1_IRQHandler        
000003c3  T32_INT2_IRQHandler        
000003c3  T32_INTC_IRQHandler        
000003c3  TA0_0_IRQHandler           
000003c3  TA0_N_IRQHandler           
000003c3  TA1_0_IRQHandler           
000003c3  TA1_N_IRQHandler           
000003c3  TA2_0_IRQHandler           
000003c3  TA2_N_IRQHandler           
000003c3  TA3_0_IRQHandler           
000003c3  TA3_N_IRQHandler           
00000355  UART_transmitData          
000003c3  UsageFault_Handler         
4000480c  WDTCTL_SYM                 
000003c3  WDT_A_IRQHandler           
20010000  __STACK_END                
00000200  __STACK_SIZE               
ffffffff  __TI_pprof_out_hndl        
ffffffff  __TI_prof_data_size        
ffffffff  __TI_prof_data_start       
00000000  __TI_static_base__         
ffffffff  __binit__                  
ffffffff  __c_args__                 
UNDEFED   __mpu_init                 
2000fe00  __stack                    
000002d5  _c_int00_noinit_noargs     
000003bb  _system_pre_init           
000003bf  abort                      
ffffffff  binit                      
000003e8  calendarTime               
00000000  interruptVectors           
000000e5  main                       
000003c4  uartConfig                 


GLOBAL SYMBOLS: SORTED BY Symbol Address 

address   name                       
-------   ----                       
00000000  __TI_static_base__         
00000000  interruptVectors           
000000e5  main                       
000001c1  CS_startLFXTWithTimeout    
00000200  __STACK_SIZE               
0000025d  SystemInit                 
000002d5  _c_int00_noinit_noargs     
00000305  RTC_C_IRQHandler           
00000305  RTC_C_IRQHandler           
00000331  CS_setDCOCenteredFrequency 
00000355  UART_transmitData          
00000379  SysCtl_A_disableNMISource  
00000389  SysCtl_A_enableNMISource   
00000399  SysCtl_A_getNMISourceStatus
000003a9  Reset_Handler              
000003b5  CS_startLFXT               
000003bb  _system_pre_init           
000003bf  C$$EXIT                    
000003bf  abort                      
000003c3  ADC14_IRQHandler           
000003c3  AES256_IRQHandler          
000003c3  BusFault_Handler           
000003c3  COMP_E0_IRQHandler         
000003c3  COMP_E1_IRQHandler         
000003c3  CS_IRQHandler              
000003c3  DMA_ERR_IRQHandler         
000003c3  DMA_INT0_IRQHandler        
000003c3  DMA_INT1_IRQHandler        
000003c3  DMA_INT2_IRQHandler        
000003c3  DMA_INT3_IRQHandler        
000003c3  DebugMon_Handler           
000003c3  Default_Handler            
000003c3  EUSCIA0_IRQHandler         
000003c3  EUSCIA1_IRQHandler         
000003c3  EUSCIA2_IRQHandler         
000003c3  EUSCIA3_IRQHandler         
000003c3  EUSCIB0_IRQHandler         
000003c3  EUSCIB1_IRQHandler         
000003c3  EUSCIB2_IRQHandler         
000003c3  EUSCIB3_IRQHandler         
000003c3  FLCTL_IRQHandler           
000003c3  FPU_IRQHandler             
000003c3  HardFault_Handler          
000003c3  MemManage_Handler          
000003c3  NMI_Handler                
000003c3  PCM_IRQHandler             
000003c3  PORT1_IRQHandler           
000003c3  PORT2_IRQHandler           
000003c3  PORT3_IRQHandler           
000003c3  PORT4_IRQHandler           
000003c3  PORT5_IRQHandler           
000003c3  PORT6_IRQHandler           
000003c3  PSS_IRQHandler             
000003c3  PendSV_Handler             
000003c3  SVC_Handler                
000003c3  SysTick_Handler            
000003c3  T32_INT1_IRQHandler        
000003c3  T32_INT2_IRQHandler        
000003c3  T32_INTC_IRQHandler        
000003c3  TA0_0_IRQHandler           
000003c3  TA0_N_IRQHandler           
000003c3  TA1_0_IRQHandler           
000003c3  TA1_N_IRQHandler           
000003c3  TA2_0_IRQHandler           
000003c3  TA2_N_IRQHandler           
000003c3  TA3_0_IRQHandler           
000003c3  TA3_N_IRQHandler           
000003c3  UsageFault_Handler         
000003c3  WDT_A_IRQHandler           
000003c4  uartConfig                 
000003e8  calendarTime               
2000fe00  __stack                    
20010000  __STACK_END                
4000480c  WDTCTL_SYM                 
ffffffff  __TI_pprof_out_hndl        
ffffffff  __TI_prof_data_size        
ffffffff  __TI_prof_data_start       
ffffffff  __binit__                  
ffffffff  __c_args__                 
ffffffff  binit                      
UNDEFED   __mpu_init                 

[81 symbols]
