******************************************************************************
                  TI ARM Linker PC v18.1.1                     
******************************************************************************
>> Linked Sat May 12 19:33:09 2018

OUTPUT FILE NAME:   <rtc.out>
ENTRY POINT SYMBOL: "_c_int00_noargs"  address: 00000561


MEMORY CONFIGURATION

         name            origin    length      used     unused   attr    fill
----------------------  --------  ---------  --------  --------  ----  --------
  MAIN                  00000000   00040000  000006d0  0003f930  R  X
  INFO                  00200000   00004000  00000000  00004000  R  X
  SRAM_CODE             01000000   00010000  00000201  0000fdff  RW X
  SRAM_DATA             20000000   00010000  00000201  0000fdff  RW  


SEGMENT ALLOCATION MAP

run origin  load origin   length   init length attrs members
----------  ----------- ---------- ----------- ----- -------
00000000    00000000    000006d8   000006d8    r-x
  00000000    00000000    000000e4   000000e4    r-- .intvecs
  000000e4    000000e4    000005a6   000005a6    r-x .text
  0000068c    0000068c    0000002e   0000002e    r-- .const
  000006c0    000006c0    00000018   00000018    r-- .cinit
20000000    20000000    00000001   00000000    rw-
  20000000    20000000    00000001   00000000    rw- .data
2000fe00    2000fe00    00000200   00000000    rw-
  2000fe00    2000fe00    00000200   00000000    rw- .stack


SECTION ALLOCATION MAP

 output                                  attributes/
section   page    origin      length       input sections
--------  ----  ----------  ----------   ----------------
.intvecs   0    00000000    000000e4     
                  00000000    000000e4     startup_msp432p401r_ccs.obj (.intvecs:retain)

.text      0    000000e4    000005a6     
                  000000e4    0000012c     pcm_lpm35_rtc_wakeup.obj (.text:main)
                  00000210    0000009c     msp432p4xx_driverlib.lib : cs_MSP432P4XX.obj (.text:CS_startLFXTWithTimeout)
                  000002ac    0000009c     rtsv7M4_T_le_v4SPD16_eabi.lib : memcpy_t2.asm.obj (.text)
                  00000348    00000078     system_msp432p401r.obj (.text:SystemInit)
                  000003c0    00000068     rtsv7M4_T_le_v4SPD16_eabi.lib : copy_decompress_lzss.c.obj (.text:decompress:lzss:__TI_decompress_lzss)
                  00000428    00000064     msp432p4xx_driverlib.lib : rtc_c_MSP432P4XX.obj (.text:RTC_C_getCalendarTime)
                  0000048c    00000048                              : rtc_c_MSP432P4XX.obj (.text:RTC_C_enableInterrupt)
                  000004d4    00000048     pcm_lpm35_rtc_wakeup.obj (.text:sendASCII)
                  0000051c    00000044     rtsv7M4_T_le_v4SPD16_eabi.lib : autoinit.c.obj (.text:__TI_auto_init_nobinit_nopinit:__TI_auto_init_nobinit_nopinit)
                  00000560    00000038                                   : boot_cortex_m.c.obj (.text:_c_int00_noargs:_c_int00_noargs)
                  00000598    0000002c     msp432p4xx_driverlib.lib : rtc_c_MSP432P4XX.obj (.text:RTC_C_setCalendarEvent)
                  000005c4    00000024                              : cs_MSP432P4XX.obj (.text:CS_setDCOCenteredFrequency)
                  000005e8    00000024     pcm_lpm35_rtc_wakeup.obj (.text:RTC_C_IRQHandler)
                  0000060c    00000024     msp432p4xx_driverlib.lib : uart_MSP432P4XX.obj (.text:UART_transmitData)
                  00000630    00000010                              : sysctl_a_MSP432P4XX.obj (.text:SysCtl_A_disableNMISource)
                  00000640    00000010                              : sysctl_a_MSP432P4XX.obj (.text:SysCtl_A_enableNMISource)
                  00000650    00000010                              : sysctl_a_MSP432P4XX.obj (.text:SysCtl_A_getNMISourceStatus)
                  00000660    0000000e     rtsv7M4_T_le_v4SPD16_eabi.lib : copy_decompress_none.c.obj (.text:decompress:none:__TI_decompress_none)
                  0000066e    0000000c     startup_msp432p401r_ccs.obj (.text:Reset_Handler)
                  0000067a    00000006     msp432p4xx_driverlib.lib : cs_MSP432P4XX.obj (.text:CS_startLFXT)
                  00000680    00000004     rtsv7M4_T_le_v4SPD16_eabi.lib : pre_init.c.obj (.text:_system_pre_init)
                  00000684    00000004                                   : exit.c.obj (.text:abort:abort)
                  00000688    00000002     startup_msp432p401r_ccs.obj (.text:Default_Handler)

.const     0    0000068c    0000002e     
                  0000068c    00000024     pcm_lpm35_rtc_wakeup.obj (.const:uartConfig)
                  000006b0    0000000a     pcm_lpm35_rtc_wakeup.obj (.const:.string:$P$T0$1)

.cinit     0    000006c0    00000018     
                  000006c0    00000008     (__TI_handler_table)
                  000006c8    00000005     (.cinit..data.load) [load image, compression = lzss]
                  000006cd    00000003     --HOLE-- [fill = 0]
                  000006d0    00000008     (__TI_cinit_table)

.init_array 
*          0    00000000    00000000     UNINITIALIZED

.binit     0    00000000    00000000     

.data      0    20000000    00000001     UNINITIALIZED
                  20000000    00000001     pcm_lpm35_rtc_wakeup.obj (.data)

.stack     0    2000fe00    00000200     UNINITIALIZED
                  2000fe00    00000004     rtsv7M4_T_le_v4SPD16_eabi.lib : boot_cortex_m.c.obj (.stack)
                  2000fe04    000001fc     --HOLE--

MODULE SUMMARY

       Module                        code   ro data   rw data
       ------                        ----   -------   -------
    .\
       pcm_lpm35_rtc_wakeup.obj      408    46        2      
       system_msp432p401r.obj        120    0         0      
    +--+-----------------------------+------+---------+---------+
       Total:                        528    46        2      
                                                             
    .\ccs\
       startup_msp432p401r_ccs.obj   14     228       0      
    +--+-----------------------------+------+---------+---------+
       Total:                        14     228       0      
                                                             
    C:/ti/simplelink_msp432p4_sdk_2_10_00_14/source/ti/devices/msp432p4xx/driverlib/ccs/msp432p4xx_driverlib.lib
       rtc_c_MSP432P4XX.obj          216    0         0      
       cs_MSP432P4XX.obj             198    0         0      
       sysctl_a_MSP432P4XX.obj       48     0         0      
       uart_MSP432P4XX.obj           36     0         0      
    +--+-----------------------------+------+---------+---------+
       Total:                        498    0         0      
                                                             
    C:\ti\ccsv8\tools\compiler\ti-cgt-arm_18.1.1.LTS\lib\rtsv7M4_T_le_v4SPD16_eabi.lib
       memcpy_t2.asm.obj             156    0         0      
       copy_decompress_lzss.c.obj    104    0         0      
       autoinit.c.obj                68     0         0      
       boot_cortex_m.c.obj           56     0         0      
       copy_decompress_none.c.obj    14     0         0      
       exit.c.obj                    4      0         0      
       pre_init.c.obj                4      0         0      
    +--+-----------------------------+------+---------+---------+
       Total:                        406    0         0      
                                                             
       Stack:                        0      0         1024   
       Linker Generated:             0      21        0      
    +--+-----------------------------+------+---------+---------+
       Grand Total:                  1446   295       1026   


LINKER GENERATED COPY TABLES

__TI_cinit_table @ 000006d0 records: 1, size/record: 8, table size: 8
	.data: load addr=000006c8, load size=00000005 bytes, run addr=20000000, run size=00000001 bytes, compression=lzss


LINKER GENERATED HANDLER TABLE

__TI_handler_table @ 000006c0 records: 2, size/record: 4, table size: 8
	index: 0, handler: __TI_decompress_lzss
	index: 1, handler: __TI_decompress_none


GLOBAL SYMBOLS: SORTED ALPHABETICALLY BY Name 

address   name                          
-------   ----                          
00000689  ADC14_IRQHandler              
00000689  AES256_IRQHandler             
00000689  BusFault_Handler              
00000685  C$$EXIT                       
00000689  COMP_E0_IRQHandler            
00000689  COMP_E1_IRQHandler            
00000689  CS_IRQHandler                 
000005c5  CS_setDCOCenteredFrequency    
0000067b  CS_startLFXT                  
00000211  CS_startLFXTWithTimeout       
00000689  DMA_ERR_IRQHandler            
00000689  DMA_INT0_IRQHandler           
00000689  DMA_INT1_IRQHandler           
00000689  DMA_INT2_IRQHandler           
00000689  DMA_INT3_IRQHandler           
00000689  DebugMon_Handler              
00000689  Default_Handler               
00000689  EUSCIA0_IRQHandler            
00000689  EUSCIA1_IRQHandler            
00000689  EUSCIA2_IRQHandler            
00000689  EUSCIA3_IRQHandler            
00000689  EUSCIB0_IRQHandler            
00000689  EUSCIB1_IRQHandler            
00000689  EUSCIB2_IRQHandler            
00000689  EUSCIB3_IRQHandler            
00000689  FLCTL_IRQHandler              
00000689  FPU_IRQHandler                
00000689  HardFault_Handler             
00000689  MemManage_Handler             
00000689  NMI_Handler                   
00000689  PCM_IRQHandler                
00000689  PORT1_IRQHandler              
00000689  PORT2_IRQHandler              
00000689  PORT3_IRQHandler              
00000689  PORT4_IRQHandler              
00000689  PORT5_IRQHandler              
00000689  PORT6_IRQHandler              
00000689  PSS_IRQHandler                
00000689  PendSV_Handler                
000005e9  RTC_C_IRQHandler              
000005e9  RTC_C_IRQHandler              
0000048d  RTC_C_enableInterrupt         
00000429  RTC_C_getCalendarTime         
00000599  RTC_C_setCalendarEvent        
0000066f  Reset_Handler                 
00000689  SVC_Handler                   
00000631  SysCtl_A_disableNMISource     
00000641  SysCtl_A_enableNMISource      
00000651  SysCtl_A_getNMISourceStatus   
00000689  SysTick_Handler               
00000349  SystemInit                    
00000689  T32_INT1_IRQHandler           
00000689  T32_INT2_IRQHandler           
00000689  T32_INTC_IRQHandler           
00000689  TA0_0_IRQHandler              
00000689  TA0_N_IRQHandler              
00000689  TA1_0_IRQHandler              
00000689  TA1_N_IRQHandler              
00000689  TA2_0_IRQHandler              
00000689  TA2_N_IRQHandler              
00000689  TA3_0_IRQHandler              
00000689  TA3_N_IRQHandler              
0000060d  UART_transmitData             
00000689  UsageFault_Handler            
4000480c  WDTCTL_SYM                    
00000689  WDT_A_IRQHandler              
20010000  __STACK_END                   
00000200  __STACK_SIZE                  
000006d0  __TI_CINIT_Base               
000006d8  __TI_CINIT_Limit              
000006c0  __TI_Handler_Table_Base       
000006c8  __TI_Handler_Table_Limit      
0000051d  __TI_auto_init_nobinit_nopinit
000003c1  __TI_decompress_lzss          
00000661  __TI_decompress_none          
ffffffff  __TI_pprof_out_hndl           
ffffffff  __TI_prof_data_size           
ffffffff  __TI_prof_data_start          
00000000  __TI_static_base__            
000002ad  __aeabi_memcpy                
000002ad  __aeabi_memcpy4               
000002ad  __aeabi_memcpy8               
ffffffff  __binit__                     
ffffffff  __c_args__                    
UNDEFED   __mpu_init                    
2000fe00  __stack                       
00000561  _c_int00_noargs               
UNDEFED   _system_post_cinit            
00000681  _system_pre_init              
00000685  abort                         
ffffffff  binit                         
00000000  interruptVectors              
000000e5  main                          
000002ad  memcpy                        
000004d5  sendASCII                     
20000000  timeSend                      
0000068c  uartConfig                    


GLOBAL SYMBOLS: SORTED BY Symbol Address 

address   name                          
-------   ----                          
00000000  __TI_static_base__            
00000000  interruptVectors              
000000e5  main                          
00000200  __STACK_SIZE                  
00000211  CS_startLFXTWithTimeout       
000002ad  __aeabi_memcpy                
000002ad  __aeabi_memcpy4               
000002ad  __aeabi_memcpy8               
000002ad  memcpy                        
00000349  SystemInit                    
000003c1  __TI_decompress_lzss          
00000429  RTC_C_getCalendarTime         
0000048d  RTC_C_enableInterrupt         
000004d5  sendASCII                     
0000051d  __TI_auto_init_nobinit_nopinit
00000561  _c_int00_noargs               
00000599  RTC_C_setCalendarEvent        
000005c5  CS_setDCOCenteredFrequency    
000005e9  RTC_C_IRQHandler              
000005e9  RTC_C_IRQHandler              
0000060d  UART_transmitData             
00000631  SysCtl_A_disableNMISource     
00000641  SysCtl_A_enableNMISource      
00000651  SysCtl_A_getNMISourceStatus   
00000661  __TI_decompress_none          
0000066f  Reset_Handler                 
0000067b  CS_startLFXT                  
00000681  _system_pre_init              
00000685  C$$EXIT                       
00000685  abort                         
00000689  ADC14_IRQHandler              
00000689  AES256_IRQHandler             
00000689  BusFault_Handler              
00000689  COMP_E0_IRQHandler            
00000689  COMP_E1_IRQHandler            
00000689  CS_IRQHandler                 
00000689  DMA_ERR_IRQHandler            
00000689  DMA_INT0_IRQHandler           
00000689  DMA_INT1_IRQHandler           
00000689  DMA_INT2_IRQHandler           
00000689  DMA_INT3_IRQHandler           
00000689  DebugMon_Handler              
00000689  Default_Handler               
00000689  EUSCIA0_IRQHandler            
00000689  EUSCIA1_IRQHandler            
00000689  EUSCIA2_IRQHandler            
00000689  EUSCIA3_IRQHandler            
00000689  EUSCIB0_IRQHandler            
00000689  EUSCIB1_IRQHandler            
00000689  EUSCIB2_IRQHandler            
00000689  EUSCIB3_IRQHandler            
00000689  FLCTL_IRQHandler              
00000689  FPU_IRQHandler                
00000689  HardFault_Handler             
00000689  MemManage_Handler             
00000689  NMI_Handler                   
00000689  PCM_IRQHandler                
00000689  PORT1_IRQHandler              
00000689  PORT2_IRQHandler              
00000689  PORT3_IRQHandler              
00000689  PORT4_IRQHandler              
00000689  PORT5_IRQHandler              
00000689  PORT6_IRQHandler              
00000689  PSS_IRQHandler                
00000689  PendSV_Handler                
00000689  SVC_Handler                   
00000689  SysTick_Handler               
00000689  T32_INT1_IRQHandler           
00000689  T32_INT2_IRQHandler           
00000689  T32_INTC_IRQHandler           
00000689  TA0_0_IRQHandler              
00000689  TA0_N_IRQHandler              
00000689  TA1_0_IRQHandler              
00000689  TA1_N_IRQHandler              
00000689  TA2_0_IRQHandler              
00000689  TA2_N_IRQHandler              
00000689  TA3_0_IRQHandler              
00000689  TA3_N_IRQHandler              
00000689  UsageFault_Handler            
00000689  WDT_A_IRQHandler              
0000068c  uartConfig                    
000006c0  __TI_Handler_Table_Base       
000006c8  __TI_Handler_Table_Limit      
000006d0  __TI_CINIT_Base               
000006d8  __TI_CINIT_Limit              
20000000  timeSend                      
2000fe00  __stack                       
20010000  __STACK_END                   
4000480c  WDTCTL_SYM                    
ffffffff  __TI_pprof_out_hndl           
ffffffff  __TI_prof_data_size           
ffffffff  __TI_prof_data_start          
ffffffff  __binit__                     
ffffffff  __c_args__                    
ffffffff  binit                         
UNDEFED   __mpu_init                    
UNDEFED   _system_post_cinit            

[97 symbols]
