******************************************************************************
                  TI ARM Linker PC v18.1.1                     
******************************************************************************
>> Linked Sun Jul 29 20:06:05 2018

OUTPUT FILE NAME:   <uart_NMEA.out>
ENTRY POINT SYMBOL: "_c_int00_noargs"  address: 00001355


MEMORY CONFIGURATION

         name            origin    length      used     unused   attr    fill
----------------------  --------  ---------  --------  --------  ----  --------
  MAIN                  00000000   00040000  000017a4  0003e85c  R  X
  INFO                  00200000   00004000  00000000  00004000  R  X
  SRAM_CODE             01000000   00010000  00000db1  0000f24f  RW X
  SRAM_DATA             20000000   00010000  00000db1  0000f24f  RW  


SEGMENT ALLOCATION MAP

run origin  load origin   length   init length attrs members
----------  ----------- ---------- ----------- ----- -------
00000000    00000000    000017a8   000017a8    r-x
  00000000    00000000    000000e4   000000e4    r-- .intvecs
  000000e4    000000e4    000015e8   000015e8    r-x .text
  000016cc    000016cc    00000040   00000040    r-- .const
  00001710    00001710    00000098   00000098    r-- .cinit
20000000    20000000    00000bb4   00000000    rw-
  20000000    20000000    00000800   00000000    rw- .sysmem
  20000800    20000800    000001e9   00000000    rw- .data
  200009ec    200009ec    000001c8   00000000    rw- .bss
2000fe00    2000fe00    00000200   00000000    rw-
  2000fe00    2000fe00    00000200   00000000    rw- .stack


SECTION ALLOCATION MAP

 output                                  attributes/
section   page    origin      length       input sections
--------  ----  ----------  ----------   ----------------
.intvecs   0    00000000    000000e4     
                  00000000    000000e4     startup_msp432p401r_ccs.obj (.intvecs:retain)

.text      0    000000e4    000015e8     
                  000000e4    0000051a     uart_NMEA.obj (.text:sendNMEA)
                  000005fe    00000002     startup_msp432p401r_ccs.obj (.text:Default_Handler)
                  00000600    00000144     uart_NMEA.obj (.text:main)
                  00000744    00000114     rtsv7M4_T_le_v4SPD16_eabi.lib : fputs.c.obj (.text:fputs)
                  00000858    000000dc                                   : setvbuf.c.obj (.text:setvbuf)
                  00000934    000000d8                                   : memory.c.obj (.text:free)
                  00000a0c    0000009c     msp432p4xx_driverlib.lib : cs_MSP432P4XX.obj (.text:CS_startLFXTWithTimeout)
                  00000aa8    0000009c     rtsv7M4_T_le_v4SPD16_eabi.lib : memcpy_t2.asm.obj (.text)
                  00000b44    0000007c                                   : fflush.c.obj (.text:fflush)
                  00000bc0    00000078     system_msp432p401r.obj (.text:SystemInit)
                  00000c38    00000078     rtsv7M4_T_le_v4SPD16_eabi.lib : memory.c.obj (.text:malloc)
                  00000cb0    00000074                                   : fclose.c.obj (.text:__TI_closefile)
                  00000d24    00000068                                   : hostlseek.c.obj (.text:HOSTlseek)
                  00000d8c    00000068                                   : hostrename.c.obj (.text:HOSTrename)
                  00000df4    00000068                                   : copy_decompress_lzss.c.obj (.text:decompress:lzss:__TI_decompress_lzss)
                  00000e5c    00000064     msp432p4xx_driverlib.lib : rtc_c_MSP432P4XX.obj (.text:RTC_C_getCalendarTime)
                  00000ec0    00000064     rtsv7M4_T_le_v4SPD16_eabi.lib : fseek.c.obj (.text:fseek)
                  00000f24    00000062                                   : _io_perm.c.obj (.text:__TI_wrt_ok)
                  00000f86    00000002                                   : _lock.c.obj (.text:_nop)
                  00000f88    00000060                                   : hostopen.c.obj (.text:HOSTopen)
                  00000fe8    0000005c                                   : close.c.obj (.text:close)
                  00001044    00000058                                   : hostread.c.obj (.text:HOSTread)
                  0000109c    00000058                                   : hostwrite.c.obj (.text:HOSTwrite)
                  000010f4    0000004c                                   : fflush.c.obj (.text:__TI_doflush)
                  00001140    00000048     msp432p4xx_driverlib.lib : rtc_c_MSP432P4XX.obj (.text:RTC_C_enableInterrupt)
                  00001188    00000048     rtsv7M4_T_le_v4SPD16_eabi.lib : exit.c.obj (.text:exit)
                  000011d0    00000044                                   : hostclose.c.obj (.text:HOSTclose)
                  00001214    00000044                                   : hostunlink.c.obj (.text:HOSTunlink)
                  00001258    00000044                                   : autoinit.c.obj (.text:__TI_auto_init_nobinit_nopinit:__TI_auto_init_nobinit_nopinit)
                  0000129c    00000044                                   : getdevice.c.obj (.text:getdevice)
                  000012e0    0000003c                                   : memory.c.obj (.text:minsert)
                  0000131c    00000038                                   : trgmsg.c.obj (.text:__TI_writemsg)
                  00001354    00000038                                   : boot_cortex_m.c.obj (.text:_c_int00_noargs:_c_int00_noargs)
                  0000138c    00000038                                   : memory.c.obj (.text:minit)
                  000013c4    00000036                                   : strncpy.c.obj (.text:strncpy)
                  000013fa    00000002     --HOLE-- [fill = 0]
                  000013fc    00000034                                   : fopen.c.obj (.text:__TI_cleanup)
                  00001430    00000034                                   : trgmsg.c.obj (.text:__TI_readmsg)
                  00001464    00000030                                   : getdevice.c.obj (.text:finddevice)
                  00001494    0000002c     msp432p4xx_driverlib.lib : rtc_c_MSP432P4XX.obj (.text:RTC_C_setCalendarEvent)
                  000014c0    0000002c     rtsv7M4_T_le_v4SPD16_eabi.lib : unlink.c.obj (.text:unlink)
                  000014ec    00000028                                   : lseek.c.obj (.text:lseek)
                  00001514    00000028                                   : memory.c.obj (.text:mremove)
                  0000153c    00000028                                   : write.c.obj (.text:write)
                  00001564    00000024     msp432p4xx_driverlib.lib : cs_MSP432P4XX.obj (.text:CS_setDCOCenteredFrequency)
                  00001588    00000024     uart_NMEA.obj (.text:RTC_C_IRQHandler)
                  000015ac    00000024     msp432p4xx_driverlib.lib : uart_MSP432P4XX.obj (.text:UART_transmitData)
                  000015d0    00000020     rtsv7M4_T_le_v4SPD16_eabi.lib : memchr.c.obj (.text:memchr)
                  000015f0    0000001c                                   : assert.c.obj (.text:_abort_msg)
                  0000160c    00000018                                   : strcmp.c.obj (.text:strcmp)
                  00001624    00000016                                   : strchr.c.obj (.text:strchr)
                  0000163a    00000014                                   : strcpy.c.obj (.text:strcpy)
                  0000164e    00000014                                   : strlen.c.obj (.text:strlen)
                  00001662    00000012                                   : copy_zero_init.c.obj (.text:decompress:ZI:__TI_zero_init_nomemset:__TI_zero_init_nomemset)
                  00001674    00000010     msp432p4xx_driverlib.lib : sysctl_a_MSP432P4XX.obj (.text:SysCtl_A_disableNMISource)
                  00001684    00000010                              : sysctl_a_MSP432P4XX.obj (.text:SysCtl_A_enableNMISource)
                  00001694    00000010                              : sysctl_a_MSP432P4XX.obj (.text:SysCtl_A_getNMISourceStatus)
                  000016a4    0000000e     rtsv7M4_T_le_v4SPD16_eabi.lib : copy_decompress_none.c.obj (.text:decompress:none:__TI_decompress_none)
                  000016b2    0000000c     startup_msp432p401r_ccs.obj (.text:Reset_Handler)
                  000016be    00000006     msp432p4xx_driverlib.lib : cs_MSP432P4XX.obj (.text:CS_startLFXT)
                  000016c4    00000004     rtsv7M4_T_le_v4SPD16_eabi.lib : pre_init.c.obj (.text:_system_pre_init)
                  000016c8    00000004                                   : exit.c.obj (.text:abort:abort)

.const     0    000016cc    00000040     
                  000016cc    00000024     uart_NMEA.obj (.const:uartConfig)
                  000016f0    0000001c     uart_NMEA.obj (.const:calendarTime)

.cinit     0    00001710    00000098     
                  00001710    0000006d     (.cinit..data.load) [load image, compression = lzss]
                  0000177d    00000003     --HOLE-- [fill = 0]
                  00001780    0000000c     (__TI_handler_table)
                  0000178c    00000004     --HOLE-- [fill = 0]
                  00001790    00000008     (.cinit..bss.load) [load image, compression = zero_init]
                  00001798    00000010     (__TI_cinit_table)

.init_array 
*          0    00000000    00000000     UNINITIALIZED

.binit     0    00000000    00000000     

.sysmem    0    20000000    00000800     UNINITIALIZED
                  20000000    00000008     rtsv7M4_T_le_v4SPD16_eabi.lib : memory.c.obj (.sysmem)
                  20000008    000007f8     --HOLE--

.data      0    20000800    000001e9     UNINITIALIZED
                  20000800    000000f0     rtsv7M4_T_le_v4SPD16_eabi.lib : defs.c.obj (.data:_ftable)
                  200008f0    00000078                                   : write.c.obj (.data:_device)
                  20000968    00000050                                   : write.c.obj (.data:_stream)
                  200009b8    00000010                                   : defs.c.obj (.data)
                  200009c8    0000000c                                   : exit.c.obj (.data:$O1$$)
                  200009d4    0000000c                                   : memory.c.obj (.data:$O1$$)
                  200009e0    00000008                                   : _lock.c.obj (.data:$O1$$)
                  200009e8    00000001     uart_NMEA.obj (.data)

.bss       0    200009ec    000001c8     UNINITIALIZED
                  200009ec    00000120     rtsv7M4_T_le_v4SPD16_eabi.lib : trgmsg.c.obj (.bss:_CIOBUF_)
                  20000b0c    000000a0     (.common:__TI_tmpnams)
                  20000bac    00000008     (.common:parmbuf)

.stack     0    2000fe00    00000200     UNINITIALIZED
                  2000fe00    00000004     rtsv7M4_T_le_v4SPD16_eabi.lib : boot_cortex_m.c.obj (.stack)
                  2000fe04    000001fc     --HOLE--

MODULE SUMMARY

       Module                        code   ro data   rw data
       ------                        ----   -------   -------
    .\
       uart_NMEA.obj                 1666   64        2      
       system_msp432p401r.obj        120    0         0      
    +--+-----------------------------+------+---------+---------+
       Total:                        1786   64        2      
                                                             
    .\ccs\
       startup_msp432p401r_ccs.obj   14     228       0      
    +--+-----------------------------+------+---------+---------+
       Total:                        14     228       0      
                                                             
    C:/ti/simplelink_msp432p4_sdk_2_10_00_14/source/ti/devices/msp432p4xx/driverlib/ccs/msp432p4xx_driverlib.lib
       rtc_c_MSP432P4XX.obj          216    0         0      
       cs_MSP432P4XX.obj             198    0         0      
       sysctl_a_MSP432P4XX.obj       48     0         0      
       uart_MSP432P4XX.obj           36     0         0      
    +--+-----------------------------+------+---------+---------+
       Total:                        498    0         0      
                                                             
    C:\ti\ccsv8\tools\compiler\ti-cgt-arm_18.1.1.LTS\lib\rtsv7M4_T_le_v4SPD16_eabi.lib
       defs.c.obj                    0      0         832    
       trgmsg.c.obj                  108    0         576    
       memory.c.obj                  492    0         24     
       write.c.obj                   40     0         400    
       fputs.c.obj                   276    0         0      
       setvbuf.c.obj                 220    0         0      
       fflush.c.obj                  200    0         0      
       memcpy_t2.asm.obj             156    0         0      
       fclose.c.obj                  116    0         0      
       getdevice.c.obj               116    0         0      
       hostopen.c.obj                96     0         16     
       copy_decompress_lzss.c.obj    104    0         0      
       hostlseek.c.obj               104    0         0      
       hostrename.c.obj              104    0         0      
       exit.c.obj                    76     0         24     
       fseek.c.obj                   100    0         0      
       _io_perm.c.obj                98     0         0      
       close.c.obj                   92     0         0      
       hostread.c.obj                88     0         0      
       hostwrite.c.obj               88     0         0      
       autoinit.c.obj                68     0         0      
       hostclose.c.obj               68     0         0      
       hostunlink.c.obj              68     0         0      
       boot_cortex_m.c.obj           56     0         0      
       strncpy.c.obj                 54     0         0      
       fopen.c.obj                   52     0         0      
       unlink.c.obj                  44     0         0      
       lseek.c.obj                   40     0         0      
       memchr.c.obj                  32     0         0      
       assert.c.obj                  28     0         0      
       strcmp.c.obj                  24     0         0      
       strchr.c.obj                  22     0         0      
       strcpy.c.obj                  20     0         0      
       strlen.c.obj                  20     0         0      
       _lock.c.obj                   2      0         16     
       copy_zero_init.c.obj          18     0         0      
       copy_decompress_none.c.obj    14     0         0      
       pre_init.c.obj                4      0         0      
    +--+-----------------------------+------+---------+---------+
       Total:                        3308   0         1888   
                                                             
       Heap:                         0      0         4096   
       Stack:                        0      0         1024   
       Linker Generated:             0      145       0      
    +--+-----------------------------+------+---------+---------+
       Grand Total:                  5606   437       7010   


LINKER GENERATED COPY TABLES

__TI_cinit_table @ 00001798 records: 2, size/record: 8, table size: 16
	.data: load addr=00001710, load size=0000006d bytes, run addr=20000800, run size=000001e9 bytes, compression=lzss
	.bss: load addr=00001790, load size=00000008 bytes, run addr=200009ec, run size=000001c8 bytes, compression=zero_init


LINKER GENERATED HANDLER TABLE

__TI_handler_table @ 00001780 records: 3, size/record: 4, table size: 12
	index: 0, handler: __TI_decompress_lzss
	index: 1, handler: __TI_decompress_none
	index: 2, handler: __TI_zero_init


GLOBAL SYMBOLS: SORTED ALPHABETICALLY BY Name 

address   name                           
-------   ----                           
000005ff  ADC14_IRQHandler               
000005ff  AES256_IRQHandler              
000005ff  BusFault_Handler               
000016c9  C$$EXIT                        
0000134b  C$$IO$$                        
000005ff  COMP_E0_IRQHandler             
000005ff  COMP_E1_IRQHandler             
000005ff  CS_IRQHandler                  
00001565  CS_setDCOCenteredFrequency     
000016bf  CS_startLFXT                   
00000a0d  CS_startLFXTWithTimeout        
000005ff  DMA_ERR_IRQHandler             
000005ff  DMA_INT0_IRQHandler            
000005ff  DMA_INT1_IRQHandler            
000005ff  DMA_INT2_IRQHandler            
000005ff  DMA_INT3_IRQHandler            
000005ff  DebugMon_Handler               
000005ff  Default_Handler                
000005ff  EUSCIA0_IRQHandler             
000005ff  EUSCIA1_IRQHandler             
000005ff  EUSCIA2_IRQHandler             
000005ff  EUSCIA3_IRQHandler             
000005ff  EUSCIB0_IRQHandler             
000005ff  EUSCIB1_IRQHandler             
000005ff  EUSCIB2_IRQHandler             
000005ff  EUSCIB3_IRQHandler             
000005ff  FLCTL_IRQHandler               
000005ff  FPU_IRQHandler                 
000011d1  HOSTclose                      
00000d25  HOSTlseek                      
00000f89  HOSTopen                       
00001045  HOSTread                       
00000d8d  HOSTrename                     
00001215  HOSTunlink                     
0000109d  HOSTwrite                      
000005ff  HardFault_Handler              
000005ff  MemManage_Handler              
000005ff  NMI_Handler                    
000005ff  PCM_IRQHandler                 
000005ff  PORT1_IRQHandler               
000005ff  PORT2_IRQHandler               
000005ff  PORT3_IRQHandler               
000005ff  PORT4_IRQHandler               
000005ff  PORT5_IRQHandler               
000005ff  PORT6_IRQHandler               
000005ff  PSS_IRQHandler                 
000005ff  PendSV_Handler                 
00001589  RTC_C_IRQHandler               
00001589  RTC_C_IRQHandler               
00001141  RTC_C_enableInterrupt          
00000e5d  RTC_C_getCalendarTime          
00001495  RTC_C_setCalendarEvent         
000016b3  Reset_Handler                  
000005ff  SVC_Handler                    
00001675  SysCtl_A_disableNMISource      
00001685  SysCtl_A_enableNMISource       
00001695  SysCtl_A_getNMISourceStatus    
000005ff  SysTick_Handler                
00000bc1  SystemInit                     
000005ff  T32_INT1_IRQHandler            
000005ff  T32_INT2_IRQHandler            
000005ff  T32_INTC_IRQHandler            
000005ff  TA0_0_IRQHandler               
000005ff  TA0_N_IRQHandler               
000005ff  TA1_0_IRQHandler               
000005ff  TA1_N_IRQHandler               
000005ff  TA2_0_IRQHandler               
000005ff  TA2_N_IRQHandler               
000005ff  TA3_0_IRQHandler               
000005ff  TA3_N_IRQHandler               
000015ad  UART_transmitData              
000005ff  UsageFault_Handler             
4000480c  WDTCTL_SYM                     
000005ff  WDT_A_IRQHandler               
200009ec  __CIOBUF_                      
20010000  __STACK_END                    
00000200  __STACK_SIZE                   
00000800  __SYSMEM_SIZE                  
00001798  __TI_CINIT_Base                
000017a8  __TI_CINIT_Limit               
00001780  __TI_Handler_Table_Base        
0000178c  __TI_Handler_Table_Limit       
00001259  __TI_auto_init_nobinit_nopinit 
000013fd  __TI_cleanup                   
200009c8  __TI_cleanup_ptr               
00000cb1  __TI_closefile                 
00000df5  __TI_decompress_lzss           
000016a5  __TI_decompress_none           
000010f5  __TI_doflush                   
200009cc  __TI_dtors_ptr                 
200009d0  __TI_enable_exit_profile_output
200009b8  __TI_ft_end                    
ffffffff  __TI_pprof_out_hndl            
ffffffff  __TI_prof_data_size            
ffffffff  __TI_prof_data_start           
00001431  __TI_readmsg                   
00000000  __TI_static_base__             
20000b0c  __TI_tmpnams                   
0000131d  __TI_writemsg                  
00000f25  __TI_wrt_ok                    
00001663  __TI_zero_init_nomemset        
00000aa9  __aeabi_memcpy                 
00000aa9  __aeabi_memcpy4                
00000aa9  __aeabi_memcpy8                
200009c4  __aeabi_stderr                 
200009bc  __aeabi_stdin                  
200009c0  __aeabi_stdout                 
ffffffff  __binit__                      
ffffffff  __c_args__                     
UNDEFED   __mpu_init                     
2000fe00  __stack                        
000015f1  _abort_msg                     
00001355  _c_int00_noargs                
200008f0  _device                        
20000800  _ftable                        
200009e0  _lock                          
00000f87  _nop                           
20000968  _stream                        
20000000  _sys_memory                    
UNDEFED   _system_post_cinit             
000016c5  _system_pre_init               
200009e4  _unlock                        
000016c9  abort                          
ffffffff  binit                          
000016f0  calendarTime                   
00000fe9  close                          
00001189  exit                           
00000b45  fflush                         
00001465  finddevice                     
00000745  fputs                          
00000935  free                           
00000ec1  fseek                          
0000129d  getdevice                      
00000000  interruptVectors               
000014ed  lseek                          
00000601  main                           
00000c39  malloc                         
000015d1  memchr                         
00000aa9  memcpy                         
0000138d  minit                          
20000bac  parmbuf                        
000014c1  remove                         
000000e5  sendNMEA                       
00000859  setvbuf                        
00001625  strchr                         
0000160d  strcmp                         
0000163b  strcpy                         
0000164f  strlen                         
000013c5  strncpy                        
200009e8  timeSend                       
000016cc  uartConfig                     
000014c1  unlink                         
0000153d  write                          


GLOBAL SYMBOLS: SORTED BY Symbol Address 

address   name                           
-------   ----                           
00000000  __TI_static_base__             
00000000  interruptVectors               
000000e5  sendNMEA                       
00000200  __STACK_SIZE                   
000005ff  ADC14_IRQHandler               
000005ff  AES256_IRQHandler              
000005ff  BusFault_Handler               
000005ff  COMP_E0_IRQHandler             
000005ff  COMP_E1_IRQHandler             
000005ff  CS_IRQHandler                  
000005ff  DMA_ERR_IRQHandler             
000005ff  DMA_INT0_IRQHandler            
000005ff  DMA_INT1_IRQHandler            
000005ff  DMA_INT2_IRQHandler            
000005ff  DMA_INT3_IRQHandler            
000005ff  DebugMon_Handler               
000005ff  Default_Handler                
000005ff  EUSCIA0_IRQHandler             
000005ff  EUSCIA1_IRQHandler             
000005ff  EUSCIA2_IRQHandler             
000005ff  EUSCIA3_IRQHandler             
000005ff  EUSCIB0_IRQHandler             
000005ff  EUSCIB1_IRQHandler             
000005ff  EUSCIB2_IRQHandler             
000005ff  EUSCIB3_IRQHandler             
000005ff  FLCTL_IRQHandler               
000005ff  FPU_IRQHandler                 
000005ff  HardFault_Handler              
000005ff  MemManage_Handler              
000005ff  NMI_Handler                    
000005ff  PCM_IRQHandler                 
000005ff  PORT1_IRQHandler               
000005ff  PORT2_IRQHandler               
000005ff  PORT3_IRQHandler               
000005ff  PORT4_IRQHandler               
000005ff  PORT5_IRQHandler               
000005ff  PORT6_IRQHandler               
000005ff  PSS_IRQHandler                 
000005ff  PendSV_Handler                 
000005ff  SVC_Handler                    
000005ff  SysTick_Handler                
000005ff  T32_INT1_IRQHandler            
000005ff  T32_INT2_IRQHandler            
000005ff  T32_INTC_IRQHandler            
000005ff  TA0_0_IRQHandler               
000005ff  TA0_N_IRQHandler               
000005ff  TA1_0_IRQHandler               
000005ff  TA1_N_IRQHandler               
000005ff  TA2_0_IRQHandler               
000005ff  TA2_N_IRQHandler               
000005ff  TA3_0_IRQHandler               
000005ff  TA3_N_IRQHandler               
000005ff  UsageFault_Handler             
000005ff  WDT_A_IRQHandler               
00000601  main                           
00000745  fputs                          
00000800  __SYSMEM_SIZE                  
00000859  setvbuf                        
00000935  free                           
00000a0d  CS_startLFXTWithTimeout        
00000aa9  __aeabi_memcpy                 
00000aa9  __aeabi_memcpy4                
00000aa9  __aeabi_memcpy8                
00000aa9  memcpy                         
00000b45  fflush                         
00000bc1  SystemInit                     
00000c39  malloc                         
00000cb1  __TI_closefile                 
00000d25  HOSTlseek                      
00000d8d  HOSTrename                     
00000df5  __TI_decompress_lzss           
00000e5d  RTC_C_getCalendarTime          
00000ec1  fseek                          
00000f25  __TI_wrt_ok                    
00000f87  _nop                           
00000f89  HOSTopen                       
00000fe9  close                          
00001045  HOSTread                       
0000109d  HOSTwrite                      
000010f5  __TI_doflush                   
00001141  RTC_C_enableInterrupt          
00001189  exit                           
000011d1  HOSTclose                      
00001215  HOSTunlink                     
00001259  __TI_auto_init_nobinit_nopinit 
0000129d  getdevice                      
0000131d  __TI_writemsg                  
0000134b  C$$IO$$                        
00001355  _c_int00_noargs                
0000138d  minit                          
000013c5  strncpy                        
000013fd  __TI_cleanup                   
00001431  __TI_readmsg                   
00001465  finddevice                     
00001495  RTC_C_setCalendarEvent         
000014c1  remove                         
000014c1  unlink                         
000014ed  lseek                          
0000153d  write                          
00001565  CS_setDCOCenteredFrequency     
00001589  RTC_C_IRQHandler               
00001589  RTC_C_IRQHandler               
000015ad  UART_transmitData              
000015d1  memchr                         
000015f1  _abort_msg                     
0000160d  strcmp                         
00001625  strchr                         
0000163b  strcpy                         
0000164f  strlen                         
00001663  __TI_zero_init_nomemset        
00001675  SysCtl_A_disableNMISource      
00001685  SysCtl_A_enableNMISource       
00001695  SysCtl_A_getNMISourceStatus    
000016a5  __TI_decompress_none           
000016b3  Reset_Handler                  
000016bf  CS_startLFXT                   
000016c5  _system_pre_init               
000016c9  C$$EXIT                        
000016c9  abort                          
000016cc  uartConfig                     
000016f0  calendarTime                   
00001780  __TI_Handler_Table_Base        
0000178c  __TI_Handler_Table_Limit       
00001798  __TI_CINIT_Base                
000017a8  __TI_CINIT_Limit               
20000000  _sys_memory                    
20000800  _ftable                        
200008f0  _device                        
20000968  _stream                        
200009b8  __TI_ft_end                    
200009bc  __aeabi_stdin                  
200009c0  __aeabi_stdout                 
200009c4  __aeabi_stderr                 
200009c8  __TI_cleanup_ptr               
200009cc  __TI_dtors_ptr                 
200009d0  __TI_enable_exit_profile_output
200009e0  _lock                          
200009e4  _unlock                        
200009e8  timeSend                       
200009ec  __CIOBUF_                      
20000b0c  __TI_tmpnams                   
20000bac  parmbuf                        
2000fe00  __stack                        
20010000  __STACK_END                    
4000480c  WDTCTL_SYM                     
ffffffff  __TI_pprof_out_hndl            
ffffffff  __TI_prof_data_size            
ffffffff  __TI_prof_data_start           
ffffffff  __binit__                      
ffffffff  __c_args__                     
ffffffff  binit                          
UNDEFED   __mpu_init                     
UNDEFED   _system_post_cinit             

[153 symbols]
